Copyright 1986-2022 Xilinx, Inc. All Rights Reserved. Copyright 2022-2025 Advanced Micro Devices, Inc. All Rights Reserved.
--------------------------------------------------------------------------------------------------------------------------------------------------------------------------------------------
| Tool Version : Vivado v.2025.2 (win64) Build 6299465 Fri Nov 14 19:35:11 GMT 2025
| Date         : Tue Sep 22 13:17:59 2026
| Host         : OMENMAX running 64-bit major release  (build 9200)
| Command      : report_timing_summary -delay_type max -report_unconstrained -file C:/Users/24889/AppData/Local/Temp/acx750_window5x5_synth_20260922_131707/reports/window_timing_synth.rpt
| Design       : window5x5_stream
| Device       : 7z020-clg400
| Speed File   : -1  PRODUCTION 1.12 2019-11-22
| Design State : Synthesized
--------------------------------------------------------------------------------------------------------------------------------------------------------------------------------------------

Timing Summary Report

------------------------------------------------------------------------------------------------
| Timer Settings
| --------------
------------------------------------------------------------------------------------------------

  Enable Multi Corner Analysis               :  Yes
  Enable Pessimism Removal                   :  Yes
  Pessimism Removal Resolution               :  Nearest Common Node
  Enable Input Delay Default Clock           :  No
  Enable Preset / Clear Arcs                 :  No
  Disable Flight Delays                      :  No
  Ignore I/O Paths                           :  No
  Timing Early Launch at Borrowing Latches   :  No
  Borrow Time for Max Delay Exceptions       :  Yes
  Merge Timing Exceptions                    :  Yes
  Inter-SLR Compensation                     :  Conservative

  Corner  Analyze    Analyze    
  Name    Max Paths  Min Paths  
  ------  ---------  ---------  
  Slow    Yes        Yes        
  Fast    Yes        Yes        


------------------------------------------------------------------------------------------------
| Report Methodology
| ------------------
------------------------------------------------------------------------------------------------

No report available as report_methodology has not been run prior. Run report_methodology on the current design for the summary of methodology violations.



check_timing report

Table of Contents
-----------------
1. checking no_clock (0)
2. checking constant_clock (0)
3. checking pulse_width_clock (0)
4. checking unconstrained_internal_endpoints (0)
5. checking no_input_delay (18)
6. checking no_output_delay (401)
7. checking multiple_clock (0)
8. checking generated_clocks (0)
9. checking loops (0)
10. checking partial_input_delay (0)
11. checking partial_output_delay (0)
12. checking latch_loops (0)

1. checking no_clock (0)
------------------------
 There are 0 register/latch pins with no clock.


2. checking constant_clock (0)
------------------------------
 There are 0 register/latch pins with constant_clock.


3. checking pulse_width_clock (0)
---------------------------------
 There are 0 register/latch pins which need pulse_width check


4. checking unconstrained_internal_endpoints (0)
------------------------------------------------
 There are 0 pins that are not constrained for maximum delay.

 There are 0 pins that are not constrained for maximum delay due to constant clock.


5. checking no_input_delay (18)
-------------------------------
 There are 18 input ports with no input delay specified. (HIGH)

 There are 0 input ports with no input delay but user has a false path constraint.


6. checking no_output_delay (401)
---------------------------------
 There are 401 ports with no output delay specified. (HIGH)

 There are 0 ports with no output delay but user has a false path constraint

 There are 0 ports with no output delay but with a timing clock defined on it or propagating through it


7. checking multiple_clock (0)
------------------------------
 There are 0 register/latch pins with multiple clocks.


8. checking generated_clocks (0)
--------------------------------
 There are 0 generated clocks that are not connected to a clock source.


9. checking loops (0)
---------------------
 There are 0 combinational loops in the design.


10. checking partial_input_delay (0)
------------------------------------
 There are 0 input ports with partial input delay specified.


11. checking partial_output_delay (0)
-------------------------------------
 There are 0 ports with partial output delay specified.


12. checking latch_loops (0)
----------------------------
 There are 0 combinational latch loops in the design through latch input



------------------------------------------------------------------------------------------------
| Design Timing Summary
| ---------------------
------------------------------------------------------------------------------------------------

    WNS(ns)      TNS(ns)  TNS Failing Endpoints  TNS Total Endpoints     WPWS(ns)     TPWS(ns)  TPWS Failing Endpoints  TPWS Total Endpoints  
    -------      -------  ---------------------  -------------------     --------     --------  ----------------------  --------------------  
      0.326        0.000                      0                 7559        1.250        0.000                       0                  1166  


All user specified timing constraints are met.


------------------------------------------------------------------------------------------------
| Clock Summary
| -------------
------------------------------------------------------------------------------------------------

Clock          Waveform(ns)         Period(ns)      Frequency(MHz)
-----          ------------         ----------      --------------
benchmark_clk  {0.000 2.500}        5.000           200.000         


------------------------------------------------------------------------------------------------
| Intra Clock Table
| -----------------
------------------------------------------------------------------------------------------------

Clock              WNS(ns)      TNS(ns)  TNS Failing Endpoints  TNS Total Endpoints     WPWS(ns)     TPWS(ns)  TPWS Failing Endpoints  TPWS Total Endpoints  
-----              -------      -------  ---------------------  -------------------     --------     --------  ----------------------  --------------------  
benchmark_clk        0.326        0.000                      0                 7559        1.250        0.000                       0                  1166  


------------------------------------------------------------------------------------------------
| Inter Clock Table
| -----------------
------------------------------------------------------------------------------------------------

From Clock    To Clock          WNS(ns)      TNS(ns)  TNS Failing Endpoints  TNS Total Endpoints  
----------    --------          -------      -------  ---------------------  -------------------  


------------------------------------------------------------------------------------------------
| Other Path Groups Table
| -----------------------
------------------------------------------------------------------------------------------------

Path Group    From Clock    To Clock          WNS(ns)      TNS(ns)  TNS Failing Endpoints  TNS Total Endpoints  
----------    ----------    --------          -------      -------  ---------------------  -------------------  


------------------------------------------------------------------------------------------------
| User Ignored Path Table
| -----------------------
------------------------------------------------------------------------------------------------

Path Group    From Clock    To Clock    
----------    ----------    --------    


------------------------------------------------------------------------------------------------
| Unconstrained Path Table
| ------------------------
------------------------------------------------------------------------------------------------

Path Group     From Clock     To Clock     
----------     ----------     --------     
(none)         benchmark_clk                 
(none)                        benchmark_clk  


------------------------------------------------------------------------------------------------
| Timing Details
| --------------
------------------------------------------------------------------------------------------------


---------------------------------------------------------------------------------------------------
From Clock:  benchmark_clk
  To Clock:  benchmark_clk

Setup :            0  Failing Endpoints,  Worst Slack        0.326ns,  Total Violation        0.000ns
Hold  :           NA  Failing Endpoints,  Worst Slack           NA  ,  Total Violation           NA
PW    :            0  Failing Endpoints,  Worst Slack        1.250ns,  Total Violation        0.000ns
---------------------------------------------------------------------------------------------------


Max Delay Paths
--------------------------------------------------------------------------------------
Slack (MET) :             0.326ns  (required time - arrival time)
  Source:                 col_count_reg[0]_rep__0/C
                            (rising edge-triggered cell FDRE clocked by benchmark_clk  {rise@0.000ns fall@2.500ns period=5.000ns})
  Destination:            linebuf4_reg/DIADI[10]
                            (rising edge-triggered cell RAMB18E1 clocked by benchmark_clk  {rise@0.000ns fall@2.500ns period=5.000ns})
  Path Group:             benchmark_clk
  Path Type:              Setup (Max at Slow Process Corner)
  Requirement:            5.000ns  (benchmark_clk rise@5.000ns - benchmark_clk rise@0.000ns)
  Data Path Delay:        4.349ns  (logic 1.142ns (26.261%)  route 3.207ns (73.739%))
  Logic Levels:           3  (LUT5=1 LUT6=1 RAMS64E=1)
  Clock Path Skew:        -0.049ns (DCD - SCD + CPR)
    Destination Clock Delay (DCD):    0.924ns = ( 5.924 - 5.000 ) 
    Source Clock Delay      (SCD):    0.973ns
    Clock Pessimism Removal (CPR):    0.000ns
  Clock Uncertainty:      0.035ns  ((TSJ^2 + TIJ^2)^1/2 + DJ) / 2 + PE
    Total System Jitter     (TSJ):    0.071ns
    Total Input Jitter      (TIJ):    0.000ns
    Discrete Jitter          (DJ):    0.000ns
    Phase Error              (PE):    0.000ns

    Location             Delay type                Incr(ns)  Path(ns)    Netlist Resource(s)
  -------------------------------------------------------------------    -------------------
                         (clock benchmark_clk rise edge)
                                                      0.000     0.000 r  
                                                      0.000     0.000 r  clk (IN)
                         net (fo=1165, unset)         0.973     0.973    clk
                         FDRE                                         r  col_count_reg[0]_rep__0/C
  -------------------------------------------------------------------    -------------------
                         FDRE (Prop_fdre_C_Q)         0.518     1.491 r  col_count_reg[0]_rep__0/Q
                         net (fo=152, unplaced)       0.994     2.485    linebuf3_reg_0_63_0_0__9/A0
                         RAMS64E (Prop_rams64e_ADR0_O)
                                                      0.376     2.861 r  linebuf3_reg_0_63_0_0__9/SP/O
                         net (fo=1, unplaced)         0.964     3.825    linebuf3_reg_0_63_0_0__9_n_0
                         LUT6 (Prop_lut6_I0_O)        0.124     3.949 r  shifts[9][10]_i_2/O
                         net (fo=1, unplaced)         0.449     4.398    shifts[9][10]_i_2_n_0
                         LUT5 (Prop_lut5_I0_O)        0.124     4.522 r  shifts[9][10]_i_1/O
                         net (fo=2, unplaced)         0.800     5.322    prev3[10]
                         RAMB18E1                                     r  linebuf4_reg/DIADI[10]
  -------------------------------------------------------------------    -------------------

                         (clock benchmark_clk rise edge)
                                                      5.000     5.000 r  
                                                      0.000     5.000 r  clk (IN)
                         net (fo=1165, unset)         0.924     5.924    clk
                         RAMB18E1                                     r  linebuf4_reg/CLKARDCLK
                         clock pessimism              0.000     5.924    
                         clock uncertainty           -0.035     5.889    
                         RAMB18E1 (Setup_ramb18e1_CLKARDCLK_DIADI[10])
                                                     -0.241     5.648    linebuf4_reg
  -------------------------------------------------------------------
                         required time                          5.648    
                         arrival time                          -5.322    
  -------------------------------------------------------------------
                         slack                                  0.326    





Pulse Width Checks
--------------------------------------------------------------------------------------
Clock Name:         benchmark_clk
Waveform(ns):       { 0.000 2.500 }
Period(ns):         5.000
Sources:            { clk }

Check Type        Corner  Lib Pin             Reference Pin  Required(ns)  Actual(ns)  Slack(ns)  Location  Pin
Min Period        n/a     RAMB18E1/CLKARDCLK  n/a            2.576         5.000       2.424                linebuf4_reg/CLKARDCLK
Low Pulse Width   Slow    RAMS64E/CLK         n/a            1.250         2.500       1.250                linebuf1_reg_0_127_0_0/HIGH/CLK
High Pulse Width  Slow    RAMS64E/CLK         n/a            1.250         2.500       1.250                linebuf1_reg_0_127_0_0/HIGH/CLK



--------------------------------------------------------------------------------------
Path Group:  (none)
From Clock:  benchmark_clk
  To Clock:  

Max Delay           401 Endpoints
Min Delay             0 Endpoints
--------------------------------------------------------------------------------------


Max Delay Paths
--------------------------------------------------------------------------------------
Slack:                    inf
  Source:                 linebuf4_reg/CLKARDCLK
                            (rising edge-triggered cell RAMB18E1 clocked by benchmark_clk  {rise@0.000ns fall@2.500ns period=5.000ns})
  Destination:            window_flat[64]
                            (output port)
  Path Group:             (none)
  Path Type:              Max at Slow Process Corner
  Data Path Delay:        3.427ns  (logic 2.454ns (71.608%)  route 0.973ns (28.392%))
  Logic Levels:           0  
  Clock Uncertainty:      0.025ns  ((TSJ^2 + TIJ^2)^1/2 + DJ) / 2 + PE
    Total System Jitter     (TSJ):    0.050ns
    Total Input Jitter      (TIJ):    0.000ns
    Discrete Jitter          (DJ):    0.000ns
    Phase Error              (PE):    0.000ns

    Location             Delay type                Incr(ns)  Path(ns)    Netlist Resource(s)
  -------------------------------------------------------------------    -------------------
                         (clock benchmark_clk rise edge)
                                                      0.000     0.000 r  
                                                      0.000     0.000 r  clk (IN)
                         net (fo=1165, unset)         0.973     0.973    clk
                         RAMB18E1                                     r  linebuf4_reg/CLKARDCLK
  -------------------------------------------------------------------    -------------------
                         RAMB18E1 (Prop_ramb18e1_CLKARDCLK_DOADO[0])
                                                      2.454     3.427 r  linebuf4_reg/DOADO[0]
                         net (fo=1, unset)            0.973     4.400    window_flat[64]
                                                                      r  window_flat[64] (OUT)
  -------------------------------------------------------------------    -------------------





--------------------------------------------------------------------------------------
Path Group:  (none)
From Clock:  
  To Clock:  benchmark_clk

Max Delay          1869 Endpoints
Min Delay             0 Endpoints
--------------------------------------------------------------------------------------


Max Delay Paths
--------------------------------------------------------------------------------------
Slack:                    inf
  Source:                 rst
                            (input port)
  Destination:            window_valid_reg/D
                            (rising edge-triggered cell FDRE clocked by benchmark_clk  {rise@0.000ns fall@2.500ns period=5.000ns})
  Path Group:             (none)
  Path Type:              Setup (Max at Slow Process Corner)
  Data Path Delay:        3.305ns  (logic 0.372ns (11.256%)  route 2.933ns (88.744%))
  Logic Levels:           3  (LUT2=1 LUT6=2)
  Clock Path Skew:        0.924ns (DCD - SCD + CPR)
    Destination Clock Delay (DCD):    0.924ns
    Source Clock Delay      (SCD):    0.000ns
    Clock Pessimism Removal (CPR):    0.000ns
  Clock Uncertainty:      0.025ns  ((TSJ^2 + TIJ^2)^1/2 + DJ) / 2 + PE
    Total System Jitter     (TSJ):    0.050ns
    Total Input Jitter      (TIJ):    0.000ns
    Discrete Jitter          (DJ):    0.000ns
    Phase Error              (PE):    0.000ns

    Location             Delay type                Incr(ns)  Path(ns)    Netlist Resource(s)
  -------------------------------------------------------------------    -------------------
                                                      0.000     0.000 f  rst (IN)
                         net (fo=134, unset)          0.973     0.973    rst
                         LUT2 (Prop_lut2_I1_O)        0.124     1.097 r  linebuf4_reg_i_2/O
                         net (fo=6, unplaced)         0.996     2.093    linebuf4_reg_i_2_n_0
                         LUT6 (Prop_lut6_I0_O)        0.124     2.217 r  window_valid_i_2/O
                         net (fo=1, unplaced)         0.964     3.181    window_valid_i_2_n_0
                         LUT6 (Prop_lut6_I0_O)        0.124     3.305 r  window_valid_i_1/O
                         net (fo=1, unplaced)         0.000     3.305    window_valid_i_1_n_0
                         FDRE                                         r  window_valid_reg/D
  -------------------------------------------------------------------    -------------------

                         (clock benchmark_clk rise edge)
                                                      0.000     0.000 r  
                                                      0.000     0.000 r  clk (IN)
                         net (fo=1165, unset)         0.924     0.924    clk
                         FDRE                                         r  window_valid_reg/C





