Copyright 1986-2022 Xilinx, Inc. All Rights Reserved.
----------------------------------------------------------------------------------------------------
| Tool Version : Vivado v.2022.2 (win64) Build 3671981 Fri Oct 14 05:00:03 MDT 2022
| Date         : Wed Sep 23 02:56:33 2026
| Host         : WIN-FJ9PMA04HBP running 64-bit major release  (build 9200)
| Command      : report_drc -file C:/Users/Administrator/WorkBuddy/srtp/c_side/report/drc_synth.rpt
| Design       : c_synth_top
| Device       : xc7a200tfbg484-2
| Speed File   : -2
| Design State : Synthesized
----------------------------------------------------------------------------------------------------

Report DRC

Table of Contents
-----------------
1. REPORT SUMMARY
2. REPORT DETAILS

1. REPORT SUMMARY
-----------------
            Netlist: c_synth_top
          Floorplan: design_1
      Design limits: <entire design considered>
           Ruledeck: default
             Max violations: <unlimited>
             Violations found: 23
+-----------+----------+----------------------------+------------+
| Rule      | Severity | Description                | Violations |
+-----------+----------+----------------------------+------------+
| CHECK-3   | Warning  | Report rule limit reached  | 1          |
| NSTD-1    | Warning  | Unspecified I/O Standard   | 1          |
| REQP-1839 | Warning  | RAMB36 async control check | 20         |
| UCIO-1    | Warning  | Unconstrained Logical Port | 1          |
+-----------+----------+----------------------------+------------+

2. REPORT DETAILS
-----------------
CHECK-3#1 Warning
Report rule limit reached  
REQP-1839 rule limit reached: 20 violations have been found.
Related violations: <none>

NSTD-1#1 Warning
Unspecified I/O Standard  
1 out of 11 logical ports use I/O standard (IOSTANDARD) value 'DEFAULT', instead of a user assigned specific value. This may cause I/O contention or incompatibility with the board power or connectivity affecting performance, signal integrity or in extreme cases cause damage to the device or the components to which it is connected. To correct this violation, specify all I/O standards. This design will fail to generate a bitstream unless all logical ports have a user specified I/O standard value defined. To allow bitstream creation with unspecified I/O standard values (not recommended), use this command: set_property SEVERITY {Warning} [get_drc_checks NSTD-1].  NOTE: When using the Vivado Runs infrastructure (e.g. launch_runs Tcl command), add this command to a .tcl file and add that file as a pre-hook for write_bitstream step for the implementation run. Problem ports: uart_tx.
Related violations: <none>

REQP-1839#1 Warning
RAMB36 async control check  
The RAMB36E1 u_top/u_core/u_pp/u_bank0/mem_reg_0_0 has an input control pin u_top/u_core/u_pp/u_bank0/mem_reg_0_0/ADDRARDADDR[0] (net: u_top/u_core/u_pp/u_bank0/Q[0]) which is driven by a register (u_top/u_core/u_pp/wr_cnt_q_reg[0]) that has an active asychronous set or reset. This may cause corruption of the memory contents and/or read values when the set/reset is asserted and is not analyzed by the default static timing analysis. It is suggested to eliminate the use of a set/reset to registers driving this RAMB pin or else use a synchronous reset in which the assertion of the reset is timed by default.
Related violations: <none>

REQP-1839#2 Warning
RAMB36 async control check  
The RAMB36E1 u_top/u_core/u_pp/u_bank0/mem_reg_0_0 has an input control pin u_top/u_core/u_pp/u_bank0/mem_reg_0_0/ADDRARDADDR[10] (net: u_top/u_core/u_pp/u_bank0/Q[10]) which is driven by a register (u_top/u_core/u_pp/wr_cnt_q_reg[10]) that has an active asychronous set or reset. This may cause corruption of the memory contents and/or read values when the set/reset is asserted and is not analyzed by the default static timing analysis. It is suggested to eliminate the use of a set/reset to registers driving this RAMB pin or else use a synchronous reset in which the assertion of the reset is timed by default.
Related violations: <none>

REQP-1839#3 Warning
RAMB36 async control check  
The RAMB36E1 u_top/u_core/u_pp/u_bank0/mem_reg_0_0 has an input control pin u_top/u_core/u_pp/u_bank0/mem_reg_0_0/ADDRARDADDR[11] (net: u_top/u_core/u_pp/u_bank0/Q[11]) which is driven by a register (u_top/u_core/u_pp/wr_cnt_q_reg[11]) that has an active asychronous set or reset. This may cause corruption of the memory contents and/or read values when the set/reset is asserted and is not analyzed by the default static timing analysis. It is suggested to eliminate the use of a set/reset to registers driving this RAMB pin or else use a synchronous reset in which the assertion of the reset is timed by default.
Related violations: <none>

REQP-1839#4 Warning
RAMB36 async control check  
The RAMB36E1 u_top/u_core/u_pp/u_bank0/mem_reg_0_0 has an input control pin u_top/u_core/u_pp/u_bank0/mem_reg_0_0/ADDRARDADDR[12] (net: u_top/u_core/u_pp/u_bank0/ADDRARDADDR[0]) which is driven by a register (u_top/u_core/u_pp/wr_cnt_q_reg[12]_rep__32) that has an active asychronous set or reset. This may cause corruption of the memory contents and/or read values when the set/reset is asserted and is not analyzed by the default static timing analysis. It is suggested to eliminate the use of a set/reset to registers driving this RAMB pin or else use a synchronous reset in which the assertion of the reset is timed by default.
Related violations: <none>

REQP-1839#5 Warning
RAMB36 async control check  
The RAMB36E1 u_top/u_core/u_pp/u_bank0/mem_reg_0_0 has an input control pin u_top/u_core/u_pp/u_bank0/mem_reg_0_0/ADDRARDADDR[13] (net: u_top/u_core/u_pp/u_bank0/Q[12]) which is driven by a register (u_top/u_core/u_pp/wr_cnt_q_reg[13]) that has an active asychronous set or reset. This may cause corruption of the memory contents and/or read values when the set/reset is asserted and is not analyzed by the default static timing analysis. It is suggested to eliminate the use of a set/reset to registers driving this RAMB pin or else use a synchronous reset in which the assertion of the reset is timed by default.
Related violations: <none>

REQP-1839#6 Warning
RAMB36 async control check  
The RAMB36E1 u_top/u_core/u_pp/u_bank0/mem_reg_0_0 has an input control pin u_top/u_core/u_pp/u_bank0/mem_reg_0_0/ADDRARDADDR[14] (net: u_top/u_core/u_pp/u_bank0/Q[13]) which is driven by a register (u_top/u_core/u_pp/wr_cnt_q_reg[14]) that has an active asychronous set or reset. This may cause corruption of the memory contents and/or read values when the set/reset is asserted and is not analyzed by the default static timing analysis. It is suggested to eliminate the use of a set/reset to registers driving this RAMB pin or else use a synchronous reset in which the assertion of the reset is timed by default.
Related violations: <none>

REQP-1839#7 Warning
RAMB36 async control check  
The RAMB36E1 u_top/u_core/u_pp/u_bank0/mem_reg_0_0 has an input control pin u_top/u_core/u_pp/u_bank0/mem_reg_0_0/ADDRARDADDR[15] (net: u_top/u_core/u_pp/u_bank0/Q[14]) which is driven by a register (u_top/u_core/u_pp/wr_cnt_q_reg[15]) that has an active asychronous set or reset. This may cause corruption of the memory contents and/or read values when the set/reset is asserted and is not analyzed by the default static timing analysis. It is suggested to eliminate the use of a set/reset to registers driving this RAMB pin or else use a synchronous reset in which the assertion of the reset is timed by default.
Related violations: <none>

REQP-1839#8 Warning
RAMB36 async control check  
The RAMB36E1 u_top/u_core/u_pp/u_bank0/mem_reg_0_0 has an input control pin u_top/u_core/u_pp/u_bank0/mem_reg_0_0/ADDRARDADDR[1] (net: u_top/u_core/u_pp/u_bank0/Q[1]) which is driven by a register (u_top/u_core/u_pp/wr_cnt_q_reg[1]) that has an active asychronous set or reset. This may cause corruption of the memory contents and/or read values when the set/reset is asserted and is not analyzed by the default static timing analysis. It is suggested to eliminate the use of a set/reset to registers driving this RAMB pin or else use a synchronous reset in which the assertion of the reset is timed by default.
Related violations: <none>

REQP-1839#9 Warning
RAMB36 async control check  
The RAMB36E1 u_top/u_core/u_pp/u_bank0/mem_reg_0_0 has an input control pin u_top/u_core/u_pp/u_bank0/mem_reg_0_0/ADDRARDADDR[2] (net: u_top/u_core/u_pp/u_bank0/Q[2]) which is driven by a register (u_top/u_core/u_pp/wr_cnt_q_reg[2]) that has an active asychronous set or reset. This may cause corruption of the memory contents and/or read values when the set/reset is asserted and is not analyzed by the default static timing analysis. It is suggested to eliminate the use of a set/reset to registers driving this RAMB pin or else use a synchronous reset in which the assertion of the reset is timed by default.
Related violations: <none>

REQP-1839#10 Warning
RAMB36 async control check  
The RAMB36E1 u_top/u_core/u_pp/u_bank0/mem_reg_0_0 has an input control pin u_top/u_core/u_pp/u_bank0/mem_reg_0_0/ADDRARDADDR[3] (net: u_top/u_core/u_pp/u_bank0/Q[3]) which is driven by a register (u_top/u_core/u_pp/wr_cnt_q_reg[3]) that has an active asychronous set or reset. This may cause corruption of the memory contents and/or read values when the set/reset is asserted and is not analyzed by the default static timing analysis. It is suggested to eliminate the use of a set/reset to registers driving this RAMB pin or else use a synchronous reset in which the assertion of the reset is timed by default.
Related violations: <none>

REQP-1839#11 Warning
RAMB36 async control check  
The RAMB36E1 u_top/u_core/u_pp/u_bank0/mem_reg_0_0 has an input control pin u_top/u_core/u_pp/u_bank0/mem_reg_0_0/ADDRARDADDR[4] (net: u_top/u_core/u_pp/u_bank0/Q[4]) which is driven by a register (u_top/u_core/u_pp/wr_cnt_q_reg[4]) that has an active asychronous set or reset. This may cause corruption of the memory contents and/or read values when the set/reset is asserted and is not analyzed by the default static timing analysis. It is suggested to eliminate the use of a set/reset to registers driving this RAMB pin or else use a synchronous reset in which the assertion of the reset is timed by default.
Related violations: <none>

REQP-1839#12 Warning
RAMB36 async control check  
The RAMB36E1 u_top/u_core/u_pp/u_bank0/mem_reg_0_0 has an input control pin u_top/u_core/u_pp/u_bank0/mem_reg_0_0/ADDRARDADDR[5] (net: u_top/u_core/u_pp/u_bank0/Q[5]) which is driven by a register (u_top/u_core/u_pp/wr_cnt_q_reg[5]) that has an active asychronous set or reset. This may cause corruption of the memory contents and/or read values when the set/reset is asserted and is not analyzed by the default static timing analysis. It is suggested to eliminate the use of a set/reset to registers driving this RAMB pin or else use a synchronous reset in which the assertion of the reset is timed by default.
Related violations: <none>

REQP-1839#13 Warning
RAMB36 async control check  
The RAMB36E1 u_top/u_core/u_pp/u_bank0/mem_reg_0_0 has an input control pin u_top/u_core/u_pp/u_bank0/mem_reg_0_0/ADDRARDADDR[6] (net: u_top/u_core/u_pp/u_bank0/Q[6]) which is driven by a register (u_top/u_core/u_pp/wr_cnt_q_reg[6]) that has an active asychronous set or reset. This may cause corruption of the memory contents and/or read values when the set/reset is asserted and is not analyzed by the default static timing analysis. It is suggested to eliminate the use of a set/reset to registers driving this RAMB pin or else use a synchronous reset in which the assertion of the reset is timed by default.
Related violations: <none>

REQP-1839#14 Warning
RAMB36 async control check  
The RAMB36E1 u_top/u_core/u_pp/u_bank0/mem_reg_0_0 has an input control pin u_top/u_core/u_pp/u_bank0/mem_reg_0_0/ADDRARDADDR[7] (net: u_top/u_core/u_pp/u_bank0/Q[7]) which is driven by a register (u_top/u_core/u_pp/wr_cnt_q_reg[7]) that has an active asychronous set or reset. This may cause corruption of the memory contents and/or read values when the set/reset is asserted and is not analyzed by the default static timing analysis. It is suggested to eliminate the use of a set/reset to registers driving this RAMB pin or else use a synchronous reset in which the assertion of the reset is timed by default.
Related violations: <none>

REQP-1839#15 Warning
RAMB36 async control check  
The RAMB36E1 u_top/u_core/u_pp/u_bank0/mem_reg_0_0 has an input control pin u_top/u_core/u_pp/u_bank0/mem_reg_0_0/ADDRARDADDR[8] (net: u_top/u_core/u_pp/u_bank0/Q[8]) which is driven by a register (u_top/u_core/u_pp/wr_cnt_q_reg[8]) that has an active asychronous set or reset. This may cause corruption of the memory contents and/or read values when the set/reset is asserted and is not analyzed by the default static timing analysis. It is suggested to eliminate the use of a set/reset to registers driving this RAMB pin or else use a synchronous reset in which the assertion of the reset is timed by default.
Related violations: <none>

REQP-1839#16 Warning
RAMB36 async control check  
The RAMB36E1 u_top/u_core/u_pp/u_bank0/mem_reg_0_0 has an input control pin u_top/u_core/u_pp/u_bank0/mem_reg_0_0/ADDRARDADDR[9] (net: u_top/u_core/u_pp/u_bank0/Q[9]) which is driven by a register (u_top/u_core/u_pp/wr_cnt_q_reg[9]) that has an active asychronous set or reset. This may cause corruption of the memory contents and/or read values when the set/reset is asserted and is not analyzed by the default static timing analysis. It is suggested to eliminate the use of a set/reset to registers driving this RAMB pin or else use a synchronous reset in which the assertion of the reset is timed by default.
Related violations: <none>

REQP-1839#17 Warning
RAMB36 async control check  
The RAMB36E1 u_top/u_core/u_pp/u_bank0/mem_reg_0_0 has an input control pin u_top/u_core/u_pp/u_bank0/mem_reg_0_0/ADDRBWRADDR[12] (net: u_top/u_core/u_pp/u_bank0/rd_ptr_q_reg[12]) which is driven by a register (u_top/u_core/u_pp/rd_ptr_q_reg[12]) that has an active asychronous set or reset. This may cause corruption of the memory contents and/or read values when the set/reset is asserted and is not analyzed by the default static timing analysis. It is suggested to eliminate the use of a set/reset to registers driving this RAMB pin or else use a synchronous reset in which the assertion of the reset is timed by default.
Related violations: <none>

REQP-1839#18 Warning
RAMB36 async control check  
The RAMB36E1 u_top/u_core/u_pp/u_bank0/mem_reg_0_0 has an input control pin u_top/u_core/u_pp/u_bank0/mem_reg_0_0/ADDRBWRADDR[13] (net: u_top/u_core/u_pp/u_bank0/mem_reg_1_6_0[0]) which is driven by a register (u_top/u_core/u_pp/rd_ptr_q_reg[13]_rep) that has an active asychronous set or reset. This may cause corruption of the memory contents and/or read values when the set/reset is asserted and is not analyzed by the default static timing analysis. It is suggested to eliminate the use of a set/reset to registers driving this RAMB pin or else use a synchronous reset in which the assertion of the reset is timed by default.
Related violations: <none>

REQP-1839#19 Warning
RAMB36 async control check  
The RAMB36E1 u_top/u_core/u_pp/u_bank0/mem_reg_0_0 has an input control pin u_top/u_core/u_pp/u_bank0/mem_reg_0_0/ADDRBWRADDR[14] (net: u_top/u_core/u_pp/u_bank0/mem_reg_1_6_0[1]) which is driven by a register (u_top/u_core/u_pp/rd_ptr_q_reg[14]_rep) that has an active asychronous set or reset. This may cause corruption of the memory contents and/or read values when the set/reset is asserted and is not analyzed by the default static timing analysis. It is suggested to eliminate the use of a set/reset to registers driving this RAMB pin or else use a synchronous reset in which the assertion of the reset is timed by default.
Related violations: <none>

REQP-1839#20 Warning
RAMB36 async control check  
The RAMB36E1 u_top/u_core/u_pp/u_bank0/mem_reg_0_0 has an input control pin u_top/u_core/u_pp/u_bank0/mem_reg_0_0/ADDRBWRADDR[15] (net: u_top/u_core/u_pp/u_bank0/mem_reg_1_6_0[2]) which is driven by a register (u_top/u_core/u_pp/rd_ptr_q_reg[15]_rep__1) that has an active asychronous set or reset. This may cause corruption of the memory contents and/or read values when the set/reset is asserted and is not analyzed by the default static timing analysis. It is suggested to eliminate the use of a set/reset to registers driving this RAMB pin or else use a synchronous reset in which the assertion of the reset is timed by default.
Related violations: <none>

UCIO-1#1 Warning
Unconstrained Logical Port  
1 out of 11 logical ports have no user assigned specific location constraint (LOC). This may cause I/O contention or incompatibility with the board power or connectivity affecting performance, signal integrity or in extreme cases cause damage to the device or the components to which it is connected. To correct this violation, specify all pin locations. This design will fail to generate a bitstream unless all logical ports have a user specified site LOC constraint defined.  To allow bitstream creation with unspecified pin locations (not recommended), use this command: set_property SEVERITY {Warning} [get_drc_checks UCIO-1].  NOTE: When using the Vivado Runs infrastructure (e.g. launch_runs Tcl command), add this command to a .tcl file and add that file as a pre-hook for write_bitstream step for the implementation run.  Problem ports: uart_tx.
Related violations: <none>


