

================================================================
== Vitis HLS Report for 'pixel_shuffle2x_stream_top'
================================================================
* Date:           Sun Sep 20 20:05:25 2026

* Version:        2025.2 (Build 6295257 on Nov 12 2025)
* Project:        work
* Solution:       solution1 (Vivado IP Flow Target)
* Product family: zynq
* Target device:  xc7z020-clg400-1


================================================================
== Performance Estimates
================================================================
+ Timing: 
    * Summary: 
    +--------+----------+----------+------------+
    |  Clock |  Target  | Estimated| Uncertainty|
    +--------+----------+----------+------------+
    |ap_clk  |  10.00 ns|  5.492 ns|     2.70 ns|
    +--------+----------+----------+------------+

+ Latency: 
    * Summary: 
    +---------+---------+-----------+-----------+-----+---------+---------+
    |  Latency (cycles) |   Latency (absolute)  |    Interval   | Pipeline|
    |   min   |   max   |    min    |    max    | min |   max   |   Type  |
    +---------+---------+-----------+-----------+-----+---------+---------+
    |        4|  1386002|  40.000 ns|  13.860 ms|    5|  1386003|       no|
    +---------+---------+-----------+-----------+-----+---------+---------+

    + Detail: 
        * Instance: 
        +------------------------------------------------------------------+-------------------------------------------------------+---------+---------+-----------+-----------+-----+-----+-------------------+
        |                                                                  |                                                       |  Latency (cycles) |   Latency (absolute)  |  Interval |      Pipeline     |
        |                             Instance                             |                         Module                        |   min   |   max   |    min    |    max    | min | max |        Type       |
        +------------------------------------------------------------------+-------------------------------------------------------+---------+---------+-----------+-----------+-----+-----+-------------------+
        |grp_pixel_shuffle2x_stream_top_Pipeline_produce_upper_row_fu_130  |pixel_shuffle2x_stream_top_Pipeline_produce_upper_row  |        7|     2563|  70.000 ns|  25.630 us|    0|    0|  loop pipeline stp|
        |grp_pixel_shuffle2x_stream_top_Pipeline_produce_lower_row_fu_147  |pixel_shuffle2x_stream_top_Pipeline_produce_lower_row  |        4|     1282|  40.000 ns|  12.820 us|    0|    0|  loop pipeline stp|
        +------------------------------------------------------------------+-------------------------------------------------------+---------+---------+-----------+-----------+-----+-----+-------------------+

        * Loop: 
        +----------------+---------+---------+----------+-----------+-----------+---------+----------+
        |                |  Latency (cycles) | Iteration|  Initiation Interval  |   Trip  |          |
        |    Loop Name   |   min   |   max   |  Latency |  achieved |   target  |  Count  | Pipelined|
        +----------------+---------+---------+----------+-----------+-----------+---------+----------+
        |- low_row_loop  |        2|  1386000|  2 ~ 3850|          -|          -|  1 ~ 360|        no|
        +----------------+---------+---------+----------+-----------+-----------+---------+----------+



================================================================
== Utilization Estimates
================================================================
* Summary: 
+-----------------+---------+-----+--------+-------+-----+
|       Name      | BRAM_18K| DSP |   FF   |  LUT  | URAM|
+-----------------+---------+-----+--------+-------+-----+
|DSP              |        -|    -|       -|      -|    -|
|Expression       |        -|    -|       0|     75|    -|
|FIFO             |        -|    -|       -|      -|    -|
|Instance         |        0|    -|     214|    478|    -|
|Memory           |        2|    -|       0|      0|    -|
|Multiplexer      |        -|    -|       0|    151|    -|
|Register         |        -|    -|      90|      -|    -|
+-----------------+---------+-----+--------+-------+-----+
|Total            |        2|    0|     304|    704|    0|
+-----------------+---------+-----+--------+-------+-----+
|Available        |      280|  220|  106400|  53200|    0|
+-----------------+---------+-----+--------+-------+-----+
|Utilization (%)  |       ~0|    0|      ~0|      1|    0|
+-----------------+---------+-----+--------+-------+-----+

+ Detail: 
    * Instance: 
    +------------------------------------------------------------------+-------------------------------------------------------+---------+----+-----+-----+-----+
    |                             Instance                             |                         Module                        | BRAM_18K| DSP|  FF | LUT | URAM|
    +------------------------------------------------------------------+-------------------------------------------------------+---------+----+-----+-----+-----+
    |control_s_axi_U                                                   |control_s_axi                                          |        0|   0|  112|  120|    0|
    |grp_pixel_shuffle2x_stream_top_Pipeline_produce_lower_row_fu_147  |pixel_shuffle2x_stream_top_Pipeline_produce_lower_row  |        0|   0|   25|  135|    0|
    |grp_pixel_shuffle2x_stream_top_Pipeline_produce_upper_row_fu_130  |pixel_shuffle2x_stream_top_Pipeline_produce_upper_row  |        0|   0|   77|  223|    0|
    +------------------------------------------------------------------+-------------------------------------------------------+---------+----+-----+-----+-----+
    |Total                                                             |                                                       |        0|   0|  214|  478|    0|
    +------------------------------------------------------------------+-------------------------------------------------------+---------+----+-----+-----+-----+

    * DSP: 
    N/A

    * Memory: 
    +------------------------------------------------------------------------------------+----------------------------------------------------------------------------------+---------+---+----+-----+------+-----+------+-------------+
    |                                       Memory                                       |                                      Module                                      | BRAM_18K| FF| LUT| URAM| Words| Bits| Banks| W*Bits*Banks|
    +------------------------------------------------------------------------------------+----------------------------------------------------------------------------------+---------+---+----+-----+------+-----+------+-------------+
    |pixel_shuffle2x_stream_top_stream_stream_ap_uint_ap_uint_ap_uint_ap_uint_ap_ui_1_U  |pixel_shuffle2x_stream_top_stream_stream_ap_uint_ap_uint_ap_uint_ap_uint_ap_ubkb  |        1|  0|   0|    0|   640|    8|     1|         5120|
    |pixel_shuffle2x_stream_top_stream_stream_ap_uint_ap_uint_ap_uint_ap_uint_ap_ui_U    |pixel_shuffle2x_stream_top_stream_stream_ap_uint_ap_uint_ap_uint_ap_uint_ap_ubkb  |        1|  0|   0|    0|   640|    8|     1|         5120|
    +------------------------------------------------------------------------------------+----------------------------------------------------------------------------------+---------+---+----+-----+------+-----+------+-------------+
    |Total                                                                               |                                                                                  |        2|  0|   0|    0|  1280|   16|     2|        10240|
    +------------------------------------------------------------------------------------+----------------------------------------------------------------------------------+---------+---+----+-----+------+-----+------+-------------+

    * FIFO: 
    N/A

    * Expression: 
    +-----------------------------------------------------------------------------------+----------+----+---+----+------------+------------+
    |                                   Variable Name                                   | Operation| DSP| FF| LUT| Bitwidth P0| Bitwidth P1|
    +-----------------------------------------------------------------------------------+----------+----+---+----+------------+------------+
    |row_2_fu_177_p2                                                                    |         +|   0|  0|  23|          16|           1|
    |ap_block_state6_on_subcall_done                                                    |       and|   0|  0|   2|           1|           1|
    |grp_pixel_shuffle2x_stream_top_Pipeline_produce_lower_row_fu_147_pixel_out_TREADY  |       and|   0|  0|   2|           1|           1|
    |grp_pixel_shuffle2x_stream_top_Pipeline_produce_upper_row_fu_130_pixel_out_TREADY  |       and|   0|  0|   2|           1|           1|
    |icmp_ln48_fu_172_p2                                                                |      icmp|   0|  0|  23|          16|          16|
    |icmp_ln51_fu_158_p2                                                                |      icmp|   0|  0|  23|          16|           1|
    +-----------------------------------------------------------------------------------+----------+----+---+----+------------+------------+
    |Total                                                                              |          |   0|  0|  75|          51|          21|
    +-----------------------------------------------------------------------------------+----------+----+---+----+------------+------------+

    * Multiplexer: 
    +--------------------------------------------------------------------------------------+----+-----------+-----+-----------+
    |                                         Name                                         | LUT| Input Size| Bits| Total Bits|
    +--------------------------------------------------------------------------------------+----+-----------+-----+-----------+
    |ap_NS_fsm                                                                             |  42|          8|    1|          8|
    |channels_in_TREADY_int_regslice                                                       |   9|          2|    1|          2|
    |pixel_out_TDATA_int_regslice                                                          |  14|          3|    8|         24|
    |pixel_out_TDATA_reg                                                                   |   9|          2|    8|         16|
    |pixel_out_TVALID_int_regslice                                                         |  14|          3|    1|          3|
    |pixel_shuffle2x_stream_top_stream_stream_ap_uint_ap_uint_ap_uint_ap_uint_ap_ui_1_ce0  |   9|          2|    1|          2|
    |pixel_shuffle2x_stream_top_stream_stream_ap_uint_ap_uint_ap_uint_ap_uint_ap_ui_1_ce1  |   9|          2|    1|          2|
    |pixel_shuffle2x_stream_top_stream_stream_ap_uint_ap_uint_ap_uint_ap_uint_ap_ui_1_we1  |   9|          2|    1|          2|
    |pixel_shuffle2x_stream_top_stream_stream_ap_uint_ap_uint_ap_uint_ap_uint_ap_ui_ce0    |   9|          2|    1|          2|
    |pixel_shuffle2x_stream_top_stream_stream_ap_uint_ap_uint_ap_uint_ap_uint_ap_ui_ce1    |   9|          2|    1|          2|
    |pixel_shuffle2x_stream_top_stream_stream_ap_uint_ap_uint_ap_uint_ap_uint_ap_ui_we1    |   9|          2|    1|          2|
    |row_fu_90                                                                             |   9|          2|   16|         32|
    +--------------------------------------------------------------------------------------+----+-----------+-----+-----------+
    |Total                                                                                 | 151|         32|   41|         97|
    +--------------------------------------------------------------------------------------+----+-----------+-----+-----------+

    * Register: 
    +-------------------------------------------------------------------------------+----+----+-----+-----------+
    |                                      Name                                     | FF | LUT| Bits| Const Bits|
    +-------------------------------------------------------------------------------+----+----+-----+-----------+
    |ap_CS_fsm                                                                      |   7|   0|    7|          0|
    |cols_read_reg_214                                                              |  16|   0|   16|          0|
    |grp_pixel_shuffle2x_stream_top_Pipeline_produce_lower_row_fu_147_ap_start_reg  |   1|   0|    1|          0|
    |grp_pixel_shuffle2x_stream_top_Pipeline_produce_upper_row_fu_130_ap_start_reg  |   1|   0|    1|          0|
    |icmp_ln51_reg_225                                                              |   1|   0|    1|          0|
    |map00_read_reg_209                                                             |   2|   0|    2|          0|
    |map01_read_reg_204                                                             |   2|   0|    2|          0|
    |map10_read_reg_199                                                             |   2|   0|    2|          0|
    |map11_read_reg_194                                                             |   2|   0|    2|          0|
    |pixel_out_TDATA_reg                                                            |   8|   0|    8|          0|
    |row_2_reg_232                                                                  |  16|   0|   16|          0|
    |row_fu_90                                                                      |  16|   0|   16|          0|
    |rows_read_reg_220                                                              |  16|   0|   16|          0|
    +-------------------------------------------------------------------------------+----+----+-----+-----------+
    |Total                                                                          |  90|   0|   90|          0|
    +-------------------------------------------------------------------------------+----+----+-----+-----------+



================================================================
== Interface
================================================================
* Summary: 
+-----------------------+-----+-----+------------+----------------------------+--------------+
|       RTL Ports       | Dir | Bits|  Protocol  |        Source Object       |    C Type    |
+-----------------------+-----+-----+------------+----------------------------+--------------+
|s_axi_control_AWVALID  |   in|    1|       s_axi|                     control|        scalar|
|s_axi_control_AWREADY  |  out|    1|       s_axi|                     control|        scalar|
|s_axi_control_AWADDR   |   in|    6|       s_axi|                     control|        scalar|
|s_axi_control_WVALID   |   in|    1|       s_axi|                     control|        scalar|
|s_axi_control_WREADY   |  out|    1|       s_axi|                     control|        scalar|
|s_axi_control_WDATA    |   in|   32|       s_axi|                     control|        scalar|
|s_axi_control_WSTRB    |   in|    4|       s_axi|                     control|        scalar|
|s_axi_control_ARVALID  |   in|    1|       s_axi|                     control|        scalar|
|s_axi_control_ARREADY  |  out|    1|       s_axi|                     control|        scalar|
|s_axi_control_ARADDR   |   in|    6|       s_axi|                     control|        scalar|
|s_axi_control_RVALID   |  out|    1|       s_axi|                     control|        scalar|
|s_axi_control_RREADY   |   in|    1|       s_axi|                     control|        scalar|
|s_axi_control_RDATA    |  out|   32|       s_axi|                     control|        scalar|
|s_axi_control_RRESP    |  out|    2|       s_axi|                     control|        scalar|
|s_axi_control_BVALID   |  out|    1|       s_axi|                     control|        scalar|
|s_axi_control_BREADY   |   in|    1|       s_axi|                     control|        scalar|
|s_axi_control_BRESP    |  out|    2|       s_axi|                     control|        scalar|
|ap_clk                 |   in|    1|  ap_ctrl_hs|  pixel_shuffle2x_stream_top|  return value|
|ap_rst_n               |   in|    1|  ap_ctrl_hs|  pixel_shuffle2x_stream_top|  return value|
|interrupt              |  out|    1|  ap_ctrl_hs|  pixel_shuffle2x_stream_top|  return value|
|channels_in_TDATA      |   in|    8|        axis|                 channels_in|       pointer|
|channels_in_TVALID     |   in|    1|        axis|                 channels_in|       pointer|
|channels_in_TREADY     |  out|    1|        axis|                 channels_in|       pointer|
|pixel_out_TDATA        |  out|    8|        axis|                   pixel_out|       pointer|
|pixel_out_TVALID       |  out|    1|        axis|                   pixel_out|       pointer|
|pixel_out_TREADY       |   in|    1|        axis|                   pixel_out|       pointer|
+-----------------------+-----+-----+------------+----------------------------+--------------+

