Copyright 1986-2022 Xilinx, Inc. All Rights Reserved. Copyright 2022-2025 Advanced Micro Devices, Inc. All Rights Reserved.
--------------------------------------------------------------------------------------------------------------------------------------------------------
| Tool Version : Vivado v.2025.2 (win64) Build 6299465 Fri Nov 14 19:35:11 GMT 2025
| Date         : Thu Sep 24 16:36:30 2026
| Host         : OMENMAX running 64-bit major release  (build 9200)
| Command      : report_utilization -hierarchical -file V://_synth_bc/acc36_realrom_150_member_b_ascii_ramdecomp/reports/utilization_postroute_hier.rpt
| Design       : c_synth_top
| Device       : xc7a200tfbg484-2
| Speed File   : -2
| Design State : Routed
--------------------------------------------------------------------------------------------------------------------------------------------------------

Utilization Design Information

Table of Contents
-----------------
1. Utilization by Hierarchy

1. Utilization by Hierarchy
---------------------------

+---------------------------------+---------------------------------------------+------------+------------+---------+------+-------+--------+--------+------------+
|             Instance            |                    Module                   | Total LUTs | Logic LUTs | LUTRAMs | SRLs |  FFs  | RAMB36 | RAMB18 | DSP Blocks |
+---------------------------------+---------------------------------------------+------------+------------+---------+------+-------+--------+--------+------------+
| c_synth_top                     |                                       (top) |      28041 |      22174 |    5842 |   25 | 48510 |    226 |      8 |        394 |
|   (c_synth_top)                 |                                       (top) |          0 |          0 |       0 |    0 |     0 |      0 |      0 |          0 |
|   u_top                         |                                       c_top |      28041 |      22174 |    5842 |   25 | 48510 |    226 |      8 |        394 |
|     (u_top)                     |                                       c_top |         10 |         10 |       0 |    0 |    55 |      0 |      0 |          0 |
|     u_core                      |                                      c_core |      28031 |      22164 |    5842 |   25 | 48455 |    226 |      8 |        394 |
|       u_rom                     |                                   input_rom |        138 |        138 |       0 |    0 |    21 |    128 |      0 |          0 |
|       u_b                       |                                   b_core_if |      27277 |      21410 |    5842 |   25 | 47890 |     38 |      8 |        394 |
|         u_b_core                |                                 b_core_real |      27277 |      21410 |    5842 |   25 | 47890 |     38 |      8 |        394 |
|           core                  |                      fsrcnn_network_mem_top |      27277 |      21410 |    5842 |   25 | 47890 |     38 |      8 |        394 |
|             core                |                         fsrcnn_network_core |      27277 |      21410 |    5842 |   25 | 47890 |     38 |      8 |        394 |
|               f12               |                elastic_fifo__parameterized0 |        187 |         15 |     172 |    0 |    16 |      0 |      0 |          0 |
|               f23               |                elastic_fifo__parameterized1 |        166 |         80 |      86 |    0 |    16 |      0 |      0 |          0 |
|               f34               |              elastic_fifo__parameterized1_1 |        101 |         15 |      86 |    0 |    16 |      0 |      0 |          0 |
|               f45               |              elastic_fifo__parameterized0_2 |        351 |        179 |     172 |    0 |    16 |      0 |      0 |          0 |
|               l1                |                         fsrcnn_stream_layer |       4119 |       3980 |     134 |    5 |  6652 |      0 |      4 |         62 |
|                 gk.frontend     |                      window_stream_frontend |        245 |        111 |     134 |    0 |   293 |      0 |      4 |          0 |
|                   win           |                         window_kminus1_bram |         56 |         56 |       0 |    0 |   264 |      0 |      4 |          0 |
|                   fifo          |                                elastic_fifo |        142 |          8 |     134 |    0 |     7 |      0 |      0 |          0 |
|                 mac             |                             mac_issue_stage |       2624 |       2624 |       0 |    0 |  3993 |      0 |      0 |         50 |
|                   (mac)         |                             mac_issue_stage |        722 |        722 |       0 |    0 |     0 |      0 |      0 |          0 |
|                   acc           |                           phase_accumulator |        721 |        721 |       0 |    0 |  1666 |      0 |      0 |          0 |
|                   issue         |                           eight_phase_issue |          1 |          1 |       0 |    0 |   204 |      0 |      0 |          0 |
|                   mac           |                          phase_mac_pipeline |       1238 |       1238 |       0 |    0 |  2123 |      0 |      0 |         50 |
|                 post            |                 vector_postprocess_shared_8 |       1250 |       1245 |       0 |    5 |  2366 |      0 |      0 |         12 |
|                   (post)        |                 vector_postprocess_shared_8 |        201 |        196 |       0 |    5 |  1707 |      0 |      0 |          0 |
|                   units[0].post |                          prelu_requantize_9 |        559 |        559 |       0 |    0 |   332 |      0 |      0 |          6 |
|                   units[1].post |                         prelu_requantize_10 |        496 |        496 |       0 |    0 |   327 |      0 |      0 |          6 |
|               l2                |         fsrcnn_stream_layer__parameterized0 |       1564 |       1559 |       0 |    5 |  2896 |      0 |      0 |         22 |
|                 mac             |             mac_issue_stage__parameterized0 |        968 |        968 |       0 |    0 |  1696 |      0 |      0 |         16 |
|                   (mac)         |             mac_issue_stage__parameterized0 |        518 |        518 |       0 |    0 |     0 |      0 |      0 |          0 |
|                   acc           |         phase_accumulator__parameterized0_7 |        166 |        166 |       0 |    0 |   834 |      0 |      0 |          0 |
|                   issue         |           eight_phase_issue__parameterized0 |        110 |        110 |       0 |    0 |   260 |      0 |      0 |          0 |
|                   mac           |          phase_mac_pipeline__parameterized0 |        214 |        214 |       0 |    0 |   602 |      0 |      0 |         16 |
|                 post            | vector_postprocess_shared__parameterized0_5 |        596 |        591 |       0 |    5 |  1200 |      0 |      0 |          6 |
|                   (post)        | vector_postprocess_shared__parameterized0_5 |        106 |        101 |       0 |    5 |   859 |      0 |      0 |          0 |
|                   units[0].post |                          prelu_requantize_6 |        492 |        492 |       0 |    0 |   341 |      0 |      0 |          6 |
|               l3                |         fsrcnn_stream_layer__parameterized1 |       4426 |       3629 |     792 |    5 |  8561 |      8 |      0 |         78 |
|                 gk.frontend     |      window_stream_frontend__parameterized0 |       1037 |        245 |     792 |    0 |  1410 |      8 |      0 |          0 |
|                   win           |         window_kminus1_bram__parameterized0 |        149 |        149 |       0 |    0 |  1345 |      8 |      0 |          0 |
|                   fifo          |                elastic_fifo__parameterized2 |        850 |         58 |     792 |    0 |    43 |      0 |      0 |          0 |
|                 mac             |             mac_issue_stage__parameterized1 |       2797 |       2797 |       0 |    0 |  5959 |      0 |      0 |         72 |
|                   (mac)         |             mac_issue_stage__parameterized1 |        382 |        382 |       0 |    0 |     0 |      0 |      0 |          0 |
|                   acc           |           phase_accumulator__parameterized0 |        273 |        273 |       0 |    0 |   834 |      0 |      0 |          0 |
|                   issue         |           eight_phase_issue__parameterized1 |        388 |        388 |       0 |    0 |  1165 |      0 |      0 |          0 |
|                   mac           |          phase_mac_pipeline__parameterized1 |       1810 |       1810 |       0 |    0 |  3960 |      0 |      0 |         72 |
|                 post            |   vector_postprocess_shared__parameterized0 |        592 |        587 |       0 |    5 |  1192 |      0 |      0 |          6 |
|                   (post)        |   vector_postprocess_shared__parameterized0 |        106 |        101 |       0 |    5 |   857 |      0 |      0 |          0 |
|                   units[0].post |                          prelu_requantize_4 |        487 |        487 |       0 |    0 |   335 |      0 |      0 |          6 |
|               l4                |         fsrcnn_stream_layer__parameterized2 |       2494 |       2489 |       0 |    5 |  4527 |      0 |      0 |         28 |
|                 mac             |             mac_issue_stage__parameterized2 |       1255 |       1255 |       0 |    0 |  2205 |      0 |      0 |         16 |
|                   (mac)         |             mac_issue_stage__parameterized2 |        805 |        805 |       0 |    0 |     0 |      0 |      0 |          0 |
|                   acc           |           phase_accumulator__parameterized2 |        494 |        494 |       0 |    0 |  1666 |      0 |      0 |          0 |
|                   issue         |           eight_phase_issue__parameterized2 |          4 |          4 |       0 |    0 |   132 |      0 |      0 |          0 |
|                   mac           |          phase_mac_pipeline__parameterized2 |         33 |         33 |       0 |    0 |   407 |      0 |      0 |         16 |
|                 post            |                   vector_postprocess_shared |       1239 |       1234 |       0 |    5 |  2322 |      0 |      0 |         12 |
|                   (post)        |                   vector_postprocess_shared |        188 |        183 |       0 |    5 |  1687 |      0 |      0 |          0 |
|                   units[0].post |                            prelu_requantize |        558 |        558 |       0 |    0 |   322 |      0 |      0 |          6 |
|                   units[1].post |                          prelu_requantize_3 |        496 |        496 |       0 |    0 |   313 |      0 |      0 |          6 |
|               l5                |         fsrcnn_stream_layer__parameterized3 |      13775 |       9370 |    4400 |    5 | 25144 |     28 |      4 |        204 |
|                 gk.frontend     |      window_stream_frontend__parameterized1 |       5810 |       1410 |    4400 |    0 |  7010 |     28 |      4 |          0 |
|                   win           |         window_kminus1_bram__parameterized1 |       1059 |       1059 |       0 |    0 |  6727 |     28 |      4 |          0 |
|                   fifo          |                elastic_fifo__parameterized3 |       4716 |        316 |    4400 |    0 |   221 |      0 |      0 |          0 |
|                 mac             |             mac_issue_stage__parameterized3 |       7707 |       7707 |       0 |    0 | 17572 |      0 |      0 |        200 |
|                   acc           |           phase_accumulator__parameterized3 |        136 |        136 |       0 |    0 |   418 |      0 |      0 |          0 |
|                   issue         |           eight_phase_issue__parameterized3 |       1912 |       1912 |       0 |    0 |  6450 |      0 |      0 |          0 |
|                   mac           |          phase_mac_pipeline__parameterized3 |       5660 |       5660 |       0 |    0 | 10704 |      0 |      0 |        200 |
|                 post            |   vector_postprocess_shared__parameterized1 |        258 |        253 |       0 |    5 |   562 |      0 |      0 |          4 |
|                   (post)        |   vector_postprocess_shared__parameterized1 |        151 |        146 |       0 |    5 |   395 |      0 |      0 |          0 |
|                   units[0].post |            prelu_requantize__parameterized0 |        107 |        107 |       0 |    0 |   167 |      0 |      0 |          4 |
|               shuffle           |                   pixel_shuffle2x_row_banks |        104 |        104 |       0 |    0 |    46 |      2 |      0 |          0 |
|       u_in                      |                                input_stream |         48 |         48 |       0 |    0 |   206 |      0 |      0 |          0 |
|       u_out                     |                               output_stream |         59 |         59 |       0 |    0 |    51 |      0 |      0 |          0 |
|       u_pp                      |                             pingpong_buffer |        472 |        472 |       0 |    0 |   180 |     60 |      0 |          0 |
|         (u_pp)                  |                             pingpong_buffer |        134 |        134 |       0 |    0 |   170 |      0 |      0 |          0 |
|         u_bank0                 |                               stripe_buffer |        164 |        164 |       0 |    0 |     5 |     30 |      0 |          0 |
|         u_bank1                 |                             stripe_buffer_0 |        181 |        181 |       0 |    0 |     5 |     30 |      0 |          0 |
+---------------------------------+---------------------------------------------+------------+------------+---------+------+-------+--------+--------+------------+
* Note: The sum of lower-level cells may be larger than their parent cells total, due to cross-hierarchy LUT combining


