Copyright 1986-2022 Xilinx, Inc. All Rights Reserved. Copyright 2022-2025 Advanced Micro Devices, Inc. All Rights Reserved.
---------------------------------------------------------------------------------------------------------------------------------------------
| Tool Version : Vivado v.2025.2 (win64) Build 6299465 Fri Nov 14 19:35:11 GMT 2025
| Date         : Sat Sep 26 20:43:15 2026
| Host         : OMENMAX running 64-bit major release  (build 9200)
| Command      : report_clocks -file V://_synth_bc/acc36_realrom_200_member_b_pipeline6_0300926_ascii_ramdecomp/reports/clocks_original.rpt
| Design       : c_synth_top
| Device       : 7a200t-fbg484
| Speed File   : -2  PRODUCTION 1.23 2018-06-13
| Design State : Synthesized
---------------------------------------------------------------------------------------------------------------------------------------------

Clock Report


Attributes
  P: Propagated
  G: Generated
  A: Auto-derived
  R: Renamed
  V: Virtual
  I: Inverted
  S: Pin phase-shifted with Latency mode

Clock         Period(ns)  Waveform(ns)    Attributes  Sources
sys_clk       20.000      {0.000 10.000}  P           {sys_clk}
g_mmcm.clkfb  20.000      {0.000 10.000}  P,G,A       {u_top/g_mmcm.u_mmcm/CLKFBOUT}
u_top_n_1606  5.000       {0.000 2.500}   P,G,A       {u_top/g_mmcm.u_mmcm/CLKOUT0}


====================================================
Generated Clocks
====================================================

Generated Clock     : g_mmcm.clkfb
Master Source       : u_top/g_mmcm.u_mmcm/CLKIN1
Master Clock        : sys_clk
Multiply By         : 1
Generated Sources   : {u_top/g_mmcm.u_mmcm/CLKFBOUT}

Generated Clock     : u_top_n_1606
Master Source       : u_top/g_mmcm.u_mmcm/CLKIN1
Master Clock        : sys_clk
Multiply By         : 4
Generated Sources   : {u_top/g_mmcm.u_mmcm/CLKOUT0}



====================================================
User Uncertainty
====================================================



====================================================
User Jitter
====================================================


