Copyright 1986-2022 Xilinx, Inc. All Rights Reserved. Copyright 2022-2025 Advanced Micro Devices, Inc. All Rights Reserved.
--------------------------------------------------------------------------------------------------------------------------------------------------------------------------
| Tool Version : Vivado v.2025.2 (win64) Build 6299465 Fri Nov 14 19:35:11 GMT 2025
| Date         : Sat Sep 26 21:55:26 2026
| Host         : OMENMAX running 64-bit major release  (build 9200)
| Command      : report_utilization -hierarchical -file V://_synth_bc/acc36_realrom_200_member_b_pipeline6_0300926_ascii_ramdecomp/reports/utilization_postroute_hier.rpt
| Design       : c_synth_top
| Device       : xc7a200tfbg484-2
| Speed File   : -2
| Design State : Routed
--------------------------------------------------------------------------------------------------------------------------------------------------------------------------

Utilization Design Information

Table of Contents
-----------------
1. Utilization by Hierarchy

1. Utilization by Hierarchy
---------------------------

+----------------------------------------------------+---------------------------------------------+------------+------------+---------+------+-------+--------+--------+------------+
|                      Instance                      |                    Module                   | Total LUTs | Logic LUTs | LUTRAMs | SRLs |  FFs  | RAMB36 | RAMB18 | DSP Blocks |
+----------------------------------------------------+---------------------------------------------+------------+------------+---------+------+-------+--------+--------+------------+
| c_synth_top                                        |                                       (top) |      29952 |      23823 |    6104 |   25 | 49729 |    226 |      8 |        396 |
|   (c_synth_top)                                    |                                       (top) |          0 |          0 |       0 |    0 |     0 |      0 |      0 |          0 |
|   u_top                                            |                                       c_top |      29952 |      23823 |    6104 |   25 | 49729 |    226 |      8 |        396 |
|     (u_top)                                        |                                       c_top |         10 |         10 |       0 |    0 |    55 |      0 |      0 |          0 |
|     u_core                                         |                                      c_core |      29943 |      23814 |    6104 |   25 | 49674 |    226 |      8 |        396 |
|       u_rom                                        |                                   input_rom |        159 |        159 |       0 |    0 |    21 |    128 |      0 |          0 |
|       u_b                                          |                                   b_core_if |      29259 |      23130 |    6104 |   25 | 49045 |     38 |      8 |        396 |
|         u_b_core                                   |                                 b_core_real |      29259 |      23130 |    6104 |   25 | 49045 |     38 |      8 |        396 |
|           core                                     |                      fsrcnn_network_mem_top |      29259 |      23130 |    6104 |   25 | 49045 |     38 |      8 |        396 |
|             core                                   |                         fsrcnn_network_core |      29259 |      23130 |    6104 |   25 | 49045 |     38 |      8 |        396 |
|               f12                                  |                elastic_fifo__parameterized0 |        185 |         13 |     172 |    0 |    16 |      0 |      0 |          0 |
|               f23                                  |                elastic_fifo__parameterized1 |        202 |        116 |      86 |    0 |    16 |      0 |      0 |          0 |
|               f34                                  |              elastic_fifo__parameterized1_1 |        100 |         14 |      86 |    0 |    16 |      0 |      0 |          0 |
|               f45                                  |              elastic_fifo__parameterized0_2 |        372 |        200 |     172 |    0 |    16 |      0 |      0 |          0 |
|               l1                                   |                         fsrcnn_stream_layer |       4548 |       4409 |     134 |    5 |  6890 |      0 |      4 |         62 |
|                 gk.frontend                        |                      window_stream_frontend |        241 |        107 |     134 |    0 |   293 |      0 |      4 |          0 |
|                   win                              |                         window_kminus1_bram |         57 |         57 |       0 |    0 |   264 |      0 |      4 |          0 |
|                   fifo                             |                                elastic_fifo |        147 |         13 |     134 |    0 |     7 |      0 |      0 |          0 |
|                 mac                                |                             mac_issue_stage |       2397 |       2397 |       0 |    0 |  3993 |      0 |      0 |         50 |
|                   acc                              |                           phase_accumulator |        499 |        499 |       0 |    0 |  1666 |      0 |      0 |          0 |
|                   issue                            |                           eight_phase_issue |         88 |         88 |       0 |    0 |   204 |      0 |      0 |          0 |
|                   mac                              |                          phase_mac_pipeline |       1811 |       1811 |       0 |    0 |  2123 |      0 |      0 |         50 |
|                 post                               |                 vector_postprocess_shared_8 |       1910 |       1905 |       0 |    5 |  2604 |      0 |      0 |         12 |
|                   (post)                           |                 vector_postprocess_shared_8 |       1128 |       1123 |       0 |    5 |  1700 |      0 |      0 |          0 |
|                   units[0].post                    |                          prelu_requantize_9 |        443 |        443 |       0 |    0 |   449 |      0 |      0 |          6 |
|                   units[1].post                    |                         prelu_requantize_10 |        340 |        340 |       0 |    0 |   455 |      0 |      0 |          6 |
|               l2                                   |         fsrcnn_stream_layer__parameterized0 |       1674 |       1669 |       0 |    5 |  3008 |      0 |      0 |         22 |
|                 mac                                |             mac_issue_stage__parameterized0 |        866 |        866 |       0 |    0 |  1696 |      0 |      0 |         16 |
|                   (mac)                            |             mac_issue_stage__parameterized0 |        300 |        300 |       0 |    0 |     0 |      0 |      0 |          0 |
|                   acc                              |         phase_accumulator__parameterized0_7 |        250 |        250 |       0 |    0 |   834 |      0 |      0 |          0 |
|                   issue                            |           eight_phase_issue__parameterized0 |        111 |        111 |       0 |    0 |   260 |      0 |      0 |          0 |
|                   mac                              |          phase_mac_pipeline__parameterized0 |        214 |        214 |       0 |    0 |   602 |      0 |      0 |         16 |
|                 post                               | vector_postprocess_shared__parameterized0_5 |        808 |        803 |       0 |    5 |  1312 |      0 |      0 |          6 |
|                   (post)                           | vector_postprocess_shared__parameterized0_5 |        496 |        491 |       0 |    5 |   868 |      0 |      0 |          0 |
|                   units[0].post                    |                          prelu_requantize_6 |        312 |        312 |       0 |    0 |   444 |      0 |      0 |          6 |
|               l3                                   |         fsrcnn_stream_layer__parameterized1 |       4796 |       3825 |     966 |    5 |  8689 |      8 |      0 |         78 |
|                 gk.frontend                        |      window_stream_frontend__parameterized0 |       1052 |        260 |     792 |    0 |  1409 |      8 |      0 |          0 |
|                   win                              |         window_kminus1_bram__parameterized0 |        152 |        152 |       0 |    0 |  1344 |      8 |      0 |          0 |
|                   fifo                             |                elastic_fifo__parameterized2 |        858 |         66 |     792 |    0 |    43 |      0 |      0 |          0 |
|                 mac                                |             mac_issue_stage__parameterized1 |       2937 |       2763 |     174 |    0 |  5969 |      0 |      0 |         72 |
|                   acc                              |           phase_accumulator__parameterized0 |        252 |        252 |       0 |    0 |   834 |      0 |      0 |          0 |
|                   g_l5_partial_buffer.partial_fifo |                           mac_partial_fifo2 |        466 |        292 |     174 |    0 |    10 |      0 |      0 |          0 |
|                   issue                            |           eight_phase_issue__parameterized1 |        389 |        389 |       0 |    0 |  1165 |      0 |      0 |          0 |
|                   mac                              |          phase_mac_pipeline__parameterized1 |       1833 |       1833 |       0 |    0 |  3960 |      0 |      0 |         72 |
|                 post                               |   vector_postprocess_shared__parameterized0 |        807 |        802 |       0 |    5 |  1311 |      0 |      0 |          6 |
|                   (post)                           |   vector_postprocess_shared__parameterized0 |        495 |        490 |       0 |    5 |   858 |      0 |      0 |          0 |
|                   units[0].post                    |                          prelu_requantize_4 |        312 |        312 |       0 |    0 |   453 |      0 |      0 |          6 |
|               l4                                   |         fsrcnn_stream_layer__parameterized2 |       3218 |       3213 |       0 |    5 |  4800 |      0 |      0 |         28 |
|                 mac                                |             mac_issue_stage__parameterized2 |       1187 |       1187 |       0 |    0 |  2205 |      0 |      0 |         16 |
|                   (mac)                            |             mac_issue_stage__parameterized2 |        586 |        586 |       0 |    0 |     0 |      0 |      0 |          0 |
|                   acc                              |           phase_accumulator__parameterized2 |        501 |        501 |       0 |    0 |  1666 |      0 |      0 |          0 |
|                   issue                            |           eight_phase_issue__parameterized2 |         79 |         79 |       0 |    0 |   132 |      0 |      0 |          0 |
|                   mac                              |          phase_mac_pipeline__parameterized2 |         37 |         37 |       0 |    0 |   407 |      0 |      0 |         16 |
|                 post                               |                   vector_postprocess_shared |       2031 |       2026 |       0 |    5 |  2595 |      0 |      0 |         12 |
|                   (post)                           |                   vector_postprocess_shared |       1246 |       1241 |       0 |    5 |  1696 |      0 |      0 |          0 |
|                   units[0].post                    |                            prelu_requantize |        444 |        444 |       0 |    0 |   462 |      0 |      0 |          6 |
|                   units[1].post                    |                          prelu_requantize_3 |        352 |        352 |       0 |    0 |   437 |      0 |      0 |          6 |
|               l5                                   |         fsrcnn_stream_layer__parameterized3 |      14066 |       9573 |    4488 |    5 | 25548 |     28 |      4 |        206 |
|                 gk.frontend                        |      window_stream_frontend__parameterized1 |       5838 |       1438 |    4400 |    0 |  7009 |     28 |      4 |          0 |
|                   win                              |         window_kminus1_bram__parameterized1 |       1085 |       1085 |       0 |    0 |  6727 |     28 |      4 |          0 |
|                   fifo                             |                elastic_fifo__parameterized3 |       4708 |        308 |    4400 |    0 |   221 |      0 |      0 |          0 |
|                 mac                                |             mac_issue_stage__parameterized3 |       7854 |       7766 |      88 |    0 | 17755 |      0 |      0 |        200 |
|                   acc                              |           phase_accumulator__parameterized3 |        158 |        158 |       0 |    0 |   418 |      0 |      0 |          0 |
|                   g_l5_partial_buffer.partial_fifo |           mac_partial_fifo2__parameterized0 |        236 |        148 |      88 |    0 |     7 |      0 |      0 |          0 |
|                   issue                            |           eight_phase_issue__parameterized3 |       1928 |       1928 |       0 |    0 |  6626 |      0 |      0 |          0 |
|                   mac                              |          phase_mac_pipeline__parameterized3 |       5532 |       5532 |       0 |    0 | 10704 |      0 |      0 |        200 |
|                 post                               |   vector_postprocess_shared__parameterized1 |        374 |        369 |       0 |    5 |   784 |      0 |      0 |          6 |
|                   (post)                           |   vector_postprocess_shared__parameterized1 |        153 |        148 |       0 |    5 |   395 |      0 |      0 |          0 |
|                   units[0].post                    |            prelu_requantize__parameterized0 |        221 |        221 |       0 |    0 |   389 |      0 |      0 |          6 |
|               shuffle                              |                   pixel_shuffle2x_row_banks |        101 |        101 |       0 |    0 |    46 |      2 |      0 |          0 |
|       u_in                                         |                                input_stream |         52 |         52 |       0 |    0 |   226 |      0 |      0 |          0 |
|       u_out                                        |                               output_stream |         62 |         62 |       0 |    0 |    51 |      0 |      0 |          0 |
|       u_pp                                         |                             pingpong_buffer |        371 |        371 |       0 |    0 |   230 |     60 |      0 |          0 |
|         (u_pp)                                     |                             pingpong_buffer |         72 |         72 |       0 |    0 |    58 |      0 |      0 |          0 |
|         u_bank0                                    |                               stripe_buffer |        155 |        155 |       0 |    0 |   130 |     30 |      0 |          0 |
|           (u_bank0)                                |                               stripe_buffer |        134 |        134 |       0 |    0 |   130 |      0 |      0 |          0 |
|         u_bank1                                    |                             stripe_buffer_0 |        145 |        145 |       0 |    0 |    42 |     30 |      0 |          0 |
|           (u_bank1)                                |                             stripe_buffer_0 |        127 |        127 |       0 |    0 |    42 |      0 |      0 |          0 |
+----------------------------------------------------+---------------------------------------------+------------+------------+---------+------+-------+--------+--------+------------+
* Note: The sum of lower-level cells may be larger than their parent cells total, due to cross-hierarchy LUT combining


