#-----------------------------------------------------------
# Vivado v2025.2 (64-bit)
# SW Build 6299465 on Fri Nov 14 19:35:11 GMT 2025
# IP Build 6300035 on Fri Nov 14 10:48:45 MST 2025
# SharedData Build 6298862 on Thu Nov 13 04:50:51 MST 2025
# Start of session at: Sat Oct  3 20:38:23 2026
# Process ID         : 9716
# Current directory  : V:/
# Command line       : vivado.exe -mode batch -source experiments/timing_200_20261003/diagnose_fifo_capacity.tcl -log _synth_bc/postroute200_v1_pad_flags030_20261003_try1/diagnose_final.log -journal _synth_bc/postroute200_v1_pad_flags030_20261003_try1/diagnose_final.jou -tclargs V:/_synth_bc/postroute200_v1_pad_flags030_20261003_try1/postroute.dcp V:/_synth_bc/postroute200_v1_pad_flags030_20261003_try1/diagnose_final
# Log file           : V:/_synth_bc/postroute200_v1_pad_flags030_20261003_try1/diagnose_final.log
# Journal file       : V:/_synth_bc/postroute200_v1_pad_flags030_20261003_try1/diagnose_final.jou
# Running On         : OMENMAX
# Platform           : Windows Server 2016 or Windows 10
# Operating System   : 26200
# Processor Detail   : Intel(R) Core(TM) Ultra 9 275HX
# CPU Frequency      : 3072 MHz
# CPU Physical cores : 24
# CPU Logical cores  : 24
# Host memory        : 33737 MB
# Swap memory        : 34359 MB
# Total Virtual      : 68097 MB
# Available Virtual  : 46039 MB
#-----------------------------------------------------------
source experiments/timing_200_20261003/diagnose_fifo_capacity.tcl
# set here [file normalize [file dirname [info script]]]
# source "$here/diagnose.tcl"
## if {[llength $argv] != 2} {error "Expected DCP and NEW diagnostic directory"}
## set input_dcp [file normalize [lindex $argv 0]]
## set output_dir [file normalize [lindex $argv 1]]
## if {[file exists $output_dir]} {error "Refuse to overwrite diagnostic evidence"}
## file mkdir $output_dir
## set_param general.maxThreads 2
## open_checkpoint $input_dcp
Command: open_checkpoint V:/_synth_bc/postroute200_v1_pad_flags030_20261003_try1/postroute.dcp

Starting open_checkpoint Task

Time (s): cpu = 00:00:00 ; elapsed = 00:00:00.027 . Memory (MB): peak = 321.430 ; gain = 5.234
INFO: [Device 21-403] Loading part xc7a200tfbg484-2
Netlist sorting complete. Time (s): cpu = 00:00:00 ; elapsed = 00:00:00.654 . Memory (MB): peak = 940.621 ; gain = 0.000
INFO: [Netlist 29-17] Analyzing 6398 Unisim elements for replacement
INFO: [Netlist 29-28] Unisim Transformation completed in 2 CPU seconds
INFO: [Project 1-479] Netlist was created with Vivado 2025.2
INFO: [Project 1-570] Preparing netlist for logic optimization
Read ShapeDB Complete: Time (s): cpu = 00:00:00 ; elapsed = 00:00:00.128 . Memory (MB): peak = 1131.211 ; gain = 15.953
INFO: [Timing 38-478] Restoring timing data from binary archive.
INFO: [Timing 38-479] Binary timing data restore complete.
INFO: [Project 1-856] Restoring constraints from binary archive.
INFO: [Project 1-853] Binary constraint restore complete.
INFO: [Designutils 20-5722] Start Reading Physical Databases.
Reading placement.
Read Netlist Cache: Time (s): cpu = 00:00:00 ; elapsed = 00:00:00.062 . Memory (MB): peak = 1920.293 ; gain = 0.000
Reading placer database...
Read Device Cache: Time (s): cpu = 00:00:00 ; elapsed = 00:00:00.010 . Memory (MB): peak = 1920.293 ; gain = 0.000
Read PlaceDB: Time (s): cpu = 00:00:00 ; elapsed = 00:00:00 . Memory (MB): peak = 1920.293 ; gain = 0.000
Read placeStorage: Time (s): cpu = 00:00:01 ; elapsed = 00:00:01 . Memory (MB): peak = 1934.898 ; gain = 14.605
Read PulsedLatchDB: Time (s): cpu = 00:00:00 ; elapsed = 00:00:00 . Memory (MB): peak = 1934.898 ; gain = 0.000
Reading routing.
Read RouteStorage: Time (s): cpu = 00:00:01 ; elapsed = 00:00:00.617 . Memory (MB): peak = 1981.539 ; gain = 46.641
Read Physdb Files: Time (s): cpu = 00:00:02 ; elapsed = 00:00:02 . Memory (MB): peak = 1981.539 ; gain = 61.246
Restored from archive | CPU: 2.000000 secs | Memory: 0.000000 MB |
Finished XDEF File Restore: Time (s): cpu = 00:00:02 ; elapsed = 00:00:02 . Memory (MB): peak = 1981.539 ; gain = 61.246
Netlist sorting complete. Time (s): cpu = 00:00:00 ; elapsed = 00:00:00.022 . Memory (MB): peak = 2069.402 ; gain = 0.000
INFO: [Project 1-111] Unisim Transformation Summary:
  A total of 1487 instances were transformed.
  RAM32M => RAM32M (RAMD32(x6), RAMS32(x2)): 1481 instances
  RAM32X1D => RAM32X1D (RAMD32(x2)): 6 instances

INFO: [Project 1-604] Checkpoint was created with Vivado v2025.2 (64-bit) build 6299465
open_checkpoint: Time (s): cpu = 00:00:24 ; elapsed = 00:00:23 . Memory (MB): peak = 2075.098 ; gain = 1768.059
## if {[get_property PART [current_design]] ne "xc7a200tfbg484-2"} {error "Unexpected part"}
## update_timing
update_timing: Time (s): cpu = 00:00:27 ; elapsed = 00:00:14 . Memory (MB): peak = 2234.453 ; gain = 159.355
## set clk [get_clocks -of_objects [get_pins {u_top/g_mmcm.u_mmcm/CLKOUT0}]]
## if {[llength $clk]!=1 || abs([get_property PERIOD $clk]-5.000)>0.000001} {error "Expected 200 MHz"}
## report_timing_summary -delay_type min_max -max_paths 20 -file "$output_dir/timing_summary.rpt"
INFO: [Timing 38-91] UpdateTimingParams: Speed grade: -2, Delay Type: min_max.
INFO: [Timing 38-191] Multithreading enabled for timing update using a maximum of 2 CPUs
## report_timing -delay_type max -max_paths 100 -nworst 1 -file "$output_dir/setup_paths.rpt"
INFO: [Timing 38-91] UpdateTimingParams: Speed grade: -2, Delay Type: max.
INFO: [Timing 38-191] Multithreading enabled for timing update using a maximum of 2 CPUs
INFO: [Timing 38-78] ReportTimingParams: -max_paths 100 -nworst 1 -delay_type max -sort_by slack.
## report_route_status -file "$output_dir/route_status.rpt"
## report_clocks -file "$output_dir/clocks.rpt"
## write_xdc "$output_dir/constraints.xdc"
## set failing [get_timing_paths -delay_type max -slack_lesser_than 0 -max_paths 100000 -nworst 1]
## set f [open "$output_dir/failing_endpoints.tsv" w]
## puts $f "slack_ns\tstartpoint\tendpoint"
## foreach path $failing {
##     puts $f "[get_property SLACK $path]\t[get_property STARTPOINT_PIN $path]\t[get_property ENDPOINT_PIN $path]"
## }
## close $f
## set critical [get_timing_paths -delay_type max -max_paths 500 -nworst 1]
## set f [open "$output_dir/critical_500.tsv" w]
## puts $f "slack_ns\tstartpoint\tendpoint"
## foreach path $critical {
##     puts $f "[get_property SLACK $path]\t[get_property STARTPOINT_PIN $path]\t[get_property ENDPOINT_PIN $path]"
## }
## close $f
## puts "MEMBER_B_DIAGNOSIS_COMPLETE failing_endpoints=[llength $failing]"
MEMBER_B_DIAGNOSIS_COMPLETE failing_endpoints=132
# set mac_valid_regs [get_cells -hierarchical -filter {NAME =~ *l5/mac/mac/*valid_q_reg* && IS_PRIMITIVE}]
# set window_we_pins [get_pins -hierarchical -filter {NAME =~ *l5/gk.frontend/fifo*/WE}]
# if {[llength $mac_valid_regs]==0 || [llength $window_we_pins]==0} {
#     error "Cannot identify the actual L5 MAC-valid and window-FIFO write-enable objects"
# }
WARNING: [Vivado 12-975] No timing paths matched 'get_timing_paths -from [get_cells -hierarchical -filter {NAME =~ *l5/mac/mac/*valid_q_reg* && IS_PRIMITIVE}] -to [get_pins -hierarchical -filter {NAME =~ *l5/gk.frontend/fifo*/WE}] -delay_type max -max_paths 1'.
# set crossing [get_timing_paths -from $mac_valid_regs -to $window_we_pins -delay_type max -max_paths 1]
# set f [open "$output_dir/targeted_cone_check.txt" w]
# puts $f "mac_valid_registers=[llength $mac_valid_regs]"
# puts $f "fifo_we_pins=[llength $window_we_pins]"
# puts $f "combinational_timed_paths=[llength $crossing]"
# puts $f "boundary=Only direct timed combinational paths; this is not formal functional equivalence."
# close $f
# if {[llength $crossing]!=0} {
#     report_timing -from $mac_valid_regs -to $window_we_pins -delay_type max -max_paths 20 \
#         -file "$output_dir/unexpected_ready_cone.rpt"
#     error "Targeted MAC-valid to FIFO-WE combinational cone remains"
# }
# puts "L5_MAC_VALID_TO_WINDOW_FIFO_WE_TIMED_CONE_REMOVED"
L5_MAC_VALID_TO_WINDOW_FIFO_WE_TIMED_CONE_REMOVED
INFO: [Common 17-206] Exiting Vivado at Sat Oct  3 20:39:14 2026...
