

================================================================
== Vitis HLS Report for 'postprocess_stream_top'
================================================================
* Date:           Sun Sep 20 20:00:35 2026

* Version:        2025.2 (Build 6295257 on Nov 12 2025)
* Project:        work
* Solution:       solution1 (Vivado IP Flow Target)
* Product family: zynq
* Target device:  xc7z020-clg400-1


================================================================
== Performance Estimates
================================================================
+ Timing: 
    * Summary: 
    +--------+----------+----------+------------+
    |  Clock |  Target  | Estimated| Uncertainty|
    +--------+----------+----------+------------+
    |ap_clk  |  10.00 ns|  6.978 ns|     2.70 ns|
    +--------+----------+----------+------------+

+ Latency: 
    * Summary: 
    +---------+---------+----------+-----------+-----+---------+---------+
    |  Latency (cycles) |  Latency (absolute)  |    Interval   | Pipeline|
    |   min   |   max   |    min   |    max    | min |   max   |   Type  |
    +---------+---------+----------+-----------+-----+---------+---------+
    |       34|  3686433|  0.340 us|  36.864 ms|   35|  3686434|       no|
    +---------+---------+----------+-----------+-----+---------+---------+

    + Detail: 
        * Instance: 
        +-----------------------------------------------------------------------+------------------------------------------------------------+---------+---------+----------+-----------+-----+-----+-------------------+
        |                                                                       |                                                            |  Latency (cycles) |  Latency (absolute)  |  Interval |      Pipeline     |
        |                                Instance                               |                           Module                           |   min   |   max   |    min   |    max    | min | max |        Type       |
        +-----------------------------------------------------------------------+------------------------------------------------------------+---------+---------+----------+-----------+-----+-----+-------------------+
        |grp_postprocess_stream_top_Pipeline_position_loop_channel_loop_fu_116  |postprocess_stream_top_Pipeline_position_loop_channel_loop  |       29|  3686428|  0.290 us|  36.864 ms|    0|    0|  loop pipeline stp|
        +-----------------------------------------------------------------------+------------------------------------------------------------+---------+---------+----------+-----------+-----+-----+-------------------+

        * Loop: 
        N/A



================================================================
== Utilization Estimates
================================================================
* Summary: 
+-----------------+---------+-----+--------+-------+-----+
|       Name      | BRAM_18K| DSP |   FF   |  LUT  | URAM|
+-----------------+---------+-----+--------+-------+-----+
|DSP              |        -|    -|       -|      -|    -|
|Expression       |        -|    -|       0|     15|    -|
|FIFO             |        -|    -|       -|      -|    -|
|Instance         |        0|   20|    4447|   5041|    -|
|Memory           |        -|    -|       -|      -|    -|
|Multiplexer      |        -|    -|       0|     55|    -|
|Register         |        -|    -|      96|      -|    -|
+-----------------+---------+-----+--------+-------+-----+
|Total            |        0|   20|    4543|   5111|    0|
+-----------------+---------+-----+--------+-------+-----+
|Available        |      280|  220|  106400|  53200|    0|
+-----------------+---------+-----+--------+-------+-----+
|Utilization (%)  |        0|    9|       4|      9|    0|
+-----------------+---------+-----+--------+-------+-----+

+ Detail: 
    * Instance: 
    +-----------------------------------------------------------------------+------------------------------------------------------------+---------+----+------+------+-----+
    |                                Instance                               |                           Module                           | BRAM_18K| DSP|  FF  |  LUT | URAM|
    +-----------------------------------------------------------------------+------------------------------------------------------------+---------+----+------+------+-----+
    |control_s_axi_U                                                        |control_s_axi                                               |        0|   0|   114|   124|    0|
    |mul_32ns_5ns_37_2_1_U28                                                |mul_32ns_5ns_37_2_1                                         |        0|   2|   165|    50|    0|
    |grp_postprocess_stream_top_Pipeline_position_loop_channel_loop_fu_116  |postprocess_stream_top_Pipeline_position_loop_channel_loop  |        0|  18|  4168|  4867|    0|
    +-----------------------------------------------------------------------+------------------------------------------------------------+---------+----+------+------+-----+
    |Total                                                                  |                                                            |        0|  20|  4447|  5041|    0|
    +-----------------------------------------------------------------------+------------------------------------------------------------+---------+----+------+------+-----+

    * DSP: 
    N/A

    * Memory: 
    N/A

    * FIFO: 
    N/A

    * Expression: 
    +---------------------------------------------------------------------------------------------+----------+----+---+----+------------+------------+
    |                                        Variable Name                                        | Operation| DSP| FF| LUT| Bitwidth P0| Bitwidth P1|
    +---------------------------------------------------------------------------------------------+----------+----+---+----+------------+------------+
    |grp_postprocess_stream_top_Pipeline_position_loop_channel_loop_fu_116_activation_out_TREADY  |       and|   0|  0|   2|           1|           1|
    |icmp_ln12_fu_154_p2                                                                          |      icmp|   0|  0|  11|           2|           3|
    |xor_ln98_fu_160_p2                                                                           |       xor|   0|  0|   2|           1|           2|
    +---------------------------------------------------------------------------------------------+----------+----+---+----+------------+------------+
    |Total                                                                                        |          |   0|  0|  15|           4|           6|
    +---------------------------------------------------------------------------------------------+----------+----+---+----+------------+------------+

    * Multiplexer: 
    +-----------------------------------+----+-----------+-----+-----------+
    |                Name               | LUT| Input Size| Bits| Total Bits|
    +-----------------------------------+----+-----------+-----+-----------+
    |acc_in_TREADY_int_regslice         |   9|          2|    1|          2|
    |activation_out_TDATA_int_regslice  |   9|          2|    8|         16|
    |ap_NS_fsm                          |  37|          7|    1|          7|
    +-----------------------------------+----+-----------+-----+-----------+
    |Total                              |  55|         11|   10|         25|
    +-----------------------------------+----+-----------+-----+-----------+

    * Register: 
    +------------------------------------------------------------------------------------+----+----+-----+-----------+
    |                                        Name                                        | FF | LUT| Bits| Const Bits|
    +------------------------------------------------------------------------------------+----+----+-----+-----------+
    |activation_out_TDATA_reg                                                            |   8|   0|    8|          0|
    |ap_CS_fsm                                                                           |   6|   0|    6|          0|
    |enable_prelu_read_reg_177                                                           |   1|   0|    1|          0|
    |enable_saturation_read_reg_166                                                      |   1|   0|    1|          0|
    |grp_postprocess_stream_top_Pipeline_position_loop_channel_loop_fu_116_ap_start_reg  |   1|   0|    1|          0|
    |icmp_ln12_reg_214                                                                   |   1|   0|    1|          0|
    |mul_ln51_reg_209                                                                    |  37|   0|   37|          0|
    |output_channels_read_reg_188                                                        |   5|   0|    5|          0|
    |prelu_before_requant_read_reg_171                                                   |   1|   0|    1|          0|
    |rounding_mode_read_reg_182                                                          |   2|   0|    2|          0|
    |spatial_positions_read_reg_194                                                      |  32|   0|   32|          0|
    |xor_ln98_reg_219                                                                    |   1|   0|    1|          0|
    +------------------------------------------------------------------------------------+----+----+-----+-----------+
    |Total                                                                               |  96|   0|   96|          0|
    +------------------------------------------------------------------------------------+----+----+-----+-----------+



================================================================
== Interface
================================================================
* Summary: 
+-----------------------------+-----+-----+------------+------------------------+--------------+
|          RTL Ports          | Dir | Bits|  Protocol  |      Source Object     |    C Type    |
+-----------------------------+-----+-----+------------+------------------------+--------------+
|s_axi_control_AWVALID        |   in|    1|       s_axi|                 control|        scalar|
|s_axi_control_AWREADY        |  out|    1|       s_axi|                 control|        scalar|
|s_axi_control_AWADDR         |   in|    6|       s_axi|                 control|        scalar|
|s_axi_control_WVALID         |   in|    1|       s_axi|                 control|        scalar|
|s_axi_control_WREADY         |  out|    1|       s_axi|                 control|        scalar|
|s_axi_control_WDATA          |   in|   32|       s_axi|                 control|        scalar|
|s_axi_control_WSTRB          |   in|    4|       s_axi|                 control|        scalar|
|s_axi_control_ARVALID        |   in|    1|       s_axi|                 control|        scalar|
|s_axi_control_ARREADY        |  out|    1|       s_axi|                 control|        scalar|
|s_axi_control_ARADDR         |   in|    6|       s_axi|                 control|        scalar|
|s_axi_control_RVALID         |  out|    1|       s_axi|                 control|        scalar|
|s_axi_control_RREADY         |   in|    1|       s_axi|                 control|        scalar|
|s_axi_control_RDATA          |  out|   32|       s_axi|                 control|        scalar|
|s_axi_control_RRESP          |  out|    2|       s_axi|                 control|        scalar|
|s_axi_control_BVALID         |  out|    1|       s_axi|                 control|        scalar|
|s_axi_control_BREADY         |   in|    1|       s_axi|                 control|        scalar|
|s_axi_control_BRESP          |  out|    2|       s_axi|                 control|        scalar|
|ap_clk                       |   in|    1|  ap_ctrl_hs|  postprocess_stream_top|  return value|
|ap_rst_n                     |   in|    1|  ap_ctrl_hs|  postprocess_stream_top|  return value|
|interrupt                    |  out|    1|  ap_ctrl_hs|  postprocess_stream_top|  return value|
|acc_in_TDATA                 |   in|   32|        axis|                  acc_in|       pointer|
|acc_in_TVALID                |   in|    1|        axis|                  acc_in|       pointer|
|acc_in_TREADY                |  out|    1|        axis|                  acc_in|       pointer|
|activation_out_TDATA         |  out|    8|        axis|          activation_out|       pointer|
|activation_out_TVALID        |  out|    1|        axis|          activation_out|       pointer|
|activation_out_TREADY        |   in|    1|        axis|          activation_out|       pointer|
|requant_multiplier_address0  |  out|    4|   ap_memory|      requant_multiplier|         array|
|requant_multiplier_ce0       |  out|    1|   ap_memory|      requant_multiplier|         array|
|requant_multiplier_q0        |   in|   32|   ap_memory|      requant_multiplier|         array|
|requant_shift_address0       |  out|    4|   ap_memory|           requant_shift|         array|
|requant_shift_ce0            |  out|    1|   ap_memory|           requant_shift|         array|
|requant_shift_q0             |   in|    6|   ap_memory|           requant_shift|         array|
|output_zero_point_address0   |  out|    4|   ap_memory|       output_zero_point|         array|
|output_zero_point_ce0        |  out|    1|   ap_memory|       output_zero_point|         array|
|output_zero_point_q0         |   in|   16|   ap_memory|       output_zero_point|         array|
|prelu_multiplier_address0    |  out|    4|   ap_memory|        prelu_multiplier|         array|
|prelu_multiplier_ce0         |  out|    1|   ap_memory|        prelu_multiplier|         array|
|prelu_multiplier_q0          |   in|   32|   ap_memory|        prelu_multiplier|         array|
|prelu_shift_address0         |  out|    4|   ap_memory|             prelu_shift|         array|
|prelu_shift_ce0              |  out|    1|   ap_memory|             prelu_shift|         array|
|prelu_shift_q0               |   in|    6|   ap_memory|             prelu_shift|         array|
+-----------------------------+-----+-----+------------+------------------------+--------------+

