Copyright 1986-2022 Xilinx, Inc. All Rights Reserved.
--------------------------------------------------------------------------------------------------------------------------------------------------------------
| Tool Version : Vivado v.2022.2 (win64) Build 3671981 Fri Oct 14 05:00:03 MDT 2022
| Date         : Thu Sep 24 12:57:00 2026
| Host         : <LOCAL_HOST> running 64-bit major release  (build 9200)
| Command      : report_utilization -hierarchical -file <REPO_ROOT>/_synth_bc/acc36_trial/reports/utilization_synth_hier.rpt
| Design       : c_synth_top
| Device       : xc7a200tfbg484-2
| Speed File   : -2
| Design State : Synthesized
--------------------------------------------------------------------------------------------------------------------------------------------------------------

Utilization Design Information

Table of Contents
-----------------
1. Utilization by Hierarchy

1. Utilization by Hierarchy
---------------------------

+----------------------------------------+---------------------------------------------+------------+------------+---------+------+-------+--------+--------+------------+
|                Instance                |                    Module                   | Total LUTs | Logic LUTs | LUTRAMs | SRLs |  FFs  | RAMB36 | RAMB18 | DSP Blocks |
+----------------------------------------+---------------------------------------------+------------+------------+---------+------+-------+--------+--------+------------+
| c_synth_top                            |                                       (top) |      29644 |      23771 |    5848 |   25 | 48358 |    174 |      8 |        394 |
|   (c_synth_top)                        |                                       (top) |         54 |         54 |       0 |    0 |     0 |      0 |      0 |          0 |
|   u_top                                |                                       c_top |      29596 |      23723 |    5848 |   25 | 48358 |    174 |      8 |        394 |
|     (u_top)                            |                                       c_top |         11 |         11 |       0 |    0 |    55 |      0 |      0 |          0 |
|     u_core                             |                                      c_core |      29585 |      23712 |    5848 |   25 | 48303 |    174 |      8 |        394 |
|       (u_core)                         |                                      c_core |          0 |          0 |       0 |    0 |    31 |      0 |      0 |          0 |
|       u_b                              |                                   b_core_if |      29141 |      23268 |    5848 |   25 | 47800 |     38 |      8 |        394 |
|         u_b_core                       |                                 b_core_real |      29141 |      23268 |    5848 |   25 | 47800 |     38 |      8 |        394 |
|           core                         |                      fsrcnn_network_mem_top |      29141 |      23268 |    5848 |   25 | 47800 |     38 |      8 |        394 |
|             core                       |                         fsrcnn_network_core |      29141 |      23268 |    5848 |   25 | 47800 |     38 |      8 |        394 |
|               f12                      |                elastic_fifo__parameterized0 |        187 |         15 |     172 |    0 |    16 |      0 |      0 |          0 |
|               f23                      |                elastic_fifo__parameterized1 |        231 |        143 |      88 |    0 |    16 |      0 |      0 |          0 |
|               f34                      |              elastic_fifo__parameterized1_1 |        103 |         15 |      88 |    0 |    16 |      0 |      0 |          0 |
|               f45                      |              elastic_fifo__parameterized0_2 |        443 |        271 |     172 |    0 |    16 |      0 |      0 |          0 |
|               l1                       |                         fsrcnn_stream_layer |       4678 |       4537 |     136 |    5 |  6646 |      0 |      4 |         62 |
|                 gk.frontend            |                      window_stream_frontend |        252 |        116 |     136 |    0 |   293 |      0 |      4 |          0 |
|                   (gk.frontend)        |                      window_stream_frontend |         18 |         18 |       0 |    0 |     1 |      0 |      0 |          0 |
|                   fifo                 |                                elastic_fifo |        147 |         11 |     136 |    0 |     7 |      0 |      0 |          0 |
|                   pad                  |                             same_pad_raster |         31 |         31 |       0 |    0 |    21 |      0 |      0 |          0 |
|                   win                  |                         window_kminus1_bram |         56 |         56 |       0 |    0 |   264 |      0 |      4 |          0 |
|                 mac                    |                             mac_issue_stage |       2842 |       2842 |       0 |    0 |  3993 |      0 |      0 |         50 |
|                   (mac)                |                             mac_issue_stage |        778 |        778 |       0 |    0 |     0 |      0 |      0 |          0 |
|                   acc                  |                           phase_accumulator |        867 |        867 |       0 |    0 |  1666 |      0 |      0 |          0 |
|                   issue                |                           eight_phase_issue |          1 |          1 |       0 |    0 |   204 |      0 |      0 |          0 |
|                   mac                  |                          phase_mac_pipeline |       1250 |       1250 |       0 |    0 |  2123 |      0 |      0 |         50 |
|                 post                   |                 vector_postprocess_shared_7 |       1584 |       1579 |       0 |    5 |  2360 |      0 |      0 |         12 |
|                   (post)               |                 vector_postprocess_shared_7 |        378 |        373 |       0 |    5 |  1705 |      0 |      0 |          0 |
|                   units[0].post        |                          prelu_requantize_8 |        626 |        626 |       0 |    0 |   332 |      0 |      0 |          6 |
|                   units[1].post        |                          prelu_requantize_9 |        580 |        580 |       0 |    0 |   323 |      0 |      0 |          6 |
|               l2                       |         fsrcnn_stream_layer__parameterized0 |       1802 |       1797 |       0 |    5 |  2879 |      0 |      0 |         22 |
|                 mac                    |             mac_issue_stage__parameterized0 |       1100 |       1100 |       0 |    0 |  1696 |      0 |      0 |         16 |
|                   (mac)                |             mac_issue_stage__parameterized0 |        518 |        518 |       0 |    0 |     0 |      0 |      0 |          0 |
|                   acc                  |           phase_accumulator__parameterized0 |        295 |        295 |       0 |    0 |   834 |      0 |      0 |          0 |
|                   issue                |           eight_phase_issue__parameterized0 |        110 |        110 |       0 |    0 |   260 |      0 |      0 |          0 |
|                   mac                  |          phase_mac_pipeline__parameterized0 |        217 |        217 |       0 |    0 |   602 |      0 |      0 |         16 |
|                 post                   | vector_postprocess_shared__parameterized0_5 |        702 |        697 |       0 |    5 |  1183 |      0 |      0 |          6 |
|                   (post)               | vector_postprocess_shared__parameterized0_5 |        172 |        167 |       0 |    5 |   859 |      0 |      0 |          0 |
|                   units[0].post        |                          prelu_requantize_6 |        530 |        530 |       0 |    0 |   324 |      0 |      0 |          6 |
|               l3                       |         fsrcnn_stream_layer__parameterized1 |       4667 |       3870 |     792 |    5 |  8537 |      8 |      0 |         78 |
|                 gk.frontend            |      window_stream_frontend__parameterized0 |       1043 |        251 |     792 |    0 |  1401 |      8 |      0 |          0 |
|                   (gk.frontend)        |      window_stream_frontend__parameterized0 |         12 |         12 |       0 |    0 |     1 |      0 |      0 |          0 |
|                   fifo                 |                elastic_fifo__parameterized2 |        850 |         58 |     792 |    0 |    43 |      0 |      0 |          0 |
|                   pad                  |             same_pad_raster__parameterized0 |         31 |         31 |       0 |    0 |    21 |      0 |      0 |          0 |
|                   win                  |         window_kminus1_bram__parameterized0 |        150 |        150 |       0 |    0 |  1336 |      8 |      0 |          0 |
|                 mac                    |             mac_issue_stage__parameterized1 |       2929 |       2929 |       0 |    0 |  5959 |      0 |      0 |         72 |
|                   (mac)                |             mac_issue_stage__parameterized1 |        468 |        468 |       0 |    0 |     0 |      0 |      0 |          0 |
|                   acc                  |           phase_accumulator__parameterized1 |        315 |        315 |       0 |    0 |   834 |      0 |      0 |          0 |
|                   issue                |           eight_phase_issue__parameterized1 |        390 |        390 |       0 |    0 |  1165 |      0 |      0 |          0 |
|                   mac                  |          phase_mac_pipeline__parameterized1 |       1811 |       1811 |       0 |    0 |  3960 |      0 |      0 |         72 |
|                 post                   |   vector_postprocess_shared__parameterized0 |        695 |        690 |       0 |    5 |  1177 |      0 |      0 |          6 |
|                   (post)               |   vector_postprocess_shared__parameterized0 |        172 |        167 |       0 |    5 |   857 |      0 |      0 |          0 |
|                   units[0].post        |                          prelu_requantize_4 |        523 |        523 |       0 |    0 |   320 |      0 |      0 |          6 |
|               l4                       |         fsrcnn_stream_layer__parameterized2 |       3039 |       3034 |       0 |    5 |  4523 |      0 |      0 |         28 |
|                 mac                    |             mac_issue_stage__parameterized2 |       1519 |       1519 |       0 |    0 |  2205 |      0 |      0 |         16 |
|                   (mac)                |             mac_issue_stage__parameterized2 |        806 |        806 |       0 |    0 |     0 |      0 |      0 |          0 |
|                   acc                  |           phase_accumulator__parameterized2 |        744 |        744 |       0 |    0 |  1666 |      0 |      0 |          0 |
|                   issue                |           eight_phase_issue__parameterized2 |          4 |          4 |       0 |    0 |   132 |      0 |      0 |          0 |
|                   mac                  |          phase_mac_pipeline__parameterized2 |         39 |         39 |       0 |    0 |   407 |      0 |      0 |         16 |
|                 post                   |                   vector_postprocess_shared |       1520 |       1515 |       0 |    5 |  2318 |      0 |      0 |         12 |
|                   (post)               |                   vector_postprocess_shared |        325 |        320 |       0 |    5 |  1685 |      0 |      0 |          0 |
|                   units[0].post        |                            prelu_requantize |        626 |        626 |       0 |    0 |   320 |      0 |      0 |          6 |
|                   units[1].post        |                          prelu_requantize_3 |        569 |        569 |       0 |    0 |   313 |      0 |      0 |          6 |
|               l5                       |         fsrcnn_stream_layer__parameterized3 |      13891 |       9486 |    4400 |    5 | 25105 |     28 |      4 |        204 |
|                 gk.frontend            |      window_stream_frontend__parameterized1 |       5822 |       1422 |    4400 |    0 |  6971 |     28 |      4 |          0 |
|                   (gk.frontend)        |      window_stream_frontend__parameterized1 |          0 |          0 |       0 |    0 |     2 |      0 |      0 |          0 |
|                   fifo                 |                elastic_fifo__parameterized3 |       4724 |        324 |    4400 |    0 |   221 |      0 |      0 |          0 |
|                   pad                  |             same_pad_raster__parameterized1 |         36 |         36 |       0 |    0 |    21 |      0 |      0 |          0 |
|                   win                  |         window_kminus1_bram__parameterized1 |       1062 |       1062 |       0 |    0 |  6727 |     28 |      4 |          0 |
|                 mac                    |             mac_issue_stage__parameterized3 |       7794 |       7794 |       0 |    0 | 17572 |      0 |      0 |        200 |
|                   acc                  |           phase_accumulator__parameterized3 |        200 |        200 |       0 |    0 |   418 |      0 |      0 |          0 |
|                   issue                |           eight_phase_issue__parameterized3 |       1931 |       1931 |       0 |    0 |  6450 |      0 |      0 |          0 |
|                   mac                  |          phase_mac_pipeline__parameterized3 |       5663 |       5663 |       0 |    0 | 10704 |      0 |      0 |        200 |
|                 post                   |   vector_postprocess_shared__parameterized1 |        275 |        270 |       0 |    5 |   562 |      0 |      0 |          4 |
|                   (post)               |   vector_postprocess_shared__parameterized1 |        169 |        164 |       0 |    5 |   395 |      0 |      0 |          0 |
|                   units[0].post        |            prelu_requantize__parameterized0 |        106 |        106 |       0 |    0 |   167 |      0 |      0 |          4 |
|               shuffle                  |                   pixel_shuffle2x_row_banks |        100 |        100 |       0 |    0 |    46 |      2 |      0 |          0 |
|       u_ctrl                           |                                      c_ctrl |         13 |         13 |       0 |    0 |     8 |      0 |      0 |          0 |
|       u_in                             |                                input_stream |         52 |         52 |       0 |    0 |   159 |      0 |      0 |          0 |
|       u_out                            |                               output_stream |         59 |         59 |       0 |    0 |    51 |      0 |      0 |          0 |
|       u_pp                             |                             pingpong_buffer |        261 |        261 |       0 |    0 |   190 |     64 |      0 |          0 |
|         (u_pp)                         |                             pingpong_buffer |        169 |        169 |       0 |    0 |   188 |      0 |      0 |          0 |
|         u_bank0                        |                               stripe_buffer |         46 |         46 |       0 |    0 |     1 |     32 |      0 |          0 |
|         u_bank1                        |                             stripe_buffer_0 |         46 |         46 |       0 |    0 |     1 |     32 |      0 |          0 |
|       u_rb                             |                               readback_ctrl |          9 |          9 |       0 |    0 |    37 |      0 |      0 |          0 |
|       u_rom                            |                                   input_rom |         32 |         32 |       0 |    0 |     4 |     72 |      0 |          0 |
|         (u_rom)                        |                                   input_rom |         32 |         32 |       0 |    0 |     4 |      0 |      0 |          0 |
|         g_multi_bank.g_bank[0].u_bank  |                              input_rom_bank |          0 |          0 |       0 |    0 |     0 |      8 |      0 |          0 |
|         g_multi_bank.g_bank[10].u_bank |              input_rom_bank__parameterized9 |          0 |          0 |       0 |    0 |     0 |      6 |      0 |          0 |
|         g_multi_bank.g_bank[12].u_bank |             input_rom_bank__parameterized11 |          0 |          0 |       0 |    0 |     0 |      8 |      0 |          0 |
|         g_multi_bank.g_bank[13].u_bank |             input_rom_bank__parameterized12 |          0 |          0 |       0 |    0 |     0 |      2 |      0 |          0 |
|         g_multi_bank.g_bank[14].u_bank |             input_rom_bank__parameterized13 |          0 |          0 |       0 |    0 |     0 |      6 |      0 |          0 |
|         g_multi_bank.g_bank[15].u_bank |             input_rom_bank__parameterized14 |          0 |          0 |       0 |    0 |     0 |      8 |      0 |          0 |
|         g_multi_bank.g_bank[1].u_bank  |              input_rom_bank__parameterized0 |          0 |          0 |       0 |    0 |     0 |      2 |      0 |          0 |
|         g_multi_bank.g_bank[2].u_bank  |              input_rom_bank__parameterized1 |          0 |          0 |       0 |    0 |     0 |      6 |      0 |          0 |
|         g_multi_bank.g_bank[4].u_bank  |              input_rom_bank__parameterized3 |          0 |          0 |       0 |    0 |     0 |      8 |      0 |          0 |
|         g_multi_bank.g_bank[5].u_bank  |              input_rom_bank__parameterized4 |          0 |          0 |       0 |    0 |     0 |      2 |      0 |          0 |
|         g_multi_bank.g_bank[6].u_bank  |              input_rom_bank__parameterized5 |          0 |          0 |       0 |    0 |     0 |      6 |      0 |          0 |
|         g_multi_bank.g_bank[8].u_bank  |              input_rom_bank__parameterized7 |          0 |          0 |       0 |    0 |     0 |      8 |      0 |          0 |
|         g_multi_bank.g_bank[9].u_bank  |              input_rom_bank__parameterized8 |          0 |          0 |       0 |    0 |     0 |      2 |      0 |          0 |
|       u_uart                           |                                     uart_tx |         20 |         20 |       0 |    0 |    23 |      0 |      0 |          0 |
+----------------------------------------+---------------------------------------------+------------+------------+---------+------+-------+--------+--------+------------+
