Copyright 1986-2022 Xilinx, Inc. All Rights Reserved. Copyright 2022-2025 Advanced Micro Devices, Inc. All Rights Reserved.
---------------------------------------------------------------------------------------------------------------------------------------------------------
| Tool Version : Vivado v.2025.2 (win64) Build 6299465 Fri Nov 14 19:35:11 GMT 2025
| Date         : Thu Sep 24 17:19:55 2026
| Host         : OMENMAX running 64-bit major release  (build 9200)
| Command      : report_utilization -hierarchical -file V://_synth_bc/l5splitmem_realrom_member_b_ascii_ramdecomp/reports/utilization_postroute_hier.rpt
| Design       : c_synth_top
| Device       : xc7a200tfbg484-2
| Speed File   : -2
| Design State : Routed
---------------------------------------------------------------------------------------------------------------------------------------------------------

Utilization Design Information

Table of Contents
-----------------
1. Utilization by Hierarchy

1. Utilization by Hierarchy
---------------------------

+---------------------------------+---------------------------------------------+------------+------------+---------+------+-------+--------+--------+------------+
|             Instance            |                    Module                   | Total LUTs | Logic LUTs | LUTRAMs | SRLs |  FFs  | RAMB36 | RAMB18 | DSP Blocks |
+---------------------------------+---------------------------------------------+------------+------------+---------+------+-------+--------+--------+------------+
| c_synth_top                     |                                       (top) |      31125 |      25258 |    5842 |   25 | 50024 |    226 |      8 |        394 |
|   (c_synth_top)                 |                                       (top) |          0 |          0 |       0 |    0 |     0 |      0 |      0 |          0 |
|   u_top                         |                                       c_top |      31125 |      25258 |    5842 |   25 | 50024 |    226 |      8 |        394 |
|     (u_top)                     |                                       c_top |         10 |         10 |       0 |    0 |    55 |      0 |      0 |          0 |
|     u_core                      |                                      c_core |      31115 |      25248 |    5842 |   25 | 49969 |    226 |      8 |        394 |
|       u_rom                     |                                   input_rom |        158 |        158 |       0 |    0 |    21 |    128 |      0 |          0 |
|       u_b                       |                                   b_core_if |      30328 |      24461 |    5842 |   25 | 49404 |     38 |      8 |        394 |
|         u_b_core                |                                 b_core_real |      30328 |      24461 |    5842 |   25 | 49404 |     38 |      8 |        394 |
|           core                  |                      fsrcnn_network_mem_top |      30328 |      24461 |    5842 |   25 | 49404 |     38 |      8 |        394 |
|             core                |                         fsrcnn_network_core |      30328 |      24461 |    5842 |   25 | 49404 |     38 |      8 |        394 |
|               f12               |                elastic_fifo__parameterized0 |        189 |         17 |     172 |    0 |    16 |      0 |      0 |          0 |
|               f23               |                elastic_fifo__parameterized1 |        169 |         83 |      86 |    0 |    16 |      0 |      0 |          0 |
|               f34               |              elastic_fifo__parameterized1_1 |        103 |         17 |      86 |    0 |    16 |      0 |      0 |          0 |
|               f45               |              elastic_fifo__parameterized0_2 |        430 |        258 |     172 |    0 |    16 |      0 |      0 |          0 |
|               l1                |                         fsrcnn_stream_layer |       5077 |       4938 |     134 |    5 |  7056 |      0 |      4 |         62 |
|                 gk.frontend     |                      window_stream_frontend |        251 |        117 |     134 |    0 |   293 |      0 |      4 |          0 |
|                   win           |                         window_kminus1_bram |         58 |         58 |       0 |    0 |   264 |      0 |      4 |          0 |
|                   fifo          |                                elastic_fifo |        145 |         11 |     134 |    0 |     7 |      0 |      0 |          0 |
|                 mac             |                             mac_issue_stage |       3499 |       3499 |       0 |    0 |  4386 |      0 |      0 |         50 |
|                   acc           |                           phase_accumulator |       1373 |       1373 |       0 |    0 |  2050 |      0 |      0 |          0 |
|                   issue         |                           eight_phase_issue |         35 |         35 |       0 |    0 |   204 |      0 |      0 |          0 |
|                   mac           |                          phase_mac_pipeline |       2091 |       2091 |       0 |    0 |  2132 |      0 |      0 |         50 |
|                 post            |                 vector_postprocess_shared_8 |       1327 |       1322 |       0 |    5 |  2377 |      0 |      0 |         12 |
|                   (post)        |                 vector_postprocess_shared_8 |        244 |        239 |       0 |    5 |  1705 |      0 |      0 |          0 |
|                   units[0].post |                          prelu_requantize_9 |        578 |        578 |       0 |    0 |   332 |      0 |      0 |          6 |
|                   units[1].post |                         prelu_requantize_10 |        508 |        508 |       0 |    0 |   340 |      0 |      0 |          6 |
|               l2                |         fsrcnn_stream_layer__parameterized0 |       1982 |       1977 |       0 |    5 |  3089 |      0 |      0 |         22 |
|                 mac             |             mac_issue_stage__parameterized0 |       1383 |       1383 |       0 |    0 |  1891 |      0 |      0 |         16 |
|                   acc           |         phase_accumulator__parameterized0_7 |       1049 |       1049 |       0 |    0 |  1026 |      0 |      0 |          0 |
|                   issue         |           eight_phase_issue__parameterized0 |        117 |        117 |       0 |    0 |   260 |      0 |      0 |          0 |
|                   mac           |          phase_mac_pipeline__parameterized0 |        227 |        227 |       0 |    0 |   605 |      0 |      0 |         16 |
|                 post            | vector_postprocess_shared__parameterized0_5 |        599 |        594 |       0 |    5 |  1198 |      0 |      0 |          6 |
|                   (post)        | vector_postprocess_shared__parameterized0_5 |        108 |        103 |       0 |    5 |   859 |      0 |      0 |          0 |
|                   units[0].post |                          prelu_requantize_6 |        493 |        493 |       0 |    0 |   339 |      0 |      0 |          6 |
|               l3                |         fsrcnn_stream_layer__parameterized1 |       4855 |       4058 |     792 |    5 |  8745 |      8 |      0 |         78 |
|                 gk.frontend     |      window_stream_frontend__parameterized0 |       1043 |        251 |     792 |    0 |  1407 |      8 |      0 |          0 |
|                   win           |         window_kminus1_bram__parameterized0 |        152 |        152 |       0 |    0 |  1342 |      8 |      0 |          0 |
|                   fifo          |                elastic_fifo__parameterized2 |        850 |         58 |     792 |    0 |    43 |      0 |      0 |          0 |
|                 mac             |             mac_issue_stage__parameterized1 |       3219 |       3219 |       0 |    0 |  6161 |      0 |      0 |         72 |
|                   acc           |           phase_accumulator__parameterized0 |        988 |        988 |       0 |    0 |  1026 |      0 |      0 |          0 |
|                   issue         |           eight_phase_issue__parameterized1 |        394 |        394 |       0 |    0 |  1166 |      0 |      0 |          0 |
|                   mac           |          phase_mac_pipeline__parameterized1 |       1846 |       1846 |       0 |    0 |  3969 |      0 |      0 |         72 |
|                 post            |   vector_postprocess_shared__parameterized0 |        593 |        588 |       0 |    5 |  1177 |      0 |      0 |          6 |
|                   (post)        |   vector_postprocess_shared__parameterized0 |        109 |        104 |       0 |    5 |   857 |      0 |      0 |          0 |
|                   units[0].post |                          prelu_requantize_4 |        488 |        488 |       0 |    0 |   320 |      0 |      0 |          6 |
|               l4                |         fsrcnn_stream_layer__parameterized2 |       3389 |       3384 |       0 |    5 |  4947 |      0 |      0 |         28 |
|                 mac             |             mac_issue_stage__parameterized2 |       2106 |       2106 |       0 |    0 |  2595 |      0 |      0 |         16 |
|                   (mac)         |             mac_issue_stage__parameterized2 |       1386 |       1386 |       0 |    0 |     0 |      0 |      0 |          0 |
|                   acc           |           phase_accumulator__parameterized2 |        942 |        942 |       0 |    0 |  2050 |      0 |      0 |          0 |
|                   issue         |           eight_phase_issue__parameterized2 |          5 |          5 |       0 |    0 |   132 |      0 |      0 |          0 |
|                   mac           |          phase_mac_pipeline__parameterized2 |         45 |         45 |       0 |    0 |   413 |      0 |      0 |         16 |
|                 post            |                   vector_postprocess_shared |       1283 |       1278 |       0 |    5 |  2352 |      0 |      0 |         12 |
|                   (post)        |                   vector_postprocess_shared |        191 |        186 |       0 |    5 |  1687 |      0 |      0 |          0 |
|                   units[0].post |                            prelu_requantize |        571 |        571 |       0 |    0 |   337 |      0 |      0 |          6 |
|                   units[1].post |                          prelu_requantize_3 |        522 |        522 |       0 |    0 |   328 |      0 |      0 |          6 |
|               l5                |         fsrcnn_stream_layer__parameterized3 |      14027 |       9622 |    4400 |    5 | 25457 |     28 |      4 |        204 |
|                 gk.frontend     |      window_stream_frontend__parameterized1 |       5817 |       1417 |    4400 |    0 |  7010 |     28 |      4 |          0 |
|                   win           |         window_kminus1_bram__parameterized1 |       1062 |       1062 |       0 |    0 |  6727 |     28 |      4 |          0 |
|                   fifo          |                elastic_fifo__parameterized3 |       4719 |        319 |    4400 |    0 |   221 |      0 |      0 |          0 |
|                 mac             |             mac_issue_stage__parameterized3 |       7946 |       7946 |       0 |    0 | 17885 |      0 |      0 |        200 |
|                   acc           |           phase_accumulator__parameterized3 |        296 |        296 |       0 |    0 |   514 |      0 |      0 |          0 |
|                   issue         |           eight_phase_issue__parameterized3 |       1933 |       1933 |       0 |    0 |  6664 |      0 |      0 |          0 |
|                   mac           |          phase_mac_pipeline__parameterized3 |       5718 |       5718 |       0 |    0 | 10707 |      0 |      0 |        200 |
|                 post            |   vector_postprocess_shared__parameterized1 |        264 |        259 |       0 |    5 |   562 |      0 |      0 |          4 |
|                   (post)        |   vector_postprocess_shared__parameterized1 |        156 |        151 |       0 |    5 |   395 |      0 |      0 |          0 |
|                   units[0].post |            prelu_requantize__parameterized0 |        108 |        108 |       0 |    0 |   167 |      0 |      0 |          4 |
|               shuffle           |                   pixel_shuffle2x_row_banks |        109 |        109 |       0 |    0 |    46 |      2 |      0 |          0 |
|       u_in                      |                                input_stream |         53 |         53 |       0 |    0 |   206 |      0 |      0 |          0 |
|       u_out                     |                               output_stream |         60 |         60 |       0 |    0 |    51 |      0 |      0 |          0 |
|       u_pp                      |                             pingpong_buffer |        475 |        475 |       0 |    0 |   180 |     60 |      0 |          0 |
|         (u_pp)                  |                             pingpong_buffer |        134 |        134 |       0 |    0 |   170 |      0 |      0 |          0 |
|         u_bank0                 |                               stripe_buffer |        164 |        164 |       0 |    0 |     5 |     30 |      0 |          0 |
|         u_bank1                 |                             stripe_buffer_0 |        180 |        180 |       0 |    0 |     5 |     30 |      0 |          0 |
+---------------------------------+---------------------------------------------+------------+------------+---------+------+-------+--------+--------+------------+
* Note: The sum of lower-level cells may be larger than their parent cells total, due to cross-hierarchy LUT combining


