

================================================================
== Vitis HLS Report for 'conv3x3_mac_top'
================================================================
* Date:           Sun Sep 20 19:35:55 2026

* Version:        2025.2 (Build 6295257 on Nov 12 2025)
* Project:        work
* Solution:       solution1 (Vivado IP Flow Target)
* Product family: zynq
* Target device:  xc7z020-clg400-1


================================================================
== Performance Estimates
================================================================
+ Timing: 
    * Summary: 
    +--------+----------+----------+------------+
    |  Clock |  Target  | Estimated| Uncertainty|
    +--------+----------+----------+------------+
    |ap_clk  |  10.00 ns|  6.657 ns|     2.70 ns|
    +--------+----------+----------+------------+

+ Latency: 
    * Summary: 
    +---------+---------+----------+----------+-----+-----+------------------------------------------------+
    |  Latency (cycles) |  Latency (absolute) |  Interval |                    Pipeline                    |
    |   min   |   max   |    min   |    max   | min | max |                      Type                      |
    +---------+---------+----------+----------+-----+-----+------------------------------------------------+
    |       24|       24|  0.240 us|  0.240 us|   22|   22|  loop auto-rewind stp (delay=6 clock cycles(s))|
    +---------+---------+----------+----------+-----+-----+------------------------------------------------+

    + Detail: 
        * Instance: 
        N/A

        * Loop: 
        +----------------+---------+---------+----------+-----------+-----------+------+----------+
        |                |  Latency (cycles) | Iteration|  Initiation Interval  | Trip |          |
        |    Loop Name   |   min   |   max   |  Latency |  achieved |   target  | Count| Pipelined|
        +----------------+---------+---------+----------+-----------+-----------+------+----------+
        |- channel_loop  |       22|       22|         8|          1|          1|    16|       yes|
        +----------------+---------+---------+----------+-----------+-----------+------+----------+



================================================================
== Utilization Estimates
================================================================
* Summary: 
+-----------------+---------+-----+--------+-------+-----+
|       Name      | BRAM_18K| DSP |   FF   |  LUT  | URAM|
+-----------------+---------+-----+--------+-------+-----+
|DSP              |        -|    6|       -|      -|    -|
|Expression       |        -|    -|       0|    166|    -|
|FIFO             |        -|    -|       -|      -|    -|
|Instance         |        0|    0|     123|    301|    -|
|Memory           |        -|    -|       -|      -|    -|
|Multiplexer      |        -|    -|       0|     45|    -|
|Register         |        -|    -|     433|     64|    -|
+-----------------+---------+-----+--------+-------+-----+
|Total            |        0|    6|     556|    576|    0|
+-----------------+---------+-----+--------+-------+-----+
|Available        |      280|  220|  106400|  53200|    0|
+-----------------+---------+-----+--------+-------+-----+
|Utilization (%)  |        0|    2|      ~0|      1|    0|
+-----------------+---------+-----+--------+-------+-----+

+ Detail: 
    * Instance: 
    +---------------------+------------------+---------+----+-----+-----+-----+
    |       Instance      |      Module      | BRAM_18K| DSP|  FF | LUT | URAM|
    +---------------------+------------------+---------+----+-----+-----+-----+
    |control_s_axi_U      |control_s_axi     |        0|   0|  123|  178|    0|
    |mul_8s_8s_16_1_1_U1  |mul_8s_8s_16_1_1  |        0|   0|    0|   41|    0|
    |mul_8s_8s_16_1_1_U2  |mul_8s_8s_16_1_1  |        0|   0|    0|   41|    0|
    |mul_8s_8s_16_1_1_U3  |mul_8s_8s_16_1_1  |        0|   0|    0|   41|    0|
    +---------------------+------------------+---------+----+-----+-----+-----+
    |Total                |                  |        0|   0|  123|  301|    0|
    +---------------------+------------------+---------+----+-----+-----+-----+

    * DSP: 
    +--------------------------------+-----------------------------+--------------+
    |            Instance            |            Module           |  Expression  |
    +--------------------------------+-----------------------------+--------------+
    |mac_muladd_8s_8s_16s_17_4_1_U4  |mac_muladd_8s_8s_16s_17_4_1  |  i0 + i1 * i2|
    |mac_muladd_8s_8s_16s_17_4_1_U5  |mac_muladd_8s_8s_16s_17_4_1  |  i0 + i1 * i2|
    |mac_muladd_8s_8s_16s_17_4_1_U6  |mac_muladd_8s_8s_16s_17_4_1  |  i0 + i1 * i2|
    |mac_muladd_8s_8s_17s_17_4_1_U7  |mac_muladd_8s_8s_17s_17_4_1  |  i0 + i1 * i2|
    |mac_muladd_8s_8s_17s_17_4_1_U8  |mac_muladd_8s_8s_17s_17_4_1  |  i0 + i1 * i2|
    |mac_muladd_8s_8s_17s_32_4_1_U9  |mac_muladd_8s_8s_17s_32_4_1  |  i0 + i1 * i2|
    +--------------------------------+-----------------------------+--------------+

    * Memory: 
    N/A

    * FIFO: 
    N/A

    * Expression: 
    +----------------------+----------+----+---+----+------------+------------+
    |     Variable Name    | Operation| DSP| FF| LUT| Bitwidth P0| Bitwidth P1|
    +----------------------+----------+----+---+----+------------+------------+
    |add_ln25_3_fu_531_p2  |         +|   0|  0|  32|          32|          32|
    |add_ln25_7_fu_519_p2  |         +|   0|  0|  25|          18|          18|
    |channel_3_fu_402_p2   |         +|   0|  0|  13|           4|           1|
    |sum_4_fu_536_p2       |         +|   0|  0|  32|          32|          32|
    |ap_condition_381      |       and|   0|  0|   2|           1|           1|
    |ap_condition_382      |       and|   0|  0|   2|           1|           1|
    |icmp_ln14_fu_408_p2   |      icmp|   0|  0|  13|           4|           2|
    |icmp_ln16_fu_396_p2   |      icmp|   0|  0|  13|           5|           5|
    |result                |    select|   0|  0|  32|           1|          32|
    |ap_enable_pp0         |       xor|   0|  0|   2|           1|           2|
    +----------------------+----------+----+---+----+------------+------------+
    |Total                 |          |   0|  0| 166|          99|         126|
    +----------------------+----------+----+---+----+------------+------------+

    * Multiplexer: 
    +----------------------------------+----+-----------+-----+-----------+
    |               Name               | LUT| Input Size| Bits| Total Bits|
    +----------------------------------+----+-----------+-----+-----------+
    |ap_done_int                       |   9|          2|    1|          2|
    |ap_loop_exit_ready_pp0_iter7_reg  |   9|          2|    1|          2|
    |ap_sig_allocacmp_channel_1        |   9|          2|    4|          8|
    |channel_fu_96                     |   9|          2|    4|          8|
    |sum_fu_100                        |   9|          2|   32|         64|
    +----------------------------------+----+-----------+-----+-----------+
    |Total                             |  45|         10|   42|         84|
    +----------------------------------+----+-----------+-----+-----------+

    * Register: 
    +--------------------------------------------------+----+----+-----+-----------+
    |                       Name                       | FF | LUT| Bits| Const Bits|
    +--------------------------------------------------+----+----+-----+-----------+
    |add_ln25_4_reg_853                                |  17|   0|   17|          0|
    |add_ln25_7_reg_868                                |  18|   0|   18|          0|
    |add_ln25_7_reg_868_pp0_iter6_reg                  |  18|   0|   18|          0|
    |add_ln25_reg_873                                  |  32|   0|   32|          0|
    |ap_CS_fsm                                         |   1|   0|    1|          0|
    |ap_condition_exit_pp0_iter0_stage0_pp0_iter1_reg  |   1|   0|    1|          0|
    |ap_condition_exit_pp0_iter0_stage0_pp0_iter2_reg  |   1|   0|    1|          0|
    |ap_condition_exit_pp0_iter0_stage0_pp0_iter3_reg  |   1|   0|    1|          0|
    |ap_condition_exit_pp0_iter0_stage0_pp0_iter4_reg  |   1|   0|    1|          0|
    |ap_condition_exit_pp0_iter0_stage0_pp0_iter5_reg  |   1|   0|    1|          0|
    |ap_condition_exit_pp0_iter0_stage0_pp0_iter6_reg  |   1|   0|    1|          0|
    |ap_done_reg                                       |   1|   0|    1|          0|
    |ap_enable_reg_pp0_iter1                           |   1|   0|    1|          0|
    |ap_enable_reg_pp0_iter2                           |   1|   0|    1|          0|
    |ap_enable_reg_pp0_iter3                           |   1|   0|    1|          0|
    |ap_enable_reg_pp0_iter4                           |   1|   0|    1|          0|
    |ap_enable_reg_pp0_iter5                           |   1|   0|    1|          0|
    |ap_enable_reg_pp0_iter6                           |   1|   0|    1|          0|
    |ap_enable_reg_pp0_iter7                           |   1|   0|    1|          0|
    |ap_loop_exit_ready_pp0_iter1_reg                  |   1|   0|    1|          0|
    |ap_loop_exit_ready_pp0_iter2_reg                  |   1|   0|    1|          0|
    |ap_loop_exit_ready_pp0_iter3_reg                  |   1|   0|    1|          0|
    |ap_loop_exit_ready_pp0_iter4_reg                  |   1|   0|    1|          0|
    |ap_loop_exit_ready_pp0_iter5_reg                  |   1|   0|    1|          0|
    |ap_loop_exit_ready_pp0_iter6_reg                  |   1|   0|    1|          0|
    |ap_loop_exit_ready_pp0_iter7_reg                  |   1|   0|    1|          0|
    |channel_fu_96                                     |   4|   0|    4|          0|
    |icmp_ln14_reg_714                                 |   1|   0|    1|          0|
    |icmp_ln16_reg_619                                 |   1|   0|    1|          0|
    |pixels_0_0_load_reg_718                           |   8|   0|    8|          0|
    |pixels_0_0_load_reg_718_pp0_iter2_reg             |   8|   0|    8|          0|
    |pixels_0_1_load_reg_728                           |   8|   0|    8|          0|
    |pixels_1_1_load_reg_753                           |   8|   0|    8|          0|
    |pixels_1_1_load_reg_753_pp0_iter2_reg             |   8|   0|    8|          0|
    |pixels_2_0_load_reg_773                           |   8|   0|    8|          0|
    |pixels_2_1_load_reg_783                           |   8|   0|    8|          0|
    |pixels_2_1_load_reg_783_pp0_iter2_reg             |   8|   0|    8|          0|
    |product_2_reg_738                                 |  16|   0|   16|          0|
    |product_2_reg_738_pp0_iter2_reg                   |  16|   0|   16|          0|
    |sum_fu_100                                        |  32|   0|   32|          0|
    |weights_0_0_load_reg_723                          |   8|   0|    8|          0|
    |weights_0_0_load_reg_723_pp0_iter2_reg            |   8|   0|    8|          0|
    |weights_0_1_load_reg_733                          |   8|   0|    8|          0|
    |weights_1_1_load_reg_758                          |   8|   0|    8|          0|
    |weights_1_1_load_reg_758_pp0_iter2_reg            |   8|   0|    8|          0|
    |weights_2_0_load_reg_778                          |   8|   0|    8|          0|
    |weights_2_1_load_reg_788                          |   8|   0|    8|          0|
    |weights_2_1_load_reg_788_pp0_iter2_reg            |   8|   0|    8|          0|
    |icmp_ln14_reg_714                                 |  64|  32|    1|          0|
    |icmp_ln16_reg_619                                 |  64|  32|    1|          0|
    +--------------------------------------------------+----+----+-----+-----------+
    |Total                                             | 433|  64|  307|          0|
    +--------------------------------------------------+----+----+-----+-----------+



================================================================
== Interface
================================================================
* Summary: 
+-----------------------+-----+-----+------------+-----------------+--------------+
|       RTL Ports       | Dir | Bits|  Protocol  |  Source Object  |    C Type    |
+-----------------------+-----+-----+------------+-----------------+--------------+
|s_axi_control_AWVALID  |   in|    1|       s_axi|          control|       pointer|
|s_axi_control_AWREADY  |  out|    1|       s_axi|          control|       pointer|
|s_axi_control_AWADDR   |   in|    6|       s_axi|          control|       pointer|
|s_axi_control_WVALID   |   in|    1|       s_axi|          control|       pointer|
|s_axi_control_WREADY   |  out|    1|       s_axi|          control|       pointer|
|s_axi_control_WDATA    |   in|   32|       s_axi|          control|       pointer|
|s_axi_control_WSTRB    |   in|    4|       s_axi|          control|       pointer|
|s_axi_control_ARVALID  |   in|    1|       s_axi|          control|       pointer|
|s_axi_control_ARREADY  |  out|    1|       s_axi|          control|       pointer|
|s_axi_control_ARADDR   |   in|    6|       s_axi|          control|       pointer|
|s_axi_control_RVALID   |  out|    1|       s_axi|          control|       pointer|
|s_axi_control_RREADY   |   in|    1|       s_axi|          control|       pointer|
|s_axi_control_RDATA    |  out|   32|       s_axi|          control|       pointer|
|s_axi_control_RRESP    |  out|    2|       s_axi|          control|       pointer|
|s_axi_control_BVALID   |  out|    1|       s_axi|          control|       pointer|
|s_axi_control_BREADY   |   in|    1|       s_axi|          control|       pointer|
|s_axi_control_BRESP    |  out|    2|       s_axi|          control|       pointer|
|ap_clk                 |   in|    1|  ap_ctrl_hs|  conv3x3_mac_top|  return value|
|ap_rst_n               |   in|    1|  ap_ctrl_hs|  conv3x3_mac_top|  return value|
|interrupt              |  out|    1|  ap_ctrl_hs|  conv3x3_mac_top|  return value|
|pixels_0_0_address0    |  out|    4|   ap_memory|       pixels_0_0|         array|
|pixels_0_0_ce0         |  out|    1|   ap_memory|       pixels_0_0|         array|
|pixels_0_0_q0          |   in|    8|   ap_memory|       pixels_0_0|         array|
|pixels_0_1_address0    |  out|    4|   ap_memory|       pixels_0_1|         array|
|pixels_0_1_ce0         |  out|    1|   ap_memory|       pixels_0_1|         array|
|pixels_0_1_q0          |   in|    8|   ap_memory|       pixels_0_1|         array|
|pixels_0_2_address0    |  out|    4|   ap_memory|       pixels_0_2|         array|
|pixels_0_2_ce0         |  out|    1|   ap_memory|       pixels_0_2|         array|
|pixels_0_2_q0          |   in|    8|   ap_memory|       pixels_0_2|         array|
|pixels_1_0_address0    |  out|    4|   ap_memory|       pixels_1_0|         array|
|pixels_1_0_ce0         |  out|    1|   ap_memory|       pixels_1_0|         array|
|pixels_1_0_q0          |   in|    8|   ap_memory|       pixels_1_0|         array|
|pixels_1_1_address0    |  out|    4|   ap_memory|       pixels_1_1|         array|
|pixels_1_1_ce0         |  out|    1|   ap_memory|       pixels_1_1|         array|
|pixels_1_1_q0          |   in|    8|   ap_memory|       pixels_1_1|         array|
|pixels_1_2_address0    |  out|    4|   ap_memory|       pixels_1_2|         array|
|pixels_1_2_ce0         |  out|    1|   ap_memory|       pixels_1_2|         array|
|pixels_1_2_q0          |   in|    8|   ap_memory|       pixels_1_2|         array|
|pixels_2_0_address0    |  out|    4|   ap_memory|       pixels_2_0|         array|
|pixels_2_0_ce0         |  out|    1|   ap_memory|       pixels_2_0|         array|
|pixels_2_0_q0          |   in|    8|   ap_memory|       pixels_2_0|         array|
|pixels_2_1_address0    |  out|    4|   ap_memory|       pixels_2_1|         array|
|pixels_2_1_ce0         |  out|    1|   ap_memory|       pixels_2_1|         array|
|pixels_2_1_q0          |   in|    8|   ap_memory|       pixels_2_1|         array|
|pixels_2_2_address0    |  out|    4|   ap_memory|       pixels_2_2|         array|
|pixels_2_2_ce0         |  out|    1|   ap_memory|       pixels_2_2|         array|
|pixels_2_2_q0          |   in|    8|   ap_memory|       pixels_2_2|         array|
|weights_0_0_address0   |  out|    4|   ap_memory|      weights_0_0|         array|
|weights_0_0_ce0        |  out|    1|   ap_memory|      weights_0_0|         array|
|weights_0_0_q0         |   in|    8|   ap_memory|      weights_0_0|         array|
|weights_0_1_address0   |  out|    4|   ap_memory|      weights_0_1|         array|
|weights_0_1_ce0        |  out|    1|   ap_memory|      weights_0_1|         array|
|weights_0_1_q0         |   in|    8|   ap_memory|      weights_0_1|         array|
|weights_0_2_address0   |  out|    4|   ap_memory|      weights_0_2|         array|
|weights_0_2_ce0        |  out|    1|   ap_memory|      weights_0_2|         array|
|weights_0_2_q0         |   in|    8|   ap_memory|      weights_0_2|         array|
|weights_1_0_address0   |  out|    4|   ap_memory|      weights_1_0|         array|
|weights_1_0_ce0        |  out|    1|   ap_memory|      weights_1_0|         array|
|weights_1_0_q0         |   in|    8|   ap_memory|      weights_1_0|         array|
|weights_1_1_address0   |  out|    4|   ap_memory|      weights_1_1|         array|
|weights_1_1_ce0        |  out|    1|   ap_memory|      weights_1_1|         array|
|weights_1_1_q0         |   in|    8|   ap_memory|      weights_1_1|         array|
|weights_1_2_address0   |  out|    4|   ap_memory|      weights_1_2|         array|
|weights_1_2_ce0        |  out|    1|   ap_memory|      weights_1_2|         array|
|weights_1_2_q0         |   in|    8|   ap_memory|      weights_1_2|         array|
|weights_2_0_address0   |  out|    4|   ap_memory|      weights_2_0|         array|
|weights_2_0_ce0        |  out|    1|   ap_memory|      weights_2_0|         array|
|weights_2_0_q0         |   in|    8|   ap_memory|      weights_2_0|         array|
|weights_2_1_address0   |  out|    4|   ap_memory|      weights_2_1|         array|
|weights_2_1_ce0        |  out|    1|   ap_memory|      weights_2_1|         array|
|weights_2_1_q0         |   in|    8|   ap_memory|      weights_2_1|         array|
|weights_2_2_address0   |  out|    4|   ap_memory|      weights_2_2|         array|
|weights_2_2_ce0        |  out|    1|   ap_memory|      weights_2_2|         array|
|weights_2_2_q0         |   in|    8|   ap_memory|      weights_2_2|         array|
+-----------------------+-----+-----+------------+-----------------+--------------+

