Copyright 1986-2022 Xilinx, Inc. All Rights Reserved.
---------------------------------------------------------------------------------------------------------------------------------------------------------
| Tool Version : Vivado v.2022.2 (win64) Build 3671981 Fri Oct 14 05:00:03 MDT 2022
| Date         : Thu Sep 24 02:22:38 2026
| Host         : WIN-FJ9PMA04HBP running 64-bit major release  (build 9200)
| Command      : report_utilization -hierarchical -file C:/Users/Administrator/WorkBuddy/srtp/c_side/report/bc_real_synth/utilization_postroute_hier.rpt
| Design       : c_synth_top
| Device       : xc7a200tfbg484-2
| Speed File   : -2
| Design State : Routed
---------------------------------------------------------------------------------------------------------------------------------------------------------

Utilization Design Information

Table of Contents
-----------------
1. Utilization by Hierarchy

1. Utilization by Hierarchy
---------------------------

+---------------------------------+---------------------------------------------+------------+------------+---------+------+-------+--------+--------+------------+
|             Instance            |                    Module                   | Total LUTs | Logic LUTs | LUTRAMs | SRLs |  FFs  | RAMB36 | RAMB18 | DSP Blocks |
+---------------------------------+---------------------------------------------+------------+------------+---------+------+-------+--------+--------+------------+
| c_synth_top                     |                                       (top) |      32152 |      26441 |    5686 |   25 | 41932 |    230 |      8 |        394 |
|   (c_synth_top)                 |                                       (top) |        393 |        393 |       0 |    0 |     0 |      0 |      0 |          0 |
|   u_top                         |                                       c_top |      31864 |      26153 |    5686 |   25 | 41932 |    230 |      8 |        394 |
|     (u_top)                     |                                       c_top |         10 |         10 |       0 |    0 |    55 |      0 |      0 |          0 |
|     u_core                      |                                      c_core |      31854 |      26143 |    5686 |   25 | 41877 |    230 |      8 |        394 |
|       (u_core)                  |                                      c_core |          0 |          0 |       0 |    0 |    20 |      0 |      0 |          0 |
|       u_b                       |                                   b_core_if |      31151 |      25440 |    5686 |   25 | 40789 |     38 |      8 |        394 |
|         u_b_core                |                                 b_core_real |      31151 |      25440 |    5686 |   25 | 40789 |     38 |      8 |        394 |
|           core                  |                      fsrcnn_network_mem_top |      31151 |      25440 |    5686 |   25 | 40789 |     38 |      8 |        394 |
|             core                |                         fsrcnn_network_core |      31151 |      25440 |    5686 |   25 | 40789 |     38 |      8 |        394 |
|               f12               |                elastic_fifo__parameterized0 |        189 |         17 |     172 |    0 |    20 |      0 |      0 |          0 |
|               f23               |                elastic_fifo__parameterized1 |        171 |         85 |      86 |    0 |    20 |      0 |      0 |          0 |
|               f34               |              elastic_fifo__parameterized1_1 |        103 |         17 |      86 |    0 |    20 |      0 |      0 |          0 |
|               f45               |              elastic_fifo__parameterized0_2 |        414 |        242 |     172 |    0 |    20 |      0 |      0 |          0 |
|               l1                |                         fsrcnn_stream_layer |       5340 |       5201 |     134 |    5 |  6076 |      0 |      4 |         62 |
|                 gk.frontend     |                      window_stream_frontend |        256 |        122 |     134 |    0 |   293 |      0 |      4 |          0 |
|                   (gk.frontend) |                      window_stream_frontend |         20 |         20 |       0 |    0 |     1 |      0 |      0 |          0 |
|                   fifo          |                                elastic_fifo |        145 |         11 |     134 |    0 |     7 |      0 |      0 |          0 |
|                   pad           |                             same_pad_raster |         30 |         30 |       0 |    0 |    21 |      0 |      0 |          0 |
|                   win           |                         window_kminus1_bram |         61 |         61 |       0 |    0 |   264 |      0 |      4 |          0 |
|                 mac             |                             mac_issue_stage |       3309 |       3309 |       0 |    0 |  3393 |      0 |      0 |         50 |
|                   acc           |                           phase_accumulator |       1085 |       1085 |       0 |    0 |  2050 |      0 |      0 |          0 |
|                   issue         |                           eight_phase_issue |         67 |         67 |       0 |    0 |    15 |      0 |      0 |          0 |
|                   mac           |                          phase_mac_pipeline |       2158 |       2158 |       0 |    0 |  1328 |      0 |      0 |         50 |
|                 post            |                 vector_postprocess_shared_7 |       1776 |       1771 |       0 |    5 |  2390 |      0 |      0 |         12 |
|                   (post)        |                 vector_postprocess_shared_7 |        246 |        241 |       0 |    5 |  1703 |      0 |      0 |          0 |
|                   units[0].post |                          prelu_requantize_8 |        822 |        822 |       0 |    0 |   364 |      0 |      0 |          6 |
|                   units[1].post |                          prelu_requantize_9 |        710 |        710 |       0 |    0 |   323 |      0 |      0 |          6 |
|               l2                |         fsrcnn_stream_layer__parameterized0 |       2137 |       2132 |       0 |    5 |  2686 |      0 |      0 |         22 |
|                 mac             |             mac_issue_stage__parameterized0 |       1432 |       1432 |       0 |    0 |  1503 |      0 |      0 |         16 |
|                   (mac)         |             mac_issue_stage__parameterized0 |        816 |        816 |       0 |    0 |     0 |      0 |      0 |          0 |
|                   acc           |           phase_accumulator__parameterized0 |        461 |        461 |       0 |    0 |  1026 |      0 |      0 |          0 |
|                   issue         |           eight_phase_issue__parameterized0 |          5 |          5 |       0 |    0 |   260 |      0 |      0 |          0 |
|                   mac           |          phase_mac_pipeline__parameterized0 |        211 |        211 |       0 |    0 |   217 |      0 |      0 |         16 |
|                 post            | vector_postprocess_shared__parameterized0_5 |        705 |        700 |       0 |    5 |  1183 |      0 |      0 |          6 |
|                   (post)        | vector_postprocess_shared__parameterized0_5 |        109 |        104 |       0 |    5 |   859 |      0 |      0 |          0 |
|                   units[0].post |                          prelu_requantize_6 |        598 |        598 |       0 |    0 |   324 |      0 |      0 |          6 |
|               l3                |         fsrcnn_stream_layer__parameterized1 |       5021 |       4248 |     768 |    5 |  7009 |      8 |      0 |         78 |
|                 gk.frontend     |      window_stream_frontend__parameterized0 |        983 |        215 |     768 |    0 |  1387 |      8 |      0 |          0 |
|                   (gk.frontend) |      window_stream_frontend__parameterized0 |          9 |          9 |       0 |    0 |     1 |      0 |      0 |          0 |
|                   fifo          |                elastic_fifo__parameterized2 |        792 |         24 |     768 |    0 |    21 |      0 |      0 |          0 |
|                   pad           |             same_pad_raster__parameterized0 |         34 |         34 |       0 |    0 |    21 |      0 |      0 |          0 |
|                   win           |         window_kminus1_bram__parameterized0 |        148 |        148 |       0 |    0 |  1344 |      8 |      0 |          0 |
|                 mac             |             mac_issue_stage__parameterized1 |       3342 |       3342 |       0 |    0 |  4445 |      0 |      0 |         72 |
|                   (mac)         |             mac_issue_stage__parameterized1 |        812 |        812 |       0 |    0 |     0 |      0 |      0 |          0 |
|                   acc           |           phase_accumulator__parameterized1 |        390 |        390 |       0 |    0 |  1026 |      0 |      0 |          0 |
|                   issue         |           eight_phase_issue__parameterized1 |        482 |        482 |       0 |    0 |  1182 |      0 |      0 |          0 |
|                   mac           |          phase_mac_pipeline__parameterized1 |       1797 |       1797 |       0 |    0 |  2237 |      0 |      0 |         72 |
|                 post            |   vector_postprocess_shared__parameterized0 |        696 |        691 |       0 |    5 |  1177 |      0 |      0 |          6 |
|                   (post)        |   vector_postprocess_shared__parameterized0 |        107 |        102 |       0 |    5 |   857 |      0 |      0 |          0 |
|                   units[0].post |                          prelu_requantize_4 |        591 |        591 |       0 |    0 |   320 |      0 |      0 |          6 |
|               l4                |         fsrcnn_stream_layer__parameterized2 |       3738 |       3733 |       0 |    5 |  4525 |      0 |      0 |         28 |
|                 mac             |             mac_issue_stage__parameterized2 |       2143 |       2143 |       0 |    0 |  2207 |      0 |      0 |         16 |
|                   (mac)         |             mac_issue_stage__parameterized2 |       1437 |       1437 |       0 |    0 |     0 |      0 |      0 |          0 |
|                   acc           |           phase_accumulator__parameterized2 |        912 |        912 |       0 |    0 |  2050 |      0 |      0 |          0 |
|                   issue         |           eight_phase_issue__parameterized2 |         19 |         19 |       0 |    0 |   132 |      0 |      0 |          0 |
|                   mac           |          phase_mac_pipeline__parameterized2 |         17 |         17 |       0 |    0 |    25 |      0 |      0 |         16 |
|                 post            |                   vector_postprocess_shared |       1595 |       1590 |       0 |    5 |  2318 |      0 |      0 |         12 |
|                   (post)        |                   vector_postprocess_shared |        196 |        191 |       0 |    5 |  1685 |      0 |      0 |          0 |
|                   units[0].post |                            prelu_requantize |        700 |        700 |       0 |    0 |   321 |      0 |      0 |          6 |
|                   units[1].post |                          prelu_requantize_3 |        700 |        700 |       0 |    0 |   312 |      0 |      0 |          6 |
|               l5                |         fsrcnn_stream_layer__parameterized3 |      13946 |       9673 |    4268 |    5 | 20367 |     28 |      4 |        204 |
|                 gk.frontend     |      window_stream_frontend__parameterized1 |       5446 |       1178 |    4268 |    0 |  6932 |     28 |      4 |          0 |
|                   (gk.frontend) |      window_stream_frontend__parameterized1 |          0 |          0 |       0 |    0 |    41 |      0 |      0 |          0 |
|                   fifo          |                elastic_fifo__parameterized3 |       4358 |         90 |    4268 |    0 |    96 |      0 |      0 |          0 |
|                   pad           |             same_pad_raster__parameterized1 |         35 |         35 |       0 |    0 |    21 |      0 |      0 |          0 |
|                   win           |         window_kminus1_bram__parameterized1 |       1053 |       1053 |       0 |    0 |  6774 |     28 |      4 |          0 |
|                 mac             |             mac_issue_stage__parameterized3 |       8187 |       8187 |       0 |    0 | 12873 |      0 |      0 |        200 |
|                   acc           |           phase_accumulator__parameterized3 |        296 |        296 |       0 |    0 |   514 |      0 |      0 |          0 |
|                   issue         |           eight_phase_issue__parameterized3 |       2186 |       2186 |       0 |    0 |  6456 |      0 |      0 |          0 |
|                   mac           |          phase_mac_pipeline__parameterized3 |       5707 |       5707 |       0 |    0 |  5903 |      0 |      0 |        200 |
|                 post            |   vector_postprocess_shared__parameterized1 |        315 |        310 |       0 |    5 |   562 |      0 |      0 |          4 |
|                   (post)        |   vector_postprocess_shared__parameterized1 |        154 |        149 |       0 |    5 |   395 |      0 |      0 |          0 |
|                   units[0].post |            prelu_requantize__parameterized0 |        161 |        161 |       0 |    0 |   167 |      0 |      0 |          4 |
|               shuffle           |                   pixel_shuffle2x_row_banks |        108 |        108 |       0 |    0 |    46 |      2 |      0 |          0 |
|       u_ctrl                    |                                      c_ctrl |         17 |         17 |       0 |    0 |     8 |      0 |      0 |          0 |
|       u_in                      |                                input_stream |         42 |         42 |       0 |    0 |   373 |      0 |      0 |          0 |
|       u_out                     |                               output_stream |         60 |         60 |       0 |    0 |    51 |      0 |      0 |          0 |
|       u_pp                      |                             pingpong_buffer |        415 |        415 |       0 |    0 |   564 |     64 |      0 |          0 |
|         (u_pp)                  |                             pingpong_buffer |        232 |        232 |       0 |    0 |   558 |      0 |      0 |          0 |
|         u_bank0                 |                               stripe_buffer |         91 |         91 |       0 |    0 |     3 |     32 |      0 |          0 |
|         u_bank1                 |                             stripe_buffer_0 |         92 |         92 |       0 |    0 |     3 |     32 |      0 |          0 |
|       u_rb                      |                               readback_ctrl |          8 |          8 |       0 |    0 |    37 |      0 |      0 |          0 |
|       u_rom                     |                                   input_rom |        144 |        144 |       0 |    0 |    12 |    128 |      0 |          0 |
|       u_uart                    |                                     uart_tx |         20 |         20 |       0 |    0 |    23 |      0 |      0 |          0 |
+---------------------------------+---------------------------------------------+------------+------------+---------+------+-------+--------+--------+------------+
* Note: The sum of lower-level cells may be larger than their parent cells total, due to cross-hierarchy LUT combining


