Copyright 1986-2022 Xilinx, Inc. All Rights Reserved.
-----------------------------------------------------------------------------------------------------------------------------------------------------
| Tool Version : Vivado v.2022.2 (win64) Build 3671981 Fri Oct 14 05:00:03 MDT 2022
| Date         : Wed Sep 23 22:34:53 2026
| Host         : WIN-FJ9PMA04HBP running 64-bit major release  (build 9200)
| Command      : report_utilization -hierarchical -file C:/Users/Administrator/WorkBuddy/srtp/c_side/report/bc_real_synth/utilization_synth_hier.rpt
| Design       : c_synth_top
| Device       : xc7a200tfbg484-2
| Speed File   : -2
| Design State : Synthesized
-----------------------------------------------------------------------------------------------------------------------------------------------------

Utilization Design Information

Table of Contents
-----------------
1. Utilization by Hierarchy

1. Utilization by Hierarchy
---------------------------

+---------------------------------+---------------------------------------------+------------+------------+---------+------+-------+--------+--------+------------+
|             Instance            |                    Module                   | Total LUTs | Logic LUTs | LUTRAMs | SRLs |  FFs  | RAMB36 | RAMB18 | DSP Blocks |
+---------------------------------+---------------------------------------------+------------+------------+---------+------+-------+--------+--------+------------+
| c_synth_top                     |                                       (top) |      32339 |      26622 |    5692 |   25 | 37061 |    230 |      8 |        394 |
|   (c_synth_top)                 |                                       (top) |       1429 |       1429 |       0 |    0 |     0 |      0 |      0 |          0 |
|   u_top                         |                                       c_top |      31062 |      25345 |    5692 |   25 | 37061 |    230 |      8 |        394 |
|     (u_top)                     |                                       c_top |         11 |         11 |       0 |    0 |    55 |      0 |      0 |          0 |
|     u_core                      |                                      c_core |      31051 |      25334 |    5692 |   25 | 37006 |    230 |      8 |        394 |
|       u_b                       |                                   b_core_if |      30637 |      24920 |    5692 |   25 | 36673 |     38 |      8 |        394 |
|         u_b_core                |                                 b_core_real |      30637 |      24920 |    5692 |   25 | 36673 |     38 |      8 |        394 |
|           core                  |                      fsrcnn_network_mem_top |      30637 |      24920 |    5692 |   25 | 36673 |     38 |      8 |        394 |
|             core                |                         fsrcnn_network_core |      30637 |      24920 |    5692 |   25 | 36673 |     38 |      8 |        394 |
|               f12               |                elastic_fifo__parameterized0 |        189 |         17 |     172 |    0 |    20 |      0 |      0 |          0 |
|               f23               |                elastic_fifo__parameterized1 |        233 |        145 |      88 |    0 |    20 |      0 |      0 |          0 |
|               f34               |              elastic_fifo__parameterized1_1 |        105 |         17 |      88 |    0 |    20 |      0 |      0 |          0 |
|               f45               |              elastic_fifo__parameterized0_2 |        445 |        273 |     172 |    0 |    20 |      0 |      0 |          0 |
|               l1                |                         fsrcnn_stream_layer |       4524 |       4383 |     136 |    5 |  4818 |      0 |      4 |         62 |
|                 gk.frontend     |                      window_stream_frontend |        243 |        107 |     136 |    0 |   293 |      0 |      4 |          0 |
|                   (gk.frontend) |                      window_stream_frontend |         19 |         19 |       0 |    0 |     1 |      0 |      0 |          0 |
|                   fifo          |                                elastic_fifo |        144 |          8 |     136 |    0 |     7 |      0 |      0 |          0 |
|                   pad           |                             same_pad_raster |         29 |         29 |       0 |    0 |    21 |      0 |      0 |          0 |
|                   win           |                         window_kminus1_bram |         51 |         51 |       0 |    0 |   264 |      0 |      4 |          0 |
|                 mac             |                             mac_issue_stage |       2746 |       2746 |       0 |    0 |  2627 |      0 |      0 |         50 |
|                   acc           |                           phase_accumulator |        512 |        512 |       0 |    0 |  1281 |      0 |      0 |          0 |
|                   issue         |                           eight_phase_issue |         67 |         67 |       0 |    0 |     6 |      0 |      0 |          0 |
|                   mac           |                          phase_mac_pipeline |       2167 |       2167 |       0 |    0 |  1340 |      0 |      0 |         50 |
|                 post            |                 vector_postprocess_shared_7 |       1535 |       1530 |       0 |    5 |  1898 |      0 |      0 |         12 |
|                   (post)        |                 vector_postprocess_shared_7 |        328 |        323 |       0 |    5 |  1696 |      0 |      0 |          0 |
|                   units[0].post |                          prelu_requantize_8 |        704 |        704 |       0 |    0 |   103 |      0 |      0 |          6 |
|                   units[1].post |                          prelu_requantize_9 |        503 |        503 |       0 |    0 |    99 |      0 |      0 |          6 |
|               l2                |         fsrcnn_stream_layer__parameterized0 |       2238 |       2233 |       0 |    5 |  2084 |      0 |      0 |         22 |
|                 mac             |             mac_issue_stage__parameterized0 |       1442 |       1442 |       0 |    0 |  1121 |      0 |      0 |         16 |
|                   (mac)         |             mac_issue_stage__parameterized0 |        825 |        825 |       0 |    0 |     0 |      0 |      0 |          0 |
|                   acc           |           phase_accumulator__parameterized0 |        400 |        400 |       0 |    0 |   641 |      0 |      0 |          0 |
|                   issue         |           eight_phase_issue__parameterized0 |          4 |          4 |       0 |    0 |   260 |      0 |      0 |          0 |
|                   mac           |          phase_mac_pipeline__parameterized0 |        221 |        221 |       0 |    0 |   220 |      0 |      0 |         16 |
|                 post            | vector_postprocess_shared__parameterized0_5 |        796 |        791 |       0 |    5 |   963 |      0 |      0 |          6 |
|                   (post)        | vector_postprocess_shared__parameterized0_5 |        183 |        178 |       0 |    5 |   860 |      0 |      0 |          0 |
|                   units[0].post |                          prelu_requantize_6 |        613 |        613 |       0 |    0 |   103 |      0 |      0 |          6 |
|               l3                |         fsrcnn_stream_layer__parameterized1 |       5120 |       4347 |     768 |    5 |  6384 |      8 |      0 |         78 |
|                 gk.frontend     |      window_stream_frontend__parameterized0 |        981 |        213 |     768 |    0 |  1379 |      8 |      0 |          0 |
|                   (gk.frontend) |      window_stream_frontend__parameterized0 |          9 |          9 |       0 |    0 |     1 |      0 |      0 |          0 |
|                   fifo          |                elastic_fifo__parameterized2 |        790 |         22 |     768 |    0 |    21 |      0 |      0 |          0 |
|                   pad           |             same_pad_raster__parameterized0 |         34 |         34 |       0 |    0 |    21 |      0 |      0 |          0 |
|                   win           |         window_kminus1_bram__parameterized0 |        148 |        148 |       0 |    0 |  1336 |      8 |      0 |          0 |
|                 mac             |             mac_issue_stage__parameterized1 |       3349 |       3349 |       0 |    0 |  4044 |      0 |      0 |         72 |
|                   (mac)         |             mac_issue_stage__parameterized1 |        723 |        723 |       0 |    0 |     0 |      0 |      0 |          0 |
|                   acc           |           phase_accumulator__parameterized1 |        342 |        342 |       0 |    0 |   641 |      0 |      0 |          0 |
|                   issue         |           eight_phase_issue__parameterized1 |        488 |        488 |       0 |    0 |  1163 |      0 |      0 |          0 |
|                   mac           |          phase_mac_pipeline__parameterized1 |       1804 |       1804 |       0 |    0 |  2240 |      0 |      0 |         72 |
|                 post            |   vector_postprocess_shared__parameterized0 |        790 |        785 |       0 |    5 |   961 |      0 |      0 |          6 |
|                   (post)        |   vector_postprocess_shared__parameterized0 |        183 |        178 |       0 |    5 |   858 |      0 |      0 |          0 |
|                   units[0].post |                          prelu_requantize_4 |        607 |        607 |       0 |    0 |   103 |      0 |      0 |          6 |
|               l4                |         fsrcnn_stream_layer__parameterized2 |       3687 |       3682 |       0 |    5 |  3328 |      0 |      0 |         28 |
|                 mac             |             mac_issue_stage__parameterized2 |       2152 |       2152 |       0 |    0 |  1441 |      0 |      0 |         16 |
|                   (mac)         |             mac_issue_stage__parameterized2 |       1437 |       1437 |       0 |    0 |     0 |      0 |      0 |          0 |
|                   acc           |           phase_accumulator__parameterized2 |        681 |        681 |       0 |    0 |  1281 |      0 |      0 |          0 |
|                   issue         |           eight_phase_issue__parameterized2 |          4 |          4 |       0 |    0 |   132 |      0 |      0 |          0 |
|                   mac           |          phase_mac_pipeline__parameterized2 |         46 |         46 |       0 |    0 |    28 |      0 |      0 |         16 |
|                 post            |                   vector_postprocess_shared |       1535 |       1530 |       0 |    5 |  1887 |      0 |      0 |         12 |
|                   (post)        |                   vector_postprocess_shared |        326 |        321 |       0 |    5 |  1685 |      0 |      0 |          0 |
|                   units[0].post |                            prelu_requantize |        706 |        706 |       0 |    0 |   103 |      0 |      0 |          6 |
|                   units[1].post |                          prelu_requantize_3 |        503 |        503 |       0 |    0 |    99 |      0 |      0 |          6 |
|               l5                |         fsrcnn_stream_layer__parameterized3 |      13998 |       9725 |    4268 |    5 | 19933 |     28 |      4 |        204 |
|                 gk.frontend     |      window_stream_frontend__parameterized1 |       5473 |       1205 |    4268 |    0 |  6847 |     28 |      4 |          0 |
|                   (gk.frontend) |      window_stream_frontend__parameterized1 |          0 |          0 |       0 |    0 |     2 |      0 |      0 |          0 |
|                   fifo          |                elastic_fifo__parameterized3 |       4367 |         99 |    4268 |    0 |    97 |      0 |      0 |          0 |
|                   pad           |             same_pad_raster__parameterized1 |         36 |         36 |       0 |    0 |    21 |      0 |      0 |          0 |
|                   win           |         window_kminus1_bram__parameterized1 |       1070 |       1070 |       0 |    0 |  6727 |     28 |      4 |          0 |
|                 mac             |             mac_issue_stage__parameterized3 |       8142 |       8142 |       0 |    0 | 12645 |      0 |      0 |        200 |
|                   acc           |           phase_accumulator__parameterized3 |        292 |        292 |       0 |    0 |   321 |      0 |      0 |          0 |
|                   issue         |           eight_phase_issue__parameterized3 |       2139 |       2139 |       0 |    0 |  6421 |      0 |      0 |          0 |
|                   mac           |          phase_mac_pipeline__parameterized3 |       5711 |       5711 |       0 |    0 |  5903 |      0 |      0 |        200 |
|                 post            |   vector_postprocess_shared__parameterized1 |        383 |        378 |       0 |    5 |   441 |      0 |      0 |          4 |
|                   (post)        |   vector_postprocess_shared__parameterized1 |        119 |        114 |       0 |    5 |   395 |      0 |      0 |          0 |
|                   units[0].post |            prelu_requantize__parameterized0 |        264 |        264 |       0 |    0 |    46 |      0 |      0 |          4 |
|               shuffle           |                   pixel_shuffle2x_row_banks |         98 |         98 |       0 |    0 |    46 |      2 |      0 |          0 |
|       u_ctrl                    |                                      c_ctrl |         13 |         13 |       0 |    0 |     8 |      0 |      0 |          0 |
|       u_in                      |                                input_stream |         37 |         37 |       0 |    0 |    21 |      0 |      0 |          0 |
|       u_out                     |                               output_stream |         60 |         60 |       0 |    0 |    51 |      0 |      0 |          0 |
|       u_pp                      |                             pingpong_buffer |        261 |        261 |       0 |    0 |   190 |     64 |      0 |          0 |
|         (u_pp)                  |                             pingpong_buffer |        169 |        169 |       0 |    0 |   188 |      0 |      0 |          0 |
|         u_bank0                 |                               stripe_buffer |         46 |         46 |       0 |    0 |     1 |     32 |      0 |          0 |
|         u_bank1                 |                             stripe_buffer_0 |         46 |         46 |       0 |    0 |     1 |     32 |      0 |          0 |
|       u_rb                      |                               readback_ctrl |          9 |          9 |       0 |    0 |    37 |      0 |      0 |          0 |
|       u_rom                     |                                   input_rom |         16 |         16 |       0 |    0 |     3 |    128 |      0 |          0 |
|       u_uart                    |                                     uart_tx |         20 |         20 |       0 |    0 |    23 |      0 |      0 |          0 |
+---------------------------------+---------------------------------------------+------------+------------+---------+------+-------+--------+--------+------------+


