Copyright 1986-2022 Xilinx, Inc. All Rights Reserved. Copyright 2022-2025 Advanced Micro Devices, Inc. All Rights Reserved.
---------------------------------------------------------------------------------------------------------------------------------------------
| Tool Version : Vivado v.2025.2 (win64) Build 6299465 Fri Nov 14 19:35:11 GMT 2025
| Date         : Sat Oct  3 18:40:44 2026
| Host         : OMENMAX running 64-bit major release  (build 9200)
| Command      : report_timing_summary -delay_type min_max -max_paths 5 -file V:/_synth_bc/eco_capacity_audit_20261003/timing_summary.rpt
| Design       : c_synth_top
| Device       : 7a200t-fbg484
| Speed File   : -2  PRODUCTION 1.23 2018-06-13
| Design State : Physopt postRoute
---------------------------------------------------------------------------------------------------------------------------------------------

Timing Summary Report

------------------------------------------------------------------------------------------------
| Timer Settings
| --------------
------------------------------------------------------------------------------------------------

  Enable Multi Corner Analysis               :  Yes
  Enable Pessimism Removal                   :  Yes
  Pessimism Removal Resolution               :  Nearest Common Node
  Enable Input Delay Default Clock           :  No
  Enable Preset / Clear Arcs                 :  No
  Disable Flight Delays                      :  No
  Ignore I/O Paths                           :  No
  Timing Early Launch at Borrowing Latches   :  No
  Borrow Time for Max Delay Exceptions       :  Yes
  Merge Timing Exceptions                    :  Yes
  Inter-SLR Compensation                     :  Conservative

  Corner  Analyze    Analyze    
  Name    Max Paths  Min Paths  
  ------  ---------  ---------  
  Slow    Yes        Yes        
  Fast    Yes        Yes        


------------------------------------------------------------------------------------------------
| Report Methodology
| ------------------
------------------------------------------------------------------------------------------------

No report available as report_methodology has not been run prior. Run report_methodology on the current design for the summary of methodology violations.



check_timing report

Table of Contents
-----------------
1. checking no_clock (0)
2. checking constant_clock (0)
3. checking pulse_width_clock (0)
4. checking unconstrained_internal_endpoints (0)
5. checking no_input_delay (1)
6. checking no_output_delay (9)
7. checking multiple_clock (0)
8. checking generated_clocks (0)
9. checking loops (0)
10. checking partial_input_delay (0)
11. checking partial_output_delay (0)
12. checking latch_loops (0)

1. checking no_clock (0)
------------------------
 There are 0 register/latch pins with no clock.


2. checking constant_clock (0)
------------------------------
 There are 0 register/latch pins with constant_clock.


3. checking pulse_width_clock (0)
---------------------------------
 There are 0 register/latch pins which need pulse_width check


4. checking unconstrained_internal_endpoints (0)
------------------------------------------------
 There are 0 pins that are not constrained for maximum delay.

 There are 0 pins that are not constrained for maximum delay due to constant clock.


5. checking no_input_delay (1)
------------------------------
 There are 0 input ports with no input delay specified.

 There is 1 input port with no input delay but user has a false path constraint. (MEDIUM)


6. checking no_output_delay (9)
-------------------------------
 There are 9 ports with no output delay specified. (HIGH)

 There are 0 ports with no output delay but user has a false path constraint

 There are 0 ports with no output delay but with a timing clock defined on it or propagating through it


7. checking multiple_clock (0)
------------------------------
 There are 0 register/latch pins with multiple clocks.


8. checking generated_clocks (0)
--------------------------------
 There are 0 generated clocks that are not connected to a clock source.


9. checking loops (0)
---------------------
 There are 0 combinational loops in the design.


10. checking partial_input_delay (0)
------------------------------------
 There are 0 input ports with partial input delay specified.


11. checking partial_output_delay (0)
-------------------------------------
 There are 0 ports with partial output delay specified.


12. checking latch_loops (0)
----------------------------
 There are 0 combinational latch loops in the design through latch input



------------------------------------------------------------------------------------------------
| Design Timing Summary
| ---------------------
------------------------------------------------------------------------------------------------

    WNS(ns)      TNS(ns)  TNS Failing Endpoints  TNS Total Endpoints      WHS(ns)      THS(ns)  THS Failing Endpoints  THS Total Endpoints     WPWS(ns)     TPWS(ns)  TPWS Failing Endpoints  TPWS Total Endpoints  
    -------      -------  ---------------------  -------------------      -------      -------  ---------------------  -------------------     --------     --------  ----------------------  --------------------  
     -0.083       -6.608                    214               179185        0.036        0.000                      0               179185        1.370        0.000                       0                 61745  


Timing constraints are not met.


------------------------------------------------------------------------------------------------
| Clock Summary
| -------------
------------------------------------------------------------------------------------------------

Clock           Waveform(ns)         Period(ns)      Frequency(MHz)
-----           ------------         ----------      --------------
sys_clk         {0.000 10.000}       20.000          50.000          
  g_mmcm.clkfb  {0.000 10.000}       20.000          50.000          
  u_top_n_1388  {0.000 2.500}        5.000           200.000         


------------------------------------------------------------------------------------------------
| Intra Clock Table
| -----------------
------------------------------------------------------------------------------------------------

Clock               WNS(ns)      TNS(ns)  TNS Failing Endpoints  TNS Total Endpoints      WHS(ns)      THS(ns)  THS Failing Endpoints  THS Total Endpoints     WPWS(ns)     TPWS(ns)  TPWS Failing Endpoints  TPWS Total Endpoints  
-----               -------      -------  ---------------------  -------------------      -------      -------  ---------------------  -------------------     --------     --------  ----------------------  --------------------  
sys_clk                                                                                                                                                           7.000        0.000                       0                     1  
  g_mmcm.clkfb                                                                                                                                                   18.751        0.000                       0                     2  
  u_top_n_1388       -0.083       -6.608                    214               179185        0.036        0.000                      0               179185        1.370        0.000                       0                 61742  


------------------------------------------------------------------------------------------------
| Inter Clock Table
| -----------------
------------------------------------------------------------------------------------------------

From Clock    To Clock          WNS(ns)      TNS(ns)  TNS Failing Endpoints  TNS Total Endpoints      WHS(ns)      THS(ns)  THS Failing Endpoints  THS Total Endpoints  
----------    --------          -------      -------  ---------------------  -------------------      -------      -------  ---------------------  -------------------  


------------------------------------------------------------------------------------------------
| Other Path Groups Table
| -----------------------
------------------------------------------------------------------------------------------------

Path Group    From Clock    To Clock          WNS(ns)      TNS(ns)  TNS Failing Endpoints  TNS Total Endpoints      WHS(ns)      THS(ns)  THS Failing Endpoints  THS Total Endpoints  
----------    ----------    --------          -------      -------  ---------------------  -------------------      -------      -------  ---------------------  -------------------  


------------------------------------------------------------------------------------------------
| Timing Details
| --------------
------------------------------------------------------------------------------------------------


---------------------------------------------------------------------------------------------------
From Clock:  sys_clk
  To Clock:  sys_clk

Setup :           NA  Failing Endpoints,  Worst Slack           NA  ,  Total Violation           NA
Hold  :           NA  Failing Endpoints,  Worst Slack           NA  ,  Total Violation           NA
PW    :            0  Failing Endpoints,  Worst Slack        7.000ns,  Total Violation        0.000ns
---------------------------------------------------------------------------------------------------


Pulse Width Checks
--------------------------------------------------------------------------------------
Clock Name:         sys_clk
Waveform(ns):       { 0.000 10.000 }
Period(ns):         20.000
Sources:            { sys_clk }

Check Type        Corner  Lib Pin            Reference Pin  Required(ns)  Actual(ns)  Slack(ns)  Location         Pin
Min Period        n/a     MMCME2_ADV/CLKIN1  n/a            1.249         20.000      18.751     MMCME2_ADV_X0Y2  u_top/g_mmcm.u_mmcm/CLKIN1
Max Period        n/a     MMCME2_ADV/CLKIN1  n/a            100.000       20.000      80.000     MMCME2_ADV_X0Y2  u_top/g_mmcm.u_mmcm/CLKIN1
Low Pulse Width   Slow    MMCME2_ADV/CLKIN1  n/a            3.000         10.000      7.000      MMCME2_ADV_X0Y2  u_top/g_mmcm.u_mmcm/CLKIN1
Low Pulse Width   Fast    MMCME2_ADV/CLKIN1  n/a            3.000         10.000      7.000      MMCME2_ADV_X0Y2  u_top/g_mmcm.u_mmcm/CLKIN1
High Pulse Width  Slow    MMCME2_ADV/CLKIN1  n/a            3.000         10.000      7.000      MMCME2_ADV_X0Y2  u_top/g_mmcm.u_mmcm/CLKIN1
High Pulse Width  Fast    MMCME2_ADV/CLKIN1  n/a            3.000         10.000      7.000      MMCME2_ADV_X0Y2  u_top/g_mmcm.u_mmcm/CLKIN1



---------------------------------------------------------------------------------------------------
From Clock:  g_mmcm.clkfb
  To Clock:  g_mmcm.clkfb

Setup :           NA  Failing Endpoints,  Worst Slack           NA  ,  Total Violation           NA
Hold  :           NA  Failing Endpoints,  Worst Slack           NA  ,  Total Violation           NA
PW    :            0  Failing Endpoints,  Worst Slack       18.751ns,  Total Violation        0.000ns
---------------------------------------------------------------------------------------------------


Pulse Width Checks
--------------------------------------------------------------------------------------
Clock Name:         g_mmcm.clkfb
Waveform(ns):       { 0.000 10.000 }
Period(ns):         20.000
Sources:            { u_top/g_mmcm.u_mmcm/CLKFBOUT }

Check Type  Corner  Lib Pin              Reference Pin  Required(ns)  Actual(ns)  Slack(ns)  Location         Pin
Min Period  n/a     MMCME2_ADV/CLKFBOUT  n/a            1.249         20.000      18.751     MMCME2_ADV_X0Y2  u_top/g_mmcm.u_mmcm/CLKFBOUT
Min Period  n/a     MMCME2_ADV/CLKFBIN   n/a            1.249         20.000      18.751     MMCME2_ADV_X0Y2  u_top/g_mmcm.u_mmcm/CLKFBIN
Max Period  n/a     MMCME2_ADV/CLKFBIN   n/a            100.000       20.000      80.000     MMCME2_ADV_X0Y2  u_top/g_mmcm.u_mmcm/CLKFBIN
Max Period  n/a     MMCME2_ADV/CLKFBOUT  n/a            213.360       20.000      193.360    MMCME2_ADV_X0Y2  u_top/g_mmcm.u_mmcm/CLKFBOUT



---------------------------------------------------------------------------------------------------
From Clock:  u_top_n_1388
  To Clock:  u_top_n_1388

Setup :          214  Failing Endpoints,  Worst Slack       -0.083ns,  Total Violation       -6.608ns
Hold  :            0  Failing Endpoints,  Worst Slack        0.036ns,  Total Violation        0.000ns
PW    :            0  Failing Endpoints,  Worst Slack        1.370ns,  Total Violation        0.000ns
---------------------------------------------------------------------------------------------------


Max Delay Paths
--------------------------------------------------------------------------------------
Slack (VIOLATED) :        -0.083ns  (required time - arrival time)
  Source:                 u_top/u_core/u_b/u_b_core/core/core/l5/mac/mac/tree_stage[6].valid_q_reg[7]/C
                            (rising edge-triggered cell FDRE clocked by u_top_n_1388  {rise@0.000ns fall@2.500ns period=5.000ns})
  Destination:            u_top/u_core/u_b/u_b_core/core/core/l5/gk.frontend/fifo/g_wide_read.g_read_slice[52].mem_slice_reg_0_3_60_63/RAMA/WE
                            (rising edge-triggered cell RAMD32 clocked by u_top_n_1388  {rise@0.000ns fall@2.500ns period=5.000ns})
  Path Group:             u_top_n_1388
  Path Type:              Setup (Max at Slow Process Corner)
  Requirement:            5.000ns  (u_top_n_1388 rise@5.000ns - u_top_n_1388 rise@0.000ns)
  Data Path Delay:        4.634ns  (logic 0.748ns (16.143%)  route 3.886ns (83.857%))
  Logic Levels:           3  (LUT3=1 LUT6=2)
  Clock Path Skew:        0.051ns (DCD - SCD + CPR)
    Destination Clock Delay (DCD):    5.657ns = ( 10.657 - 5.000 ) 
    Source Clock Delay      (SCD):    5.823ns
    Clock Pessimism Removal (CPR):    0.217ns
  Clock Uncertainty:      0.069ns  ((TSJ^2 + DJ^2)^1/2) / 2 + PE + UU
    Total System Jitter     (TSJ):    0.071ns
    Discrete Jitter          (DJ):    0.118ns
    Phase Error              (PE):    0.000ns
    User Uncertainty         (UU):    0.000ns

    Location             Delay type                Incr(ns)  Path(ns)    Netlist Resource(s)
  -------------------------------------------------------------------    -------------------
                         (clock u_top_n_1388 rise edge)
                                                      0.000     0.000 r  
    W19                                               0.000     0.000 r  sys_clk (IN)
                         net (fo=0)                   0.000     0.000    sys_clk
    W19                  IBUF (Prop_ibuf_I_O)         1.440     1.440 r  sys_clk_IBUF_inst/O
                         net (fo=1, routed)           1.065     2.505    u_top/sys_clk_IBUF
    MMCME2_ADV_X0Y2      MMCME2_ADV (Prop_mmcme2_adv_CLKIN1_CLKOUT0)
                                                      0.077     2.582 r  u_top/g_mmcm.u_mmcm/CLKOUT0
                         net (fo=1, routed)           1.559     4.141    u_top_n_1388
    BUFGCTRL_X0Y1        BUFG (Prop_bufg_I_O)         0.081     4.222 r  input_slot_reg[1][511]_i_3_replica/O
                         net (fo=8, routed)           0.118     4.340    clk_200_repN
    BUFGCTRL_X0Y0        BUFG (Prop_bufg_I_O)         0.081     4.421 r  input_slot_reg[1][511]_i_3/O
                         net (fo=61738, routed)       1.402     5.823    u_top/u_core/u_b/u_b_core/core/core/l5/mac/mac/clk_200
    SLICE_X102Y153       FDRE                                         r  u_top/u_core/u_b/u_b_core/core/core/l5/mac/mac/tree_stage[6].valid_q_reg[7]/C
  -------------------------------------------------------------------    -------------------
    SLICE_X102Y153       FDRE (Prop_fdre_C_Q)         0.433     6.256 f  u_top/u_core/u_b/u_b_core/core/core/l5/mac/mac/tree_stage[6].valid_q_reg[7]/Q
                         net (fo=16, routed)          0.583     6.840    u_top/u_core/u_b/u_b_core/core/core/l5/mac/mac/partial_valid
    SLICE_X103Y153       LUT6 (Prop_lut6_I2_O)        0.105     6.945 r  u_top/u_core/u_b/u_b_core/core/core/l5/mac/mac/out_lane[3].mult_lane[48].operand_pipe.act_q[15]_i_3/O
                         net (fo=22, routed)          0.591     7.536    u_top/u_core/u_b/u_b_core/core/core/l5/mac/issue/ready_3_alias
    SLICE_X103Y146       LUT6 (Prop_lut6_I4_O)        0.105     7.641 r  u_top/u_core/u_b/u_b_core/core/core/l5/mac/issue/wr_ptr[1]_i_2__0_comp/O
                         net (fo=31, routed)          1.010     8.651    u_top/u_core/u_b/u_b_core/core/core/l5/gk.frontend/win/window_ready
    SLICE_X106Y123       LUT3 (Prop_lut3_I1_O)        0.105     8.756 r  u_top/u_core/u_b/u_b_core/core/core/l5/gk.frontend/win/g_wide_read.g_read_slice[48].mem_slice_reg_0_3_0_5_i_1/O
                         net (fo=1056, routed)        1.701    10.457    u_top/u_core/u_b/u_b_core/core/core/l5/gk.frontend/fifo/g_wide_read.g_read_slice[52].mem_slice_reg_0_3_60_63/WE
    SLICE_X124Y88        RAMD32                                       r  u_top/u_core/u_b/u_b_core/core/core/l5/gk.frontend/fifo/g_wide_read.g_read_slice[52].mem_slice_reg_0_3_60_63/RAMA/WE
  -------------------------------------------------------------------    -------------------

                         (clock u_top_n_1388 rise edge)
                                                      5.000     5.000 r  
    W19                                               0.000     5.000 r  sys_clk (IN)
                         net (fo=0)                   0.000     5.000    sys_clk
    W19                  IBUF (Prop_ibuf_I_O)         1.374     6.374 r  sys_clk_IBUF_inst/O
                         net (fo=1, routed)           1.004     7.378    u_top/sys_clk_IBUF
    MMCME2_ADV_X0Y2      MMCME2_ADV (Prop_mmcme2_adv_CLKIN1_CLKOUT0)
                                                      0.073     7.451 r  u_top/g_mmcm.u_mmcm/CLKOUT0
                         net (fo=1, routed)           1.488     8.938    u_top_n_1388
    BUFGCTRL_X0Y1        BUFG (Prop_bufg_I_O)         0.077     9.015 r  input_slot_reg[1][511]_i_3_replica/O
                         net (fo=8, routed)           0.112     9.127    clk_200_repN
    BUFGCTRL_X0Y0        BUFG (Prop_bufg_I_O)         0.077     9.204 r  input_slot_reg[1][511]_i_3/O
                         net (fo=61738, routed)       1.453    10.657    u_top/u_core/u_b/u_b_core/core/core/l5/gk.frontend/fifo/g_wide_read.g_read_slice[52].mem_slice_reg_0_3_60_63/WCLK
    SLICE_X124Y88        RAMD32                                       r  u_top/u_core/u_b/u_b_core/core/core/l5/gk.frontend/fifo/g_wide_read.g_read_slice[52].mem_slice_reg_0_3_60_63/RAMA/CLK
                         clock pessimism              0.217    10.874    
                         clock uncertainty           -0.069    10.805    
    SLICE_X124Y88        RAMD32 (Setup_ramd32_CLK_WE)
                                                     -0.431    10.374    u_top/u_core/u_b/u_b_core/core/core/l5/gk.frontend/fifo/g_wide_read.g_read_slice[52].mem_slice_reg_0_3_60_63/RAMA
  -------------------------------------------------------------------
                         required time                         10.374    
                         arrival time                         -10.457    
  -------------------------------------------------------------------
                         slack                                 -0.083    

Slack (VIOLATED) :        -0.083ns  (required time - arrival time)
  Source:                 u_top/u_core/u_b/u_b_core/core/core/l5/mac/mac/tree_stage[6].valid_q_reg[7]/C
                            (rising edge-triggered cell FDRE clocked by u_top_n_1388  {rise@0.000ns fall@2.500ns period=5.000ns})
  Destination:            u_top/u_core/u_b/u_b_core/core/core/l5/gk.frontend/fifo/g_wide_read.g_read_slice[52].mem_slice_reg_0_3_60_63/RAMA_D1/WE
                            (rising edge-triggered cell RAMD32 clocked by u_top_n_1388  {rise@0.000ns fall@2.500ns period=5.000ns})
  Path Group:             u_top_n_1388
  Path Type:              Setup (Max at Slow Process Corner)
  Requirement:            5.000ns  (u_top_n_1388 rise@5.000ns - u_top_n_1388 rise@0.000ns)
  Data Path Delay:        4.634ns  (logic 0.748ns (16.143%)  route 3.886ns (83.857%))
  Logic Levels:           3  (LUT3=1 LUT6=2)
  Clock Path Skew:        0.051ns (DCD - SCD + CPR)
    Destination Clock Delay (DCD):    5.657ns = ( 10.657 - 5.000 ) 
    Source Clock Delay      (SCD):    5.823ns
    Clock Pessimism Removal (CPR):    0.217ns
  Clock Uncertainty:      0.069ns  ((TSJ^2 + DJ^2)^1/2) / 2 + PE + UU
    Total System Jitter     (TSJ):    0.071ns
    Discrete Jitter          (DJ):    0.118ns
    Phase Error              (PE):    0.000ns
    User Uncertainty         (UU):    0.000ns

    Location             Delay type                Incr(ns)  Path(ns)    Netlist Resource(s)
  -------------------------------------------------------------------    -------------------
                         (clock u_top_n_1388 rise edge)
                                                      0.000     0.000 r  
    W19                                               0.000     0.000 r  sys_clk (IN)
                         net (fo=0)                   0.000     0.000    sys_clk
    W19                  IBUF (Prop_ibuf_I_O)         1.440     1.440 r  sys_clk_IBUF_inst/O
                         net (fo=1, routed)           1.065     2.505    u_top/sys_clk_IBUF
    MMCME2_ADV_X0Y2      MMCME2_ADV (Prop_mmcme2_adv_CLKIN1_CLKOUT0)
                                                      0.077     2.582 r  u_top/g_mmcm.u_mmcm/CLKOUT0
                         net (fo=1, routed)           1.559     4.141    u_top_n_1388
    BUFGCTRL_X0Y1        BUFG (Prop_bufg_I_O)         0.081     4.222 r  input_slot_reg[1][511]_i_3_replica/O
                         net (fo=8, routed)           0.118     4.340    clk_200_repN
    BUFGCTRL_X0Y0        BUFG (Prop_bufg_I_O)         0.081     4.421 r  input_slot_reg[1][511]_i_3/O
                         net (fo=61738, routed)       1.402     5.823    u_top/u_core/u_b/u_b_core/core/core/l5/mac/mac/clk_200
    SLICE_X102Y153       FDRE                                         r  u_top/u_core/u_b/u_b_core/core/core/l5/mac/mac/tree_stage[6].valid_q_reg[7]/C
  -------------------------------------------------------------------    -------------------
    SLICE_X102Y153       FDRE (Prop_fdre_C_Q)         0.433     6.256 f  u_top/u_core/u_b/u_b_core/core/core/l5/mac/mac/tree_stage[6].valid_q_reg[7]/Q
                         net (fo=16, routed)          0.583     6.840    u_top/u_core/u_b/u_b_core/core/core/l5/mac/mac/partial_valid
    SLICE_X103Y153       LUT6 (Prop_lut6_I2_O)        0.105     6.945 r  u_top/u_core/u_b/u_b_core/core/core/l5/mac/mac/out_lane[3].mult_lane[48].operand_pipe.act_q[15]_i_3/O
                         net (fo=22, routed)          0.591     7.536    u_top/u_core/u_b/u_b_core/core/core/l5/mac/issue/ready_3_alias
    SLICE_X103Y146       LUT6 (Prop_lut6_I4_O)        0.105     7.641 r  u_top/u_core/u_b/u_b_core/core/core/l5/mac/issue/wr_ptr[1]_i_2__0_comp/O
                         net (fo=31, routed)          1.010     8.651    u_top/u_core/u_b/u_b_core/core/core/l5/gk.frontend/win/window_ready
    SLICE_X106Y123       LUT3 (Prop_lut3_I1_O)        0.105     8.756 r  u_top/u_core/u_b/u_b_core/core/core/l5/gk.frontend/win/g_wide_read.g_read_slice[48].mem_slice_reg_0_3_0_5_i_1/O
                         net (fo=1056, routed)        1.701    10.457    u_top/u_core/u_b/u_b_core/core/core/l5/gk.frontend/fifo/g_wide_read.g_read_slice[52].mem_slice_reg_0_3_60_63/WE
    SLICE_X124Y88        RAMD32                                       r  u_top/u_core/u_b/u_b_core/core/core/l5/gk.frontend/fifo/g_wide_read.g_read_slice[52].mem_slice_reg_0_3_60_63/RAMA_D1/WE
  -------------------------------------------------------------------    -------------------

                         (clock u_top_n_1388 rise edge)
                                                      5.000     5.000 r  
    W19                                               0.000     5.000 r  sys_clk (IN)
                         net (fo=0)                   0.000     5.000    sys_clk
    W19                  IBUF (Prop_ibuf_I_O)         1.374     6.374 r  sys_clk_IBUF_inst/O
                         net (fo=1, routed)           1.004     7.378    u_top/sys_clk_IBUF
    MMCME2_ADV_X0Y2      MMCME2_ADV (Prop_mmcme2_adv_CLKIN1_CLKOUT0)
                                                      0.073     7.451 r  u_top/g_mmcm.u_mmcm/CLKOUT0
                         net (fo=1, routed)           1.488     8.938    u_top_n_1388
    BUFGCTRL_X0Y1        BUFG (Prop_bufg_I_O)         0.077     9.015 r  input_slot_reg[1][511]_i_3_replica/O
                         net (fo=8, routed)           0.112     9.127    clk_200_repN
    BUFGCTRL_X0Y0        BUFG (Prop_bufg_I_O)         0.077     9.204 r  input_slot_reg[1][511]_i_3/O
                         net (fo=61738, routed)       1.453    10.657    u_top/u_core/u_b/u_b_core/core/core/l5/gk.frontend/fifo/g_wide_read.g_read_slice[52].mem_slice_reg_0_3_60_63/WCLK
    SLICE_X124Y88        RAMD32                                       r  u_top/u_core/u_b/u_b_core/core/core/l5/gk.frontend/fifo/g_wide_read.g_read_slice[52].mem_slice_reg_0_3_60_63/RAMA_D1/CLK
                         clock pessimism              0.217    10.874    
                         clock uncertainty           -0.069    10.805    
    SLICE_X124Y88        RAMD32 (Setup_ramd32_CLK_WE)
                                                     -0.431    10.374    u_top/u_core/u_b/u_b_core/core/core/l5/gk.frontend/fifo/g_wide_read.g_read_slice[52].mem_slice_reg_0_3_60_63/RAMA_D1
  -------------------------------------------------------------------
                         required time                         10.374    
                         arrival time                         -10.457    
  -------------------------------------------------------------------
                         slack                                 -0.083    

Slack (VIOLATED) :        -0.083ns  (required time - arrival time)
  Source:                 u_top/u_core/u_b/u_b_core/core/core/l5/mac/mac/tree_stage[6].valid_q_reg[7]/C
                            (rising edge-triggered cell FDRE clocked by u_top_n_1388  {rise@0.000ns fall@2.500ns period=5.000ns})
  Destination:            u_top/u_core/u_b/u_b_core/core/core/l5/gk.frontend/fifo/g_wide_read.g_read_slice[52].mem_slice_reg_0_3_60_63/RAMB/WE
                            (rising edge-triggered cell RAMD32 clocked by u_top_n_1388  {rise@0.000ns fall@2.500ns period=5.000ns})
  Path Group:             u_top_n_1388
  Path Type:              Setup (Max at Slow Process Corner)
  Requirement:            5.000ns  (u_top_n_1388 rise@5.000ns - u_top_n_1388 rise@0.000ns)
  Data Path Delay:        4.634ns  (logic 0.748ns (16.143%)  route 3.886ns (83.857%))
  Logic Levels:           3  (LUT3=1 LUT6=2)
  Clock Path Skew:        0.051ns (DCD - SCD + CPR)
    Destination Clock Delay (DCD):    5.657ns = ( 10.657 - 5.000 ) 
    Source Clock Delay      (SCD):    5.823ns
    Clock Pessimism Removal (CPR):    0.217ns
  Clock Uncertainty:      0.069ns  ((TSJ^2 + DJ^2)^1/2) / 2 + PE + UU
    Total System Jitter     (TSJ):    0.071ns
    Discrete Jitter          (DJ):    0.118ns
    Phase Error              (PE):    0.000ns
    User Uncertainty         (UU):    0.000ns

    Location             Delay type                Incr(ns)  Path(ns)    Netlist Resource(s)
  -------------------------------------------------------------------    -------------------
                         (clock u_top_n_1388 rise edge)
                                                      0.000     0.000 r  
    W19                                               0.000     0.000 r  sys_clk (IN)
                         net (fo=0)                   0.000     0.000    sys_clk
    W19                  IBUF (Prop_ibuf_I_O)         1.440     1.440 r  sys_clk_IBUF_inst/O
                         net (fo=1, routed)           1.065     2.505    u_top/sys_clk_IBUF
    MMCME2_ADV_X0Y2      MMCME2_ADV (Prop_mmcme2_adv_CLKIN1_CLKOUT0)
                                                      0.077     2.582 r  u_top/g_mmcm.u_mmcm/CLKOUT0
                         net (fo=1, routed)           1.559     4.141    u_top_n_1388
    BUFGCTRL_X0Y1        BUFG (Prop_bufg_I_O)         0.081     4.222 r  input_slot_reg[1][511]_i_3_replica/O
                         net (fo=8, routed)           0.118     4.340    clk_200_repN
    BUFGCTRL_X0Y0        BUFG (Prop_bufg_I_O)         0.081     4.421 r  input_slot_reg[1][511]_i_3/O
                         net (fo=61738, routed)       1.402     5.823    u_top/u_core/u_b/u_b_core/core/core/l5/mac/mac/clk_200
    SLICE_X102Y153       FDRE                                         r  u_top/u_core/u_b/u_b_core/core/core/l5/mac/mac/tree_stage[6].valid_q_reg[7]/C
  -------------------------------------------------------------------    -------------------
    SLICE_X102Y153       FDRE (Prop_fdre_C_Q)         0.433     6.256 f  u_top/u_core/u_b/u_b_core/core/core/l5/mac/mac/tree_stage[6].valid_q_reg[7]/Q
                         net (fo=16, routed)          0.583     6.840    u_top/u_core/u_b/u_b_core/core/core/l5/mac/mac/partial_valid
    SLICE_X103Y153       LUT6 (Prop_lut6_I2_O)        0.105     6.945 r  u_top/u_core/u_b/u_b_core/core/core/l5/mac/mac/out_lane[3].mult_lane[48].operand_pipe.act_q[15]_i_3/O
                         net (fo=22, routed)          0.591     7.536    u_top/u_core/u_b/u_b_core/core/core/l5/mac/issue/ready_3_alias
    SLICE_X103Y146       LUT6 (Prop_lut6_I4_O)        0.105     7.641 r  u_top/u_core/u_b/u_b_core/core/core/l5/mac/issue/wr_ptr[1]_i_2__0_comp/O
                         net (fo=31, routed)          1.010     8.651    u_top/u_core/u_b/u_b_core/core/core/l5/gk.frontend/win/window_ready
    SLICE_X106Y123       LUT3 (Prop_lut3_I1_O)        0.105     8.756 r  u_top/u_core/u_b/u_b_core/core/core/l5/gk.frontend/win/g_wide_read.g_read_slice[48].mem_slice_reg_0_3_0_5_i_1/O
                         net (fo=1056, routed)        1.701    10.457    u_top/u_core/u_b/u_b_core/core/core/l5/gk.frontend/fifo/g_wide_read.g_read_slice[52].mem_slice_reg_0_3_60_63/WE
    SLICE_X124Y88        RAMD32                                       r  u_top/u_core/u_b/u_b_core/core/core/l5/gk.frontend/fifo/g_wide_read.g_read_slice[52].mem_slice_reg_0_3_60_63/RAMB/WE
  -------------------------------------------------------------------    -------------------

                         (clock u_top_n_1388 rise edge)
                                                      5.000     5.000 r  
    W19                                               0.000     5.000 r  sys_clk (IN)
                         net (fo=0)                   0.000     5.000    sys_clk
    W19                  IBUF (Prop_ibuf_I_O)         1.374     6.374 r  sys_clk_IBUF_inst/O
                         net (fo=1, routed)           1.004     7.378    u_top/sys_clk_IBUF
    MMCME2_ADV_X0Y2      MMCME2_ADV (Prop_mmcme2_adv_CLKIN1_CLKOUT0)
                                                      0.073     7.451 r  u_top/g_mmcm.u_mmcm/CLKOUT0
                         net (fo=1, routed)           1.488     8.938    u_top_n_1388
    BUFGCTRL_X0Y1        BUFG (Prop_bufg_I_O)         0.077     9.015 r  input_slot_reg[1][511]_i_3_replica/O
                         net (fo=8, routed)           0.112     9.127    clk_200_repN
    BUFGCTRL_X0Y0        BUFG (Prop_bufg_I_O)         0.077     9.204 r  input_slot_reg[1][511]_i_3/O
                         net (fo=61738, routed)       1.453    10.657    u_top/u_core/u_b/u_b_core/core/core/l5/gk.frontend/fifo/g_wide_read.g_read_slice[52].mem_slice_reg_0_3_60_63/WCLK
    SLICE_X124Y88        RAMD32                                       r  u_top/u_core/u_b/u_b_core/core/core/l5/gk.frontend/fifo/g_wide_read.g_read_slice[52].mem_slice_reg_0_3_60_63/RAMB/CLK
                         clock pessimism              0.217    10.874    
                         clock uncertainty           -0.069    10.805    
    SLICE_X124Y88        RAMD32 (Setup_ramd32_CLK_WE)
                                                     -0.431    10.374    u_top/u_core/u_b/u_b_core/core/core/l5/gk.frontend/fifo/g_wide_read.g_read_slice[52].mem_slice_reg_0_3_60_63/RAMB
  -------------------------------------------------------------------
                         required time                         10.374    
                         arrival time                         -10.457    
  -------------------------------------------------------------------
                         slack                                 -0.083    

Slack (VIOLATED) :        -0.083ns  (required time - arrival time)
  Source:                 u_top/u_core/u_b/u_b_core/core/core/l5/mac/mac/tree_stage[6].valid_q_reg[7]/C
                            (rising edge-triggered cell FDRE clocked by u_top_n_1388  {rise@0.000ns fall@2.500ns period=5.000ns})
  Destination:            u_top/u_core/u_b/u_b_core/core/core/l5/gk.frontend/fifo/g_wide_read.g_read_slice[52].mem_slice_reg_0_3_60_63/RAMB_D1/WE
                            (rising edge-triggered cell RAMD32 clocked by u_top_n_1388  {rise@0.000ns fall@2.500ns period=5.000ns})
  Path Group:             u_top_n_1388
  Path Type:              Setup (Max at Slow Process Corner)
  Requirement:            5.000ns  (u_top_n_1388 rise@5.000ns - u_top_n_1388 rise@0.000ns)
  Data Path Delay:        4.634ns  (logic 0.748ns (16.143%)  route 3.886ns (83.857%))
  Logic Levels:           3  (LUT3=1 LUT6=2)
  Clock Path Skew:        0.051ns (DCD - SCD + CPR)
    Destination Clock Delay (DCD):    5.657ns = ( 10.657 - 5.000 ) 
    Source Clock Delay      (SCD):    5.823ns
    Clock Pessimism Removal (CPR):    0.217ns
  Clock Uncertainty:      0.069ns  ((TSJ^2 + DJ^2)^1/2) / 2 + PE + UU
    Total System Jitter     (TSJ):    0.071ns
    Discrete Jitter          (DJ):    0.118ns
    Phase Error              (PE):    0.000ns
    User Uncertainty         (UU):    0.000ns

    Location             Delay type                Incr(ns)  Path(ns)    Netlist Resource(s)
  -------------------------------------------------------------------    -------------------
                         (clock u_top_n_1388 rise edge)
                                                      0.000     0.000 r  
    W19                                               0.000     0.000 r  sys_clk (IN)
                         net (fo=0)                   0.000     0.000    sys_clk
    W19                  IBUF (Prop_ibuf_I_O)         1.440     1.440 r  sys_clk_IBUF_inst/O
                         net (fo=1, routed)           1.065     2.505    u_top/sys_clk_IBUF
    MMCME2_ADV_X0Y2      MMCME2_ADV (Prop_mmcme2_adv_CLKIN1_CLKOUT0)
                                                      0.077     2.582 r  u_top/g_mmcm.u_mmcm/CLKOUT0
                         net (fo=1, routed)           1.559     4.141    u_top_n_1388
    BUFGCTRL_X0Y1        BUFG (Prop_bufg_I_O)         0.081     4.222 r  input_slot_reg[1][511]_i_3_replica/O
                         net (fo=8, routed)           0.118     4.340    clk_200_repN
    BUFGCTRL_X0Y0        BUFG (Prop_bufg_I_O)         0.081     4.421 r  input_slot_reg[1][511]_i_3/O
                         net (fo=61738, routed)       1.402     5.823    u_top/u_core/u_b/u_b_core/core/core/l5/mac/mac/clk_200
    SLICE_X102Y153       FDRE                                         r  u_top/u_core/u_b/u_b_core/core/core/l5/mac/mac/tree_stage[6].valid_q_reg[7]/C
  -------------------------------------------------------------------    -------------------
    SLICE_X102Y153       FDRE (Prop_fdre_C_Q)         0.433     6.256 f  u_top/u_core/u_b/u_b_core/core/core/l5/mac/mac/tree_stage[6].valid_q_reg[7]/Q
                         net (fo=16, routed)          0.583     6.840    u_top/u_core/u_b/u_b_core/core/core/l5/mac/mac/partial_valid
    SLICE_X103Y153       LUT6 (Prop_lut6_I2_O)        0.105     6.945 r  u_top/u_core/u_b/u_b_core/core/core/l5/mac/mac/out_lane[3].mult_lane[48].operand_pipe.act_q[15]_i_3/O
                         net (fo=22, routed)          0.591     7.536    u_top/u_core/u_b/u_b_core/core/core/l5/mac/issue/ready_3_alias
    SLICE_X103Y146       LUT6 (Prop_lut6_I4_O)        0.105     7.641 r  u_top/u_core/u_b/u_b_core/core/core/l5/mac/issue/wr_ptr[1]_i_2__0_comp/O
                         net (fo=31, routed)          1.010     8.651    u_top/u_core/u_b/u_b_core/core/core/l5/gk.frontend/win/window_ready
    SLICE_X106Y123       LUT3 (Prop_lut3_I1_O)        0.105     8.756 r  u_top/u_core/u_b/u_b_core/core/core/l5/gk.frontend/win/g_wide_read.g_read_slice[48].mem_slice_reg_0_3_0_5_i_1/O
                         net (fo=1056, routed)        1.701    10.457    u_top/u_core/u_b/u_b_core/core/core/l5/gk.frontend/fifo/g_wide_read.g_read_slice[52].mem_slice_reg_0_3_60_63/WE
    SLICE_X124Y88        RAMD32                                       r  u_top/u_core/u_b/u_b_core/core/core/l5/gk.frontend/fifo/g_wide_read.g_read_slice[52].mem_slice_reg_0_3_60_63/RAMB_D1/WE
  -------------------------------------------------------------------    -------------------

                         (clock u_top_n_1388 rise edge)
                                                      5.000     5.000 r  
    W19                                               0.000     5.000 r  sys_clk (IN)
                         net (fo=0)                   0.000     5.000    sys_clk
    W19                  IBUF (Prop_ibuf_I_O)         1.374     6.374 r  sys_clk_IBUF_inst/O
                         net (fo=1, routed)           1.004     7.378    u_top/sys_clk_IBUF
    MMCME2_ADV_X0Y2      MMCME2_ADV (Prop_mmcme2_adv_CLKIN1_CLKOUT0)
                                                      0.073     7.451 r  u_top/g_mmcm.u_mmcm/CLKOUT0
                         net (fo=1, routed)           1.488     8.938    u_top_n_1388
    BUFGCTRL_X0Y1        BUFG (Prop_bufg_I_O)         0.077     9.015 r  input_slot_reg[1][511]_i_3_replica/O
                         net (fo=8, routed)           0.112     9.127    clk_200_repN
    BUFGCTRL_X0Y0        BUFG (Prop_bufg_I_O)         0.077     9.204 r  input_slot_reg[1][511]_i_3/O
                         net (fo=61738, routed)       1.453    10.657    u_top/u_core/u_b/u_b_core/core/core/l5/gk.frontend/fifo/g_wide_read.g_read_slice[52].mem_slice_reg_0_3_60_63/WCLK
    SLICE_X124Y88        RAMD32                                       r  u_top/u_core/u_b/u_b_core/core/core/l5/gk.frontend/fifo/g_wide_read.g_read_slice[52].mem_slice_reg_0_3_60_63/RAMB_D1/CLK
                         clock pessimism              0.217    10.874    
                         clock uncertainty           -0.069    10.805    
    SLICE_X124Y88        RAMD32 (Setup_ramd32_CLK_WE)
                                                     -0.431    10.374    u_top/u_core/u_b/u_b_core/core/core/l5/gk.frontend/fifo/g_wide_read.g_read_slice[52].mem_slice_reg_0_3_60_63/RAMB_D1
  -------------------------------------------------------------------
                         required time                         10.374    
                         arrival time                         -10.457    
  -------------------------------------------------------------------
                         slack                                 -0.083    

Slack (VIOLATED) :        -0.083ns  (required time - arrival time)
  Source:                 u_top/u_core/u_b/u_b_core/core/core/l5/mac/mac/tree_stage[6].valid_q_reg[7]/C
                            (rising edge-triggered cell FDRE clocked by u_top_n_1388  {rise@0.000ns fall@2.500ns period=5.000ns})
  Destination:            u_top/u_core/u_b/u_b_core/core/core/l5/gk.frontend/fifo/g_wide_read.g_read_slice[52].mem_slice_reg_0_3_60_63/RAMC/WE
                            (rising edge-triggered cell RAMD32 clocked by u_top_n_1388  {rise@0.000ns fall@2.500ns period=5.000ns})
  Path Group:             u_top_n_1388
  Path Type:              Setup (Max at Slow Process Corner)
  Requirement:            5.000ns  (u_top_n_1388 rise@5.000ns - u_top_n_1388 rise@0.000ns)
  Data Path Delay:        4.634ns  (logic 0.748ns (16.143%)  route 3.886ns (83.857%))
  Logic Levels:           3  (LUT3=1 LUT6=2)
  Clock Path Skew:        0.051ns (DCD - SCD + CPR)
    Destination Clock Delay (DCD):    5.657ns = ( 10.657 - 5.000 ) 
    Source Clock Delay      (SCD):    5.823ns
    Clock Pessimism Removal (CPR):    0.217ns
  Clock Uncertainty:      0.069ns  ((TSJ^2 + DJ^2)^1/2) / 2 + PE + UU
    Total System Jitter     (TSJ):    0.071ns
    Discrete Jitter          (DJ):    0.118ns
    Phase Error              (PE):    0.000ns
    User Uncertainty         (UU):    0.000ns

    Location             Delay type                Incr(ns)  Path(ns)    Netlist Resource(s)
  -------------------------------------------------------------------    -------------------
                         (clock u_top_n_1388 rise edge)
                                                      0.000     0.000 r  
    W19                                               0.000     0.000 r  sys_clk (IN)
                         net (fo=0)                   0.000     0.000    sys_clk
    W19                  IBUF (Prop_ibuf_I_O)         1.440     1.440 r  sys_clk_IBUF_inst/O
                         net (fo=1, routed)           1.065     2.505    u_top/sys_clk_IBUF
    MMCME2_ADV_X0Y2      MMCME2_ADV (Prop_mmcme2_adv_CLKIN1_CLKOUT0)
                                                      0.077     2.582 r  u_top/g_mmcm.u_mmcm/CLKOUT0
                         net (fo=1, routed)           1.559     4.141    u_top_n_1388
    BUFGCTRL_X0Y1        BUFG (Prop_bufg_I_O)         0.081     4.222 r  input_slot_reg[1][511]_i_3_replica/O
                         net (fo=8, routed)           0.118     4.340    clk_200_repN
    BUFGCTRL_X0Y0        BUFG (Prop_bufg_I_O)         0.081     4.421 r  input_slot_reg[1][511]_i_3/O
                         net (fo=61738, routed)       1.402     5.823    u_top/u_core/u_b/u_b_core/core/core/l5/mac/mac/clk_200
    SLICE_X102Y153       FDRE                                         r  u_top/u_core/u_b/u_b_core/core/core/l5/mac/mac/tree_stage[6].valid_q_reg[7]/C
  -------------------------------------------------------------------    -------------------
    SLICE_X102Y153       FDRE (Prop_fdre_C_Q)         0.433     6.256 f  u_top/u_core/u_b/u_b_core/core/core/l5/mac/mac/tree_stage[6].valid_q_reg[7]/Q
                         net (fo=16, routed)          0.583     6.840    u_top/u_core/u_b/u_b_core/core/core/l5/mac/mac/partial_valid
    SLICE_X103Y153       LUT6 (Prop_lut6_I2_O)        0.105     6.945 r  u_top/u_core/u_b/u_b_core/core/core/l5/mac/mac/out_lane[3].mult_lane[48].operand_pipe.act_q[15]_i_3/O
                         net (fo=22, routed)          0.591     7.536    u_top/u_core/u_b/u_b_core/core/core/l5/mac/issue/ready_3_alias
    SLICE_X103Y146       LUT6 (Prop_lut6_I4_O)        0.105     7.641 r  u_top/u_core/u_b/u_b_core/core/core/l5/mac/issue/wr_ptr[1]_i_2__0_comp/O
                         net (fo=31, routed)          1.010     8.651    u_top/u_core/u_b/u_b_core/core/core/l5/gk.frontend/win/window_ready
    SLICE_X106Y123       LUT3 (Prop_lut3_I1_O)        0.105     8.756 r  u_top/u_core/u_b/u_b_core/core/core/l5/gk.frontend/win/g_wide_read.g_read_slice[48].mem_slice_reg_0_3_0_5_i_1/O
                         net (fo=1056, routed)        1.701    10.457    u_top/u_core/u_b/u_b_core/core/core/l5/gk.frontend/fifo/g_wide_read.g_read_slice[52].mem_slice_reg_0_3_60_63/WE
    SLICE_X124Y88        RAMD32                                       r  u_top/u_core/u_b/u_b_core/core/core/l5/gk.frontend/fifo/g_wide_read.g_read_slice[52].mem_slice_reg_0_3_60_63/RAMC/WE
  -------------------------------------------------------------------    -------------------

                         (clock u_top_n_1388 rise edge)
                                                      5.000     5.000 r  
    W19                                               0.000     5.000 r  sys_clk (IN)
                         net (fo=0)                   0.000     5.000    sys_clk
    W19                  IBUF (Prop_ibuf_I_O)         1.374     6.374 r  sys_clk_IBUF_inst/O
                         net (fo=1, routed)           1.004     7.378    u_top/sys_clk_IBUF
    MMCME2_ADV_X0Y2      MMCME2_ADV (Prop_mmcme2_adv_CLKIN1_CLKOUT0)
                                                      0.073     7.451 r  u_top/g_mmcm.u_mmcm/CLKOUT0
                         net (fo=1, routed)           1.488     8.938    u_top_n_1388
    BUFGCTRL_X0Y1        BUFG (Prop_bufg_I_O)         0.077     9.015 r  input_slot_reg[1][511]_i_3_replica/O
                         net (fo=8, routed)           0.112     9.127    clk_200_repN
    BUFGCTRL_X0Y0        BUFG (Prop_bufg_I_O)         0.077     9.204 r  input_slot_reg[1][511]_i_3/O
                         net (fo=61738, routed)       1.453    10.657    u_top/u_core/u_b/u_b_core/core/core/l5/gk.frontend/fifo/g_wide_read.g_read_slice[52].mem_slice_reg_0_3_60_63/WCLK
    SLICE_X124Y88        RAMD32                                       r  u_top/u_core/u_b/u_b_core/core/core/l5/gk.frontend/fifo/g_wide_read.g_read_slice[52].mem_slice_reg_0_3_60_63/RAMC/CLK
                         clock pessimism              0.217    10.874    
                         clock uncertainty           -0.069    10.805    
    SLICE_X124Y88        RAMD32 (Setup_ramd32_CLK_WE)
                                                     -0.431    10.374    u_top/u_core/u_b/u_b_core/core/core/l5/gk.frontend/fifo/g_wide_read.g_read_slice[52].mem_slice_reg_0_3_60_63/RAMC
  -------------------------------------------------------------------
                         required time                         10.374    
                         arrival time                         -10.457    
  -------------------------------------------------------------------
                         slack                                 -0.083    





Min Delay Paths
--------------------------------------------------------------------------------------
Slack (MET) :             0.036ns  (arrival time - required time)
  Source:                 u_top/u_core/u_b/u_b_core/core/core/l3/gk.frontend/win/shift_reg[3][36]/C
                            (rising edge-triggered cell FDRE clocked by u_top_n_1388  {rise@0.000ns fall@2.500ns period=5.000ns})
  Destination:            u_top/u_core/u_b/u_b_core/core/core/l3/gk.frontend/fifo/g_wide_read.g_read_slice[6].mem_slice_reg_0_3_36_41/RAMA/I
                            (rising edge-triggered cell RAMD32 clocked by u_top_n_1388  {rise@0.000ns fall@2.500ns period=5.000ns})
  Path Group:             u_top_n_1388
  Path Type:              Hold (Min at Fast Process Corner)
  Requirement:            0.000ns  (u_top_n_1388 rise@0.000ns - u_top_n_1388 rise@0.000ns)
  Data Path Delay:        0.196ns  (logic 0.141ns (71.838%)  route 0.055ns (28.162%))
  Logic Levels:           0  
  Clock Path Skew:        0.013ns (DCD - SCD - CPR)
    Destination Clock Delay (DCD):    2.606ns
    Source Clock Delay      (SCD):    2.043ns
    Clock Pessimism Removal (CPR):    0.550ns

    Location             Delay type                Incr(ns)  Path(ns)    Netlist Resource(s)
  -------------------------------------------------------------------    -------------------
                         (clock u_top_n_1388 rise edge)
                                                      0.000     0.000 r  
    W19                                               0.000     0.000 r  sys_clk (IN)
                         net (fo=0)                   0.000     0.000    sys_clk
    W19                  IBUF (Prop_ibuf_I_O)         0.277     0.277 r  sys_clk_IBUF_inst/O
                         net (fo=1, routed)           0.440     0.717    u_top/sys_clk_IBUF
    MMCME2_ADV_X0Y2      MMCME2_ADV (Prop_mmcme2_adv_CLKIN1_CLKOUT0)
                                                      0.050     0.767 r  u_top/g_mmcm.u_mmcm/CLKOUT0
                         net (fo=1, routed)           0.545     1.312    u_top_n_1388
    BUFGCTRL_X0Y1        BUFG (Prop_bufg_I_O)         0.026     1.338 r  input_slot_reg[1][511]_i_3_replica/O
                         net (fo=8, routed)           0.030     1.368    clk_200_repN
    BUFGCTRL_X0Y0        BUFG (Prop_bufg_I_O)         0.026     1.394 r  input_slot_reg[1][511]_i_3/O
                         net (fo=61738, routed)       0.649     2.043    u_top/u_core/u_b/u_b_core/core/core/l3/gk.frontend/win/clk_200
    SLICE_X45Y87         FDRE                                         r  u_top/u_core/u_b/u_b_core/core/core/l3/gk.frontend/win/shift_reg[3][36]/C
  -------------------------------------------------------------------    -------------------
    SLICE_X45Y87         FDRE (Prop_fdre_C_Q)         0.141     2.184 r  u_top/u_core/u_b/u_b_core/core/core/l3/gk.frontend/win/shift_reg[3][36]/Q
                         net (fo=1, routed)           0.055     2.239    u_top/u_core/u_b/u_b_core/core/core/l3/gk.frontend/fifo/g_wide_read.g_read_slice[6].mem_slice_reg_0_3_36_41/DIA0
    SLICE_X44Y87         RAMD32                                       r  u_top/u_core/u_b/u_b_core/core/core/l3/gk.frontend/fifo/g_wide_read.g_read_slice[6].mem_slice_reg_0_3_36_41/RAMA/I
  -------------------------------------------------------------------    -------------------

                         (clock u_top_n_1388 rise edge)
                                                      0.000     0.000 r  
    W19                                               0.000     0.000 r  sys_clk (IN)
                         net (fo=0)                   0.000     0.000    sys_clk
    W19                  IBUF (Prop_ibuf_I_O)         0.465     0.465 r  sys_clk_IBUF_inst/O
                         net (fo=1, routed)           0.480     0.945    u_top/sys_clk_IBUF
    MMCME2_ADV_X0Y2      MMCME2_ADV (Prop_mmcme2_adv_CLKIN1_CLKOUT0)
                                                      0.053     0.998 r  u_top/g_mmcm.u_mmcm/CLKOUT0
                         net (fo=1, routed)           0.595     1.593    u_top_n_1388
    BUFGCTRL_X0Y1        BUFG (Prop_bufg_I_O)         0.029     1.622 r  input_slot_reg[1][511]_i_3_replica/O
                         net (fo=8, routed)           0.033     1.655    clk_200_repN
    BUFGCTRL_X0Y0        BUFG (Prop_bufg_I_O)         0.029     1.684 r  input_slot_reg[1][511]_i_3/O
                         net (fo=61738, routed)       0.923     2.606    u_top/u_core/u_b/u_b_core/core/core/l3/gk.frontend/fifo/g_wide_read.g_read_slice[6].mem_slice_reg_0_3_36_41/WCLK
    SLICE_X44Y87         RAMD32                                       r  u_top/u_core/u_b/u_b_core/core/core/l3/gk.frontend/fifo/g_wide_read.g_read_slice[6].mem_slice_reg_0_3_36_41/RAMA/CLK
                         clock pessimism             -0.550     2.056    
    SLICE_X44Y87         RAMD32 (Hold_ramd32_CLK_I)
                                                      0.147     2.203    u_top/u_core/u_b/u_b_core/core/core/l3/gk.frontend/fifo/g_wide_read.g_read_slice[6].mem_slice_reg_0_3_36_41/RAMA
  -------------------------------------------------------------------
                         required time                         -2.203    
                         arrival time                           2.239    
  -------------------------------------------------------------------
                         slack                                  0.036    

Slack (MET) :             0.036ns  (arrival time - required time)
  Source:                 u_top/u_core/u_b/u_b_core/core/core/l3/gk.frontend/win/shift_reg[3][100]/C
                            (rising edge-triggered cell FDRE clocked by u_top_n_1388  {rise@0.000ns fall@2.500ns period=5.000ns})
  Destination:            u_top/u_core/u_b/u_b_core/core/core/l3/gk.frontend/fifo/g_wide_read.g_read_slice[7].mem_slice_reg_0_3_36_41/RAMA/I
                            (rising edge-triggered cell RAMD32 clocked by u_top_n_1388  {rise@0.000ns fall@2.500ns period=5.000ns})
  Path Group:             u_top_n_1388
  Path Type:              Hold (Min at Fast Process Corner)
  Requirement:            0.000ns  (u_top_n_1388 rise@0.000ns - u_top_n_1388 rise@0.000ns)
  Data Path Delay:        0.196ns  (logic 0.141ns (71.838%)  route 0.055ns (28.162%))
  Logic Levels:           0  
  Clock Path Skew:        0.013ns (DCD - SCD - CPR)
    Destination Clock Delay (DCD):    2.604ns
    Source Clock Delay      (SCD):    2.042ns
    Clock Pessimism Removal (CPR):    0.549ns

    Location             Delay type                Incr(ns)  Path(ns)    Netlist Resource(s)
  -------------------------------------------------------------------    -------------------
                         (clock u_top_n_1388 rise edge)
                                                      0.000     0.000 r  
    W19                                               0.000     0.000 r  sys_clk (IN)
                         net (fo=0)                   0.000     0.000    sys_clk
    W19                  IBUF (Prop_ibuf_I_O)         0.277     0.277 r  sys_clk_IBUF_inst/O
                         net (fo=1, routed)           0.440     0.717    u_top/sys_clk_IBUF
    MMCME2_ADV_X0Y2      MMCME2_ADV (Prop_mmcme2_adv_CLKIN1_CLKOUT0)
                                                      0.050     0.767 r  u_top/g_mmcm.u_mmcm/CLKOUT0
                         net (fo=1, routed)           0.545     1.312    u_top_n_1388
    BUFGCTRL_X0Y1        BUFG (Prop_bufg_I_O)         0.026     1.338 r  input_slot_reg[1][511]_i_3_replica/O
                         net (fo=8, routed)           0.030     1.368    clk_200_repN
    BUFGCTRL_X0Y0        BUFG (Prop_bufg_I_O)         0.026     1.394 r  input_slot_reg[1][511]_i_3/O
                         net (fo=61738, routed)       0.648     2.042    u_top/u_core/u_b/u_b_core/core/core/l3/gk.frontend/win/clk_200
    SLICE_X53Y86         FDRE                                         r  u_top/u_core/u_b/u_b_core/core/core/l3/gk.frontend/win/shift_reg[3][100]/C
  -------------------------------------------------------------------    -------------------
    SLICE_X53Y86         FDRE (Prop_fdre_C_Q)         0.141     2.183 r  u_top/u_core/u_b/u_b_core/core/core/l3/gk.frontend/win/shift_reg[3][100]/Q
                         net (fo=1, routed)           0.055     2.238    u_top/u_core/u_b/u_b_core/core/core/l3/gk.frontend/fifo/g_wide_read.g_read_slice[7].mem_slice_reg_0_3_36_41/DIA0
    SLICE_X52Y86         RAMD32                                       r  u_top/u_core/u_b/u_b_core/core/core/l3/gk.frontend/fifo/g_wide_read.g_read_slice[7].mem_slice_reg_0_3_36_41/RAMA/I
  -------------------------------------------------------------------    -------------------

                         (clock u_top_n_1388 rise edge)
                                                      0.000     0.000 r  
    W19                                               0.000     0.000 r  sys_clk (IN)
                         net (fo=0)                   0.000     0.000    sys_clk
    W19                  IBUF (Prop_ibuf_I_O)         0.465     0.465 r  sys_clk_IBUF_inst/O
                         net (fo=1, routed)           0.480     0.945    u_top/sys_clk_IBUF
    MMCME2_ADV_X0Y2      MMCME2_ADV (Prop_mmcme2_adv_CLKIN1_CLKOUT0)
                                                      0.053     0.998 r  u_top/g_mmcm.u_mmcm/CLKOUT0
                         net (fo=1, routed)           0.595     1.593    u_top_n_1388
    BUFGCTRL_X0Y1        BUFG (Prop_bufg_I_O)         0.029     1.622 r  input_slot_reg[1][511]_i_3_replica/O
                         net (fo=8, routed)           0.033     1.655    clk_200_repN
    BUFGCTRL_X0Y0        BUFG (Prop_bufg_I_O)         0.029     1.684 r  input_slot_reg[1][511]_i_3/O
                         net (fo=61738, routed)       0.921     2.604    u_top/u_core/u_b/u_b_core/core/core/l3/gk.frontend/fifo/g_wide_read.g_read_slice[7].mem_slice_reg_0_3_36_41/WCLK
    SLICE_X52Y86         RAMD32                                       r  u_top/u_core/u_b/u_b_core/core/core/l3/gk.frontend/fifo/g_wide_read.g_read_slice[7].mem_slice_reg_0_3_36_41/RAMA/CLK
                         clock pessimism             -0.549     2.055    
    SLICE_X52Y86         RAMD32 (Hold_ramd32_CLK_I)
                                                      0.147     2.202    u_top/u_core/u_b/u_b_core/core/core/l3/gk.frontend/fifo/g_wide_read.g_read_slice[7].mem_slice_reg_0_3_36_41/RAMA
  -------------------------------------------------------------------
                         required time                         -2.202    
                         arrival time                           2.238    
  -------------------------------------------------------------------
                         slack                                  0.036    

Slack (MET) :             0.041ns  (arrival time - required time)
  Source:                 u_top/u_core/u_b/u_b_core/core/core/l4/mac/acc/out_data_reg[407]/C
                            (rising edge-triggered cell FDRE clocked by u_top_n_1388  {rise@0.000ns fall@2.500ns period=5.000ns})
  Destination:            u_top/u_core/u_b/u_b_core/core/core/l4/post/input_slot_reg[0][407]/D
                            (rising edge-triggered cell FDRE clocked by u_top_n_1388  {rise@0.000ns fall@2.500ns period=5.000ns})
  Path Group:             u_top_n_1388
  Path Type:              Hold (Min at Fast Process Corner)
  Requirement:            0.000ns  (u_top_n_1388 rise@0.000ns - u_top_n_1388 rise@0.000ns)
  Data Path Delay:        0.373ns  (logic 0.164ns (43.991%)  route 0.209ns (56.009%))
  Logic Levels:           0  
  Clock Path Skew:        0.269ns (DCD - SCD - CPR)
    Destination Clock Delay (DCD):    2.539ns
    Source Clock Delay      (SCD):    1.981ns
    Clock Pessimism Removal (CPR):    0.290ns

    Location             Delay type                Incr(ns)  Path(ns)    Netlist Resource(s)
  -------------------------------------------------------------------    -------------------
                         (clock u_top_n_1388 rise edge)
                                                      0.000     0.000 r  
    W19                                               0.000     0.000 r  sys_clk (IN)
                         net (fo=0)                   0.000     0.000    sys_clk
    W19                  IBUF (Prop_ibuf_I_O)         0.277     0.277 r  sys_clk_IBUF_inst/O
                         net (fo=1, routed)           0.440     0.717    u_top/sys_clk_IBUF
    MMCME2_ADV_X0Y2      MMCME2_ADV (Prop_mmcme2_adv_CLKIN1_CLKOUT0)
                                                      0.050     0.767 r  u_top/g_mmcm.u_mmcm/CLKOUT0
                         net (fo=1, routed)           0.545     1.312    u_top_n_1388
    BUFGCTRL_X0Y1        BUFG (Prop_bufg_I_O)         0.026     1.338 r  input_slot_reg[1][511]_i_3_replica/O
                         net (fo=8, routed)           0.030     1.368    clk_200_repN
    BUFGCTRL_X0Y0        BUFG (Prop_bufg_I_O)         0.026     1.394 r  input_slot_reg[1][511]_i_3/O
                         net (fo=61738, routed)       0.587     1.981    u_top/u_core/u_b/u_b_core/core/core/l4/mac/acc/clk_200
    SLICE_X44Y149        FDRE                                         r  u_top/u_core/u_b/u_b_core/core/core/l4/mac/acc/out_data_reg[407]/C
  -------------------------------------------------------------------    -------------------
    SLICE_X44Y149        FDRE (Prop_fdre_C_Q)         0.164     2.145 r  u_top/u_core/u_b/u_b_core/core/core/l4/mac/acc/out_data_reg[407]/Q
                         net (fo=2, routed)           0.209     2.353    u_top/u_core/u_b/u_b_core/core/core/l4/post/D[407]
    SLICE_X44Y150        FDRE                                         r  u_top/u_core/u_b/u_b_core/core/core/l4/post/input_slot_reg[0][407]/D
  -------------------------------------------------------------------    -------------------

                         (clock u_top_n_1388 rise edge)
                                                      0.000     0.000 r  
    W19                                               0.000     0.000 r  sys_clk (IN)
                         net (fo=0)                   0.000     0.000    sys_clk
    W19                  IBUF (Prop_ibuf_I_O)         0.465     0.465 r  sys_clk_IBUF_inst/O
                         net (fo=1, routed)           0.480     0.945    u_top/sys_clk_IBUF
    MMCME2_ADV_X0Y2      MMCME2_ADV (Prop_mmcme2_adv_CLKIN1_CLKOUT0)
                                                      0.053     0.998 r  u_top/g_mmcm.u_mmcm/CLKOUT0
                         net (fo=1, routed)           0.595     1.593    u_top_n_1388
    BUFGCTRL_X0Y1        BUFG (Prop_bufg_I_O)         0.029     1.622 r  input_slot_reg[1][511]_i_3_replica/O
                         net (fo=8, routed)           0.033     1.655    clk_200_repN
    BUFGCTRL_X0Y0        BUFG (Prop_bufg_I_O)         0.029     1.684 r  input_slot_reg[1][511]_i_3/O
                         net (fo=61738, routed)       0.855     2.539    u_top/u_core/u_b/u_b_core/core/core/l4/post/clk_200
    SLICE_X44Y150        FDRE                                         r  u_top/u_core/u_b/u_b_core/core/core/l4/post/input_slot_reg[0][407]/C
                         clock pessimism             -0.290     2.249    
    SLICE_X44Y150        FDRE (Hold_fdre_C_D)         0.063     2.312    u_top/u_core/u_b/u_b_core/core/core/l4/post/input_slot_reg[0][407]
  -------------------------------------------------------------------
                         required time                         -2.312    
                         arrival time                           2.353    
  -------------------------------------------------------------------
                         slack                                  0.041    

Slack (MET) :             0.046ns  (arrival time - required time)
  Source:                 u_top/u_core/u_b/u_b_core/core/core/l4/post/units[0].post/prelu_magnitude_s2_reg[43]/C
                            (rising edge-triggered cell FDRE clocked by u_top_n_1388  {rise@0.000ns fall@2.500ns period=5.000ns})
  Destination:            u_top/u_core/u_b/u_b_core/core/core/l4/post/units[0].post/prelu_rounded_magnitude_s3_reg[30]/D
                            (rising edge-triggered cell FDRE clocked by u_top_n_1388  {rise@0.000ns fall@2.500ns period=5.000ns})
  Path Group:             u_top_n_1388
  Path Type:              Hold (Min at Fast Process Corner)
  Requirement:            0.000ns  (u_top_n_1388 rise@0.000ns - u_top_n_1388 rise@0.000ns)
  Data Path Delay:        0.448ns  (logic 0.350ns (78.080%)  route 0.098ns (21.920%))
  Logic Levels:           2  (CARRY4=2)
  Clock Path Skew:        0.268ns (DCD - SCD - CPR)
    Destination Clock Delay (DCD):    2.538ns
    Source Clock Delay      (SCD):    1.981ns
    Clock Pessimism Removal (CPR):    0.290ns

    Location             Delay type                Incr(ns)  Path(ns)    Netlist Resource(s)
  -------------------------------------------------------------------    -------------------
                         (clock u_top_n_1388 rise edge)
                                                      0.000     0.000 r  
    W19                                               0.000     0.000 r  sys_clk (IN)
                         net (fo=0)                   0.000     0.000    sys_clk
    W19                  IBUF (Prop_ibuf_I_O)         0.277     0.277 r  sys_clk_IBUF_inst/O
                         net (fo=1, routed)           0.440     0.717    u_top/sys_clk_IBUF
    MMCME2_ADV_X0Y2      MMCME2_ADV (Prop_mmcme2_adv_CLKIN1_CLKOUT0)
                                                      0.050     0.767 r  u_top/g_mmcm.u_mmcm/CLKOUT0
                         net (fo=1, routed)           0.545     1.312    u_top_n_1388
    BUFGCTRL_X0Y1        BUFG (Prop_bufg_I_O)         0.026     1.338 r  input_slot_reg[1][511]_i_3_replica/O
                         net (fo=8, routed)           0.030     1.368    clk_200_repN
    BUFGCTRL_X0Y0        BUFG (Prop_bufg_I_O)         0.026     1.394 r  input_slot_reg[1][511]_i_3/O
                         net (fo=61738, routed)       0.587     1.981    u_top/u_core/u_b/u_b_core/core/core/l4/post/units[0].post/clk_200
    SLICE_X47Y149        FDRE                                         r  u_top/u_core/u_b/u_b_core/core/core/l4/post/units[0].post/prelu_magnitude_s2_reg[43]/C
  -------------------------------------------------------------------    -------------------
    SLICE_X47Y149        FDRE (Prop_fdre_C_Q)         0.141     2.122 r  u_top/u_core/u_b/u_b_core/core/core/l4/post/units[0].post/prelu_magnitude_s2_reg[43]/Q
                         net (fo=1, routed)           0.098     2.219    u_top/u_core/u_b/u_b_core/core/core/l4/post/units[0].post/prelu_magnitude_s2_reg_n_0_[43]
    SLICE_X48Y149        CARRY4 (Prop_carry4_S[2]_CO[3])
                                                      0.156     2.375 r  u_top/u_core/u_b/u_b_core/core/core/l4/post/units[0].post/prelu_rounded_magnitude_s3_reg[29]_i_1/CO[3]
                         net (fo=1, routed)           0.001     2.376    u_top/u_core/u_b/u_b_core/core/core/l4/post/units[0].post/prelu_rounded_magnitude_s3_reg[29]_i_1_n_0
    SLICE_X48Y150        CARRY4 (Prop_carry4_CI_O[0])
                                                      0.053     2.429 r  u_top/u_core/u_b/u_b_core/core/core/l4/post/units[0].post/prelu_rounded_magnitude_s3_reg[32]_i_1/O[0]
                         net (fo=1, routed)           0.000     2.429    u_top/u_core/u_b/u_b_core/core/core/l4/post/units[0].post/prelu_round_sum_s2[45]
    SLICE_X48Y150        FDRE                                         r  u_top/u_core/u_b/u_b_core/core/core/l4/post/units[0].post/prelu_rounded_magnitude_s3_reg[30]/D
  -------------------------------------------------------------------    -------------------

                         (clock u_top_n_1388 rise edge)
                                                      0.000     0.000 r  
    W19                                               0.000     0.000 r  sys_clk (IN)
                         net (fo=0)                   0.000     0.000    sys_clk
    W19                  IBUF (Prop_ibuf_I_O)         0.465     0.465 r  sys_clk_IBUF_inst/O
                         net (fo=1, routed)           0.480     0.945    u_top/sys_clk_IBUF
    MMCME2_ADV_X0Y2      MMCME2_ADV (Prop_mmcme2_adv_CLKIN1_CLKOUT0)
                                                      0.053     0.998 r  u_top/g_mmcm.u_mmcm/CLKOUT0
                         net (fo=1, routed)           0.595     1.593    u_top_n_1388
    BUFGCTRL_X0Y1        BUFG (Prop_bufg_I_O)         0.029     1.622 r  input_slot_reg[1][511]_i_3_replica/O
                         net (fo=8, routed)           0.033     1.655    clk_200_repN
    BUFGCTRL_X0Y0        BUFG (Prop_bufg_I_O)         0.029     1.684 r  input_slot_reg[1][511]_i_3/O
                         net (fo=61738, routed)       0.854     2.538    u_top/u_core/u_b/u_b_core/core/core/l4/post/units[0].post/clk_200
    SLICE_X48Y150        FDRE                                         r  u_top/u_core/u_b/u_b_core/core/core/l4/post/units[0].post/prelu_rounded_magnitude_s3_reg[30]/C
                         clock pessimism             -0.290     2.248    
    SLICE_X48Y150        FDRE (Hold_fdre_C_D)         0.134     2.382    u_top/u_core/u_b/u_b_core/core/core/l4/post/units[0].post/prelu_rounded_magnitude_s3_reg[30]
  -------------------------------------------------------------------
                         required time                         -2.382    
                         arrival time                           2.429    
  -------------------------------------------------------------------
                         slack                                  0.046    

Slack (MET) :             0.053ns  (arrival time - required time)
  Source:                 u_top/u_core/u_b/u_b_core/core/core/l5/gk.frontend/win/shift_reg[12][226]/C
                            (rising edge-triggered cell FDRE clocked by u_top_n_1388  {rise@0.000ns fall@2.500ns period=5.000ns})
  Destination:            u_top/u_core/u_b/u_b_core/core/core/l5/gk.frontend/fifo/g_wide_read.g_read_slice[51].mem_slice_reg_0_3_30_35/RAMC/I
                            (rising edge-triggered cell RAMD32 clocked by u_top_n_1388  {rise@0.000ns fall@2.500ns period=5.000ns})
  Path Group:             u_top_n_1388
  Path Type:              Hold (Min at Fast Process Corner)
  Requirement:            0.000ns  (u_top_n_1388 rise@0.000ns - u_top_n_1388 rise@0.000ns)
  Data Path Delay:        0.343ns  (logic 0.128ns (37.302%)  route 0.215ns (62.698%))
  Logic Levels:           0  
  Clock Path Skew:        0.199ns (DCD - SCD - CPR)
    Destination Clock Delay (DCD):    2.549ns
    Source Clock Delay      (SCD):    2.055ns
    Clock Pessimism Removal (CPR):    0.295ns

    Location             Delay type                Incr(ns)  Path(ns)    Netlist Resource(s)
  -------------------------------------------------------------------    -------------------
                         (clock u_top_n_1388 rise edge)
                                                      0.000     0.000 r  
    W19                                               0.000     0.000 r  sys_clk (IN)
                         net (fo=0)                   0.000     0.000    sys_clk
    W19                  IBUF (Prop_ibuf_I_O)         0.277     0.277 r  sys_clk_IBUF_inst/O
                         net (fo=1, routed)           0.440     0.717    u_top/sys_clk_IBUF
    MMCME2_ADV_X0Y2      MMCME2_ADV (Prop_mmcme2_adv_CLKIN1_CLKOUT0)
                                                      0.050     0.767 r  u_top/g_mmcm.u_mmcm/CLKOUT0
                         net (fo=1, routed)           0.545     1.312    u_top_n_1388
    BUFGCTRL_X0Y1        BUFG (Prop_bufg_I_O)         0.026     1.338 r  input_slot_reg[1][511]_i_3_replica/O
                         net (fo=8, routed)           0.030     1.368    clk_200_repN
    BUFGCTRL_X0Y0        BUFG (Prop_bufg_I_O)         0.026     1.394 r  input_slot_reg[1][511]_i_3/O
                         net (fo=61738, routed)       0.661     2.055    u_top/u_core/u_b/u_b_core/core/core/l5/gk.frontend/win/clk_200
    SLICE_X129Y99        FDRE                                         r  u_top/u_core/u_b/u_b_core/core/core/l5/gk.frontend/win/shift_reg[12][226]/C
  -------------------------------------------------------------------    -------------------
    SLICE_X129Y99        FDRE (Prop_fdre_C_Q)         0.128     2.183 r  u_top/u_core/u_b/u_b_core/core/core/l5/gk.frontend/win/shift_reg[12][226]/Q
                         net (fo=2, routed)           0.215     2.398    u_top/u_core/u_b/u_b_core/core/core/l5/gk.frontend/fifo/g_wide_read.g_read_slice[51].mem_slice_reg_0_3_30_35/DIC0
    SLICE_X128Y100       RAMD32                                       r  u_top/u_core/u_b/u_b_core/core/core/l5/gk.frontend/fifo/g_wide_read.g_read_slice[51].mem_slice_reg_0_3_30_35/RAMC/I
  -------------------------------------------------------------------    -------------------

                         (clock u_top_n_1388 rise edge)
                                                      0.000     0.000 r  
    W19                                               0.000     0.000 r  sys_clk (IN)
                         net (fo=0)                   0.000     0.000    sys_clk
    W19                  IBUF (Prop_ibuf_I_O)         0.465     0.465 r  sys_clk_IBUF_inst/O
                         net (fo=1, routed)           0.480     0.945    u_top/sys_clk_IBUF
    MMCME2_ADV_X0Y2      MMCME2_ADV (Prop_mmcme2_adv_CLKIN1_CLKOUT0)
                                                      0.053     0.998 r  u_top/g_mmcm.u_mmcm/CLKOUT0
                         net (fo=1, routed)           0.595     1.593    u_top_n_1388
    BUFGCTRL_X0Y1        BUFG (Prop_bufg_I_O)         0.029     1.622 r  input_slot_reg[1][511]_i_3_replica/O
                         net (fo=8, routed)           0.033     1.655    clk_200_repN
    BUFGCTRL_X0Y0        BUFG (Prop_bufg_I_O)         0.029     1.684 r  input_slot_reg[1][511]_i_3/O
                         net (fo=61738, routed)       0.866     2.549    u_top/u_core/u_b/u_b_core/core/core/l5/gk.frontend/fifo/g_wide_read.g_read_slice[51].mem_slice_reg_0_3_30_35/WCLK
    SLICE_X128Y100       RAMD32                                       r  u_top/u_core/u_b/u_b_core/core/core/l5/gk.frontend/fifo/g_wide_read.g_read_slice[51].mem_slice_reg_0_3_30_35/RAMC/CLK
                         clock pessimism             -0.295     2.255    
    SLICE_X128Y100       RAMD32 (Hold_ramd32_CLK_I)
                                                      0.091     2.346    u_top/u_core/u_b/u_b_core/core/core/l5/gk.frontend/fifo/g_wide_read.g_read_slice[51].mem_slice_reg_0_3_30_35/RAMC
  -------------------------------------------------------------------
                         required time                         -2.346    
                         arrival time                           2.398    
  -------------------------------------------------------------------
                         slack                                  0.053    





Pulse Width Checks
--------------------------------------------------------------------------------------
Clock Name:         u_top_n_1388
Waveform(ns):       { 0.000 2.500 }
Period(ns):         5.000
Sources:            { u_top/g_mmcm.u_mmcm/CLKOUT0 }

Check Type        Corner  Lib Pin             Reference Pin  Required(ns)  Actual(ns)  Slack(ns)  Location         Pin
Min Period        n/a     DSP48E1/CLK         n/a            3.272         5.000       1.728      DSP48_X2Y31      u_top/u_core/u_b/u_b_core/core/core/l1/post/units[0].post/prelu_product_s1_reg/CLK
Min Period        n/a     DSP48E1/CLK         n/a            3.272         5.000       1.728      DSP48_X2Y26      u_top/u_core/u_b/u_b_core/core/core/l1/post/units[1].post/prelu_product_s1_reg/CLK
Min Period        n/a     DSP48E1/CLK         n/a            3.272         5.000       1.728      DSP48_X1Y29      u_top/u_core/u_b/u_b_core/core/core/l1/post/units[1].post/requant_product_s5_reg/CLK
Min Period        n/a     DSP48E1/CLK         n/a            3.272         5.000       1.728      DSP48_X0Y38      u_top/u_core/u_b/u_b_core/core/core/l2/post/units[0].post/prelu_product_s1_reg/CLK
Min Period        n/a     DSP48E1/CLK         n/a            3.272         5.000       1.728      DSP48_X0Y43      u_top/u_core/u_b/u_b_core/core/core/l2/post/units[0].post/requant_product_s5_reg/CLK
Max Period        n/a     MMCME2_ADV/CLKOUT0  n/a            213.360       5.000       208.360    MMCME2_ADV_X0Y2  u_top/g_mmcm.u_mmcm/CLKOUT0
Low Pulse Width   Slow    RAMD32/CLK          n/a            1.130         2.500       1.370      SLICE_X36Y72     u_top/u_core/u_b/u_b_core/core/core/f12/g_narrow_read.mem_reg_0_31_0_5/RAMA/CLK
Low Pulse Width   Fast    RAMD32/CLK          n/a            1.130         2.500       1.370      SLICE_X36Y72     u_top/u_core/u_b/u_b_core/core/core/f12/g_narrow_read.mem_reg_0_31_0_5/RAMA/CLK
Low Pulse Width   Slow    RAMD32/CLK          n/a            1.130         2.500       1.370      SLICE_X36Y72     u_top/u_core/u_b/u_b_core/core/core/f12/g_narrow_read.mem_reg_0_31_0_5/RAMA_D1/CLK
Low Pulse Width   Fast    RAMD32/CLK          n/a            1.130         2.500       1.370      SLICE_X36Y72     u_top/u_core/u_b/u_b_core/core/core/f12/g_narrow_read.mem_reg_0_31_0_5/RAMA_D1/CLK
Low Pulse Width   Slow    RAMD32/CLK          n/a            1.130         2.500       1.370      SLICE_X36Y72     u_top/u_core/u_b/u_b_core/core/core/f12/g_narrow_read.mem_reg_0_31_0_5/RAMB/CLK
High Pulse Width  Slow    RAMD32/CLK          n/a            1.130         2.500       1.370      SLICE_X36Y72     u_top/u_core/u_b/u_b_core/core/core/f12/g_narrow_read.mem_reg_0_31_0_5/RAMA/CLK
High Pulse Width  Fast    RAMD32/CLK          n/a            1.130         2.500       1.370      SLICE_X36Y72     u_top/u_core/u_b/u_b_core/core/core/f12/g_narrow_read.mem_reg_0_31_0_5/RAMA/CLK
High Pulse Width  Slow    RAMD32/CLK          n/a            1.130         2.500       1.370      SLICE_X36Y72     u_top/u_core/u_b/u_b_core/core/core/f12/g_narrow_read.mem_reg_0_31_0_5/RAMA_D1/CLK
High Pulse Width  Fast    RAMD32/CLK          n/a            1.130         2.500       1.370      SLICE_X36Y72     u_top/u_core/u_b/u_b_core/core/core/f12/g_narrow_read.mem_reg_0_31_0_5/RAMA_D1/CLK
High Pulse Width  Slow    RAMD32/CLK          n/a            1.130         2.500       1.370      SLICE_X36Y72     u_top/u_core/u_b/u_b_core/core/core/f12/g_narrow_read.mem_reg_0_31_0_5/RAMB/CLK



