Copyright 1986-2022 Xilinx, Inc. All Rights Reserved. Copyright 2022-2025 Advanced Micro Devices, Inc. All Rights Reserved.
---------------------------------------------------------------------------------------------------------------------------------------------------------------------
| Tool Version : Vivado v.2025.2 (win64) Build 6299465 Fri Nov 14 19:35:11 GMT 2025
| Date         : Tue Sep 22 13:25:57 2026
| Host         : OMENMAX running 64-bit major release  (build 9200)
| Command      : report_utilization -hierarchical -file C:/Users/24889/AppData/Local/Temp/acx750_window5x5_bram_synth_20260922_132512/reports/window_utilization.rpt
| Design       : window5x5_bram
| Device       : xc7z020clg400-1
| Speed File   : -1
| Design State : Synthesized
---------------------------------------------------------------------------------------------------------------------------------------------------------------------

Utilization Design Information

Table of Contents
-----------------
1. Utilization by Hierarchy

1. Utilization by Hierarchy
---------------------------

+----------------+--------+------------+------------+---------+------+-----+--------+--------+------------+
|    Instance    | Module | Total LUTs | Logic LUTs | LUTRAMs | SRLs | FFs | RAMB36 | RAMB18 | DSP Blocks |
+----------------+--------+------------+------------+---------+------+-----+--------+--------+------------+
| window5x5_bram |  (top) |        126 |        126 |       0 |    0 | 474 |      0 |      5 |          0 |
+----------------+--------+------------+------------+---------+------+-----+--------+--------+------------+


