Vivado Simulator v2025.2
Copyright 1986-2022 Xilinx, Inc. All Rights Reserved.
Copyright 2022-2025 Advanced Micro Devices, Inc. All Rights Reserved.
Running: F:/Xilinx/2025.2/Vivado/bin/unwrapped/win64.o/xelab.exe --nolog worklib.tb_pad_flags -O0 -s tb_pad_flags 
Multi-threading is on. Using 22 slave threads.
Starting static elaboration
Pass Through NonSizing Optimizer
Completed static elaboration
Starting simulation data flow analysis
Completed simulation data flow analysis
Time Resolution for simulation is 1ps
Compiling module worklib.same_pad_raster(DATA_W=16,IMG_W=...
Compiling module worklib.same_pad_raster_reference(DATA_W...
Compiling module worklib.pad_flag_case
Compiling module worklib.same_pad_raster(DATA_W=16,IMG_W=...
Compiling module worklib.same_pad_raster_reference(DATA_W...
Compiling module worklib.pad_flag_case(W=1,H=1,P=1)
Compiling module worklib.same_pad_raster(DATA_W=16,IMG_W=...
Compiling module worklib.same_pad_raster_reference(DATA_W...
Compiling module worklib.pad_flag_case(W=9,H=7,P=0)
Compiling module worklib.same_pad_raster(DATA_W=16,IMG_W=...
Compiling module worklib.same_pad_raster_reference(DATA_W...
Compiling module worklib.pad_flag_case(W=960,H=540)
Compiling module worklib.tb_pad_flags
Built simulation snapshot tb_pad_flags
