Vivado Simulator v2022.2
Copyright 1986-1999, 2001-2022 Xilinx, Inc. All Rights Reserved.
Running: E:/Xilinx/Vivado/2022.2/bin/unwrapped/win64.o/xelab.exe worklib.tb_b_real_bit_exact --nolog -s tb_b_real_bit_exact 
Multi-threading is on. Using 22 slave threads.
Starting static elaboration
Pass Through NonSizing Optimizer
Completed static elaboration
Starting simulation data flow analysis
Completed simulation data flow analysis
Time Resolution for simulation is 1ps
Compiling module worklib.same_pad_raster_default
Compiling module worklib.window_kminus1_bram_default
Compiling module worklib.elastic_fifo(DATA_W=200,DEPTH=4)
Compiling module worklib.window_stream_frontend_default
Compiling module worklib.eight_phase_issue(DATA_W=200)
Compiling module worklib.phase_mac_pipeline(CIN=1,COUT=16...
Compiling module worklib.phase_accumulator(CIN=1,COUT=16,...
Compiling module worklib.mac_issue_stage(K=5,CIN=1,COUT=1...
Compiling module worklib.prelu_requantize
Compiling module worklib.vector_postprocess_shared_defaul...
Compiling module worklib.fsrcnn_stream_layer(IMG_W=96,IMG...
Compiling module worklib.elastic_fifo_default
Compiling module worklib.eight_phase_issue
Compiling module worklib.phase_mac_pipeline(K=1,COUT=8,OU...
Compiling module worklib.phase_accumulator(COUT=8,OUT_PAR...
Compiling module worklib.mac_issue_stage(K=1,CIN=16,IN_PA...
Compiling module worklib.vector_postprocess_shared(CHANNE...
Compiling module worklib.fsrcnn_stream_layer(IMG_W=96,IMG...
Compiling module worklib.elastic_fifo(DATA_W=128)
Compiling module worklib.same_pad_raster(DATA_W=128,PAD=1...
Compiling module worklib.window_kminus1_bram(DATA_W=128,I...
Compiling module worklib.elastic_fifo(DATA_W=1152,DEPTH=4...
Compiling module worklib.window_stream_frontend(DATA_W=12...
Compiling module worklib.eight_phase_issue(DATA_W=1152)
Compiling module worklib.phase_mac_pipeline(K=3,CIN=8,COU...
Compiling module worklib.phase_accumulator(CIN=8,COUT=8,I...
Compiling module worklib.mac_issue_stage
Compiling module worklib.fsrcnn_stream_layer(IMG_W=96,IMG...
Compiling module worklib.eight_phase_issue(DATA_W=128)
Compiling module worklib.phase_mac_pipeline(K=1,CIN=8,COU...
Compiling module worklib.phase_accumulator(CIN=8,COUT=16,...
Compiling module worklib.mac_issue_stage(K=1,COUT=16,OUT_...
Compiling module worklib.fsrcnn_stream_layer(IMG_W=96,IMG...
Compiling module worklib.same_pad_raster(DATA_W=256)
Compiling module worklib.window_kminus1_bram(DATA_W=256)
Compiling module worklib.elastic_fifo(DATA_W=6400,DEPTH=4...
Compiling module worklib.window_stream_frontend(DATA_W=25...
Compiling module worklib.eight_phase_issue(DATA_W=6400)
Compiling module worklib.phase_mac_pipeline_default
Compiling module worklib.phase_accumulator_default
Compiling module worklib.mac_issue_stage(K=5,CIN=16,COUT=...
Compiling module worklib.prelu_requantize(OUT_W=8,OUT_SIG...
Compiling module worklib.vector_postprocess_shared(CHANNE...
Compiling module worklib.fsrcnn_stream_layer(IMG_W=96,IMG...
Compiling module worklib.pixel_shuffle2x_row_banks_defaul...
Compiling module worklib.fsrcnn_network_core
Compiling module worklib.fsrcnn_network_mem_top
Compiling module worklib.b_core_real(IMG_W=96,IMG_H=54)
Compiling module worklib.tb_b_real_bit_exact
Built simulation snapshot tb_b_real_bit_exact
