IO_CASE=ready_rx_no_select_or_settimeout PASS
IO_CASE=batch_time_budget_cooperative PASS
IO_CASE=would_block_waits_for_readable PASS
IO_CASE=absolute_receive_timeout_not_transport_poison PASS
IO_CASE=early_readiness_return_not_response_loss PASS
IO_CASE=tx_would_block_bounded_rx_fifo_and_single_journal_tx PASS
IO_CASE=tx_stall_fatal_not_network_retry PASS
IO_CASE=partial_send PASS
IO_CASE=hard_socket_error PASS
IO_CASE=journal_failure_prevents_send PASS
IO_CASE=rx_journal_failure_prevents_validation PASS
IO_CASE=spurious_readiness_bounded_no_busy_loop PASS
IO_CASE=spurious_writable_bounded_no_busy_loop PASS
IO_CASE=frame_deadline_checked_before_buffered_packet PASS
IO_CASE=occupied_tx_slot_rejects_reentrant_submission PASS
IO_CASE=proof_timer_serviced_during_rx_flood PASS
IO_CASE=absolute_input_retry_under_unrelated_flood PASS
IO_CASE=absolute_negotiation_deadline_no_begin_on_failure PASS
IO_CASE=early_ack_wakeup_not_flush_or_retry PASS
IO_CASE=stale_cross_frame_timer_cleared_before_wait PASS
IO_CASE=buffered_reply_cannot_complete_unsent_control PASS
NONBLOCKING_PASS cases=21
