SAVED_DIRECTORY=C:\t6int09\validation\host_regression_runs\pld_stream_host_izmq2r0w
CASE=normal PASS
CASE=drop_input_request PASS
CASE=drop_input_ack PASS
CASE=bad_input_source PASS
CASE=drop_output_packet PASS
CASE=drop_output_ack PASS
CASE=bad_output_source PASS
CASE=bad_output_session PASS
CASE=bad_output_frame PASS
CASE=bad_output_header_crc PASS
CASE=bad_output_payload_crc PASS
CASE=early_output_crc PASS
CASE=bad_output_last PASS
CASE=duplicate_output PASS
CASE=changed_duplicate PASS
CASE=reorder_output PASS
CASE=core_done_late PASS
CASE=drop_final_reply PASS
CASE=bad_input_progress PASS
CASE=wrong_golden PASS
CASE=bad_whole_crc PASS
CASE=no_negotiation PASS
CASE=writer_failure PASS
CASE=callback_failure PASS
CASE=no_output PASS
CASE=zero_output_status PASS
STREAMING_HOST_PASS cases=26
