
****** xsim v2025.2 (64-bit)
  **** SW Build 6299465 on Fri Nov 14 19:35:11 GMT 2025
  **** IP Build 6300035 on Fri Nov 14 10:48:45 MST 2025
  **** SharedData Build 6298862 on Thu Nov 13 04:50:51 MST 2025
  **** Start of session at: Fri Oct  9 16:16:50 2026
    ** Copyright 1986-2022 Xilinx, Inc. All Rights Reserved.
    ** Copyright 2022-2025 Advanced Micro Devices, Inc. All Rights Reserved.

source xsim.dir/snapshot/xsim_script.tcl
# xsim {snapshot} -autoloadwcfg -tclbatch {run.tcl}
Time resolution is 1 ps
source run.tcl
## run all
EXPIRY_COLLISION cycle=3000011 base=1 next=3 retry_requested=0 retry_pass=0
EXPIRY_COLLISION cycle=6000011 base=1 next=3 retry_requested=0 retry_pass=0
EXPIRY_COLLISION cycle=9000011 base=1 next=3 retry_requested=0 retry_pass=0
EXPIRY_COLLISION cycle=12000011 base=1 next=3 retry_requested=0 retry_pass=0
EXPIRY_COLLISION cycle=15000011 base=1 next=3 retry_requested=0 retry_pass=0
EXPIRY_COLLISION cycle=18000011 base=1 next=3 retry_requested=0 retry_pass=0
Fatal: FIXTURE_TIMEOUT base=1 next=3 retry_requested=0 retry_pass=0 retries=0
Time: 133320009999 ps  Iteration: 0  Process: /tb_duplicate_suppression/Always28_5  Scope: tb_duplicate_suppression  File: C:/Users/Administrator/WorkBuddy/srtp/output/RTL_STEP01_RETRY_20261009/runs/20261009T081646/baseline_loss_actual20ms/tb_duplicate_suppression.sv Line: 31
$finish called at time : 133320009999 ps
run: Time (s): cpu = 00:00:00 ; elapsed = 00:00:13 . Memory (MB): peak = 228.504 ; gain = 0.000
## quit
INFO: xsimkernel Simulation Memory Usage: 12724 KB (Peak: 12724 KB), Simulation CPU Usage: 12749 ms
INFO: [Common 17-206] Exiting xsim at Fri Oct  9 16:17:06 2026...
