#-----------------------------------------------------------
# xsim v2025.2 (64-bit)
# SW Build 6299465 on Fri Nov 14 19:35:11 GMT 2025
# IP Build 6300035 on Fri Nov 14 10:48:45 MST 2025
# SharedData Build 6298862 on Thu Nov 13 04:50:51 MST 2025
# Start of session at: Fri Oct  9 16:17:09 2026
# Process ID         : 16584
# Current directory  : C:/Users/Administrator/WorkBuddy/srtp/output/RTL_STEP01_RETRY_20261009/runs/20261009T081646/healthy_actual20ms
# Command line       : xsim.exe -mode tcl -source {xsim.dir/snapshot/xsim_script.tcl}
# Log file           : C:/Users/Administrator/WorkBuddy/srtp/output/RTL_STEP01_RETRY_20261009/runs/20261009T081646/healthy_actual20ms/xsim.log
# Journal file       : C:/Users/Administrator/WorkBuddy/srtp/output/RTL_STEP01_RETRY_20261009/runs/20261009T081646/healthy_actual20ms\xsim.jou
# Running On         : WIN-FJ9PMA04HBP
# Platform           : Windows Server 2016 or Windows 10
# Operating System   : 26300
# Processor Detail   : Intel(R) Core(TM) Ultra 9 275HX
# CPU Frequency      : 3072 MHz
# CPU Physical cores : 24
# CPU Logical cores  : 24
# Host memory        : 33752 MB
# Swap memory        : 34359 MB
# Total Virtual      : 68112 MB
# Available Virtual  : 45214 MB
#-----------------------------------------------------------
source xsim.dir/snapshot/xsim_script.tcl
# xsim {snapshot} -autoloadwcfg -tclbatch {run.tcl}
Time resolution is 1 ps
source run.tcl
## run all
DUPLICATE_SUPPRESSION_PASS baseline=0 lost_proof=0 wrap=0 duplicates=0 min_retry_spacing_cycles=2147483647 RTO=3000000 frames=2
$finish called at time : 9341045802 ps : File "C:/Users/Administrator/WorkBuddy/srtp/output/RTL_STEP01_RETRY_20261009/runs/20261009T081646/healthy_actual20ms/tb_duplicate_suppression.sv" Line 88
## quit
INFO: [Common 17-206] Exiting xsim at Fri Oct  9 16:17:11 2026...
