Copyright 1986-2022 Xilinx, Inc. All Rights Reserved.
------------------------------------------------------------------------------------------------------------------------------------------
| Tool Version : Vivado v.2022.2 (win64) Build 3671981 Fri Oct 14 05:00:03 MDT 2022
| Date         : Thu Sep 24 12:48:07 2026
| Host         : <LOCAL_HOST> running 64-bit major release  (build 9200)
| Command      : report_clocks -file <REPO_ROOT>/_synth_bc/l5splitmem_trial/reports/clocks_postroute.rpt
| Design       : c_synth_top
| Device       : 7a200t-fbg484
| Speed File   : -2  PRODUCTION 1.23 2018-06-13
------------------------------------------------------------------------------------------------------------------------------------------

Clock Report


Attributes
  P: Propagated
  G: Generated
  A: Auto-derived
  R: Renamed
  V: Virtual
  I: Inverted
  S: Pin phase-shifted with Latency mode

Clock         Period(ns)  Waveform(ns)    Attributes  Sources
sys_clk       20.000      {0.000 10.000}  P           {sys_clk}
g_mmcm.clkfb  20.000      {0.000 10.000}  P,G,A       {u_top/g_mmcm.u_mmcm/CLKFBOUT}
u_top_n_1073  5.000       {0.000 2.500}   P,G,A       {u_top/g_mmcm.u_mmcm/CLKOUT0}


====================================================
Generated Clocks
====================================================

Generated Clock     : g_mmcm.clkfb
Master Source       : u_top/g_mmcm.u_mmcm/CLKIN1
Master Clock        : sys_clk
Multiply By         : 1
Generated Sources   : {u_top/g_mmcm.u_mmcm/CLKFBOUT}

Generated Clock     : u_top_n_1073
Master Source       : u_top/g_mmcm.u_mmcm/CLKIN1
Master Clock        : sys_clk
Multiply By         : 4
Generated Sources   : {u_top/g_mmcm.u_mmcm/CLKOUT0}



====================================================
User Uncertainty
====================================================



====================================================
User Jitter
====================================================
