Copyright 1986-2022 Xilinx, Inc. All Rights Reserved.
-----------------------------------------------------------------------------------------------------------------------------------------------------------------------
| Tool Version : Vivado v.2022.2 (win64) Build 3671981 Fri Oct 14 05:00:03 MDT 2022
| Date         : Thu Sep 24 12:47:53 2026
| Host         : <LOCAL_HOST> running 64-bit major release  (build 9200)
| Command      : report_utilization -hierarchical -file <REPO_ROOT>/_synth_bc/l5splitmem_trial/reports/utilization_postroute_hier.rpt
| Design       : c_synth_top
| Device       : xc7a200tfbg484-2
| Speed File   : -2
| Design State : Routed
-----------------------------------------------------------------------------------------------------------------------------------------------------------------------

Utilization Design Information

Table of Contents
-----------------
1. Utilization by Hierarchy

1. Utilization by Hierarchy
---------------------------

+----------------------------------------+---------------------------------------------+------------+------------+---------+------+-------+--------+--------+------------+
|                Instance                |                    Module                   | Total LUTs | Logic LUTs | LUTRAMs | SRLs |  FFs  | RAMB36 | RAMB18 | DSP Blocks |
+----------------------------------------+---------------------------------------------+------------+------------+---------+------+-------+--------+--------+------------+
| c_synth_top                            |                                       (top) |      31313 |      25446 |    5842 |   25 | 50025 |    174 |      8 |        394 |
|   (c_synth_top)                        |                                       (top) |        393 |        393 |       0 |    0 |     0 |      0 |      0 |          0 |
|   u_top                                |                                       c_top |      31025 |      25158 |    5842 |   25 | 50025 |    174 |      8 |        394 |
|     (u_top)                            |                                       c_top |         10 |         10 |       0 |    0 |    55 |      0 |      0 |          0 |
|     u_core                             |                                      c_core |      31015 |      25148 |    5842 |   25 | 49970 |    174 |      8 |        394 |
|       (u_core)                         |                                      c_core |          0 |          0 |       0 |    0 |    31 |      0 |      0 |          0 |
|       u_b                              |                                   b_core_if |      30463 |      24596 |    5842 |   25 | 49465 |     38 |      8 |        394 |
|         u_b_core                       |                                 b_core_real |      30463 |      24596 |    5842 |   25 | 49465 |     38 |      8 |        394 |
|           core                         |                      fsrcnn_network_mem_top |      30463 |      24596 |    5842 |   25 | 49465 |     38 |      8 |        394 |
|             core                       |                         fsrcnn_network_core |      30463 |      24596 |    5842 |   25 | 49465 |     38 |      8 |        394 |
|               f12                      |                elastic_fifo__parameterized0 |        187 |         15 |     172 |    0 |    16 |      0 |      0 |          0 |
|               f23                      |                elastic_fifo__parameterized1 |        200 |        114 |      86 |    0 |    16 |      0 |      0 |          0 |
|               f34                      |              elastic_fifo__parameterized1_1 |        100 |         14 |      86 |    0 |    16 |      0 |      0 |          0 |
|               f45                      |              elastic_fifo__parameterized0_2 |        431 |        259 |     172 |    0 |    16 |      0 |      0 |          0 |
|               l1                       |                         fsrcnn_stream_layer |       4944 |       4805 |     134 |    5 |  7039 |      0 |      4 |         62 |
|                 gk.frontend            |                      window_stream_frontend |        251 |        117 |     134 |    0 |   293 |      0 |      4 |          0 |
|                   (gk.frontend)        |                      window_stream_frontend |         17 |         17 |       0 |    0 |     1 |      0 |      0 |          0 |
|                   fifo                 |                                elastic_fifo |        143 |          9 |     134 |    0 |     7 |      0 |      0 |          0 |
|                   pad                  |                             same_pad_raster |         31 |         31 |       0 |    0 |    21 |      0 |      0 |          0 |
|                   win                  |                         window_kminus1_bram |         60 |         60 |       0 |    0 |   264 |      0 |      4 |          0 |
|                 mac                    |                             mac_issue_stage |       3198 |       3198 |       0 |    0 |  4386 |      0 |      0 |         50 |
|                   acc                  |                           phase_accumulator |       1085 |       1085 |       0 |    0 |  2050 |      0 |      0 |          0 |
|                   issue                |                           eight_phase_issue |         31 |         31 |       0 |    0 |   204 |      0 |      0 |          0 |
|                   mac                  |                          phase_mac_pipeline |       2082 |       2082 |       0 |    0 |  2132 |      0 |      0 |         50 |
|                 post                   |                 vector_postprocess_shared_7 |       1495 |       1490 |       0 |    5 |  2360 |      0 |      0 |         12 |
|                   (post)               |                 vector_postprocess_shared_7 |        246 |        241 |       0 |    5 |  1705 |      0 |      0 |          0 |
|                   units[0].post        |                          prelu_requantize_8 |        638 |        638 |       0 |    0 |   332 |      0 |      0 |          6 |
|                   units[1].post        |                          prelu_requantize_9 |        613 |        613 |       0 |    0 |   323 |      0 |      0 |          6 |
|               l2                       |         fsrcnn_stream_layer__parameterized0 |       2028 |       2023 |       0 |    5 |  3074 |      0 |      0 |         22 |
|                 mac                    |             mac_issue_stage__parameterized0 |       1393 |       1393 |       0 |    0 |  1891 |      0 |      0 |         16 |
|                   (mac)                |             mac_issue_stage__parameterized0 |        774 |        774 |       0 |    0 |     0 |      0 |      0 |          0 |
|                   acc                  |           phase_accumulator__parameterized0 |        461 |        461 |       0 |    0 |  1026 |      0 |      0 |          0 |
|                   issue                |           eight_phase_issue__parameterized0 |          4 |          4 |       0 |    0 |   260 |      0 |      0 |          0 |
|                   mac                  |          phase_mac_pipeline__parameterized0 |        215 |        215 |       0 |    0 |   605 |      0 |      0 |         16 |
|                 post                   | vector_postprocess_shared__parameterized0_5 |        635 |        630 |       0 |    5 |  1183 |      0 |      0 |          6 |
|                   (post)               | vector_postprocess_shared__parameterized0_5 |        107 |        102 |       0 |    5 |   859 |      0 |      0 |          0 |
|                   units[0].post        |                          prelu_requantize_6 |        529 |        529 |       0 |    0 |   324 |      0 |      0 |          6 |
|               l3                       |         fsrcnn_stream_layer__parameterized1 |       4888 |       4091 |     792 |    5 |  8746 |      8 |      0 |         78 |
|                 gk.frontend            |      window_stream_frontend__parameterized0 |       1043 |        251 |     792 |    0 |  1408 |      8 |      0 |          0 |
|                   (gk.frontend)        |      window_stream_frontend__parameterized0 |          9 |          9 |       0 |    0 |     1 |      0 |      0 |          0 |
|                   fifo                 |                elastic_fifo__parameterized2 |        851 |         59 |     792 |    0 |    43 |      0 |      0 |          0 |
|                   pad                  |             same_pad_raster__parameterized0 |         33 |         33 |       0 |    0 |    21 |      0 |      0 |          0 |
|                   win                  |         window_kminus1_bram__parameterized0 |        150 |        150 |       0 |    0 |  1343 |      8 |      0 |          0 |
|                 mac                    |             mac_issue_stage__parameterized1 |       3217 |       3217 |       0 |    0 |  6161 |      0 |      0 |         72 |
|                   acc                  |           phase_accumulator__parameterized1 |        987 |        987 |       0 |    0 |  1026 |      0 |      0 |          0 |
|                   issue                |           eight_phase_issue__parameterized1 |        395 |        395 |       0 |    0 |  1166 |      0 |      0 |          0 |
|                   mac                  |          phase_mac_pipeline__parameterized1 |       1844 |       1844 |       0 |    0 |  3969 |      0 |      0 |         72 |
|                 post                   |   vector_postprocess_shared__parameterized0 |        628 |        623 |       0 |    5 |  1177 |      0 |      0 |          6 |
|                   (post)               |   vector_postprocess_shared__parameterized0 |        108 |        103 |       0 |    5 |   857 |      0 |      0 |          0 |
|                   units[0].post        |                          prelu_requantize_4 |        523 |        523 |       0 |    0 |   320 |      0 |      0 |          6 |
|               l4                       |         fsrcnn_stream_layer__parameterized2 |       3536 |       3531 |       0 |    5 |  4928 |      0 |      0 |         28 |
|                 mac                    |             mac_issue_stage__parameterized2 |       2094 |       2094 |       0 |    0 |  2595 |      0 |      0 |         16 |
|                   (mac)                |             mac_issue_stage__parameterized2 |       1386 |       1386 |       0 |    0 |     0 |      0 |      0 |          0 |
|                   acc                  |           phase_accumulator__parameterized2 |        912 |        912 |       0 |    0 |  2050 |      0 |      0 |          0 |
|                   issue                |           eight_phase_issue__parameterized2 |          4 |          4 |       0 |    0 |   132 |      0 |      0 |          0 |
|                   mac                  |          phase_mac_pipeline__parameterized2 |         34 |         34 |       0 |    0 |   413 |      0 |      0 |         16 |
|                 post                   |                   vector_postprocess_shared |       1442 |       1437 |       0 |    5 |  2333 |      0 |      0 |         12 |
|                   (post)               |                   vector_postprocess_shared |        194 |        189 |       0 |    5 |  1685 |      0 |      0 |          0 |
|                   units[0].post        |                            prelu_requantize |        654 |        654 |       0 |    0 |   335 |      0 |      0 |          6 |
|                   units[1].post        |                          prelu_requantize_3 |        595 |        595 |       0 |    0 |   313 |      0 |      0 |          6 |
|               l5                       |         fsrcnn_stream_layer__parameterized3 |      14047 |       9642 |    4400 |    5 | 25568 |     28 |      4 |        204 |
|                 gk.frontend            |      window_stream_frontend__parameterized1 |       5825 |       1425 |    4400 |    0 |  7042 |     28 |      4 |          0 |
|                   (gk.frontend)        |      window_stream_frontend__parameterized1 |          0 |          0 |       0 |    0 |    42 |      0 |      0 |          0 |
|                   fifo                 |                elastic_fifo__parameterized3 |       4724 |        324 |    4400 |    0 |   221 |      0 |      0 |          0 |
|                   pad                  |             same_pad_raster__parameterized1 |         39 |         39 |       0 |    0 |    21 |      0 |      0 |          0 |
|                   win                  |         window_kminus1_bram__parameterized1 |       1062 |       1062 |       0 |    0 |  6758 |     28 |      4 |          0 |
|                 mac                    |             mac_issue_stage__parameterized3 |       7960 |       7960 |       0 |    0 | 17964 |      0 |      0 |        200 |
|                   acc                  |           phase_accumulator__parameterized3 |        296 |        296 |       0 |    0 |   514 |      0 |      0 |          0 |
|                   issue                |           eight_phase_issue__parameterized3 |       1946 |       1946 |       0 |    0 |  6743 |      0 |      0 |          0 |
|                   mac                  |          phase_mac_pipeline__parameterized3 |       5719 |       5719 |       0 |    0 | 10707 |      0 |      0 |        200 |
|                 post                   |   vector_postprocess_shared__parameterized1 |        262 |        257 |       0 |    5 |   562 |      0 |      0 |          4 |
|                   (post)               |   vector_postprocess_shared__parameterized1 |        155 |        150 |       0 |    5 |   395 |      0 |      0 |          0 |
|                   units[0].post        |            prelu_requantize__parameterized0 |        107 |        107 |       0 |    0 |   167 |      0 |      0 |          4 |
|               shuffle                  |                   pixel_shuffle2x_row_banks |        102 |        102 |       0 |    0 |    46 |      2 |      0 |          0 |
|       u_ctrl                           |                                      c_ctrl |         15 |         15 |       0 |    0 |     8 |      0 |      0 |          0 |
|       u_in                             |                                input_stream |         55 |         55 |       0 |    0 |   177 |      0 |      0 |          0 |
|       u_out                            |                               output_stream |         59 |         59 |       0 |    0 |    51 |      0 |      0 |          0 |
|       u_pp                             |                             pingpong_buffer |        237 |        237 |       0 |    0 |   157 |     64 |      0 |          0 |
|         (u_pp)                         |                             pingpong_buffer |        105 |        105 |       0 |    0 |   151 |      0 |      0 |          0 |
|         u_bank0                        |                               stripe_buffer |         73 |         73 |       0 |    0 |     3 |     32 |      0 |          0 |
|         u_bank1                        |                             stripe_buffer_0 |         76 |         76 |       0 |    0 |     3 |     32 |      0 |          0 |
|       u_rb                             |                               readback_ctrl |          8 |          8 |       0 |    0 |    37 |      0 |      0 |          0 |
|       u_rom                            |                                   input_rom |        160 |        160 |       0 |    0 |    21 |     72 |      0 |          0 |
|         (u_rom)                        |                                   input_rom |         32 |         32 |       0 |    0 |     4 |      0 |      0 |          0 |
|         g_multi_bank.g_bank[0].u_bank  |                              input_rom_bank |         16 |         16 |       0 |    0 |     4 |      8 |      0 |          0 |
|         g_multi_bank.g_bank[10].u_bank |              input_rom_bank__parameterized9 |         12 |         12 |       0 |    0 |     2 |      6 |      0 |          0 |
|         g_multi_bank.g_bank[12].u_bank |             input_rom_bank__parameterized11 |         16 |         16 |       0 |    0 |     3 |      8 |      0 |          0 |
|         g_multi_bank.g_bank[13].u_bank |             input_rom_bank__parameterized12 |          2 |          2 |       0 |    0 |     0 |      2 |      0 |          0 |
|         g_multi_bank.g_bank[14].u_bank |             input_rom_bank__parameterized13 |          6 |          6 |       0 |    0 |     0 |      6 |      0 |          0 |
|         g_multi_bank.g_bank[15].u_bank |             input_rom_bank__parameterized14 |          8 |          8 |       0 |    0 |     1 |      8 |      0 |          0 |
|         g_multi_bank.g_bank[1].u_bank  |              input_rom_bank__parameterized0 |          4 |          4 |       0 |    0 |     1 |      2 |      0 |          0 |
|         g_multi_bank.g_bank[2].u_bank  |              input_rom_bank__parameterized1 |         12 |         12 |       0 |    0 |     0 |      6 |      0 |          0 |
|         g_multi_bank.g_bank[4].u_bank  |              input_rom_bank__parameterized3 |         16 |         16 |       0 |    0 |     3 |      8 |      0 |          0 |
|         g_multi_bank.g_bank[5].u_bank  |              input_rom_bank__parameterized4 |          4 |          4 |       0 |    0 |     1 |      2 |      0 |          0 |
|         g_multi_bank.g_bank[6].u_bank  |              input_rom_bank__parameterized5 |         12 |         12 |       0 |    0 |     0 |      6 |      0 |          0 |
|         g_multi_bank.g_bank[8].u_bank  |              input_rom_bank__parameterized7 |         16 |         16 |       0 |    0 |     2 |      8 |      0 |          0 |
|         g_multi_bank.g_bank[9].u_bank  |              input_rom_bank__parameterized8 |          4 |          4 |       0 |    0 |     0 |      2 |      0 |          0 |
|       u_uart                           |                                     uart_tx |         20 |         20 |       0 |    0 |    23 |      0 |      0 |          0 |
+----------------------------------------+---------------------------------------------+------------+------------+---------+------+-------+--------+--------+------------+
* Note: The sum of lower-level cells may be larger than their parent cells total, due to cross-hierarchy LUT combining
