Vivado Simulator v2025.2
Copyright 1986-2022 Xilinx, Inc. All Rights Reserved.
Copyright 2022-2025 Advanced Micro Devices, Inc. All Rights Reserved.
Running: F:/Xilinx/2025.2/Vivado/bin/unwrapped/win64.o/xelab.exe work.tb_input_rom_real_member_b -O0 -s tb_input_rom_real_member_b 
Multi-threading is on. Using 22 slave threads.
Starting static elaboration
Pass Through NonSizing Optimizer
Completed static elaboration
Starting simulation data flow analysis
Completed simulation data flow analysis
Time Resolution for simulation is 1ps
Compiling module work.input_rom_bank(BANK_DEPTH=32768,...
Compiling module work.input_rom_bank(BANK_ID=1,BANK_DE...
Compiling module work.input_rom_bank(BANK_ID=2,BANK_DE...
Compiling module work.input_rom_bank(BANK_ID=3,BANK_DE...
Compiling module work.input_rom_bank(BANK_ID=4,BANK_DE...
Compiling module work.input_rom_bank(BANK_ID=5,BANK_DE...
Compiling module work.input_rom_bank(BANK_ID=6,BANK_DE...
Compiling module work.input_rom_bank(BANK_ID=7,BANK_DE...
Compiling module work.input_rom_bank(BANK_ID=8,BANK_DE...
Compiling module work.input_rom_bank(BANK_ID=9,BANK_DE...
Compiling module work.input_rom_bank(BANK_ID=10,BANK_D...
Compiling module work.input_rom_bank(BANK_ID=11,BANK_D...
Compiling module work.input_rom_bank(BANK_ID=12,BANK_D...
Compiling module work.input_rom_bank(BANK_ID=13,BANK_D...
Compiling module work.input_rom_bank(BANK_ID=14,BANK_D...
Compiling module work.input_rom_bank(BANK_ID=15,BANK_D...
Compiling module work.input_rom(INIT_EN=1)
Compiling module work.tb_input_rom_real_member_b
Built simulation snapshot tb_input_rom_real_member_b
