Copyright 1986-2022 Xilinx, Inc. All Rights Reserved. Copyright 2022-2025 Advanced Micro Devices, Inc. All Rights Reserved.
------------------------------------------------------------------------------------------------------------------------------------------------------------
| Tool Version : Vivado v.2025.2 (win64) Build 6299465 Fri Nov 14 19:35:11 GMT 2025
| Date         : Sat Oct  3 20:36:50 2026
| Host         : OMENMAX running 64-bit major release  (build 9200)
| Command      : report_utilization -hierarchical -file V:/_synth_bc/postroute200_v1_pad_flags030_20261003_try1/reports/after_pressure/utilization_hier.rpt
| Design       : c_synth_top
| Device       : xc7a200tfbg484-2
| Speed File   : -2
| Design State : Physopt postRoute
------------------------------------------------------------------------------------------------------------------------------------------------------------

Utilization Design Information

Table of Contents
-----------------
1. Utilization by Hierarchy

1. Utilization by Hierarchy
---------------------------

+----------------------------------------------------+---------------------------------------------+------------+------------+---------+------+-------+--------+--------+------------+
|                      Instance                      |                    Module                   | Total LUTs | Logic LUTs | LUTRAMs | SRLs |  FFs  | RAMB36 | RAMB18 | DSP Blocks |
+----------------------------------------------------+---------------------------------------------+------------+------------+---------+------+-------+--------+--------+------------+
| c_synth_top                                        |                                       (top) |      27923 |      21968 |    5930 |   25 | 49168 |    226 |      8 |        394 |
|   (c_synth_top)                                    |                                       (top) |          0 |          0 |       0 |    0 |     0 |      0 |      0 |          0 |
|   u_top                                            |                                       c_top |      27923 |      21968 |    5930 |   25 | 49168 |    226 |      8 |        394 |
|     (u_top)                                        |                                       c_top |         10 |         10 |       0 |    0 |    55 |      0 |      0 |          0 |
|     u_core                                         |                                      c_core |      27913 |      21958 |    5930 |   25 | 49113 |    226 |      8 |        394 |
|       u_rom                                        |                                   input_rom |        155 |        155 |       0 |    0 |    21 |    128 |      0 |          0 |
|       u_b                                          |                                   b_core_if |      27104 |      21149 |    5930 |   25 | 48502 |     38 |      8 |        394 |
|         u_b_core                                   |                                 b_core_real |      27104 |      21149 |    5930 |   25 | 48502 |     38 |      8 |        394 |
|           core                                     |                      fsrcnn_network_mem_top |      27104 |      21149 |    5930 |   25 | 48502 |     38 |      8 |        394 |
|             core                                   |                         fsrcnn_network_core |      27104 |      21149 |    5930 |   25 | 48502 |     38 |      8 |        394 |
|               f12                                  |                elastic_fifo__parameterized0 |        184 |         12 |     172 |    0 |    16 |      0 |      0 |          0 |
|               f23                                  |                elastic_fifo__parameterized1 |        101 |         15 |      86 |    0 |    18 |      0 |      0 |          0 |
|               f34                                  |              elastic_fifo__parameterized1_1 |         99 |         13 |      86 |    0 |    16 |      0 |      0 |          0 |
|               f45                                  |              elastic_fifo__parameterized0_2 |        187 |         15 |     172 |    0 |    40 |      0 |      0 |          0 |
|               l1                                   |                         fsrcnn_stream_layer |       3915 |       3776 |     134 |    5 |  6829 |      0 |      4 |         62 |
|                 gk.frontend                        |                      window_stream_frontend |        239 |        105 |     134 |    0 |   295 |      0 |      4 |          0 |
|                   win                              |                         window_kminus1_bram |         55 |         55 |       0 |    0 |   264 |      0 |      4 |          0 |
|                   fifo                             |                                elastic_fifo |        141 |          7 |     134 |    0 |     7 |      0 |      0 |          0 |
|                 mac                                |                             mac_issue_stage |       2399 |       2399 |       0 |    0 |  3993 |      0 |      0 |         50 |
|                   acc                              |                           phase_accumulator |        500 |        500 |       0 |    0 |  1666 |      0 |      0 |          0 |
|                   issue                            |                           eight_phase_issue |         86 |         86 |       0 |    0 |   204 |      0 |      0 |          0 |
|                   mac                              |                          phase_mac_pipeline |       1814 |       1814 |       0 |    0 |  2123 |      0 |      0 |         50 |
|                 post                               |                 vector_postprocess_shared_8 |       1278 |       1273 |       0 |    5 |  2541 |      0 |      0 |         12 |
|                   (post)                           |                 vector_postprocess_shared_8 |        204 |        199 |       0 |    5 |  1708 |      0 |      0 |          0 |
|                   units[0].post                    |                          prelu_requantize_9 |        564 |        564 |       0 |    0 |   420 |      0 |      0 |          6 |
|                   units[1].post                    |                         prelu_requantize_10 |        514 |        514 |       0 |    0 |   413 |      0 |      0 |          6 |
|               l2                                   |         fsrcnn_stream_layer__parameterized0 |       1460 |       1455 |       0 |    5 |  2944 |      0 |      0 |         22 |
|                 mac                                |             mac_issue_stage__parameterized0 |        863 |        863 |       0 |    0 |  1696 |      0 |      0 |         16 |
|                   (mac)                            |             mac_issue_stage__parameterized0 |        299 |        299 |       0 |    0 |     0 |      0 |      0 |          0 |
|                   acc                              |         phase_accumulator__parameterized0_7 |        250 |        250 |       0 |    0 |   834 |      0 |      0 |          0 |
|                   issue                            |           eight_phase_issue__parameterized0 |        111 |        111 |       0 |    0 |   260 |      0 |      0 |          0 |
|                   mac                              |          phase_mac_pipeline__parameterized0 |        214 |        214 |       0 |    0 |   602 |      0 |      0 |         16 |
|                 post                               | vector_postprocess_shared__parameterized0_5 |        597 |        592 |       0 |    5 |  1248 |      0 |      0 |          6 |
|                   (post)                           | vector_postprocess_shared__parameterized0_5 |        106 |        101 |       0 |    5 |   859 |      0 |      0 |          0 |
|                   units[0].post                    |                          prelu_requantize_6 |        493 |        493 |       0 |    0 |   389 |      0 |      0 |          6 |
|               l3                                   |         fsrcnn_stream_layer__parameterized1 |       4481 |       3684 |     792 |    5 |  8633 |      8 |      0 |         78 |
|                 gk.frontend                        |      window_stream_frontend__parameterized0 |       1117 |        325 |     792 |    0 |  1409 |      8 |      0 |          0 |
|                   win                              |         window_kminus1_bram__parameterized0 |        155 |        155 |       0 |    0 |  1342 |      8 |      0 |          0 |
|                   fifo                             |                elastic_fifo__parameterized2 |        856 |         64 |     792 |    0 |    43 |      0 |      0 |          0 |
|                   pad                              |             same_pad_raster__parameterized0 |        106 |        106 |       0 |    0 |    23 |      0 |      0 |          0 |
|                 mac                                |             mac_issue_stage__parameterized1 |       2771 |       2771 |       0 |    0 |  5967 |      0 |      0 |         72 |
|                   acc                              |           phase_accumulator__parameterized0 |        251 |        251 |       0 |    0 |   834 |      0 |      0 |          0 |
|                   issue                            |           eight_phase_issue__parameterized1 |        395 |        395 |       0 |    0 |  1167 |      0 |      0 |          0 |
|                   mac                              |          phase_mac_pipeline__parameterized1 |       2125 |       2125 |       0 |    0 |  3966 |      0 |      0 |         72 |
|                 post                               |   vector_postprocess_shared__parameterized0 |        593 |        588 |       0 |    5 |  1257 |      0 |      0 |          6 |
|                   (post)                           |   vector_postprocess_shared__parameterized0 |        109 |        104 |       0 |    5 |   857 |      0 |      0 |          0 |
|                   units[0].post                    |                          prelu_requantize_4 |        487 |        487 |       0 |    0 |   400 |      0 |      0 |          6 |
|               l4                                   |         fsrcnn_stream_layer__parameterized2 |       2464 |       2459 |       0 |    5 |  4718 |      0 |      0 |         28 |
|                 mac                                |             mac_issue_stage__parameterized2 |       1183 |       1183 |       0 |    0 |  2207 |      0 |      0 |         16 |
|                   (mac)                            |             mac_issue_stage__parameterized2 |        586 |        586 |       0 |    0 |     0 |      0 |      0 |          0 |
|                   acc                              |           phase_accumulator__parameterized2 |        498 |        498 |       0 |    0 |  1666 |      0 |      0 |          0 |
|                   issue                            |           eight_phase_issue__parameterized2 |         78 |         78 |       0 |    0 |   132 |      0 |      0 |          0 |
|                   mac                              |          phase_mac_pipeline__parameterized2 |         37 |         37 |       0 |    0 |   409 |      0 |      0 |         16 |
|                 post                               |                   vector_postprocess_shared |       1283 |       1278 |       0 |    5 |  2511 |      0 |      0 |         12 |
|                   (post)                           |                   vector_postprocess_shared |        200 |        195 |       0 |    5 |  1687 |      0 |      0 |          0 |
|                   units[0].post                    |                            prelu_requantize |        556 |        556 |       0 |    0 |   415 |      0 |      0 |          6 |
|                   units[1].post                    |                          prelu_requantize_3 |        527 |        527 |       0 |    0 |   409 |      0 |      0 |          6 |
|               l5                                   |         fsrcnn_stream_layer__parameterized3 |      14107 |       9614 |    4488 |    5 | 25242 |     28 |      4 |        204 |
|                 gk.frontend                        |      window_stream_frontend__parameterized1 |       5982 |       1582 |    4400 |    0 |  7010 |     28 |      4 |          0 |
|                   win                              |         window_kminus1_bram__parameterized1 |       1076 |       1076 |       0 |    0 |  6727 |     28 |      4 |          0 |
|                   fifo                             |                elastic_fifo__parameterized3 |       4709 |        309 |    4400 |    0 |   221 |      0 |      0 |          0 |
|                   pad                              |             same_pad_raster__parameterized1 |        197 |        197 |       0 |    0 |    23 |      0 |      0 |          0 |
|                 mac                                |             mac_issue_stage__parameterized3 |       7866 |       7778 |      88 |    0 | 17605 |      0 |      0 |        200 |
|                   acc                              |           phase_accumulator__parameterized3 |        125 |        125 |       0 |    0 |   418 |      0 |      0 |          0 |
|                   g_l5_partial_buffer.partial_fifo |                           mac_partial_fifo2 |        237 |        149 |      88 |    0 |     4 |      0 |      0 |          0 |
|                   issue                            |           eight_phase_issue__parameterized3 |       1968 |       1968 |       0 |    0 |  6479 |      0 |      0 |          0 |
|                   mac                              |          phase_mac_pipeline__parameterized3 |       5536 |       5536 |       0 |    0 | 10704 |      0 |      0 |        200 |
|                 post                               |   vector_postprocess_shared__parameterized1 |        260 |        255 |       0 |    5 |   627 |      0 |      0 |          4 |
|                   (post)                           |   vector_postprocess_shared__parameterized1 |        153 |        148 |       0 |    5 |   395 |      0 |      0 |          0 |
|                   units[0].post                    |            prelu_requantize__parameterized0 |        107 |        107 |       0 |    0 |   232 |      0 |      0 |          4 |
|               shuffle                              |                   pixel_shuffle2x_row_banks |        107 |        107 |       0 |    0 |    46 |      2 |      0 |          0 |
|       u_in                                         |                                input_stream |         60 |         60 |       0 |    0 |   216 |      0 |      0 |          0 |
|       u_out                                        |                               output_stream |         61 |         61 |       0 |    0 |    51 |      0 |      0 |          0 |
|       u_pp                                         |                             pingpong_buffer |        491 |        491 |       0 |    0 |   208 |     60 |      0 |          0 |
|         (u_pp)                                     |                             pingpong_buffer |        148 |        148 |       0 |    0 |   182 |      0 |      0 |          0 |
|         u_bank0                                    |                               stripe_buffer |        181 |        181 |       0 |    0 |    13 |     30 |      0 |          0 |
|         u_bank1                                    |                             stripe_buffer_0 |        164 |        164 |       0 |    0 |    13 |     30 |      0 |          0 |
+----------------------------------------------------+---------------------------------------------+------------+------------+---------+------+-------+--------+--------+------------+
* Note: The sum of lower-level cells may be larger than their parent cells total, due to cross-hierarchy LUT combining


