Copyright 1986-2022 Xilinx, Inc. All Rights Reserved. Copyright 2022-2025 Advanced Micro Devices, Inc. All Rights Reserved.
---------------------------------------------------------------------------------------------------------------------------------------------------------------------------------------
| Tool Version : Vivado v.2025.2 (win64) Build 6299465 Fri Nov 14 19:35:11 GMT 2025
| Date         : Sat Oct  3 18:47:34 2026
| Host         : OMENMAX running 64-bit major release  (build 9200)
| Command      : report_utilization -hierarchical -file V://_synth_bc/acc36_realrom_200_member_b_fifo_capacity_20261003_nominal_ascii_ramdecomp/reports/utilization_postroute_hier.rpt
| Design       : c_synth_top
| Device       : xc7a200tfbg484-2
| Speed File   : -2
| Design State : Routed
---------------------------------------------------------------------------------------------------------------------------------------------------------------------------------------

Utilization Design Information

Table of Contents
-----------------
1. Utilization by Hierarchy

1. Utilization by Hierarchy
---------------------------

+----------------------------------------------------+---------------------------------------------+------------+------------+---------+------+-------+--------+--------+------------+
|                      Instance                      |                    Module                   | Total LUTs | Logic LUTs | LUTRAMs | SRLs |  FFs  | RAMB36 | RAMB18 | DSP Blocks |
+----------------------------------------------------+---------------------------------------------+------------+------------+---------+------+-------+--------+--------+------------+
| c_synth_top                                        |                                       (top) |      28207 |      22252 |    5930 |   25 | 49362 |    226 |      8 |        394 |
|   (c_synth_top)                                    |                                       (top) |          0 |          0 |       0 |    0 |     0 |      0 |      0 |          0 |
|   u_top                                            |                                       c_top |      28207 |      22252 |    5930 |   25 | 49362 |    226 |      8 |        394 |
|     (u_top)                                        |                                       c_top |         10 |         10 |       0 |    0 |    55 |      0 |      0 |          0 |
|     u_core                                         |                                      c_core |      28198 |      22243 |    5930 |   25 | 49307 |    226 |      8 |        394 |
|       u_rom                                        |                                   input_rom |        157 |        157 |       0 |    0 |    21 |    128 |      0 |          0 |
|       u_b                                          |                                   b_core_if |      27352 |      21397 |    5930 |   25 | 48695 |     38 |      8 |        394 |
|         u_b_core                                   |                                 b_core_real |      27352 |      21397 |    5930 |   25 | 48695 |     38 |      8 |        394 |
|           core                                     |                      fsrcnn_network_mem_top |      27352 |      21397 |    5930 |   25 | 48695 |     38 |      8 |        394 |
|             core                                   |                         fsrcnn_network_core |      27352 |      21397 |    5930 |   25 | 48695 |     38 |      8 |        394 |
|               f12                                  |                elastic_fifo__parameterized0 |        185 |         13 |     172 |    0 |    16 |      0 |      0 |          0 |
|               f23                                  |                elastic_fifo__parameterized1 |        221 |        135 |      86 |    0 |    16 |      0 |      0 |          0 |
|               f34                                  |              elastic_fifo__parameterized1_1 |         99 |         13 |      86 |    0 |    16 |      0 |      0 |          0 |
|               f45                                  |              elastic_fifo__parameterized0_2 |        427 |        255 |     172 |    0 |    16 |      0 |      0 |          0 |
|               l1                                   |                         fsrcnn_stream_layer |       3916 |       3777 |     134 |    5 |  6782 |      0 |      4 |         62 |
|                 gk.frontend                        |                      window_stream_frontend |        243 |        109 |     134 |    0 |   293 |      0 |      4 |          0 |
|                   win                              |                         window_kminus1_bram |         60 |         60 |       0 |    0 |   264 |      0 |      4 |          0 |
|                   fifo                             |                                elastic_fifo |        146 |         12 |     134 |    0 |     7 |      0 |      0 |          0 |
|                 mac                                |                             mac_issue_stage |       2398 |       2398 |       0 |    0 |  3993 |      0 |      0 |         50 |
|                   acc                              |                           phase_accumulator |        499 |        499 |       0 |    0 |  1666 |      0 |      0 |          0 |
|                   issue                            |                           eight_phase_issue |         87 |         87 |       0 |    0 |   204 |      0 |      0 |          0 |
|                   mac                              |                          phase_mac_pipeline |       1813 |       1813 |       0 |    0 |  2123 |      0 |      0 |         50 |
|                 post                               |                 vector_postprocess_shared_8 |       1275 |       1270 |       0 |    5 |  2496 |      0 |      0 |         12 |
|                   (post)                           |                 vector_postprocess_shared_8 |        204 |        199 |       0 |    5 |  1708 |      0 |      0 |          0 |
|                   units[0].post                    |                          prelu_requantize_9 |        562 |        562 |       0 |    0 |   390 |      0 |      0 |          6 |
|                   units[1].post                    |                         prelu_requantize_10 |        513 |        513 |       0 |    0 |   398 |      0 |      0 |          6 |
|               l2                                   |         fsrcnn_stream_layer__parameterized0 |       1464 |       1459 |       0 |    5 |  2944 |      0 |      0 |         22 |
|                 mac                                |             mac_issue_stage__parameterized0 |        866 |        866 |       0 |    0 |  1696 |      0 |      0 |         16 |
|                   (mac)                            |             mac_issue_stage__parameterized0 |        300 |        300 |       0 |    0 |     0 |      0 |      0 |          0 |
|                   acc                              |         phase_accumulator__parameterized0_7 |        250 |        250 |       0 |    0 |   834 |      0 |      0 |          0 |
|                   issue                            |           eight_phase_issue__parameterized0 |        111 |        111 |       0 |    0 |   260 |      0 |      0 |          0 |
|                   mac                              |          phase_mac_pipeline__parameterized0 |        214 |        214 |       0 |    0 |   602 |      0 |      0 |         16 |
|                 post                               | vector_postprocess_shared__parameterized0_5 |        599 |        594 |       0 |    5 |  1248 |      0 |      0 |          6 |
|                   (post)                           | vector_postprocess_shared__parameterized0_5 |        108 |        103 |       0 |    5 |   859 |      0 |      0 |          0 |
|                   units[0].post                    |                          prelu_requantize_6 |        494 |        494 |       0 |    0 |   389 |      0 |      0 |          6 |
|               l3                                   |         fsrcnn_stream_layer__parameterized1 |       4408 |       3611 |     792 |    5 |  8647 |      8 |      0 |         78 |
|                 gk.frontend                        |      window_stream_frontend__parameterized0 |       1055 |        263 |     792 |    0 |  1408 |      8 |      0 |          0 |
|                   win                              |         window_kminus1_bram__parameterized0 |        152 |        152 |       0 |    0 |  1343 |      8 |      0 |          0 |
|                   fifo                             |                elastic_fifo__parameterized2 |        860 |         68 |     792 |    0 |    43 |      0 |      0 |          0 |
|                 mac                                |             mac_issue_stage__parameterized1 |       2760 |       2760 |       0 |    0 |  5967 |      0 |      0 |         72 |
|                   acc                              |           phase_accumulator__parameterized0 |        251 |        251 |       0 |    0 |   834 |      0 |      0 |          0 |
|                   issue                            |           eight_phase_issue__parameterized1 |        388 |        388 |       0 |    0 |  1167 |      0 |      0 |          0 |
|                   mac                              |          phase_mac_pipeline__parameterized1 |       2122 |       2122 |       0 |    0 |  3966 |      0 |      0 |         72 |
|                 post                               |   vector_postprocess_shared__parameterized0 |        593 |        588 |       0 |    5 |  1272 |      0 |      0 |          6 |
|                   (post)                           |   vector_postprocess_shared__parameterized0 |        110 |        105 |       0 |    5 |   857 |      0 |      0 |          0 |
|                   units[0].post                    |                          prelu_requantize_4 |        487 |        487 |       0 |    0 |   415 |      0 |      0 |          6 |
|               l4                                   |         fsrcnn_stream_layer__parameterized2 |       2508 |       2503 |       0 |    5 |  4716 |      0 |      0 |         28 |
|                 mac                                |             mac_issue_stage__parameterized2 |       1185 |       1185 |       0 |    0 |  2205 |      0 |      0 |         16 |
|                   (mac)                            |             mac_issue_stage__parameterized2 |        586 |        586 |       0 |    0 |     0 |      0 |      0 |          0 |
|                   acc                              |           phase_accumulator__parameterized2 |        499 |        499 |       0 |    0 |  1666 |      0 |      0 |          0 |
|                   issue                            |           eight_phase_issue__parameterized2 |         78 |         78 |       0 |    0 |   132 |      0 |      0 |          0 |
|                   mac                              |          phase_mac_pipeline__parameterized2 |         38 |         38 |       0 |    0 |   407 |      0 |      0 |         16 |
|                 post                               |                   vector_postprocess_shared |       1323 |       1318 |       0 |    5 |  2511 |      0 |      0 |         12 |
|                   (post)                           |                   vector_postprocess_shared |        206 |        201 |       0 |    5 |  1687 |      0 |      0 |          0 |
|                   units[0].post                    |                            prelu_requantize |        592 |        592 |       0 |    0 |   415 |      0 |      0 |          6 |
|                   units[1].post                    |                          prelu_requantize_3 |        528 |        528 |       0 |    0 |   409 |      0 |      0 |          6 |
|               l5                                   |         fsrcnn_stream_layer__parameterized3 |      14016 |       9523 |    4488 |    5 | 25495 |     28 |      4 |        204 |
|                 gk.frontend                        |      window_stream_frontend__parameterized1 |       5842 |       1442 |    4400 |    0 |  7014 |     28 |      4 |          0 |
|                   win                              |         window_kminus1_bram__parameterized1 |       1060 |       1060 |       0 |    0 |  6727 |     28 |      4 |          0 |
|                   fifo                             |                elastic_fifo__parameterized3 |       4718 |        318 |    4400 |    0 |   224 |      0 |      0 |          0 |
|                   pad                              |             same_pad_raster__parameterized1 |         64 |         64 |       0 |    0 |    23 |      0 |      0 |          0 |
|                 mac                                |             mac_issue_stage__parameterized3 |       7911 |       7823 |      88 |    0 | 17854 |      0 |      0 |        200 |
|                   acc                              |           phase_accumulator__parameterized3 |        126 |        126 |       0 |    0 |   418 |      0 |      0 |          0 |
|                   g_l5_partial_buffer.partial_fifo |                           mac_partial_fifo2 |        237 |        149 |      88 |    0 |     4 |      0 |      0 |          0 |
|                   issue                            |           eight_phase_issue__parameterized3 |       1996 |       1996 |       0 |    0 |  6724 |      0 |      0 |          0 |
|                   mac                              |          phase_mac_pipeline__parameterized3 |       5552 |       5552 |       0 |    0 | 10708 |      0 |      0 |        200 |
|                 post                               |   vector_postprocess_shared__parameterized1 |        264 |        259 |       0 |    5 |   627 |      0 |      0 |          4 |
|                   (post)                           |   vector_postprocess_shared__parameterized1 |        155 |        150 |       0 |    5 |   395 |      0 |      0 |          0 |
|                   units[0].post                    |            prelu_requantize__parameterized0 |        109 |        109 |       0 |    0 |   232 |      0 |      0 |          4 |
|               shuffle                              |                   pixel_shuffle2x_row_banks |        110 |        110 |       0 |    0 |    47 |      2 |      0 |          0 |
|       u_in                                         |                                input_stream |         68 |         68 |       0 |    0 |   216 |      0 |      0 |          0 |
|       u_out                                        |                               output_stream |         62 |         62 |       0 |    0 |    51 |      0 |      0 |          0 |
|       u_pp                                         |                             pingpong_buffer |        510 |        510 |       0 |    0 |   212 |     60 |      0 |          0 |
|         (u_pp)                                     |                             pingpong_buffer |        150 |        150 |       0 |    0 |   186 |      0 |      0 |          0 |
|         u_bank0                                    |                               stripe_buffer |        196 |        196 |       0 |    0 |    13 |     30 |      0 |          0 |
|         u_bank1                                    |                             stripe_buffer_0 |        164 |        164 |       0 |    0 |    13 |     30 |      0 |          0 |
+----------------------------------------------------+---------------------------------------------+------------+------------+---------+------+-------+--------+--------+------------+
* Note: The sum of lower-level cells may be larger than their parent cells total, due to cross-hierarchy LUT combining


