Vivado Simulator v2025.2
Copyright 1986-2022 Xilinx, Inc. All Rights Reserved.
Copyright 2022-2025 Advanced Micro Devices, Inc. All Rights Reserved.
Running: F:/Xilinx/2025.2/Vivado/bin/unwrapped/win64.o/xelab.exe --nolog worklib.tb_issue_head -O0 -s tb_issue_head 
Multi-threading is on. Using 22 slave threads.
Starting static elaboration
Pass Through NonSizing Optimizer
Completed static elaboration
Starting simulation data flow analysis
Completed simulation data flow analysis
Time Resolution for simulation is 1ps
Compiling module worklib.eight_phase_issue_reference(DATA...
Compiling module worklib.eight_phase_issue(DATA_W=1)
Compiling module worklib.issue_head_case(DW=1)
Compiling module worklib.eight_phase_issue_reference
Compiling module worklib.eight_phase_issue
Compiling module worklib.issue_head_case(DW=256)
Compiling module worklib.eight_phase_issue_reference(DATA...
Compiling module worklib.eight_phase_issue(DATA_W=6400)
Compiling module worklib.issue_head_case
Compiling module worklib.tb_issue_head
Built simulation snapshot tb_issue_head
