

================================================================
== Vitis HLS Report for 'window3x3_stream_top'
================================================================
* Date:           Sun Sep 20 19:40:34 2026

* Version:        2025.2 (Build 6295257 on Nov 12 2025)
* Project:        work
* Solution:       solution1 (Vivado IP Flow Target)
* Product family: zynq
* Target device:  xc7z020-clg400-1


================================================================
== Performance Estimates
================================================================
+ Timing: 
    * Summary: 
    +--------+----------+----------+------------+
    |  Clock |  Target  | Estimated| Uncertainty|
    +--------+----------+----------+------------+
    |ap_clk  |  10.00 ns|  6.764 ns|     2.70 ns|
    +--------+----------+----------+------------+

+ Latency: 
    * Summary: 
    +---------+---------+----------+----------+-----+--------+---------+
    |  Latency (cycles) |  Latency (absolute) |   Interval   | Pipeline|
    |   min   |   max   |    min   |    max   | min |   max  |   Type  |
    +---------+---------+----------+----------+-----+--------+---------+
    |       27|   230408|  0.270 us|  2.304 ms|   28|  230409|       no|
    +---------+---------+----------+----------+-----+--------+---------+

    + Detail: 
        * Instance: 
        +-----------------------------------------------------------+-------------------------------------------------+---------+---------+----------+----------+-----+-----+-------------------+
        |                                                           |                                                 |  Latency (cycles) |  Latency (absolute) |  Interval |      Pipeline     |
        |                          Instance                         |                      Module                     |   min   |   max   |    min   |    max   | min | max |        Type       |
        +-----------------------------------------------------------+-------------------------------------------------+---------+---------+----------+----------+-----+-----+-------------------+
        |grp_window3x3_stream_top_Outline_1_fu_70                   |window3x3_stream_top_Outline_1                   |       24|       24|  0.240 us|  0.240 us|   24|   24|                 no|
        |grp_window3x3_stream_top_Pipeline_row_loop_col_loop_fu_74  |window3x3_stream_top_Pipeline_row_loop_col_loop  |       14|   230405|  0.140 us|  2.304 ms|    0|    0|  loop pipeline stp|
        +-----------------------------------------------------------+-------------------------------------------------+---------+---------+----------+----------+-----+-----+-------------------+

        * Loop: 
        N/A



================================================================
== Utilization Estimates
================================================================
* Summary: 
+-----------------+---------+-----+--------+-------+-----+
|       Name      | BRAM_18K| DSP |   FF   |  LUT  | URAM|
+-----------------+---------+-----+--------+-------+-----+
|DSP              |        -|    -|       -|      -|    -|
|Expression       |        -|    -|       0|      4|    -|
|FIFO             |        -|    -|       -|      -|    -|
|Instance         |        2|    1|     527|    925|    -|
|Memory           |        -|    -|       -|      -|    -|
|Multiplexer      |        -|    -|       0|     43|    -|
|Register         |        -|    -|     126|      -|    -|
+-----------------+---------+-----+--------+-------+-----+
|Total            |        2|    1|     653|    972|    0|
+-----------------+---------+-----+--------+-------+-----+
|Available        |      280|  220|  106400|  53200|    0|
+-----------------+---------+-----+--------+-------+-----+
|Utilization (%)  |       ~0|   ~0|      ~0|      1|    0|
+-----------------+---------+-----+--------+-------+-----+

+ Detail: 
    * Instance: 
    +-----------------------------------------------------------+-------------------------------------------------+---------+----+-----+-----+-----+
    |                          Instance                         |                      Module                     | BRAM_18K| DSP|  FF | LUT | URAM|
    +-----------------------------------------------------------+-------------------------------------------------+---------+----+-----+-----+-----+
    |control_s_axi_U                                            |control_s_axi                                    |        0|   0|   80|  104|    0|
    |mul_16ns_16ns_32_1_1_U9                                    |mul_16ns_16ns_32_1_1                             |        0|   1|    0|    6|    0|
    |grp_window3x3_stream_top_Outline_1_fu_70                   |window3x3_stream_top_Outline_1                   |        0|   0|   75|  254|    0|
    |grp_window3x3_stream_top_Pipeline_row_loop_col_loop_fu_74  |window3x3_stream_top_Pipeline_row_loop_col_loop  |        2|   0|  372|  561|    0|
    +-----------------------------------------------------------+-------------------------------------------------+---------+----+-----+-----+-----+
    |Total                                                      |                                                 |        2|   1|  527|  925|    0|
    +-----------------------------------------------------------+-------------------------------------------------+---------+----+-----+-----+-----+

    * DSP: 
    N/A

    * Memory: 
    N/A

    * FIFO: 
    N/A

    * Expression: 
    +-----------------------------------------------------------------------------+----------+----+---+----+------------+------------+
    |                                Variable Name                                | Operation| DSP| FF| LUT| Bitwidth P0| Bitwidth P1|
    +-----------------------------------------------------------------------------+----------+----+---+----+------------+------------+
    |grp_window3x3_stream_top_Pipeline_row_loop_col_loop_fu_74_window_out_TREADY  |       and|   0|  0|   2|           1|           1|
    |ap_block_state3_on_subcall_done                                              |        or|   0|  0|   2|           1|           1|
    +-----------------------------------------------------------------------------+----------+----+---+----+------------+------------+
    |Total                                                                        |          |   0|  0|   4|           2|           2|
    +-----------------------------------------------------------------------------+----------+----+---+----+------------+------------+

    * Multiplexer: 
    +-------------------------------+----+-----------+-----+-----------+
    |              Name             | LUT| Input Size| Bits| Total Bits|
    +-------------------------------+----+-----------+-----+-----------+
    |ap_NS_fsm                      |  25|          5|    1|          5|
    |pixel_in_TREADY_int_regslice   |   9|          2|    1|          2|
    |window_out_TDATA_int_regslice  |   9|          2|   72|        144|
    +-------------------------------+----+-----------+-----+-----------+
    |Total                          |  43|          9|   74|        151|
    +-------------------------------+----+-----------+-----+-----------+

    * Register: 
    +------------------------------------------------------------------------+----+----+-----+-----------+
    |                                  Name                                  | FF | LUT| Bits| Const Bits|
    +------------------------------------------------------------------------+----+----+-----+-----------+
    |ap_CS_fsm                                                               |   4|   0|    4|          0|
    |cols_read_reg_102                                                       |  16|   0|   16|          0|
    |grp_window3x3_stream_top_Outline_1_fu_70_ap_start_reg                   |   1|   0|    1|          0|
    |grp_window3x3_stream_top_Pipeline_row_loop_col_loop_fu_74_ap_start_reg  |   1|   0|    1|          0|
    |mul_ln22_reg_107                                                        |  32|   0|   32|          0|
    |window_out_TDATA_reg                                                    |  72|   0|   72|          0|
    +------------------------------------------------------------------------+----+----+-----+-----------+
    |Total                                                                   | 126|   0|  126|          0|
    +------------------------------------------------------------------------+----+----+-----+-----------+



================================================================
== Interface
================================================================
* Summary: 
+-----------------------+-----+-----+------------+----------------------+--------------+
|       RTL Ports       | Dir | Bits|  Protocol  |     Source Object    |    C Type    |
+-----------------------+-----+-----+------------+----------------------+--------------+
|s_axi_control_AWVALID  |   in|    1|       s_axi|               control|        scalar|
|s_axi_control_AWREADY  |  out|    1|       s_axi|               control|        scalar|
|s_axi_control_AWADDR   |   in|    5|       s_axi|               control|        scalar|
|s_axi_control_WVALID   |   in|    1|       s_axi|               control|        scalar|
|s_axi_control_WREADY   |  out|    1|       s_axi|               control|        scalar|
|s_axi_control_WDATA    |   in|   32|       s_axi|               control|        scalar|
|s_axi_control_WSTRB    |   in|    4|       s_axi|               control|        scalar|
|s_axi_control_ARVALID  |   in|    1|       s_axi|               control|        scalar|
|s_axi_control_ARREADY  |  out|    1|       s_axi|               control|        scalar|
|s_axi_control_ARADDR   |   in|    5|       s_axi|               control|        scalar|
|s_axi_control_RVALID   |  out|    1|       s_axi|               control|        scalar|
|s_axi_control_RREADY   |   in|    1|       s_axi|               control|        scalar|
|s_axi_control_RDATA    |  out|   32|       s_axi|               control|        scalar|
|s_axi_control_RRESP    |  out|    2|       s_axi|               control|        scalar|
|s_axi_control_BVALID   |  out|    1|       s_axi|               control|        scalar|
|s_axi_control_BREADY   |   in|    1|       s_axi|               control|        scalar|
|s_axi_control_BRESP    |  out|    2|       s_axi|               control|        scalar|
|ap_clk                 |   in|    1|  ap_ctrl_hs|  window3x3_stream_top|  return value|
|ap_rst_n               |   in|    1|  ap_ctrl_hs|  window3x3_stream_top|  return value|
|interrupt              |  out|    1|  ap_ctrl_hs|  window3x3_stream_top|  return value|
|pixel_in_TDATA         |   in|    8|        axis|              pixel_in|       pointer|
|pixel_in_TVALID        |   in|    1|        axis|              pixel_in|       pointer|
|pixel_in_TREADY        |  out|    1|        axis|              pixel_in|       pointer|
|window_out_TDATA       |  out|   72|        axis|            window_out|       pointer|
|window_out_TVALID      |  out|    1|        axis|            window_out|       pointer|
|window_out_TREADY      |   in|    1|        axis|            window_out|       pointer|
+-----------------------+-----+-----+------------+----------------------+--------------+

