Copyright 1986-2022 Xilinx, Inc. All Rights Reserved. Copyright 2022-2025 Advanced Micro Devices, Inc. All Rights Reserved.
------------------------------------------------------------------------------------------------------------------------------------------------------------------------------------------------------------------------------------------------------------------------------------------------------------------------------------------
| Tool Version : Vivado v.2025.2 (win64) Build 6299465 Fri Nov 14 19:35:11 GMT 2025
| Date         : Fri Oct  9 20:52:21 2026
| Host         : WIN-FJ9PMA04HBP running 64-bit major release  (build 9200)
| Command      : report_timing -to [get_pins -of_objects [get_cells -hier -filter {NAME =~ u_clocks/delay_reset_count_reg* || NAME =~ u_clocks/calibration_was_ready_reg || NAME =~ u_clocks/delay_control_reset_reg}] -filter {REF_PIN_NAME == CLR || REF_PIN_NAME == PRE}] -delay_type max -max_paths 10 -file calibration_recovery.rpt
| Design       : ethernet_rgmii_managed_video
| Device       : 7a200t-fbg484
| Speed File   : -2  PRODUCTION 1.23 2018-06-13
| Design State : Routed
------------------------------------------------------------------------------------------------------------------------------------------------------------------------------------------------------------------------------------------------------------------------------------------------------------------------------------------

Timing Report

Slack (MET) :             3.533ns  (required time - arrival time)
  Source:                 u_clocks/reference_bad_reg[1]/C
                            (rising edge-triggered cell FDPE clocked by ref_raw  {rise@0.000ns fall@2.500ns period=5.000ns})
  Destination:            u_clocks/delay_reset_count_reg[0]/CLR
                            (recovery check against rising-edge clock ref_raw  {rise@0.000ns fall@2.500ns period=5.000ns})
  Path Group:             **async_default**
  Path Type:              Recovery (Max at Slow Process Corner)
  Requirement:            5.000ns  (ref_raw rise@5.000ns - ref_raw rise@0.000ns)
  Data Path Delay:        0.799ns  (logic 0.348ns (43.580%)  route 0.451ns (56.420%))
  Logic Levels:           0  
  Clock Path Skew:        -0.024ns (DCD - SCD + CPR)
    Destination Clock Delay (DCD):    4.637ns = ( 9.637 - 5.000 ) 
    Source Clock Delay      (SCD):    4.905ns
    Clock Pessimism Removal (CPR):    0.244ns
  Clock Uncertainty:      0.177ns  ((TSJ^2 + DJ^2)^1/2) / 2 + PE + UU
    Total System Jitter     (TSJ):    0.071ns
    Discrete Jitter          (DJ):    0.136ns
    Phase Error              (PE):    0.000ns
    User Uncertainty         (UU):    0.100ns

    Location             Delay type                Incr(ns)  Path(ns)    Netlist Resource(s)
  -------------------------------------------------------------------    -------------------
                         (clock ref_raw rise edge)    0.000     0.000 r  
    W19                                               0.000     0.000 r  sys_clk50 (IN)
                         net (fo=0)                   0.000     0.000    u_clocks/sys_clk50
    W19                  IBUF (Prop_ibuf_I_O)         1.440     1.440 r  u_clocks/u_sys_input/O
                         net (fo=2, routed)           1.827     3.267    u_clocks/sys_in
    BUFGCTRL_X0Y6        BUFG (Prop_bufg_I_O)         0.081     3.348 r  u_clocks/u_management_clock/O
                         net (fo=519, routed)         1.804     5.152    u_clocks/mc
    MMCME2_ADV_X1Y0      MMCME2_ADV (Prop_mmcme2_adv_CLKIN1_CLKOUT0)
                                                     -4.175     0.977 r  u_clocks/u_ref_mmcm/CLKOUT0
                         net (fo=1, routed)           2.290     3.267    u_clocks/ref_raw
    BUFGCTRL_X0Y1        BUFG (Prop_bufg_I_O)         0.081     3.348 r  u_clocks/u_ref_clock/O
                         net (fo=13, routed)          1.557     4.905    u_clocks/ref_clk
    SLICE_X0Y119         FDPE                                         r  u_clocks/reference_bad_reg[1]/C
  -------------------------------------------------------------------    -------------------
    SLICE_X0Y119         FDPE (Prop_fdpe_C_Q)         0.348     5.253 f  u_clocks/reference_bad_reg[1]/Q
                         net (fo=8, routed)           0.451     5.703    u_clocks/reference_bad[1]
    SLICE_X1Y119         FDCE                                         f  u_clocks/delay_reset_count_reg[0]/CLR
  -------------------------------------------------------------------    -------------------

                         (clock ref_raw rise edge)    5.000     5.000 r  
    W19                                               0.000     5.000 r  sys_clk50 (IN)
                         net (fo=0)                   0.000     5.000    u_clocks/sys_clk50
    W19                  IBUF (Prop_ibuf_I_O)         1.374     6.374 r  u_clocks/u_sys_input/O
                         net (fo=2, routed)           1.734     8.108    u_clocks/sys_in
    BUFGCTRL_X0Y6        BUFG (Prop_bufg_I_O)         0.077     8.185 r  u_clocks/u_management_clock/O
                         net (fo=519, routed)         1.687     9.872    u_clocks/mc
    MMCME2_ADV_X1Y0      MMCME2_ADV (Prop_mmcme2_adv_CLKIN1_CLKOUT0)
                                                     -3.944     5.928 r  u_clocks/u_ref_mmcm/CLKOUT0
                         net (fo=1, routed)           2.180     8.108    u_clocks/ref_raw
    BUFGCTRL_X0Y1        BUFG (Prop_bufg_I_O)         0.077     8.185 r  u_clocks/u_ref_clock/O
                         net (fo=13, routed)          1.452     9.637    u_clocks/ref_clk
    SLICE_X1Y119         FDCE                                         r  u_clocks/delay_reset_count_reg[0]/C
                         clock pessimism              0.244     9.881    
                         clock uncertainty           -0.177     9.704    
    SLICE_X1Y119         FDCE (Recov_fdce_C_CLR)     -0.468     9.236    u_clocks/delay_reset_count_reg[0]
  -------------------------------------------------------------------
                         required time                          9.236    
                         arrival time                          -5.703    
  -------------------------------------------------------------------
                         slack                                  3.533    

Slack (MET) :             3.533ns  (required time - arrival time)
  Source:                 u_clocks/reference_bad_reg[1]/C
                            (rising edge-triggered cell FDPE clocked by ref_raw  {rise@0.000ns fall@2.500ns period=5.000ns})
  Destination:            u_clocks/delay_reset_count_reg[1]/CLR
                            (recovery check against rising-edge clock ref_raw  {rise@0.000ns fall@2.500ns period=5.000ns})
  Path Group:             **async_default**
  Path Type:              Recovery (Max at Slow Process Corner)
  Requirement:            5.000ns  (ref_raw rise@5.000ns - ref_raw rise@0.000ns)
  Data Path Delay:        0.799ns  (logic 0.348ns (43.580%)  route 0.451ns (56.420%))
  Logic Levels:           0  
  Clock Path Skew:        -0.024ns (DCD - SCD + CPR)
    Destination Clock Delay (DCD):    4.637ns = ( 9.637 - 5.000 ) 
    Source Clock Delay      (SCD):    4.905ns
    Clock Pessimism Removal (CPR):    0.244ns
  Clock Uncertainty:      0.177ns  ((TSJ^2 + DJ^2)^1/2) / 2 + PE + UU
    Total System Jitter     (TSJ):    0.071ns
    Discrete Jitter          (DJ):    0.136ns
    Phase Error              (PE):    0.000ns
    User Uncertainty         (UU):    0.100ns

    Location             Delay type                Incr(ns)  Path(ns)    Netlist Resource(s)
  -------------------------------------------------------------------    -------------------
                         (clock ref_raw rise edge)    0.000     0.000 r  
    W19                                               0.000     0.000 r  sys_clk50 (IN)
                         net (fo=0)                   0.000     0.000    u_clocks/sys_clk50
    W19                  IBUF (Prop_ibuf_I_O)         1.440     1.440 r  u_clocks/u_sys_input/O
                         net (fo=2, routed)           1.827     3.267    u_clocks/sys_in
    BUFGCTRL_X0Y6        BUFG (Prop_bufg_I_O)         0.081     3.348 r  u_clocks/u_management_clock/O
                         net (fo=519, routed)         1.804     5.152    u_clocks/mc
    MMCME2_ADV_X1Y0      MMCME2_ADV (Prop_mmcme2_adv_CLKIN1_CLKOUT0)
                                                     -4.175     0.977 r  u_clocks/u_ref_mmcm/CLKOUT0
                         net (fo=1, routed)           2.290     3.267    u_clocks/ref_raw
    BUFGCTRL_X0Y1        BUFG (Prop_bufg_I_O)         0.081     3.348 r  u_clocks/u_ref_clock/O
                         net (fo=13, routed)          1.557     4.905    u_clocks/ref_clk
    SLICE_X0Y119         FDPE                                         r  u_clocks/reference_bad_reg[1]/C
  -------------------------------------------------------------------    -------------------
    SLICE_X0Y119         FDPE (Prop_fdpe_C_Q)         0.348     5.253 f  u_clocks/reference_bad_reg[1]/Q
                         net (fo=8, routed)           0.451     5.703    u_clocks/reference_bad[1]
    SLICE_X1Y119         FDCE                                         f  u_clocks/delay_reset_count_reg[1]/CLR
  -------------------------------------------------------------------    -------------------

                         (clock ref_raw rise edge)    5.000     5.000 r  
    W19                                               0.000     5.000 r  sys_clk50 (IN)
                         net (fo=0)                   0.000     5.000    u_clocks/sys_clk50
    W19                  IBUF (Prop_ibuf_I_O)         1.374     6.374 r  u_clocks/u_sys_input/O
                         net (fo=2, routed)           1.734     8.108    u_clocks/sys_in
    BUFGCTRL_X0Y6        BUFG (Prop_bufg_I_O)         0.077     8.185 r  u_clocks/u_management_clock/O
                         net (fo=519, routed)         1.687     9.872    u_clocks/mc
    MMCME2_ADV_X1Y0      MMCME2_ADV (Prop_mmcme2_adv_CLKIN1_CLKOUT0)
                                                     -3.944     5.928 r  u_clocks/u_ref_mmcm/CLKOUT0
                         net (fo=1, routed)           2.180     8.108    u_clocks/ref_raw
    BUFGCTRL_X0Y1        BUFG (Prop_bufg_I_O)         0.077     8.185 r  u_clocks/u_ref_clock/O
                         net (fo=13, routed)          1.452     9.637    u_clocks/ref_clk
    SLICE_X1Y119         FDCE                                         r  u_clocks/delay_reset_count_reg[1]/C
                         clock pessimism              0.244     9.881    
                         clock uncertainty           -0.177     9.704    
    SLICE_X1Y119         FDCE (Recov_fdce_C_CLR)     -0.468     9.236    u_clocks/delay_reset_count_reg[1]
  -------------------------------------------------------------------
                         required time                          9.236    
                         arrival time                          -5.703    
  -------------------------------------------------------------------
                         slack                                  3.533    

Slack (MET) :             3.696ns  (required time - arrival time)
  Source:                 u_clocks/reference_bad_reg[1]/C
                            (rising edge-triggered cell FDPE clocked by ref_raw  {rise@0.000ns fall@2.500ns period=5.000ns})
  Destination:            u_clocks/calibration_was_ready_reg/CLR
                            (recovery check against rising-edge clock ref_raw  {rise@0.000ns fall@2.500ns period=5.000ns})
  Path Group:             **async_default**
  Path Type:              Recovery (Max at Slow Process Corner)
  Requirement:            5.000ns  (ref_raw rise@5.000ns - ref_raw rise@0.000ns)
  Data Path Delay:        0.634ns  (logic 0.348ns (54.929%)  route 0.286ns (45.071%))
  Logic Levels:           0  
  Clock Path Skew:        -0.026ns (DCD - SCD + CPR)
    Destination Clock Delay (DCD):    4.636ns = ( 9.636 - 5.000 ) 
    Source Clock Delay      (SCD):    4.905ns
    Clock Pessimism Removal (CPR):    0.243ns
  Clock Uncertainty:      0.177ns  ((TSJ^2 + DJ^2)^1/2) / 2 + PE + UU
    Total System Jitter     (TSJ):    0.071ns
    Discrete Jitter          (DJ):    0.136ns
    Phase Error              (PE):    0.000ns
    User Uncertainty         (UU):    0.100ns

    Location             Delay type                Incr(ns)  Path(ns)    Netlist Resource(s)
  -------------------------------------------------------------------    -------------------
                         (clock ref_raw rise edge)    0.000     0.000 r  
    W19                                               0.000     0.000 r  sys_clk50 (IN)
                         net (fo=0)                   0.000     0.000    u_clocks/sys_clk50
    W19                  IBUF (Prop_ibuf_I_O)         1.440     1.440 r  u_clocks/u_sys_input/O
                         net (fo=2, routed)           1.827     3.267    u_clocks/sys_in
    BUFGCTRL_X0Y6        BUFG (Prop_bufg_I_O)         0.081     3.348 r  u_clocks/u_management_clock/O
                         net (fo=519, routed)         1.804     5.152    u_clocks/mc
    MMCME2_ADV_X1Y0      MMCME2_ADV (Prop_mmcme2_adv_CLKIN1_CLKOUT0)
                                                     -4.175     0.977 r  u_clocks/u_ref_mmcm/CLKOUT0
                         net (fo=1, routed)           2.290     3.267    u_clocks/ref_raw
    BUFGCTRL_X0Y1        BUFG (Prop_bufg_I_O)         0.081     3.348 r  u_clocks/u_ref_clock/O
                         net (fo=13, routed)          1.557     4.905    u_clocks/ref_clk
    SLICE_X0Y119         FDPE                                         r  u_clocks/reference_bad_reg[1]/C
  -------------------------------------------------------------------    -------------------
    SLICE_X0Y119         FDPE (Prop_fdpe_C_Q)         0.348     5.253 f  u_clocks/reference_bad_reg[1]/Q
                         net (fo=8, routed)           0.286     5.538    u_clocks/reference_bad[1]
    SLICE_X0Y120         FDCE                                         f  u_clocks/calibration_was_ready_reg/CLR
  -------------------------------------------------------------------    -------------------

                         (clock ref_raw rise edge)    5.000     5.000 r  
    W19                                               0.000     5.000 r  sys_clk50 (IN)
                         net (fo=0)                   0.000     5.000    u_clocks/sys_clk50
    W19                  IBUF (Prop_ibuf_I_O)         1.374     6.374 r  u_clocks/u_sys_input/O
                         net (fo=2, routed)           1.734     8.108    u_clocks/sys_in
    BUFGCTRL_X0Y6        BUFG (Prop_bufg_I_O)         0.077     8.185 r  u_clocks/u_management_clock/O
                         net (fo=519, routed)         1.687     9.872    u_clocks/mc
    MMCME2_ADV_X1Y0      MMCME2_ADV (Prop_mmcme2_adv_CLKIN1_CLKOUT0)
                                                     -3.944     5.928 r  u_clocks/u_ref_mmcm/CLKOUT0
                         net (fo=1, routed)           2.180     8.108    u_clocks/ref_raw
    BUFGCTRL_X0Y1        BUFG (Prop_bufg_I_O)         0.077     8.185 r  u_clocks/u_ref_clock/O
                         net (fo=13, routed)          1.451     9.636    u_clocks/ref_clk
    SLICE_X0Y120         FDCE                                         r  u_clocks/calibration_was_ready_reg/C
                         clock pessimism              0.243     9.879    
                         clock uncertainty           -0.177     9.702    
    SLICE_X0Y120         FDCE (Recov_fdce_C_CLR)     -0.468     9.234    u_clocks/calibration_was_ready_reg
  -------------------------------------------------------------------
                         required time                          9.234    
                         arrival time                          -5.538    
  -------------------------------------------------------------------
                         slack                                  3.696    

Slack (MET) :             3.696ns  (required time - arrival time)
  Source:                 u_clocks/reference_bad_reg[1]/C
                            (rising edge-triggered cell FDPE clocked by ref_raw  {rise@0.000ns fall@2.500ns period=5.000ns})
  Destination:            u_clocks/delay_reset_count_reg[5]/CLR
                            (recovery check against rising-edge clock ref_raw  {rise@0.000ns fall@2.500ns period=5.000ns})
  Path Group:             **async_default**
  Path Type:              Recovery (Max at Slow Process Corner)
  Requirement:            5.000ns  (ref_raw rise@5.000ns - ref_raw rise@0.000ns)
  Data Path Delay:        0.634ns  (logic 0.348ns (54.929%)  route 0.286ns (45.071%))
  Logic Levels:           0  
  Clock Path Skew:        -0.026ns (DCD - SCD + CPR)
    Destination Clock Delay (DCD):    4.636ns = ( 9.636 - 5.000 ) 
    Source Clock Delay      (SCD):    4.905ns
    Clock Pessimism Removal (CPR):    0.243ns
  Clock Uncertainty:      0.177ns  ((TSJ^2 + DJ^2)^1/2) / 2 + PE + UU
    Total System Jitter     (TSJ):    0.071ns
    Discrete Jitter          (DJ):    0.136ns
    Phase Error              (PE):    0.000ns
    User Uncertainty         (UU):    0.100ns

    Location             Delay type                Incr(ns)  Path(ns)    Netlist Resource(s)
  -------------------------------------------------------------------    -------------------
                         (clock ref_raw rise edge)    0.000     0.000 r  
    W19                                               0.000     0.000 r  sys_clk50 (IN)
                         net (fo=0)                   0.000     0.000    u_clocks/sys_clk50
    W19                  IBUF (Prop_ibuf_I_O)         1.440     1.440 r  u_clocks/u_sys_input/O
                         net (fo=2, routed)           1.827     3.267    u_clocks/sys_in
    BUFGCTRL_X0Y6        BUFG (Prop_bufg_I_O)         0.081     3.348 r  u_clocks/u_management_clock/O
                         net (fo=519, routed)         1.804     5.152    u_clocks/mc
    MMCME2_ADV_X1Y0      MMCME2_ADV (Prop_mmcme2_adv_CLKIN1_CLKOUT0)
                                                     -4.175     0.977 r  u_clocks/u_ref_mmcm/CLKOUT0
                         net (fo=1, routed)           2.290     3.267    u_clocks/ref_raw
    BUFGCTRL_X0Y1        BUFG (Prop_bufg_I_O)         0.081     3.348 r  u_clocks/u_ref_clock/O
                         net (fo=13, routed)          1.557     4.905    u_clocks/ref_clk
    SLICE_X0Y119         FDPE                                         r  u_clocks/reference_bad_reg[1]/C
  -------------------------------------------------------------------    -------------------
    SLICE_X0Y119         FDPE (Prop_fdpe_C_Q)         0.348     5.253 f  u_clocks/reference_bad_reg[1]/Q
                         net (fo=8, routed)           0.286     5.538    u_clocks/reference_bad[1]
    SLICE_X0Y120         FDCE                                         f  u_clocks/delay_reset_count_reg[5]/CLR
  -------------------------------------------------------------------    -------------------

                         (clock ref_raw rise edge)    5.000     5.000 r  
    W19                                               0.000     5.000 r  sys_clk50 (IN)
                         net (fo=0)                   0.000     5.000    u_clocks/sys_clk50
    W19                  IBUF (Prop_ibuf_I_O)         1.374     6.374 r  u_clocks/u_sys_input/O
                         net (fo=2, routed)           1.734     8.108    u_clocks/sys_in
    BUFGCTRL_X0Y6        BUFG (Prop_bufg_I_O)         0.077     8.185 r  u_clocks/u_management_clock/O
                         net (fo=519, routed)         1.687     9.872    u_clocks/mc
    MMCME2_ADV_X1Y0      MMCME2_ADV (Prop_mmcme2_adv_CLKIN1_CLKOUT0)
                                                     -3.944     5.928 r  u_clocks/u_ref_mmcm/CLKOUT0
                         net (fo=1, routed)           2.180     8.108    u_clocks/ref_raw
    BUFGCTRL_X0Y1        BUFG (Prop_bufg_I_O)         0.077     8.185 r  u_clocks/u_ref_clock/O
                         net (fo=13, routed)          1.451     9.636    u_clocks/ref_clk
    SLICE_X0Y120         FDCE                                         r  u_clocks/delay_reset_count_reg[5]/C
                         clock pessimism              0.243     9.879    
                         clock uncertainty           -0.177     9.702    
    SLICE_X0Y120         FDCE (Recov_fdce_C_CLR)     -0.468     9.234    u_clocks/delay_reset_count_reg[5]
  -------------------------------------------------------------------
                         required time                          9.234    
                         arrival time                          -5.538    
  -------------------------------------------------------------------
                         slack                                  3.696    

Slack (MET) :             3.699ns  (required time - arrival time)
  Source:                 u_clocks/reference_bad_reg[1]/C
                            (rising edge-triggered cell FDPE clocked by ref_raw  {rise@0.000ns fall@2.500ns period=5.000ns})
  Destination:            u_clocks/delay_reset_count_reg[2]/CLR
                            (recovery check against rising-edge clock ref_raw  {rise@0.000ns fall@2.500ns period=5.000ns})
  Path Group:             **async_default**
  Path Type:              Recovery (Max at Slow Process Corner)
  Requirement:            5.000ns  (ref_raw rise@5.000ns - ref_raw rise@0.000ns)
  Data Path Delay:        0.630ns  (logic 0.348ns (55.254%)  route 0.282ns (44.746%))
  Logic Levels:           0  
  Clock Path Skew:        -0.026ns (DCD - SCD + CPR)
    Destination Clock Delay (DCD):    4.636ns = ( 9.636 - 5.000 ) 
    Source Clock Delay      (SCD):    4.905ns
    Clock Pessimism Removal (CPR):    0.243ns
  Clock Uncertainty:      0.177ns  ((TSJ^2 + DJ^2)^1/2) / 2 + PE + UU
    Total System Jitter     (TSJ):    0.071ns
    Discrete Jitter          (DJ):    0.136ns
    Phase Error              (PE):    0.000ns
    User Uncertainty         (UU):    0.100ns

    Location             Delay type                Incr(ns)  Path(ns)    Netlist Resource(s)
  -------------------------------------------------------------------    -------------------
                         (clock ref_raw rise edge)    0.000     0.000 r  
    W19                                               0.000     0.000 r  sys_clk50 (IN)
                         net (fo=0)                   0.000     0.000    u_clocks/sys_clk50
    W19                  IBUF (Prop_ibuf_I_O)         1.440     1.440 r  u_clocks/u_sys_input/O
                         net (fo=2, routed)           1.827     3.267    u_clocks/sys_in
    BUFGCTRL_X0Y6        BUFG (Prop_bufg_I_O)         0.081     3.348 r  u_clocks/u_management_clock/O
                         net (fo=519, routed)         1.804     5.152    u_clocks/mc
    MMCME2_ADV_X1Y0      MMCME2_ADV (Prop_mmcme2_adv_CLKIN1_CLKOUT0)
                                                     -4.175     0.977 r  u_clocks/u_ref_mmcm/CLKOUT0
                         net (fo=1, routed)           2.290     3.267    u_clocks/ref_raw
    BUFGCTRL_X0Y1        BUFG (Prop_bufg_I_O)         0.081     3.348 r  u_clocks/u_ref_clock/O
                         net (fo=13, routed)          1.557     4.905    u_clocks/ref_clk
    SLICE_X0Y119         FDPE                                         r  u_clocks/reference_bad_reg[1]/C
  -------------------------------------------------------------------    -------------------
    SLICE_X0Y119         FDPE (Prop_fdpe_C_Q)         0.348     5.253 f  u_clocks/reference_bad_reg[1]/Q
                         net (fo=8, routed)           0.282     5.535    u_clocks/reference_bad[1]
    SLICE_X1Y120         FDCE                                         f  u_clocks/delay_reset_count_reg[2]/CLR
  -------------------------------------------------------------------    -------------------

                         (clock ref_raw rise edge)    5.000     5.000 r  
    W19                                               0.000     5.000 r  sys_clk50 (IN)
                         net (fo=0)                   0.000     5.000    u_clocks/sys_clk50
    W19                  IBUF (Prop_ibuf_I_O)         1.374     6.374 r  u_clocks/u_sys_input/O
                         net (fo=2, routed)           1.734     8.108    u_clocks/sys_in
    BUFGCTRL_X0Y6        BUFG (Prop_bufg_I_O)         0.077     8.185 r  u_clocks/u_management_clock/O
                         net (fo=519, routed)         1.687     9.872    u_clocks/mc
    MMCME2_ADV_X1Y0      MMCME2_ADV (Prop_mmcme2_adv_CLKIN1_CLKOUT0)
                                                     -3.944     5.928 r  u_clocks/u_ref_mmcm/CLKOUT0
                         net (fo=1, routed)           2.180     8.108    u_clocks/ref_raw
    BUFGCTRL_X0Y1        BUFG (Prop_bufg_I_O)         0.077     8.185 r  u_clocks/u_ref_clock/O
                         net (fo=13, routed)          1.451     9.636    u_clocks/ref_clk
    SLICE_X1Y120         FDCE                                         r  u_clocks/delay_reset_count_reg[2]/C
                         clock pessimism              0.243     9.879    
                         clock uncertainty           -0.177     9.702    
    SLICE_X1Y120         FDCE (Recov_fdce_C_CLR)     -0.468     9.234    u_clocks/delay_reset_count_reg[2]
  -------------------------------------------------------------------
                         required time                          9.234    
                         arrival time                          -5.535    
  -------------------------------------------------------------------
                         slack                                  3.699    

Slack (MET) :             3.699ns  (required time - arrival time)
  Source:                 u_clocks/reference_bad_reg[1]/C
                            (rising edge-triggered cell FDPE clocked by ref_raw  {rise@0.000ns fall@2.500ns period=5.000ns})
  Destination:            u_clocks/delay_reset_count_reg[3]/CLR
                            (recovery check against rising-edge clock ref_raw  {rise@0.000ns fall@2.500ns period=5.000ns})
  Path Group:             **async_default**
  Path Type:              Recovery (Max at Slow Process Corner)
  Requirement:            5.000ns  (ref_raw rise@5.000ns - ref_raw rise@0.000ns)
  Data Path Delay:        0.630ns  (logic 0.348ns (55.254%)  route 0.282ns (44.746%))
  Logic Levels:           0  
  Clock Path Skew:        -0.026ns (DCD - SCD + CPR)
    Destination Clock Delay (DCD):    4.636ns = ( 9.636 - 5.000 ) 
    Source Clock Delay      (SCD):    4.905ns
    Clock Pessimism Removal (CPR):    0.243ns
  Clock Uncertainty:      0.177ns  ((TSJ^2 + DJ^2)^1/2) / 2 + PE + UU
    Total System Jitter     (TSJ):    0.071ns
    Discrete Jitter          (DJ):    0.136ns
    Phase Error              (PE):    0.000ns
    User Uncertainty         (UU):    0.100ns

    Location             Delay type                Incr(ns)  Path(ns)    Netlist Resource(s)
  -------------------------------------------------------------------    -------------------
                         (clock ref_raw rise edge)    0.000     0.000 r  
    W19                                               0.000     0.000 r  sys_clk50 (IN)
                         net (fo=0)                   0.000     0.000    u_clocks/sys_clk50
    W19                  IBUF (Prop_ibuf_I_O)         1.440     1.440 r  u_clocks/u_sys_input/O
                         net (fo=2, routed)           1.827     3.267    u_clocks/sys_in
    BUFGCTRL_X0Y6        BUFG (Prop_bufg_I_O)         0.081     3.348 r  u_clocks/u_management_clock/O
                         net (fo=519, routed)         1.804     5.152    u_clocks/mc
    MMCME2_ADV_X1Y0      MMCME2_ADV (Prop_mmcme2_adv_CLKIN1_CLKOUT0)
                                                     -4.175     0.977 r  u_clocks/u_ref_mmcm/CLKOUT0
                         net (fo=1, routed)           2.290     3.267    u_clocks/ref_raw
    BUFGCTRL_X0Y1        BUFG (Prop_bufg_I_O)         0.081     3.348 r  u_clocks/u_ref_clock/O
                         net (fo=13, routed)          1.557     4.905    u_clocks/ref_clk
    SLICE_X0Y119         FDPE                                         r  u_clocks/reference_bad_reg[1]/C
  -------------------------------------------------------------------    -------------------
    SLICE_X0Y119         FDPE (Prop_fdpe_C_Q)         0.348     5.253 f  u_clocks/reference_bad_reg[1]/Q
                         net (fo=8, routed)           0.282     5.535    u_clocks/reference_bad[1]
    SLICE_X1Y120         FDCE                                         f  u_clocks/delay_reset_count_reg[3]/CLR
  -------------------------------------------------------------------    -------------------

                         (clock ref_raw rise edge)    5.000     5.000 r  
    W19                                               0.000     5.000 r  sys_clk50 (IN)
                         net (fo=0)                   0.000     5.000    u_clocks/sys_clk50
    W19                  IBUF (Prop_ibuf_I_O)         1.374     6.374 r  u_clocks/u_sys_input/O
                         net (fo=2, routed)           1.734     8.108    u_clocks/sys_in
    BUFGCTRL_X0Y6        BUFG (Prop_bufg_I_O)         0.077     8.185 r  u_clocks/u_management_clock/O
                         net (fo=519, routed)         1.687     9.872    u_clocks/mc
    MMCME2_ADV_X1Y0      MMCME2_ADV (Prop_mmcme2_adv_CLKIN1_CLKOUT0)
                                                     -3.944     5.928 r  u_clocks/u_ref_mmcm/CLKOUT0
                         net (fo=1, routed)           2.180     8.108    u_clocks/ref_raw
    BUFGCTRL_X0Y1        BUFG (Prop_bufg_I_O)         0.077     8.185 r  u_clocks/u_ref_clock/O
                         net (fo=13, routed)          1.451     9.636    u_clocks/ref_clk
    SLICE_X1Y120         FDCE                                         r  u_clocks/delay_reset_count_reg[3]/C
                         clock pessimism              0.243     9.879    
                         clock uncertainty           -0.177     9.702    
    SLICE_X1Y120         FDCE (Recov_fdce_C_CLR)     -0.468     9.234    u_clocks/delay_reset_count_reg[3]
  -------------------------------------------------------------------
                         required time                          9.234    
                         arrival time                          -5.535    
  -------------------------------------------------------------------
                         slack                                  3.699    

Slack (MET) :             3.699ns  (required time - arrival time)
  Source:                 u_clocks/reference_bad_reg[1]/C
                            (rising edge-triggered cell FDPE clocked by ref_raw  {rise@0.000ns fall@2.500ns period=5.000ns})
  Destination:            u_clocks/delay_reset_count_reg[4]/CLR
                            (recovery check against rising-edge clock ref_raw  {rise@0.000ns fall@2.500ns period=5.000ns})
  Path Group:             **async_default**
  Path Type:              Recovery (Max at Slow Process Corner)
  Requirement:            5.000ns  (ref_raw rise@5.000ns - ref_raw rise@0.000ns)
  Data Path Delay:        0.630ns  (logic 0.348ns (55.254%)  route 0.282ns (44.746%))
  Logic Levels:           0  
  Clock Path Skew:        -0.026ns (DCD - SCD + CPR)
    Destination Clock Delay (DCD):    4.636ns = ( 9.636 - 5.000 ) 
    Source Clock Delay      (SCD):    4.905ns
    Clock Pessimism Removal (CPR):    0.243ns
  Clock Uncertainty:      0.177ns  ((TSJ^2 + DJ^2)^1/2) / 2 + PE + UU
    Total System Jitter     (TSJ):    0.071ns
    Discrete Jitter          (DJ):    0.136ns
    Phase Error              (PE):    0.000ns
    User Uncertainty         (UU):    0.100ns

    Location             Delay type                Incr(ns)  Path(ns)    Netlist Resource(s)
  -------------------------------------------------------------------    -------------------
                         (clock ref_raw rise edge)    0.000     0.000 r  
    W19                                               0.000     0.000 r  sys_clk50 (IN)
                         net (fo=0)                   0.000     0.000    u_clocks/sys_clk50
    W19                  IBUF (Prop_ibuf_I_O)         1.440     1.440 r  u_clocks/u_sys_input/O
                         net (fo=2, routed)           1.827     3.267    u_clocks/sys_in
    BUFGCTRL_X0Y6        BUFG (Prop_bufg_I_O)         0.081     3.348 r  u_clocks/u_management_clock/O
                         net (fo=519, routed)         1.804     5.152    u_clocks/mc
    MMCME2_ADV_X1Y0      MMCME2_ADV (Prop_mmcme2_adv_CLKIN1_CLKOUT0)
                                                     -4.175     0.977 r  u_clocks/u_ref_mmcm/CLKOUT0
                         net (fo=1, routed)           2.290     3.267    u_clocks/ref_raw
    BUFGCTRL_X0Y1        BUFG (Prop_bufg_I_O)         0.081     3.348 r  u_clocks/u_ref_clock/O
                         net (fo=13, routed)          1.557     4.905    u_clocks/ref_clk
    SLICE_X0Y119         FDPE                                         r  u_clocks/reference_bad_reg[1]/C
  -------------------------------------------------------------------    -------------------
    SLICE_X0Y119         FDPE (Prop_fdpe_C_Q)         0.348     5.253 f  u_clocks/reference_bad_reg[1]/Q
                         net (fo=8, routed)           0.282     5.535    u_clocks/reference_bad[1]
    SLICE_X1Y120         FDCE                                         f  u_clocks/delay_reset_count_reg[4]/CLR
  -------------------------------------------------------------------    -------------------

                         (clock ref_raw rise edge)    5.000     5.000 r  
    W19                                               0.000     5.000 r  sys_clk50 (IN)
                         net (fo=0)                   0.000     5.000    u_clocks/sys_clk50
    W19                  IBUF (Prop_ibuf_I_O)         1.374     6.374 r  u_clocks/u_sys_input/O
                         net (fo=2, routed)           1.734     8.108    u_clocks/sys_in
    BUFGCTRL_X0Y6        BUFG (Prop_bufg_I_O)         0.077     8.185 r  u_clocks/u_management_clock/O
                         net (fo=519, routed)         1.687     9.872    u_clocks/mc
    MMCME2_ADV_X1Y0      MMCME2_ADV (Prop_mmcme2_adv_CLKIN1_CLKOUT0)
                                                     -3.944     5.928 r  u_clocks/u_ref_mmcm/CLKOUT0
                         net (fo=1, routed)           2.180     8.108    u_clocks/ref_raw
    BUFGCTRL_X0Y1        BUFG (Prop_bufg_I_O)         0.077     8.185 r  u_clocks/u_ref_clock/O
                         net (fo=13, routed)          1.451     9.636    u_clocks/ref_clk
    SLICE_X1Y120         FDCE                                         r  u_clocks/delay_reset_count_reg[4]/C
                         clock pessimism              0.243     9.879    
                         clock uncertainty           -0.177     9.702    
    SLICE_X1Y120         FDCE (Recov_fdce_C_CLR)     -0.468     9.234    u_clocks/delay_reset_count_reg[4]
  -------------------------------------------------------------------
                         required time                          9.234    
                         arrival time                          -5.535    
  -------------------------------------------------------------------
                         slack                                  3.699    

Slack (MET) :             3.735ns  (required time - arrival time)
  Source:                 u_clocks/reference_bad_reg[1]/C
                            (rising edge-triggered cell FDPE clocked by ref_raw  {rise@0.000ns fall@2.500ns period=5.000ns})
  Destination:            u_clocks/delay_control_reset_reg/PRE
                            (recovery check against rising-edge clock ref_raw  {rise@0.000ns fall@2.500ns period=5.000ns})
  Path Group:             **async_default**
  Path Type:              Recovery (Max at Slow Process Corner)
  Requirement:            5.000ns  (ref_raw rise@5.000ns - ref_raw rise@0.000ns)
  Data Path Delay:        0.634ns  (logic 0.348ns (54.929%)  route 0.286ns (45.071%))
  Logic Levels:           0  
  Clock Path Skew:        -0.026ns (DCD - SCD + CPR)
    Destination Clock Delay (DCD):    4.636ns = ( 9.636 - 5.000 ) 
    Source Clock Delay      (SCD):    4.905ns
    Clock Pessimism Removal (CPR):    0.243ns
  Clock Uncertainty:      0.177ns  ((TSJ^2 + DJ^2)^1/2) / 2 + PE + UU
    Total System Jitter     (TSJ):    0.071ns
    Discrete Jitter          (DJ):    0.136ns
    Phase Error              (PE):    0.000ns
    User Uncertainty         (UU):    0.100ns

    Location             Delay type                Incr(ns)  Path(ns)    Netlist Resource(s)
  -------------------------------------------------------------------    -------------------
                         (clock ref_raw rise edge)    0.000     0.000 r  
    W19                                               0.000     0.000 r  sys_clk50 (IN)
                         net (fo=0)                   0.000     0.000    u_clocks/sys_clk50
    W19                  IBUF (Prop_ibuf_I_O)         1.440     1.440 r  u_clocks/u_sys_input/O
                         net (fo=2, routed)           1.827     3.267    u_clocks/sys_in
    BUFGCTRL_X0Y6        BUFG (Prop_bufg_I_O)         0.081     3.348 r  u_clocks/u_management_clock/O
                         net (fo=519, routed)         1.804     5.152    u_clocks/mc
    MMCME2_ADV_X1Y0      MMCME2_ADV (Prop_mmcme2_adv_CLKIN1_CLKOUT0)
                                                     -4.175     0.977 r  u_clocks/u_ref_mmcm/CLKOUT0
                         net (fo=1, routed)           2.290     3.267    u_clocks/ref_raw
    BUFGCTRL_X0Y1        BUFG (Prop_bufg_I_O)         0.081     3.348 r  u_clocks/u_ref_clock/O
                         net (fo=13, routed)          1.557     4.905    u_clocks/ref_clk
    SLICE_X0Y119         FDPE                                         r  u_clocks/reference_bad_reg[1]/C
  -------------------------------------------------------------------    -------------------
    SLICE_X0Y119         FDPE (Prop_fdpe_C_Q)         0.348     5.253 f  u_clocks/reference_bad_reg[1]/Q
                         net (fo=8, routed)           0.286     5.538    u_clocks/reference_bad[1]
    SLICE_X0Y120         FDPE                                         f  u_clocks/delay_control_reset_reg/PRE
  -------------------------------------------------------------------    -------------------

                         (clock ref_raw rise edge)    5.000     5.000 r  
    W19                                               0.000     5.000 r  sys_clk50 (IN)
                         net (fo=0)                   0.000     5.000    u_clocks/sys_clk50
    W19                  IBUF (Prop_ibuf_I_O)         1.374     6.374 r  u_clocks/u_sys_input/O
                         net (fo=2, routed)           1.734     8.108    u_clocks/sys_in
    BUFGCTRL_X0Y6        BUFG (Prop_bufg_I_O)         0.077     8.185 r  u_clocks/u_management_clock/O
                         net (fo=519, routed)         1.687     9.872    u_clocks/mc
    MMCME2_ADV_X1Y0      MMCME2_ADV (Prop_mmcme2_adv_CLKIN1_CLKOUT0)
                                                     -3.944     5.928 r  u_clocks/u_ref_mmcm/CLKOUT0
                         net (fo=1, routed)           2.180     8.108    u_clocks/ref_raw
    BUFGCTRL_X0Y1        BUFG (Prop_bufg_I_O)         0.077     8.185 r  u_clocks/u_ref_clock/O
                         net (fo=13, routed)          1.451     9.636    u_clocks/ref_clk
    SLICE_X0Y120         FDPE                                         r  u_clocks/delay_control_reset_reg/C
                         clock pessimism              0.243     9.879    
                         clock uncertainty           -0.177     9.702    
    SLICE_X0Y120         FDPE (Recov_fdpe_C_PRE)     -0.429     9.273    u_clocks/delay_control_reset_reg
  -------------------------------------------------------------------
                         required time                          9.273    
                         arrival time                          -5.538    
  -------------------------------------------------------------------
                         slack                                  3.735    




