Copyright 1986-2022 Xilinx, Inc. All Rights Reserved. Copyright 2022-2025 Advanced Micro Devices, Inc. All Rights Reserved.
-----------------------------------------------------------------------------------------------------------------------------------------------------------------------------------------------------------------------------------------------------------------------------------------------------------------------------------------
| Tool Version : Vivado v.2025.2 (win64) Build 6299465 Fri Nov 14 19:35:11 GMT 2025
| Date         : Fri Oct  9 20:52:21 2026
| Host         : WIN-FJ9PMA04HBP running 64-bit major release  (build 9200)
| Command      : report_timing -to [get_pins -of_objects [get_cells -hier -filter {NAME =~ u_clocks/delay_reset_count_reg* || NAME =~ u_clocks/calibration_was_ready_reg || NAME =~ u_clocks/delay_control_reset_reg}] -filter {REF_PIN_NAME == CLR || REF_PIN_NAME == PRE}] -delay_type min -max_paths 10 -file calibration_removal.rpt
| Design       : ethernet_rgmii_managed_video
| Device       : 7a200t-fbg484
| Speed File   : -2  PRODUCTION 1.23 2018-06-13
| Design State : Routed
-----------------------------------------------------------------------------------------------------------------------------------------------------------------------------------------------------------------------------------------------------------------------------------------------------------------------------------------

Timing Report

Slack (MET) :             0.296ns  (arrival time - required time)
  Source:                 u_clocks/reference_bad_reg[1]/C
                            (rising edge-triggered cell FDPE clocked by ref_raw  {rise@0.000ns fall@2.500ns period=5.000ns})
  Destination:            u_clocks/delay_reset_count_reg[2]/CLR
                            (removal check against rising-edge clock ref_raw  {rise@0.000ns fall@2.500ns period=5.000ns})
  Path Group:             **async_default**
  Path Type:              Removal (Min at Fast Process Corner)
  Requirement:            0.000ns  (ref_raw rise@0.000ns - ref_raw rise@0.000ns)
  Data Path Delay:        0.263ns  (logic 0.128ns (48.703%)  route 0.135ns (51.297%))
  Logic Levels:           0  
  Clock Path Skew:        0.013ns (DCD - SCD - CPR)
    Destination Clock Delay (DCD):    2.161ns
    Source Clock Delay      (SCD):    1.640ns
    Clock Pessimism Removal (CPR):    0.509ns
  Clock Uncertainty:      0.100ns  ((TSJ^2 + DJ^2)^1/2) / 2 + PE + UU
    Total System Jitter     (TSJ):    0.000ns
    Discrete Jitter          (DJ):    0.000ns
    Phase Error              (PE):    0.000ns
    User Uncertainty         (UU):    0.100ns

    Location             Delay type                Incr(ns)  Path(ns)    Netlist Resource(s)
  -------------------------------------------------------------------    -------------------
                         (clock ref_raw rise edge)    0.000     0.000 r  
    W19                                               0.000     0.000 r  sys_clk50 (IN)
                         net (fo=0)                   0.000     0.000    u_clocks/sys_clk50
    W19                  IBUF (Prop_ibuf_I_O)         0.277     0.277 r  u_clocks/u_sys_input/O
                         net (fo=2, routed)           0.690     0.967    u_clocks/sys_in
    BUFGCTRL_X0Y6        BUFG (Prop_bufg_I_O)         0.026     0.993 r  u_clocks/u_management_clock/O
                         net (fo=519, routed)         0.745     1.738    u_clocks/mc
    MMCME2_ADV_X1Y0      MMCME2_ADV (Prop_mmcme2_adv_CLKIN1_CLKOUT0)
                                                     -1.683     0.055 r  u_clocks/u_ref_mmcm/CLKOUT0
                         net (fo=1, routed)           0.912     0.967    u_clocks/ref_raw
    BUFGCTRL_X0Y1        BUFG (Prop_bufg_I_O)         0.026     0.993 r  u_clocks/u_ref_clock/O
                         net (fo=13, routed)          0.647     1.640    u_clocks/ref_clk
    SLICE_X0Y119         FDPE                                         r  u_clocks/reference_bad_reg[1]/C
  -------------------------------------------------------------------    -------------------
    SLICE_X0Y119         FDPE (Prop_fdpe_C_Q)         0.128     1.768 f  u_clocks/reference_bad_reg[1]/Q
                         net (fo=8, routed)           0.135     1.902    u_clocks/reference_bad[1]
    SLICE_X1Y120         FDCE                                         f  u_clocks/delay_reset_count_reg[2]/CLR
  -------------------------------------------------------------------    -------------------

                         (clock ref_raw rise edge)    0.000     0.000 r  
    W19                                               0.000     0.000 r  sys_clk50 (IN)
                         net (fo=0)                   0.000     0.000    u_clocks/sys_clk50
    W19                  IBUF (Prop_ibuf_I_O)         0.465     0.465 r  u_clocks/u_sys_input/O
                         net (fo=2, routed)           0.750     1.215    u_clocks/sys_in
    BUFGCTRL_X0Y6        BUFG (Prop_bufg_I_O)         0.029     1.244 r  u_clocks/u_management_clock/O
                         net (fo=519, routed)         1.022     2.265    u_clocks/mc
    MMCME2_ADV_X1Y0      MMCME2_ADV (Prop_mmcme2_adv_CLKIN1_CLKOUT0)
                                                     -2.040     0.226 r  u_clocks/u_ref_mmcm/CLKOUT0
                         net (fo=1, routed)           0.989     1.215    u_clocks/ref_raw
    BUFGCTRL_X0Y1        BUFG (Prop_bufg_I_O)         0.029     1.244 r  u_clocks/u_ref_clock/O
                         net (fo=13, routed)          0.918     2.161    u_clocks/ref_clk
    SLICE_X1Y120         FDCE                                         r  u_clocks/delay_reset_count_reg[2]/C
                         clock pessimism             -0.509     1.653    
                         clock uncertainty            0.100     1.753    
    SLICE_X1Y120         FDCE (Remov_fdce_C_CLR)     -0.146     1.607    u_clocks/delay_reset_count_reg[2]
  -------------------------------------------------------------------
                         required time                         -1.607    
                         arrival time                           1.902    
  -------------------------------------------------------------------
                         slack                                  0.296    

Slack (MET) :             0.296ns  (arrival time - required time)
  Source:                 u_clocks/reference_bad_reg[1]/C
                            (rising edge-triggered cell FDPE clocked by ref_raw  {rise@0.000ns fall@2.500ns period=5.000ns})
  Destination:            u_clocks/delay_reset_count_reg[3]/CLR
                            (removal check against rising-edge clock ref_raw  {rise@0.000ns fall@2.500ns period=5.000ns})
  Path Group:             **async_default**
  Path Type:              Removal (Min at Fast Process Corner)
  Requirement:            0.000ns  (ref_raw rise@0.000ns - ref_raw rise@0.000ns)
  Data Path Delay:        0.263ns  (logic 0.128ns (48.703%)  route 0.135ns (51.297%))
  Logic Levels:           0  
  Clock Path Skew:        0.013ns (DCD - SCD - CPR)
    Destination Clock Delay (DCD):    2.161ns
    Source Clock Delay      (SCD):    1.640ns
    Clock Pessimism Removal (CPR):    0.509ns
  Clock Uncertainty:      0.100ns  ((TSJ^2 + DJ^2)^1/2) / 2 + PE + UU
    Total System Jitter     (TSJ):    0.000ns
    Discrete Jitter          (DJ):    0.000ns
    Phase Error              (PE):    0.000ns
    User Uncertainty         (UU):    0.100ns

    Location             Delay type                Incr(ns)  Path(ns)    Netlist Resource(s)
  -------------------------------------------------------------------    -------------------
                         (clock ref_raw rise edge)    0.000     0.000 r  
    W19                                               0.000     0.000 r  sys_clk50 (IN)
                         net (fo=0)                   0.000     0.000    u_clocks/sys_clk50
    W19                  IBUF (Prop_ibuf_I_O)         0.277     0.277 r  u_clocks/u_sys_input/O
                         net (fo=2, routed)           0.690     0.967    u_clocks/sys_in
    BUFGCTRL_X0Y6        BUFG (Prop_bufg_I_O)         0.026     0.993 r  u_clocks/u_management_clock/O
                         net (fo=519, routed)         0.745     1.738    u_clocks/mc
    MMCME2_ADV_X1Y0      MMCME2_ADV (Prop_mmcme2_adv_CLKIN1_CLKOUT0)
                                                     -1.683     0.055 r  u_clocks/u_ref_mmcm/CLKOUT0
                         net (fo=1, routed)           0.912     0.967    u_clocks/ref_raw
    BUFGCTRL_X0Y1        BUFG (Prop_bufg_I_O)         0.026     0.993 r  u_clocks/u_ref_clock/O
                         net (fo=13, routed)          0.647     1.640    u_clocks/ref_clk
    SLICE_X0Y119         FDPE                                         r  u_clocks/reference_bad_reg[1]/C
  -------------------------------------------------------------------    -------------------
    SLICE_X0Y119         FDPE (Prop_fdpe_C_Q)         0.128     1.768 f  u_clocks/reference_bad_reg[1]/Q
                         net (fo=8, routed)           0.135     1.902    u_clocks/reference_bad[1]
    SLICE_X1Y120         FDCE                                         f  u_clocks/delay_reset_count_reg[3]/CLR
  -------------------------------------------------------------------    -------------------

                         (clock ref_raw rise edge)    0.000     0.000 r  
    W19                                               0.000     0.000 r  sys_clk50 (IN)
                         net (fo=0)                   0.000     0.000    u_clocks/sys_clk50
    W19                  IBUF (Prop_ibuf_I_O)         0.465     0.465 r  u_clocks/u_sys_input/O
                         net (fo=2, routed)           0.750     1.215    u_clocks/sys_in
    BUFGCTRL_X0Y6        BUFG (Prop_bufg_I_O)         0.029     1.244 r  u_clocks/u_management_clock/O
                         net (fo=519, routed)         1.022     2.265    u_clocks/mc
    MMCME2_ADV_X1Y0      MMCME2_ADV (Prop_mmcme2_adv_CLKIN1_CLKOUT0)
                                                     -2.040     0.226 r  u_clocks/u_ref_mmcm/CLKOUT0
                         net (fo=1, routed)           0.989     1.215    u_clocks/ref_raw
    BUFGCTRL_X0Y1        BUFG (Prop_bufg_I_O)         0.029     1.244 r  u_clocks/u_ref_clock/O
                         net (fo=13, routed)          0.918     2.161    u_clocks/ref_clk
    SLICE_X1Y120         FDCE                                         r  u_clocks/delay_reset_count_reg[3]/C
                         clock pessimism             -0.509     1.653    
                         clock uncertainty            0.100     1.753    
    SLICE_X1Y120         FDCE (Remov_fdce_C_CLR)     -0.146     1.607    u_clocks/delay_reset_count_reg[3]
  -------------------------------------------------------------------
                         required time                         -1.607    
                         arrival time                           1.902    
  -------------------------------------------------------------------
                         slack                                  0.296    

Slack (MET) :             0.296ns  (arrival time - required time)
  Source:                 u_clocks/reference_bad_reg[1]/C
                            (rising edge-triggered cell FDPE clocked by ref_raw  {rise@0.000ns fall@2.500ns period=5.000ns})
  Destination:            u_clocks/delay_reset_count_reg[4]/CLR
                            (removal check against rising-edge clock ref_raw  {rise@0.000ns fall@2.500ns period=5.000ns})
  Path Group:             **async_default**
  Path Type:              Removal (Min at Fast Process Corner)
  Requirement:            0.000ns  (ref_raw rise@0.000ns - ref_raw rise@0.000ns)
  Data Path Delay:        0.263ns  (logic 0.128ns (48.703%)  route 0.135ns (51.297%))
  Logic Levels:           0  
  Clock Path Skew:        0.013ns (DCD - SCD - CPR)
    Destination Clock Delay (DCD):    2.161ns
    Source Clock Delay      (SCD):    1.640ns
    Clock Pessimism Removal (CPR):    0.509ns
  Clock Uncertainty:      0.100ns  ((TSJ^2 + DJ^2)^1/2) / 2 + PE + UU
    Total System Jitter     (TSJ):    0.000ns
    Discrete Jitter          (DJ):    0.000ns
    Phase Error              (PE):    0.000ns
    User Uncertainty         (UU):    0.100ns

    Location             Delay type                Incr(ns)  Path(ns)    Netlist Resource(s)
  -------------------------------------------------------------------    -------------------
                         (clock ref_raw rise edge)    0.000     0.000 r  
    W19                                               0.000     0.000 r  sys_clk50 (IN)
                         net (fo=0)                   0.000     0.000    u_clocks/sys_clk50
    W19                  IBUF (Prop_ibuf_I_O)         0.277     0.277 r  u_clocks/u_sys_input/O
                         net (fo=2, routed)           0.690     0.967    u_clocks/sys_in
    BUFGCTRL_X0Y6        BUFG (Prop_bufg_I_O)         0.026     0.993 r  u_clocks/u_management_clock/O
                         net (fo=519, routed)         0.745     1.738    u_clocks/mc
    MMCME2_ADV_X1Y0      MMCME2_ADV (Prop_mmcme2_adv_CLKIN1_CLKOUT0)
                                                     -1.683     0.055 r  u_clocks/u_ref_mmcm/CLKOUT0
                         net (fo=1, routed)           0.912     0.967    u_clocks/ref_raw
    BUFGCTRL_X0Y1        BUFG (Prop_bufg_I_O)         0.026     0.993 r  u_clocks/u_ref_clock/O
                         net (fo=13, routed)          0.647     1.640    u_clocks/ref_clk
    SLICE_X0Y119         FDPE                                         r  u_clocks/reference_bad_reg[1]/C
  -------------------------------------------------------------------    -------------------
    SLICE_X0Y119         FDPE (Prop_fdpe_C_Q)         0.128     1.768 f  u_clocks/reference_bad_reg[1]/Q
                         net (fo=8, routed)           0.135     1.902    u_clocks/reference_bad[1]
    SLICE_X1Y120         FDCE                                         f  u_clocks/delay_reset_count_reg[4]/CLR
  -------------------------------------------------------------------    -------------------

                         (clock ref_raw rise edge)    0.000     0.000 r  
    W19                                               0.000     0.000 r  sys_clk50 (IN)
                         net (fo=0)                   0.000     0.000    u_clocks/sys_clk50
    W19                  IBUF (Prop_ibuf_I_O)         0.465     0.465 r  u_clocks/u_sys_input/O
                         net (fo=2, routed)           0.750     1.215    u_clocks/sys_in
    BUFGCTRL_X0Y6        BUFG (Prop_bufg_I_O)         0.029     1.244 r  u_clocks/u_management_clock/O
                         net (fo=519, routed)         1.022     2.265    u_clocks/mc
    MMCME2_ADV_X1Y0      MMCME2_ADV (Prop_mmcme2_adv_CLKIN1_CLKOUT0)
                                                     -2.040     0.226 r  u_clocks/u_ref_mmcm/CLKOUT0
                         net (fo=1, routed)           0.989     1.215    u_clocks/ref_raw
    BUFGCTRL_X0Y1        BUFG (Prop_bufg_I_O)         0.029     1.244 r  u_clocks/u_ref_clock/O
                         net (fo=13, routed)          0.918     2.161    u_clocks/ref_clk
    SLICE_X1Y120         FDCE                                         r  u_clocks/delay_reset_count_reg[4]/C
                         clock pessimism             -0.509     1.653    
                         clock uncertainty            0.100     1.753    
    SLICE_X1Y120         FDCE (Remov_fdce_C_CLR)     -0.146     1.607    u_clocks/delay_reset_count_reg[4]
  -------------------------------------------------------------------
                         required time                         -1.607    
                         arrival time                           1.902    
  -------------------------------------------------------------------
                         slack                                  0.296    

Slack (MET) :             0.300ns  (arrival time - required time)
  Source:                 u_clocks/reference_bad_reg[1]/C
                            (rising edge-triggered cell FDPE clocked by ref_raw  {rise@0.000ns fall@2.500ns period=5.000ns})
  Destination:            u_clocks/calibration_was_ready_reg/CLR
                            (removal check against rising-edge clock ref_raw  {rise@0.000ns fall@2.500ns period=5.000ns})
  Path Group:             **async_default**
  Path Type:              Removal (Min at Fast Process Corner)
  Requirement:            0.000ns  (ref_raw rise@0.000ns - ref_raw rise@0.000ns)
  Data Path Delay:        0.267ns  (logic 0.128ns (48.021%)  route 0.139ns (51.979%))
  Logic Levels:           0  
  Clock Path Skew:        0.013ns (DCD - SCD - CPR)
    Destination Clock Delay (DCD):    2.161ns
    Source Clock Delay      (SCD):    1.640ns
    Clock Pessimism Removal (CPR):    0.509ns
  Clock Uncertainty:      0.100ns  ((TSJ^2 + DJ^2)^1/2) / 2 + PE + UU
    Total System Jitter     (TSJ):    0.000ns
    Discrete Jitter          (DJ):    0.000ns
    Phase Error              (PE):    0.000ns
    User Uncertainty         (UU):    0.100ns

    Location             Delay type                Incr(ns)  Path(ns)    Netlist Resource(s)
  -------------------------------------------------------------------    -------------------
                         (clock ref_raw rise edge)    0.000     0.000 r  
    W19                                               0.000     0.000 r  sys_clk50 (IN)
                         net (fo=0)                   0.000     0.000    u_clocks/sys_clk50
    W19                  IBUF (Prop_ibuf_I_O)         0.277     0.277 r  u_clocks/u_sys_input/O
                         net (fo=2, routed)           0.690     0.967    u_clocks/sys_in
    BUFGCTRL_X0Y6        BUFG (Prop_bufg_I_O)         0.026     0.993 r  u_clocks/u_management_clock/O
                         net (fo=519, routed)         0.745     1.738    u_clocks/mc
    MMCME2_ADV_X1Y0      MMCME2_ADV (Prop_mmcme2_adv_CLKIN1_CLKOUT0)
                                                     -1.683     0.055 r  u_clocks/u_ref_mmcm/CLKOUT0
                         net (fo=1, routed)           0.912     0.967    u_clocks/ref_raw
    BUFGCTRL_X0Y1        BUFG (Prop_bufg_I_O)         0.026     0.993 r  u_clocks/u_ref_clock/O
                         net (fo=13, routed)          0.647     1.640    u_clocks/ref_clk
    SLICE_X0Y119         FDPE                                         r  u_clocks/reference_bad_reg[1]/C
  -------------------------------------------------------------------    -------------------
    SLICE_X0Y119         FDPE (Prop_fdpe_C_Q)         0.128     1.768 f  u_clocks/reference_bad_reg[1]/Q
                         net (fo=8, routed)           0.139     1.906    u_clocks/reference_bad[1]
    SLICE_X0Y120         FDCE                                         f  u_clocks/calibration_was_ready_reg/CLR
  -------------------------------------------------------------------    -------------------

                         (clock ref_raw rise edge)    0.000     0.000 r  
    W19                                               0.000     0.000 r  sys_clk50 (IN)
                         net (fo=0)                   0.000     0.000    u_clocks/sys_clk50
    W19                  IBUF (Prop_ibuf_I_O)         0.465     0.465 r  u_clocks/u_sys_input/O
                         net (fo=2, routed)           0.750     1.215    u_clocks/sys_in
    BUFGCTRL_X0Y6        BUFG (Prop_bufg_I_O)         0.029     1.244 r  u_clocks/u_management_clock/O
                         net (fo=519, routed)         1.022     2.265    u_clocks/mc
    MMCME2_ADV_X1Y0      MMCME2_ADV (Prop_mmcme2_adv_CLKIN1_CLKOUT0)
                                                     -2.040     0.226 r  u_clocks/u_ref_mmcm/CLKOUT0
                         net (fo=1, routed)           0.989     1.215    u_clocks/ref_raw
    BUFGCTRL_X0Y1        BUFG (Prop_bufg_I_O)         0.029     1.244 r  u_clocks/u_ref_clock/O
                         net (fo=13, routed)          0.918     2.161    u_clocks/ref_clk
    SLICE_X0Y120         FDCE                                         r  u_clocks/calibration_was_ready_reg/C
                         clock pessimism             -0.509     1.653    
                         clock uncertainty            0.100     1.753    
    SLICE_X0Y120         FDCE (Remov_fdce_C_CLR)     -0.146     1.607    u_clocks/calibration_was_ready_reg
  -------------------------------------------------------------------
                         required time                         -1.607    
                         arrival time                           1.906    
  -------------------------------------------------------------------
                         slack                                  0.300    

Slack (MET) :             0.300ns  (arrival time - required time)
  Source:                 u_clocks/reference_bad_reg[1]/C
                            (rising edge-triggered cell FDPE clocked by ref_raw  {rise@0.000ns fall@2.500ns period=5.000ns})
  Destination:            u_clocks/delay_reset_count_reg[5]/CLR
                            (removal check against rising-edge clock ref_raw  {rise@0.000ns fall@2.500ns period=5.000ns})
  Path Group:             **async_default**
  Path Type:              Removal (Min at Fast Process Corner)
  Requirement:            0.000ns  (ref_raw rise@0.000ns - ref_raw rise@0.000ns)
  Data Path Delay:        0.267ns  (logic 0.128ns (48.021%)  route 0.139ns (51.979%))
  Logic Levels:           0  
  Clock Path Skew:        0.013ns (DCD - SCD - CPR)
    Destination Clock Delay (DCD):    2.161ns
    Source Clock Delay      (SCD):    1.640ns
    Clock Pessimism Removal (CPR):    0.509ns
  Clock Uncertainty:      0.100ns  ((TSJ^2 + DJ^2)^1/2) / 2 + PE + UU
    Total System Jitter     (TSJ):    0.000ns
    Discrete Jitter          (DJ):    0.000ns
    Phase Error              (PE):    0.000ns
    User Uncertainty         (UU):    0.100ns

    Location             Delay type                Incr(ns)  Path(ns)    Netlist Resource(s)
  -------------------------------------------------------------------    -------------------
                         (clock ref_raw rise edge)    0.000     0.000 r  
    W19                                               0.000     0.000 r  sys_clk50 (IN)
                         net (fo=0)                   0.000     0.000    u_clocks/sys_clk50
    W19                  IBUF (Prop_ibuf_I_O)         0.277     0.277 r  u_clocks/u_sys_input/O
                         net (fo=2, routed)           0.690     0.967    u_clocks/sys_in
    BUFGCTRL_X0Y6        BUFG (Prop_bufg_I_O)         0.026     0.993 r  u_clocks/u_management_clock/O
                         net (fo=519, routed)         0.745     1.738    u_clocks/mc
    MMCME2_ADV_X1Y0      MMCME2_ADV (Prop_mmcme2_adv_CLKIN1_CLKOUT0)
                                                     -1.683     0.055 r  u_clocks/u_ref_mmcm/CLKOUT0
                         net (fo=1, routed)           0.912     0.967    u_clocks/ref_raw
    BUFGCTRL_X0Y1        BUFG (Prop_bufg_I_O)         0.026     0.993 r  u_clocks/u_ref_clock/O
                         net (fo=13, routed)          0.647     1.640    u_clocks/ref_clk
    SLICE_X0Y119         FDPE                                         r  u_clocks/reference_bad_reg[1]/C
  -------------------------------------------------------------------    -------------------
    SLICE_X0Y119         FDPE (Prop_fdpe_C_Q)         0.128     1.768 f  u_clocks/reference_bad_reg[1]/Q
                         net (fo=8, routed)           0.139     1.906    u_clocks/reference_bad[1]
    SLICE_X0Y120         FDCE                                         f  u_clocks/delay_reset_count_reg[5]/CLR
  -------------------------------------------------------------------    -------------------

                         (clock ref_raw rise edge)    0.000     0.000 r  
    W19                                               0.000     0.000 r  sys_clk50 (IN)
                         net (fo=0)                   0.000     0.000    u_clocks/sys_clk50
    W19                  IBUF (Prop_ibuf_I_O)         0.465     0.465 r  u_clocks/u_sys_input/O
                         net (fo=2, routed)           0.750     1.215    u_clocks/sys_in
    BUFGCTRL_X0Y6        BUFG (Prop_bufg_I_O)         0.029     1.244 r  u_clocks/u_management_clock/O
                         net (fo=519, routed)         1.022     2.265    u_clocks/mc
    MMCME2_ADV_X1Y0      MMCME2_ADV (Prop_mmcme2_adv_CLKIN1_CLKOUT0)
                                                     -2.040     0.226 r  u_clocks/u_ref_mmcm/CLKOUT0
                         net (fo=1, routed)           0.989     1.215    u_clocks/ref_raw
    BUFGCTRL_X0Y1        BUFG (Prop_bufg_I_O)         0.029     1.244 r  u_clocks/u_ref_clock/O
                         net (fo=13, routed)          0.918     2.161    u_clocks/ref_clk
    SLICE_X0Y120         FDCE                                         r  u_clocks/delay_reset_count_reg[5]/C
                         clock pessimism             -0.509     1.653    
                         clock uncertainty            0.100     1.753    
    SLICE_X0Y120         FDCE (Remov_fdce_C_CLR)     -0.146     1.607    u_clocks/delay_reset_count_reg[5]
  -------------------------------------------------------------------
                         required time                         -1.607    
                         arrival time                           1.906    
  -------------------------------------------------------------------
                         slack                                  0.300    

Slack (MET) :             0.303ns  (arrival time - required time)
  Source:                 u_clocks/reference_bad_reg[1]/C
                            (rising edge-triggered cell FDPE clocked by ref_raw  {rise@0.000ns fall@2.500ns period=5.000ns})
  Destination:            u_clocks/delay_control_reset_reg/PRE
                            (removal check against rising-edge clock ref_raw  {rise@0.000ns fall@2.500ns period=5.000ns})
  Path Group:             **async_default**
  Path Type:              Removal (Min at Fast Process Corner)
  Requirement:            0.000ns  (ref_raw rise@0.000ns - ref_raw rise@0.000ns)
  Data Path Delay:        0.267ns  (logic 0.128ns (48.021%)  route 0.139ns (51.979%))
  Logic Levels:           0  
  Clock Path Skew:        0.013ns (DCD - SCD - CPR)
    Destination Clock Delay (DCD):    2.161ns
    Source Clock Delay      (SCD):    1.640ns
    Clock Pessimism Removal (CPR):    0.509ns
  Clock Uncertainty:      0.100ns  ((TSJ^2 + DJ^2)^1/2) / 2 + PE + UU
    Total System Jitter     (TSJ):    0.000ns
    Discrete Jitter          (DJ):    0.000ns
    Phase Error              (PE):    0.000ns
    User Uncertainty         (UU):    0.100ns

    Location             Delay type                Incr(ns)  Path(ns)    Netlist Resource(s)
  -------------------------------------------------------------------    -------------------
                         (clock ref_raw rise edge)    0.000     0.000 r  
    W19                                               0.000     0.000 r  sys_clk50 (IN)
                         net (fo=0)                   0.000     0.000    u_clocks/sys_clk50
    W19                  IBUF (Prop_ibuf_I_O)         0.277     0.277 r  u_clocks/u_sys_input/O
                         net (fo=2, routed)           0.690     0.967    u_clocks/sys_in
    BUFGCTRL_X0Y6        BUFG (Prop_bufg_I_O)         0.026     0.993 r  u_clocks/u_management_clock/O
                         net (fo=519, routed)         0.745     1.738    u_clocks/mc
    MMCME2_ADV_X1Y0      MMCME2_ADV (Prop_mmcme2_adv_CLKIN1_CLKOUT0)
                                                     -1.683     0.055 r  u_clocks/u_ref_mmcm/CLKOUT0
                         net (fo=1, routed)           0.912     0.967    u_clocks/ref_raw
    BUFGCTRL_X0Y1        BUFG (Prop_bufg_I_O)         0.026     0.993 r  u_clocks/u_ref_clock/O
                         net (fo=13, routed)          0.647     1.640    u_clocks/ref_clk
    SLICE_X0Y119         FDPE                                         r  u_clocks/reference_bad_reg[1]/C
  -------------------------------------------------------------------    -------------------
    SLICE_X0Y119         FDPE (Prop_fdpe_C_Q)         0.128     1.768 f  u_clocks/reference_bad_reg[1]/Q
                         net (fo=8, routed)           0.139     1.906    u_clocks/reference_bad[1]
    SLICE_X0Y120         FDPE                                         f  u_clocks/delay_control_reset_reg/PRE
  -------------------------------------------------------------------    -------------------

                         (clock ref_raw rise edge)    0.000     0.000 r  
    W19                                               0.000     0.000 r  sys_clk50 (IN)
                         net (fo=0)                   0.000     0.000    u_clocks/sys_clk50
    W19                  IBUF (Prop_ibuf_I_O)         0.465     0.465 r  u_clocks/u_sys_input/O
                         net (fo=2, routed)           0.750     1.215    u_clocks/sys_in
    BUFGCTRL_X0Y6        BUFG (Prop_bufg_I_O)         0.029     1.244 r  u_clocks/u_management_clock/O
                         net (fo=519, routed)         1.022     2.265    u_clocks/mc
    MMCME2_ADV_X1Y0      MMCME2_ADV (Prop_mmcme2_adv_CLKIN1_CLKOUT0)
                                                     -2.040     0.226 r  u_clocks/u_ref_mmcm/CLKOUT0
                         net (fo=1, routed)           0.989     1.215    u_clocks/ref_raw
    BUFGCTRL_X0Y1        BUFG (Prop_bufg_I_O)         0.029     1.244 r  u_clocks/u_ref_clock/O
                         net (fo=13, routed)          0.918     2.161    u_clocks/ref_clk
    SLICE_X0Y120         FDPE                                         r  u_clocks/delay_control_reset_reg/C
                         clock pessimism             -0.509     1.653    
                         clock uncertainty            0.100     1.753    
    SLICE_X0Y120         FDPE (Remov_fdpe_C_PRE)     -0.149     1.604    u_clocks/delay_control_reset_reg
  -------------------------------------------------------------------
                         required time                         -1.604    
                         arrival time                           1.906    
  -------------------------------------------------------------------
                         slack                                  0.303    

Slack (MET) :             0.353ns  (arrival time - required time)
  Source:                 u_clocks/reference_bad_reg[1]/C
                            (rising edge-triggered cell FDPE clocked by ref_raw  {rise@0.000ns fall@2.500ns period=5.000ns})
  Destination:            u_clocks/delay_reset_count_reg[0]/CLR
                            (removal check against rising-edge clock ref_raw  {rise@0.000ns fall@2.500ns period=5.000ns})
  Path Group:             **async_default**
  Path Type:              Removal (Min at Fast Process Corner)
  Requirement:            0.000ns  (ref_raw rise@0.000ns - ref_raw rise@0.000ns)
  Data Path Delay:        0.320ns  (logic 0.128ns (40.059%)  route 0.192ns (59.941%))
  Logic Levels:           0  
  Clock Path Skew:        0.013ns (DCD - SCD - CPR)
    Destination Clock Delay (DCD):    2.162ns
    Source Clock Delay      (SCD):    1.640ns
    Clock Pessimism Removal (CPR):    0.510ns
  Clock Uncertainty:      0.100ns  ((TSJ^2 + DJ^2)^1/2) / 2 + PE + UU
    Total System Jitter     (TSJ):    0.000ns
    Discrete Jitter          (DJ):    0.000ns
    Phase Error              (PE):    0.000ns
    User Uncertainty         (UU):    0.100ns

    Location             Delay type                Incr(ns)  Path(ns)    Netlist Resource(s)
  -------------------------------------------------------------------    -------------------
                         (clock ref_raw rise edge)    0.000     0.000 r  
    W19                                               0.000     0.000 r  sys_clk50 (IN)
                         net (fo=0)                   0.000     0.000    u_clocks/sys_clk50
    W19                  IBUF (Prop_ibuf_I_O)         0.277     0.277 r  u_clocks/u_sys_input/O
                         net (fo=2, routed)           0.690     0.967    u_clocks/sys_in
    BUFGCTRL_X0Y6        BUFG (Prop_bufg_I_O)         0.026     0.993 r  u_clocks/u_management_clock/O
                         net (fo=519, routed)         0.745     1.738    u_clocks/mc
    MMCME2_ADV_X1Y0      MMCME2_ADV (Prop_mmcme2_adv_CLKIN1_CLKOUT0)
                                                     -1.683     0.055 r  u_clocks/u_ref_mmcm/CLKOUT0
                         net (fo=1, routed)           0.912     0.967    u_clocks/ref_raw
    BUFGCTRL_X0Y1        BUFG (Prop_bufg_I_O)         0.026     0.993 r  u_clocks/u_ref_clock/O
                         net (fo=13, routed)          0.647     1.640    u_clocks/ref_clk
    SLICE_X0Y119         FDPE                                         r  u_clocks/reference_bad_reg[1]/C
  -------------------------------------------------------------------    -------------------
    SLICE_X0Y119         FDPE (Prop_fdpe_C_Q)         0.128     1.768 f  u_clocks/reference_bad_reg[1]/Q
                         net (fo=8, routed)           0.192     1.959    u_clocks/reference_bad[1]
    SLICE_X1Y119         FDCE                                         f  u_clocks/delay_reset_count_reg[0]/CLR
  -------------------------------------------------------------------    -------------------

                         (clock ref_raw rise edge)    0.000     0.000 r  
    W19                                               0.000     0.000 r  sys_clk50 (IN)
                         net (fo=0)                   0.000     0.000    u_clocks/sys_clk50
    W19                  IBUF (Prop_ibuf_I_O)         0.465     0.465 r  u_clocks/u_sys_input/O
                         net (fo=2, routed)           0.750     1.215    u_clocks/sys_in
    BUFGCTRL_X0Y6        BUFG (Prop_bufg_I_O)         0.029     1.244 r  u_clocks/u_management_clock/O
                         net (fo=519, routed)         1.022     2.265    u_clocks/mc
    MMCME2_ADV_X1Y0      MMCME2_ADV (Prop_mmcme2_adv_CLKIN1_CLKOUT0)
                                                     -2.040     0.226 r  u_clocks/u_ref_mmcm/CLKOUT0
                         net (fo=1, routed)           0.989     1.215    u_clocks/ref_raw
    BUFGCTRL_X0Y1        BUFG (Prop_bufg_I_O)         0.029     1.244 r  u_clocks/u_ref_clock/O
                         net (fo=13, routed)          0.919     2.162    u_clocks/ref_clk
    SLICE_X1Y119         FDCE                                         r  u_clocks/delay_reset_count_reg[0]/C
                         clock pessimism             -0.510     1.653    
                         clock uncertainty            0.100     1.753    
    SLICE_X1Y119         FDCE (Remov_fdce_C_CLR)     -0.146     1.607    u_clocks/delay_reset_count_reg[0]
  -------------------------------------------------------------------
                         required time                         -1.607    
                         arrival time                           1.959    
  -------------------------------------------------------------------
                         slack                                  0.353    

Slack (MET) :             0.353ns  (arrival time - required time)
  Source:                 u_clocks/reference_bad_reg[1]/C
                            (rising edge-triggered cell FDPE clocked by ref_raw  {rise@0.000ns fall@2.500ns period=5.000ns})
  Destination:            u_clocks/delay_reset_count_reg[1]/CLR
                            (removal check against rising-edge clock ref_raw  {rise@0.000ns fall@2.500ns period=5.000ns})
  Path Group:             **async_default**
  Path Type:              Removal (Min at Fast Process Corner)
  Requirement:            0.000ns  (ref_raw rise@0.000ns - ref_raw rise@0.000ns)
  Data Path Delay:        0.320ns  (logic 0.128ns (40.059%)  route 0.192ns (59.941%))
  Logic Levels:           0  
  Clock Path Skew:        0.013ns (DCD - SCD - CPR)
    Destination Clock Delay (DCD):    2.162ns
    Source Clock Delay      (SCD):    1.640ns
    Clock Pessimism Removal (CPR):    0.510ns
  Clock Uncertainty:      0.100ns  ((TSJ^2 + DJ^2)^1/2) / 2 + PE + UU
    Total System Jitter     (TSJ):    0.000ns
    Discrete Jitter          (DJ):    0.000ns
    Phase Error              (PE):    0.000ns
    User Uncertainty         (UU):    0.100ns

    Location             Delay type                Incr(ns)  Path(ns)    Netlist Resource(s)
  -------------------------------------------------------------------    -------------------
                         (clock ref_raw rise edge)    0.000     0.000 r  
    W19                                               0.000     0.000 r  sys_clk50 (IN)
                         net (fo=0)                   0.000     0.000    u_clocks/sys_clk50
    W19                  IBUF (Prop_ibuf_I_O)         0.277     0.277 r  u_clocks/u_sys_input/O
                         net (fo=2, routed)           0.690     0.967    u_clocks/sys_in
    BUFGCTRL_X0Y6        BUFG (Prop_bufg_I_O)         0.026     0.993 r  u_clocks/u_management_clock/O
                         net (fo=519, routed)         0.745     1.738    u_clocks/mc
    MMCME2_ADV_X1Y0      MMCME2_ADV (Prop_mmcme2_adv_CLKIN1_CLKOUT0)
                                                     -1.683     0.055 r  u_clocks/u_ref_mmcm/CLKOUT0
                         net (fo=1, routed)           0.912     0.967    u_clocks/ref_raw
    BUFGCTRL_X0Y1        BUFG (Prop_bufg_I_O)         0.026     0.993 r  u_clocks/u_ref_clock/O
                         net (fo=13, routed)          0.647     1.640    u_clocks/ref_clk
    SLICE_X0Y119         FDPE                                         r  u_clocks/reference_bad_reg[1]/C
  -------------------------------------------------------------------    -------------------
    SLICE_X0Y119         FDPE (Prop_fdpe_C_Q)         0.128     1.768 f  u_clocks/reference_bad_reg[1]/Q
                         net (fo=8, routed)           0.192     1.959    u_clocks/reference_bad[1]
    SLICE_X1Y119         FDCE                                         f  u_clocks/delay_reset_count_reg[1]/CLR
  -------------------------------------------------------------------    -------------------

                         (clock ref_raw rise edge)    0.000     0.000 r  
    W19                                               0.000     0.000 r  sys_clk50 (IN)
                         net (fo=0)                   0.000     0.000    u_clocks/sys_clk50
    W19                  IBUF (Prop_ibuf_I_O)         0.465     0.465 r  u_clocks/u_sys_input/O
                         net (fo=2, routed)           0.750     1.215    u_clocks/sys_in
    BUFGCTRL_X0Y6        BUFG (Prop_bufg_I_O)         0.029     1.244 r  u_clocks/u_management_clock/O
                         net (fo=519, routed)         1.022     2.265    u_clocks/mc
    MMCME2_ADV_X1Y0      MMCME2_ADV (Prop_mmcme2_adv_CLKIN1_CLKOUT0)
                                                     -2.040     0.226 r  u_clocks/u_ref_mmcm/CLKOUT0
                         net (fo=1, routed)           0.989     1.215    u_clocks/ref_raw
    BUFGCTRL_X0Y1        BUFG (Prop_bufg_I_O)         0.029     1.244 r  u_clocks/u_ref_clock/O
                         net (fo=13, routed)          0.919     2.162    u_clocks/ref_clk
    SLICE_X1Y119         FDCE                                         r  u_clocks/delay_reset_count_reg[1]/C
                         clock pessimism             -0.510     1.653    
                         clock uncertainty            0.100     1.753    
    SLICE_X1Y119         FDCE (Remov_fdce_C_CLR)     -0.146     1.607    u_clocks/delay_reset_count_reg[1]
  -------------------------------------------------------------------
                         required time                         -1.607    
                         arrival time                           1.959    
  -------------------------------------------------------------------
                         slack                                  0.353    




