Copyright 1986-2022 Xilinx, Inc. All Rights Reserved. Copyright 2022-2025 Advanced Micro Devices, Inc. All Rights Reserved.
---------------------------------------------------------------------------------------------------------------------------------------------
| Tool Version : Vivado v.2025.2 (win64) Build 6299465 Fri Nov 14 19:35:11 GMT 2025
| Date         : Fri Oct  9 20:52:21 2026
| Host         : WIN-FJ9PMA04HBP running 64-bit major release  (build 9200)
| Command      : report_clocks -file clocks_route.rpt
| Design       : ethernet_rgmii_managed_video
| Device       : 7a200t-fbg484
| Speed File   : -2  PRODUCTION 1.23 2018-06-13
| Design State : Routed
---------------------------------------------------------------------------------------------------------------------------------------------

Clock Report


Attributes
  P: Propagated
  G: Generated
  A: Auto-derived
  R: Renamed
  V: Virtual
  I: Inverted
  S: Pin phase-shifted with Latency mode

Clock             Period(ns)  Waveform(ns)      Attributes  Sources
phy_rx125         7.200       {0.000 3.240}     P           {rgmii_rxc}
sys50             20.000      {0.000 10.000}    P           {sys_clk50}
mdc_out           10000.000   {0.000 5000.000}  P,G         {mdc}
rgmii_tx_forward  8.000       {2.000 6.000}     P,G         {rgmii_txc}
core_raw          6.667       {0.000 3.333}     P,G,A       {u_clocks/u_sys_mmcm/CLKOUT0}
ref_feedback      20.000      {0.000 10.000}    P,G,A       {u_clocks/u_ref_mmcm/CLKFBOUT}
ref_raw           5.000       {0.000 2.500}     P,G,A       {u_clocks/u_ref_mmcm/CLKOUT0}
rfb               7.200       {0.000 3.600}     P,G,A       {u_clocks/u_rx_pll/CLKFBOUT}
rx_raw            7.200       {0.000 3.600}     P,G,A       {u_clocks/u_rx_pll/CLKOUT0}
serialize_raw     4.000       {0.000 2.000}     P,G,A       {u_clocks/u_sys_mmcm/CLKOUT3}
sfb               20.000      {0.000 10.000}    P,G,A       {u_clocks/u_sys_mmcm/CLKFBOUT}
tx_raw            8.000       {0.000 4.000}     P,G,A       {u_clocks/u_sys_mmcm/CLKOUT1}


====================================================
Generated Clocks
====================================================

Generated Clock     : mdc_out
Master Source       : sys_clk50
Master Clock        : sys50
Divide By           : 500
Generated Sources   : {mdc}

Generated Clock     : rgmii_tx_forward
Master Source       : u_io/u_tx/u_forward/C
Master Clock        : serialize_raw
Edges               : {2 4 6}
Generated Sources   : {rgmii_txc}

Generated Clock     : core_raw
Master Source       : u_clocks/u_sys_mmcm/CLKIN1
Master Clock        : sys50
Multiply By         : 3
Generated Sources   : {u_clocks/u_sys_mmcm/CLKOUT0}

Generated Clock     : ref_feedback
Master Source       : u_clocks/u_ref_mmcm/CLKIN1
Master Clock        : sys50
Multiply By         : 1
Generated Sources   : {u_clocks/u_ref_mmcm/CLKFBOUT}

Generated Clock     : ref_raw
Master Source       : u_clocks/u_ref_mmcm/CLKIN1
Master Clock        : sys50
Multiply By         : 4
Generated Sources   : {u_clocks/u_ref_mmcm/CLKOUT0}

Generated Clock     : rfb
Master Source       : u_clocks/u_rx_pll/CLKIN1
Master Clock        : phy_rx125
Multiply By         : 1
Generated Sources   : {u_clocks/u_rx_pll/CLKFBOUT}

Generated Clock     : rx_raw
Master Source       : u_clocks/u_rx_pll/CLKIN1
Master Clock        : phy_rx125
Multiply By         : 1
Generated Sources   : {u_clocks/u_rx_pll/CLKOUT0}

Generated Clock     : serialize_raw
Master Source       : u_clocks/u_sys_mmcm/CLKIN1
Master Clock        : sys50
Multiply By         : 5
Generated Sources   : {u_clocks/u_sys_mmcm/CLKOUT3}

Generated Clock     : sfb
Master Source       : u_clocks/u_sys_mmcm/CLKIN1
Master Clock        : sys50
Multiply By         : 1
Generated Sources   : {u_clocks/u_sys_mmcm/CLKFBOUT}

Generated Clock     : tx_raw
Master Source       : u_clocks/u_sys_mmcm/CLKIN1
Master Clock        : sys50
Edges               : {1 2 3}
Edge Shifts(ns)     : {0.000 -6.000 -12.000}
Generated Sources   : {u_clocks/u_sys_mmcm/CLKOUT1}



====================================================
User Uncertainty
====================================================

From Clock        To Clock          Setup(ns)  Hold(ns)  Edges
core_raw          core_raw          0.100      0.100     rf -> rf
phy_rx125         phy_rx125         0.000      0.000     rf -> rf
ref_feedback      ref_feedback      0.100      0.100     rf -> rf
ref_raw           ref_raw           0.100      0.100     rf -> rf
rfb               rfb               0.100      0.100     rf -> rf
rgmii_tx_forward  rgmii_tx_forward  0.100      0.100     rf -> rf
rx_raw            rx_raw            0.100      0.100     rf -> rf
serialize_raw     rgmii_tx_forward  0.000      0.000     rf -> rf
serialize_raw     serialize_raw     0.100      0.100     rf -> rf
sfb               sfb               0.100      0.100     rf -> rf
sys50             sys50             0.100      0.100     rf -> rf
tx_raw            tx_raw            0.100      0.100     rf -> rf


====================================================
User Jitter
====================================================


