Copyright 1986-2022 Xilinx, Inc. All Rights Reserved. Copyright 2022-2025 Advanced Micro Devices, Inc. All Rights Reserved.
---------------------------------------------------------------------------------------------------------------------------------------------
| Tool Version : Vivado v.2025.2 (win64) Build 6299465 Fri Nov 14 19:35:11 GMT 2025
| Date         : Fri Oct  9 20:51:53 2026
| Host         : WIN-FJ9PMA04HBP running 64-bit major release  (build 9200)
| Command      : report_exceptions -coverage -file exceptions_route.rpt
| Design       : ethernet_rgmii_managed_video
| Device       : 7a200t-fbg484
| Speed File   : -2  PRODUCTION 1.23 2018-06-13
| Design State : Routed
---------------------------------------------------------------------------------------------------------------------------------------------

Exceptions Report

Position  Type                     Setup              Hold               From      Through   To        Endpoints  From (%)  Through (%)  To (%)
--------  -----------------------  -----------------  -----------------  --------  --------  --------  ---------  --------  -----------  ------
3         False Path               false              false              1 ports                       5          100.00                  
4         Max Delay Datapath Only  max_dpo=6.667      -                  12 cells            12 cells  12         100.00                 33.33
6         Max Delay Datapath Only  max_dpo=7.2        -                  12 cells            12 cells  12         100.00                 33.33
8         Max Delay Datapath Only  max_dpo=8          -                  12 cells            12 cells  12         100.00                 33.33
10        Max Delay Datapath Only  max_dpo=6.667      -                  12 cells            12 cells  12         100.00                 33.33
12        Max Delay Datapath Only  max_dpo=7.2        -                  13 cells            13 cells  13         100.00                 33.33
14        Max Delay Datapath Only  max_dpo=6.667      -                  13 cells            13 cells  13         100.00                 33.33
16        Max Delay Datapath Only  max_dpo=6.667      -                  13 cells            13 cells  13         100.00                 33.33
18        Max Delay Datapath Only  max_dpo=8          -                  13 cells            13 cells  13         100.00                 33.33
20        Max Delay Datapath Only  max_dpo=6.667      -                  5 cells             5 cells   5          100.00                 33.33
22        Max Delay Datapath Only  max_dpo=7.2        -                  5 cells             5 cells   5          100.00                 33.33
24        Max Delay Datapath Only  max_dpo=8          -                  5 cells             5 cells   5          100.00                 33.33
26        Max Delay Datapath Only  max_dpo=6.667      -                  5 cells             5 cells   5          100.00                 33.33
28        Max Delay Datapath Only  max_dpo=7.2        -                  6 cells             6 cells   6          100.00                 33.33
30        Max Delay Datapath Only  max_dpo=6.667      -                  6 cells             6 cells   6          100.00                 33.33
32        Max Delay Datapath Only  max_dpo=6.667      -                  6 cells             6 cells   6          100.00                 33.33
34        Max Delay Datapath Only  max_dpo=8          -                  6 cells             6 cells   6          100.00                 33.33
36        False Path               false              false                                  1 cells   1                                 33.33
37        False Path               false              false                                  1 cells   1                                 33.33
38        False Path               false              false                                  1 cells   1                                 33.33
39        False Path               false              false                                  1 cells   1                                 33.33
40        False Path               false              false                                  1 cells   1                                 33.33
41        False Path               false              false                                  1 cells   1                                 33.33
42        False Path               false              false                                  1 cells   1                                 33.33
43        False Path               false              false                                  1 cells   1                                 33.33
44        Max Delay Datapath Only  max_dpo=7.2        -                  231 pins  304 pins            112        67.97     50.00         
45        Max Delay Datapath Only  max_dpo=6.667      -                  231 pins  304 pins            112        67.97     50.00         
62        False Path               false              false              1 ports             1 pins    1          100.00                 100.00
63        Multicycle Path          cycles=250(start)  -                  2 cells             1 ports   1          100.00                 100.00
64        Multicycle Path          -                  cycles=249(start)  2 cells             1 ports   1          100.00                 100.00
65        False Path               false              false                                  1 ports   1                                 100.00
66        False Path               false              false                        3 pins              6                    100.00        
67        False Path               false              false                                  6 pins    6                                 100.00
68        False Path               false              false                                  2 pins    2                                 100.00
69        False Path               false              false                                  2 pins    2                                 100.00
70        False Path               false              false                        1 pins    1 pins    1                    100.00       100.00
71        False Path               false              false                                  6 pins    6                                 100.00
72        False Path               false              false                                  2 pins    2                                 100.00
73        False Path               false              false                                  2 pins    2                                 100.00
74        False Path               false              false                        1 pins    1 pins    1                    100.00       100.00

Warning: the percentages reported indicate the number of pins covered by the exception relative to the number of pins specified implicitly or explicitly.
