Copyright 1986-2022 Xilinx, Inc. All Rights Reserved. Copyright 2022-2025 Advanced Micro Devices, Inc. All Rights Reserved.
---------------------------------------------------------------------------------------------------------------------------------------------
| Tool Version : Vivado v.2025.2 (win64) Build 6299465 Fri Nov 14 19:35:11 GMT 2025
| Date         : Fri Oct  9 20:52:20 2026
| Host         : WIN-FJ9PMA04HBP running 64-bit major release  (build 9200)
| Command      : report_timing -to rgmii_txctl -delay_type max -max_paths 10 -file managed_chain_setup.rpt
| Design       : ethernet_rgmii_managed_video
| Device       : 7a200t-fbg484
| Speed File   : -2  PRODUCTION 1.23 2018-06-13
| Design State : Routed
---------------------------------------------------------------------------------------------------------------------------------------------

Timing Report

Slack (MET) :             2.683ns  (required time - arrival time)
  Source:                 u_io/u_tx/release_sync_reg[0]/C
                            (rising edge-triggered cell FDPE clocked by serialize_raw  {rise@0.000ns fall@2.000ns period=4.000ns})
  Destination:            u_io/u_tx/release_sync_reg[1]/D
                            (rising edge-triggered cell FDPE clocked by serialize_raw  {rise@0.000ns fall@2.000ns period=4.000ns})
  Path Group:             serialize_raw
  Path Type:              Setup (Max at Slow Process Corner)
  Requirement:            4.000ns  (serialize_raw rise@4.000ns - serialize_raw rise@0.000ns)
  Data Path Delay:        1.100ns  (logic 0.379ns (34.464%)  route 0.721ns (65.536%))
  Logic Levels:           0  
  Clock Path Skew:        0.000ns (DCD - SCD + CPR)
    Destination Clock Delay (DCD):    -1.055ns = ( 2.945 - 4.000 ) 
    Source Clock Delay      (SCD):    -0.621ns
    Clock Pessimism Removal (CPR):    0.435ns
  Clock Uncertainty:      0.185ns  ((TSJ^2 + DJ^2)^1/2) / 2 + PE + UU
    Total System Jitter     (TSJ):    0.071ns
    Discrete Jitter          (DJ):    0.156ns
    Phase Error              (PE):    0.000ns
    User Uncertainty         (UU):    0.100ns

    Location             Delay type                Incr(ns)  Path(ns)    Netlist Resource(s)
  -------------------------------------------------------------------    -------------------
                         (clock serialize_raw rise edge)
                                                      0.000     0.000 r  
    W19                                               0.000     0.000 r  sys_clk50 (IN)
                         net (fo=0)                   0.000     0.000    u_clocks/sys_clk50
    W19                  IBUF (Prop_ibuf_I_O)         1.440     1.440 r  u_clocks/u_sys_input/O
                         net (fo=2, routed)           1.065     2.505    u_clocks/sys_in
    MMCME2_ADV_X0Y2      MMCME2_ADV (Prop_mmcme2_adv_CLKIN1_CLKOUT3)
                                                     -6.325    -3.819 r  u_clocks/u_sys_mmcm/CLKOUT3
                         net (fo=1, routed)           1.559    -2.260    u_clocks/serialize_raw
    BUFGCTRL_X0Y0        BUFG (Prop_bufg_I_O)         0.081    -2.179 r  u_clocks/u_serialize_clock/O
                         net (fo=14, routed)          1.559    -0.621    u_io/u_tx/CLK
    SLICE_X0Y117         FDPE                                         r  u_io/u_tx/release_sync_reg[0]/C
  -------------------------------------------------------------------    -------------------
    SLICE_X0Y117         FDPE (Prop_fdpe_C_Q)         0.379    -0.242 r  u_io/u_tx/release_sync_reg[0]/Q
                         net (fo=1, routed)           0.721     0.479    u_io/u_tx/release_sync[0]
    SLICE_X0Y117         FDPE                                         r  u_io/u_tx/release_sync_reg[1]/D
  -------------------------------------------------------------------    -------------------

                         (clock serialize_raw rise edge)
                                                      4.000     4.000 r  
    W19                                               0.000     4.000 r  sys_clk50 (IN)
                         net (fo=0)                   0.000     4.000    u_clocks/sys_clk50
    W19                  IBUF (Prop_ibuf_I_O)         1.374     5.374 r  u_clocks/u_sys_input/O
                         net (fo=2, routed)           1.004     6.378    u_clocks/sys_in
    MMCME2_ADV_X0Y2      MMCME2_ADV (Prop_mmcme2_adv_CLKIN1_CLKOUT3)
                                                     -6.451    -0.074 r  u_clocks/u_sys_mmcm/CLKOUT3
                         net (fo=1, routed)           1.488     1.414    u_clocks/serialize_raw
    BUFGCTRL_X0Y0        BUFG (Prop_bufg_I_O)         0.077     1.491 r  u_clocks/u_serialize_clock/O
                         net (fo=14, routed)          1.454     2.945    u_io/u_tx/CLK
    SLICE_X0Y117         FDPE                                         r  u_io/u_tx/release_sync_reg[1]/C
                         clock pessimism              0.435     3.379    
                         clock uncertainty           -0.185     3.194    
    SLICE_X0Y117         FDPE (Setup_fdpe_C_D)       -0.032     3.162    u_io/u_tx/release_sync_reg[1]
  -------------------------------------------------------------------
                         required time                          3.162    
                         arrival time                          -0.479    
  -------------------------------------------------------------------
                         slack                                  2.683    

Slack (MET) :             3.691ns  (required time - arrival time)
  Source:                 u_clocks/reference_bad_reg[0]/C
                            (rising edge-triggered cell FDPE clocked by ref_raw  {rise@0.000ns fall@2.500ns period=5.000ns})
  Destination:            u_clocks/reference_bad_reg[1]/D
                            (rising edge-triggered cell FDPE clocked by ref_raw  {rise@0.000ns fall@2.500ns period=5.000ns})
  Path Group:             ref_raw
  Path Type:              Setup (Max at Slow Process Corner)
  Requirement:            5.000ns  (ref_raw rise@5.000ns - ref_raw rise@0.000ns)
  Data Path Delay:        1.100ns  (logic 0.379ns (34.464%)  route 0.721ns (65.536%))
  Logic Levels:           0  
  Clock Path Skew:        0.000ns (DCD - SCD + CPR)
    Destination Clock Delay (DCD):    4.637ns = ( 9.637 - 5.000 ) 
    Source Clock Delay      (SCD):    4.905ns
    Clock Pessimism Removal (CPR):    0.268ns
  Clock Uncertainty:      0.177ns  ((TSJ^2 + DJ^2)^1/2) / 2 + PE + UU
    Total System Jitter     (TSJ):    0.071ns
    Discrete Jitter          (DJ):    0.136ns
    Phase Error              (PE):    0.000ns
    User Uncertainty         (UU):    0.100ns

    Location             Delay type                Incr(ns)  Path(ns)    Netlist Resource(s)
  -------------------------------------------------------------------    -------------------
                         (clock ref_raw rise edge)    0.000     0.000 r  
    W19                                               0.000     0.000 r  sys_clk50 (IN)
                         net (fo=0)                   0.000     0.000    u_clocks/sys_clk50
    W19                  IBUF (Prop_ibuf_I_O)         1.440     1.440 r  u_clocks/u_sys_input/O
                         net (fo=2, routed)           1.827     3.267    u_clocks/sys_in
    BUFGCTRL_X0Y6        BUFG (Prop_bufg_I_O)         0.081     3.348 r  u_clocks/u_management_clock/O
                         net (fo=519, routed)         1.804     5.152    u_clocks/mc
    MMCME2_ADV_X1Y0      MMCME2_ADV (Prop_mmcme2_adv_CLKIN1_CLKOUT0)
                                                     -4.175     0.977 r  u_clocks/u_ref_mmcm/CLKOUT0
                         net (fo=1, routed)           2.290     3.267    u_clocks/ref_raw
    BUFGCTRL_X0Y1        BUFG (Prop_bufg_I_O)         0.081     3.348 r  u_clocks/u_ref_clock/O
                         net (fo=13, routed)          1.557     4.905    u_clocks/ref_clk
    SLICE_X0Y119         FDPE                                         r  u_clocks/reference_bad_reg[0]/C
  -------------------------------------------------------------------    -------------------
    SLICE_X0Y119         FDPE (Prop_fdpe_C_Q)         0.379     5.284 r  u_clocks/reference_bad_reg[0]/Q
                         net (fo=1, routed)           0.721     6.005    u_clocks/reference_bad[0]
    SLICE_X0Y119         FDPE                                         r  u_clocks/reference_bad_reg[1]/D
  -------------------------------------------------------------------    -------------------

                         (clock ref_raw rise edge)    5.000     5.000 r  
    W19                                               0.000     5.000 r  sys_clk50 (IN)
                         net (fo=0)                   0.000     5.000    u_clocks/sys_clk50
    W19                  IBUF (Prop_ibuf_I_O)         1.374     6.374 r  u_clocks/u_sys_input/O
                         net (fo=2, routed)           1.734     8.108    u_clocks/sys_in
    BUFGCTRL_X0Y6        BUFG (Prop_bufg_I_O)         0.077     8.185 r  u_clocks/u_management_clock/O
                         net (fo=519, routed)         1.687     9.872    u_clocks/mc
    MMCME2_ADV_X1Y0      MMCME2_ADV (Prop_mmcme2_adv_CLKIN1_CLKOUT0)
                                                     -3.944     5.928 r  u_clocks/u_ref_mmcm/CLKOUT0
                         net (fo=1, routed)           2.180     8.108    u_clocks/ref_raw
    BUFGCTRL_X0Y1        BUFG (Prop_bufg_I_O)         0.077     8.185 r  u_clocks/u_ref_clock/O
                         net (fo=13, routed)          1.452     9.637    u_clocks/ref_clk
    SLICE_X0Y119         FDPE                                         r  u_clocks/reference_bad_reg[1]/C
                         clock pessimism              0.268     9.905    
                         clock uncertainty           -0.177     9.728    
    SLICE_X0Y119         FDPE (Setup_fdpe_C_D)       -0.032     9.696    u_clocks/reference_bad_reg[1]
  -------------------------------------------------------------------
                         required time                          9.696    
                         arrival time                          -6.005    
  -------------------------------------------------------------------
                         slack                                  3.691    

Slack (MET) :             3.712ns  (required time - arrival time)
  Source:                 u_clocks/delay_ready_sync_reg[0]/C
                            (rising edge-triggered cell FDRE clocked by ref_raw  {rise@0.000ns fall@2.500ns period=5.000ns})
  Destination:            u_clocks/delay_ready_sync_reg[1]/D
                            (rising edge-triggered cell FDRE clocked by ref_raw  {rise@0.000ns fall@2.500ns period=5.000ns})
  Path Group:             ref_raw
  Path Type:              Setup (Max at Slow Process Corner)
  Requirement:            5.000ns  (ref_raw rise@5.000ns - ref_raw rise@0.000ns)
  Data Path Delay:        1.079ns  (logic 0.379ns (35.113%)  route 0.700ns (64.887%))
  Logic Levels:           0  
  Clock Path Skew:        0.000ns (DCD - SCD + CPR)
    Destination Clock Delay (DCD):    4.634ns = ( 9.634 - 5.000 ) 
    Source Clock Delay      (SCD):    4.902ns
    Clock Pessimism Removal (CPR):    0.268ns
  Clock Uncertainty:      0.177ns  ((TSJ^2 + DJ^2)^1/2) / 2 + PE + UU
    Total System Jitter     (TSJ):    0.071ns
    Discrete Jitter          (DJ):    0.136ns
    Phase Error              (PE):    0.000ns
    User Uncertainty         (UU):    0.100ns

    Location             Delay type                Incr(ns)  Path(ns)    Netlist Resource(s)
  -------------------------------------------------------------------    -------------------
                         (clock ref_raw rise edge)    0.000     0.000 r  
    W19                                               0.000     0.000 r  sys_clk50 (IN)
                         net (fo=0)                   0.000     0.000    u_clocks/sys_clk50
    W19                  IBUF (Prop_ibuf_I_O)         1.440     1.440 r  u_clocks/u_sys_input/O
                         net (fo=2, routed)           1.827     3.267    u_clocks/sys_in
    BUFGCTRL_X0Y6        BUFG (Prop_bufg_I_O)         0.081     3.348 r  u_clocks/u_management_clock/O
                         net (fo=519, routed)         1.804     5.152    u_clocks/mc
    MMCME2_ADV_X1Y0      MMCME2_ADV (Prop_mmcme2_adv_CLKIN1_CLKOUT0)
                                                     -4.175     0.977 r  u_clocks/u_ref_mmcm/CLKOUT0
                         net (fo=1, routed)           2.290     3.267    u_clocks/ref_raw
    BUFGCTRL_X0Y1        BUFG (Prop_bufg_I_O)         0.081     3.348 r  u_clocks/u_ref_clock/O
                         net (fo=13, routed)          1.554     4.902    u_clocks/ref_clk
    SLICE_X0Y121         FDRE                                         r  u_clocks/delay_ready_sync_reg[0]/C
  -------------------------------------------------------------------    -------------------
    SLICE_X0Y121         FDRE (Prop_fdre_C_Q)         0.379     5.281 r  u_clocks/delay_ready_sync_reg[0]/Q
                         net (fo=1, routed)           0.700     5.981    u_clocks/delay_ready_sync[0]
    SLICE_X0Y121         FDRE                                         r  u_clocks/delay_ready_sync_reg[1]/D
  -------------------------------------------------------------------    -------------------

                         (clock ref_raw rise edge)    5.000     5.000 r  
    W19                                               0.000     5.000 r  sys_clk50 (IN)
                         net (fo=0)                   0.000     5.000    u_clocks/sys_clk50
    W19                  IBUF (Prop_ibuf_I_O)         1.374     6.374 r  u_clocks/u_sys_input/O
                         net (fo=2, routed)           1.734     8.108    u_clocks/sys_in
    BUFGCTRL_X0Y6        BUFG (Prop_bufg_I_O)         0.077     8.185 r  u_clocks/u_management_clock/O
                         net (fo=519, routed)         1.687     9.872    u_clocks/mc
    MMCME2_ADV_X1Y0      MMCME2_ADV (Prop_mmcme2_adv_CLKIN1_CLKOUT0)
                                                     -3.944     5.928 r  u_clocks/u_ref_mmcm/CLKOUT0
                         net (fo=1, routed)           2.180     8.108    u_clocks/ref_raw
    BUFGCTRL_X0Y1        BUFG (Prop_bufg_I_O)         0.077     8.185 r  u_clocks/u_ref_clock/O
                         net (fo=13, routed)          1.449     9.634    u_clocks/ref_clk
    SLICE_X0Y121         FDRE                                         r  u_clocks/delay_ready_sync_reg[1]/C
                         clock pessimism              0.268     9.902    
                         clock uncertainty           -0.177     9.725    
    SLICE_X0Y121         FDRE (Setup_fdre_C_D)       -0.032     9.693    u_clocks/delay_ready_sync_reg[1]
  -------------------------------------------------------------------
                         required time                          9.693    
                         arrival time                          -5.981    
  -------------------------------------------------------------------
                         slack                                  3.712    

Slack (MET) :             5.343ns  (required time - arrival time)
  Source:                 u_clocks/bad_sync_reg[0]/C
                            (rising edge-triggered cell FDPE clocked by core_raw  {rise@0.000ns fall@3.333ns period=6.667ns})
  Destination:            u_clocks/bad_sync_reg[1]/D
                            (rising edge-triggered cell FDPE clocked by core_raw  {rise@0.000ns fall@3.333ns period=6.667ns})
  Path Group:             core_raw
  Path Type:              Setup (Max at Slow Process Corner)
  Requirement:            6.667ns  (core_raw rise@6.667ns - core_raw rise@0.000ns)
  Data Path Delay:        1.100ns  (logic 0.379ns (34.464%)  route 0.721ns (65.536%))
  Logic Levels:           0  
  Clock Path Skew:        0.000ns (DCD - SCD + CPR)
    Destination Clock Delay (DCD):    -1.056ns = ( 5.610 - 6.667 ) 
    Source Clock Delay      (SCD):    -0.622ns
    Clock Pessimism Removal (CPR):    0.435ns
  Clock Uncertainty:      0.192ns  ((TSJ^2 + DJ^2)^1/2) / 2 + PE + UU
    Total System Jitter     (TSJ):    0.071ns
    Discrete Jitter          (DJ):    0.171ns
    Phase Error              (PE):    0.000ns
    User Uncertainty         (UU):    0.100ns

    Location             Delay type                Incr(ns)  Path(ns)    Netlist Resource(s)
  -------------------------------------------------------------------    -------------------
                         (clock core_raw rise edge)
                                                      0.000     0.000 r  
    W19                                               0.000     0.000 r  sys_clk50 (IN)
                         net (fo=0)                   0.000     0.000    u_clocks/sys_clk50
    W19                  IBUF (Prop_ibuf_I_O)         1.440     1.440 r  u_clocks/u_sys_input/O
                         net (fo=2, routed)           1.065     2.505    u_clocks/sys_in
    MMCME2_ADV_X0Y2      MMCME2_ADV (Prop_mmcme2_adv_CLKIN1_CLKOUT0)
                                                     -6.325    -3.819 r  u_clocks/u_sys_mmcm/CLKOUT0
                         net (fo=1, routed)           1.559    -2.260    u_clocks/core_raw
    BUFGCTRL_X0Y2        BUFG (Prop_bufg_I_O)         0.081    -2.179 r  u_clocks/u_core_clock/O
                         net (fo=85970, routed)       1.558    -0.622    u_clocks/cc
    SLICE_X0Y118         FDPE                                         r  u_clocks/bad_sync_reg[0]/C
  -------------------------------------------------------------------    -------------------
    SLICE_X0Y118         FDPE (Prop_fdpe_C_Q)         0.379    -0.243 r  u_clocks/bad_sync_reg[0]/Q
                         net (fo=1, routed)           0.721     0.478    u_clocks/bad_sync[0]
    SLICE_X0Y118         FDPE                                         r  u_clocks/bad_sync_reg[1]/D
  -------------------------------------------------------------------    -------------------

                         (clock core_raw rise edge)
                                                      6.667     6.667 r  
    W19                                               0.000     6.667 r  sys_clk50 (IN)
                         net (fo=0)                   0.000     6.667    u_clocks/sys_clk50
    W19                  IBUF (Prop_ibuf_I_O)         1.374     8.041 r  u_clocks/u_sys_input/O
                         net (fo=2, routed)           1.004     9.044    u_clocks/sys_in
    MMCME2_ADV_X0Y2      MMCME2_ADV (Prop_mmcme2_adv_CLKIN1_CLKOUT0)
                                                     -6.451     2.593 r  u_clocks/u_sys_mmcm/CLKOUT0
                         net (fo=1, routed)           1.488     4.081    u_clocks/core_raw
    BUFGCTRL_X0Y2        BUFG (Prop_bufg_I_O)         0.077     4.158 r  u_clocks/u_core_clock/O
                         net (fo=85970, routed)       1.453     5.610    u_clocks/cc
    SLICE_X0Y118         FDPE                                         r  u_clocks/bad_sync_reg[1]/C
                         clock pessimism              0.435     6.045    
                         clock uncertainty           -0.192     5.853    
    SLICE_X0Y118         FDPE (Setup_fdpe_C_D)       -0.032     5.821    u_clocks/bad_sync_reg[1]
  -------------------------------------------------------------------
                         required time                          5.821    
                         arrival time                          -0.478    
  -------------------------------------------------------------------
                         slack                                  5.343    




