Copyright 1986-2022 Xilinx, Inc. All Rights Reserved. Copyright 2022-2025 Advanced Micro Devices, Inc. All Rights Reserved.
---------------------------------------------------------------------------------------------------------------------------------------------------------------------------------------------------------
| Tool Version : Vivado v.2025.2 (win64) Build 6299465 Fri Nov 14 19:35:11 GMT 2025
| Date         : Fri Oct  9 20:52:21 2026
| Host         : WIN-FJ9PMA04HBP running 64-bit major release  (build 9200)
| Command      : report_timing -from [get_pins u_management/u_startup/u_mdio/mdio_meta_q_reg/Q] -to [get_pins u_management/u_startup/u_mdio/mdio_sync_q_reg/D] -delay_type min -file mdio_stage_hold.rpt
| Design       : ethernet_rgmii_managed_video
| Device       : 7a200t-fbg484
| Speed File   : -2  PRODUCTION 1.23 2018-06-13
| Design State : Routed
---------------------------------------------------------------------------------------------------------------------------------------------------------------------------------------------------------

Timing Report

Slack (MET) :             0.171ns  (arrival time - required time)
  Source:                 u_management/u_startup/u_mdio/mdio_meta_q_reg/C
                            (rising edge-triggered cell FDRE clocked by sys50  {rise@0.000ns fall@10.000ns period=20.000ns})
  Destination:            u_management/u_startup/u_mdio/mdio_sync_q_reg/D
                            (rising edge-triggered cell FDRE clocked by sys50  {rise@0.000ns fall@10.000ns period=20.000ns})
  Path Group:             sys50
  Path Type:              Hold (Min at Fast Process Corner)
  Requirement:            0.000ns  (sys50 rise@0.000ns - sys50 rise@0.000ns)
  Data Path Delay:        0.346ns  (logic 0.141ns (40.751%)  route 0.205ns (59.249%))
  Logic Levels:           0  
  Clock Path Skew:        0.000ns (DCD - SCD - CPR)
    Destination Clock Delay (DCD):    2.171ns
    Source Clock Delay      (SCD):    1.647ns
    Clock Pessimism Removal (CPR):    0.525ns
  Clock Uncertainty:      0.100ns  ((TSJ^2 + TIJ^2)^1/2 + DJ) / 2 + PE + UU
    Total System Jitter     (TSJ):    0.000ns
    Total Input Jitter      (TIJ):    0.000ns
    Discrete Jitter          (DJ):    0.000ns
    Phase Error              (PE):    0.000ns
    User Uncertainty         (UU):    0.100ns

    Location             Delay type                Incr(ns)  Path(ns)    Netlist Resource(s)
  -------------------------------------------------------------------    -------------------
                         (clock sys50 rise edge)      0.000     0.000 r  
    W19                                               0.000     0.000 r  sys_clk50 (IN)
                         net (fo=0)                   0.000     0.000    u_clocks/sys_clk50
    W19                  IBUF (Prop_ibuf_I_O)         0.277     0.277 r  u_clocks/u_sys_input/O
                         net (fo=2, routed)           0.690     0.967    u_clocks/sys_in
    BUFGCTRL_X0Y6        BUFG (Prop_bufg_I_O)         0.026     0.993 r  u_clocks/u_management_clock/O
                         net (fo=519, routed)         0.654     1.647    u_management/u_startup/u_mdio/mc
    SLICE_X0Y141         FDRE                                         r  u_management/u_startup/u_mdio/mdio_meta_q_reg/C
  -------------------------------------------------------------------    -------------------
    SLICE_X0Y141         FDRE (Prop_fdre_C_Q)         0.141     1.788 r  u_management/u_startup/u_mdio/mdio_meta_q_reg/Q
                         net (fo=1, routed)           0.205     1.993    u_management/u_startup/u_mdio/mdio_meta_q
    SLICE_X0Y141         FDRE                                         r  u_management/u_startup/u_mdio/mdio_sync_q_reg/D
  -------------------------------------------------------------------    -------------------

                         (clock sys50 rise edge)      0.000     0.000 r  
    W19                                               0.000     0.000 r  sys_clk50 (IN)
                         net (fo=0)                   0.000     0.000    u_clocks/sys_clk50
    W19                  IBUF (Prop_ibuf_I_O)         0.465     0.465 r  u_clocks/u_sys_input/O
                         net (fo=2, routed)           0.750     1.215    u_clocks/sys_in
    BUFGCTRL_X0Y6        BUFG (Prop_bufg_I_O)         0.029     1.244 r  u_clocks/u_management_clock/O
                         net (fo=519, routed)         0.928     2.171    u_management/u_startup/u_mdio/mc
    SLICE_X0Y141         FDRE                                         r  u_management/u_startup/u_mdio/mdio_sync_q_reg/C
                         clock pessimism             -0.525     1.647    
                         clock uncertainty            0.100     1.747    
    SLICE_X0Y141         FDRE (Hold_fdre_C_D)         0.075     1.822    u_management/u_startup/u_mdio/mdio_sync_q_reg
  -------------------------------------------------------------------
                         required time                         -1.822    
                         arrival time                           1.993    
  -------------------------------------------------------------------
                         slack                                  0.171    




