Copyright 1986-2022 Xilinx, Inc. All Rights Reserved. Copyright 2022-2025 Advanced Micro Devices, Inc. All Rights Reserved.
---------------------------------------------------------------------------------------------------------------------------------------------
| Tool Version : Vivado v.2025.2 (win64) Build 6299465 Fri Nov 14 19:35:11 GMT 2025
| Date         : Fri Oct  9 20:52:20 2026
| Host         : WIN-FJ9PMA04HBP running 64-bit major release  (build 9200)
| Command      : report_timing -to [get_pins u_io/u_tx/u_forward/R] -delay_type min -max_paths 4 -file tx_clock_removal.rpt
| Design       : ethernet_rgmii_managed_video
| Device       : 7a200t-fbg484
| Speed File   : -2  PRODUCTION 1.23 2018-06-13
| Design State : Routed
---------------------------------------------------------------------------------------------------------------------------------------------

Timing Report

Slack (MET) :             0.722ns  (arrival time - required time)
  Source:                 u_io/u_tx/release_sync_reg[1]/C
                            (rising edge-triggered cell FDPE clocked by serialize_raw  {rise@0.000ns fall@2.000ns period=4.000ns})
  Destination:            u_io/u_tx/u_forward/R
                            (removal check against rising-edge clock serialize_raw  {rise@0.000ns fall@2.000ns period=4.000ns})
  Path Group:             **async_default**
  Path Type:              Removal (Min at Fast Process Corner)
  Requirement:            0.000ns  (serialize_raw rise@0.000ns - serialize_raw rise@0.000ns)
  Data Path Delay:        0.800ns  (logic 0.128ns (16.003%)  route 0.672ns (83.997%))
  Logic Levels:           0  
  Clock Path Skew:        0.032ns (DCD - SCD - CPR)
    Destination Clock Delay (DCD):    -0.872ns
    Source Clock Delay      (SCD):    -0.624ns
    Clock Pessimism Removal (CPR):    -0.280ns
  Clock Uncertainty:      0.100ns  ((TSJ^2 + DJ^2)^1/2) / 2 + PE + UU
    Total System Jitter     (TSJ):    0.000ns
    Discrete Jitter          (DJ):    0.000ns
    Phase Error              (PE):    0.000ns
    User Uncertainty         (UU):    0.100ns

    Location             Delay type                Incr(ns)  Path(ns)    Netlist Resource(s)
  -------------------------------------------------------------------    -------------------
                         (clock serialize_raw rise edge)
                                                      0.000     0.000 r  
    W19                                               0.000     0.000 r  sys_clk50 (IN)
                         net (fo=0)                   0.000     0.000    u_clocks/sys_clk50
    W19                  IBUF (Prop_ibuf_I_O)         0.277     0.277 r  u_clocks/u_sys_input/O
                         net (fo=2, routed)           0.440     0.717    u_clocks/sys_in
    MMCME2_ADV_X0Y2      MMCME2_ADV (Prop_mmcme2_adv_CLKIN1_CLKOUT3)
                                                     -2.560    -1.843 r  u_clocks/u_sys_mmcm/CLKOUT3
                         net (fo=1, routed)           0.545    -1.299    u_clocks/serialize_raw
    BUFGCTRL_X0Y0        BUFG (Prop_bufg_I_O)         0.026    -1.273 r  u_clocks/u_serialize_clock/O
                         net (fo=14, routed)          0.649    -0.624    u_io/u_tx/CLK
    SLICE_X0Y117         FDPE                                         r  u_io/u_tx/release_sync_reg[1]/C
  -------------------------------------------------------------------    -------------------
    SLICE_X0Y117         FDPE (Prop_fdpe_C_Q)         0.128    -0.496 r  u_io/u_tx/release_sync_reg[1]/Q
                         net (fo=12, routed)          0.672     0.176    u_io/u_tx/release_sync[1]
    OLOGIC_X0Y130        ODDR                                         r  u_io/u_tx/u_forward/R
  -------------------------------------------------------------------    -------------------

                         (clock serialize_raw rise edge)
                                                      0.000     0.000 r  
    W19                                               0.000     0.000 r  sys_clk50 (IN)
                         net (fo=0)                   0.000     0.000    u_clocks/sys_clk50
    W19                  IBUF (Prop_ibuf_I_O)         0.465     0.465 r  u_clocks/u_sys_input/O
                         net (fo=2, routed)           0.480     0.945    u_clocks/sys_in
    MMCME2_ADV_X0Y2      MMCME2_ADV (Prop_mmcme2_adv_CLKIN1_CLKOUT3)
                                                     -3.355    -2.410 r  u_clocks/u_sys_mmcm/CLKOUT3
                         net (fo=1, routed)           0.595    -1.815    u_clocks/serialize_raw
    BUFGCTRL_X0Y0        BUFG (Prop_bufg_I_O)         0.029    -1.786 r  u_clocks/u_serialize_clock/O
                         net (fo=14, routed)          0.915    -0.872    u_io/u_tx/CLK
    OLOGIC_X0Y130        ODDR                                         r  u_io/u_tx/u_forward/C
                         clock pessimism              0.280    -0.592    
                         clock uncertainty            0.100    -0.492    
    OLOGIC_X0Y130        ODDR (Remov_oddr_C_R)       -0.054    -0.546    u_io/u_tx/u_forward
  -------------------------------------------------------------------
                         required time                          0.546    
                         arrival time                           0.176    
  -------------------------------------------------------------------
                         slack                                  0.722    




