
****** xsim v2022.2 (64-bit)
  **** SW Build 3671981 on Fri Oct 14 05:00:03 MDT 2022
  **** IP Build 3669848 on Fri Oct 14 08:30:02 MDT 2022
    ** Copyright 1986-2022 Xilinx, Inc. All Rights Reserved.

source xsim.dir/tb_b_real_bit_exact/xsim_script.tcl
# xsim {tb_b_real_bit_exact} -autoloadwcfg -runall
Time resolution is 1 ps
run -all
  dump files opened: 1 (dump_on=1)
  geometry: IMG 96x54 -> OUT 192x108   N_IN=5184 N_OUT=20736  STRIPE_H=64
  --- case 0 : impulse ---
      first bytes: out[0] got=04 exp=04    ok
      first bytes: out[1] got=02 exp=02    ok
      first bytes: out[2] got=02 exp=02    ok
      first bytes: out[3] got=03 exp=03    ok
      first bytes: out[4] got=02 exp=02    ok
      first bytes: out[5] got=02 exp=02    ok
      first bytes: out[6] got=01 exp=01    ok
      first bytes: out[7] got=02 exp=02    ok
      fed=5184 out=20736  byte_match=20736/20736  mismatched=0  first_mismatch=-1  stripe_last=2 frame_last=1 done=1 held=6872
      -> case impulse : BIT-EXACT OK
  --- case 1 : ramp ---
      first bytes: out[0] got=04 exp=04    ok
      first bytes: out[1] got=02 exp=02    ok
      first bytes: out[2] got=04 exp=04    ok
      first bytes: out[3] got=06 exp=06    ok
      first bytes: out[4] got=06 exp=06    ok
      first bytes: out[5] got=07 exp=07    ok
      first bytes: out[6] got=09 exp=09    ok
      first bytes: out[7] got=0a exp=0a    ok
      fed=5184 out=20736  byte_match=20736/20736  mismatched=0  first_mismatch=-1  stripe_last=2 frame_last=1 done=1 held=6872
      -> case ramp : BIT-EXACT OK
  --- case 2 : random ---
      first bytes: out[0] got=bb exp=bb    ok
      first bytes: out[1] got=ca exp=ca    ok
      first bytes: out[2] got=cb exp=cb    ok
      first bytes: out[3] got=f6 exp=f6    ok
      first bytes: out[4] got=ff exp=ff    ok
      first bytes: out[5] got=cc exp=cc    ok
      first bytes: out[6] got=12 exp=12    ok
      first bytes: out[7] got=00 exp=00    ok
      fed=5184 out=20736  byte_match=20736/20736  mismatched=0  first_mismatch=-1  stripe_last=2 frame_last=1 done=1 held=6872
      -> case random : BIT-EXACT OK
  --- case 3 : zero ---
      first bytes: out[0] got=04 exp=04    ok
      first bytes: out[1] got=02 exp=02    ok
      first bytes: out[2] got=02 exp=02    ok
      first bytes: out[3] got=03 exp=03    ok
      first bytes: out[4] got=02 exp=02    ok
      first bytes: out[5] got=02 exp=02    ok
      first bytes: out[6] got=01 exp=01    ok
      first bytes: out[7] got=02 exp=02    ok
      fed=5184 out=20736  byte_match=20736/20736  mismatched=0  first_mismatch=-1  stripe_last=2 frame_last=1 done=1 held=6873
      -> case zero : BIT-EXACT OK
  total cycles = 180157
  96x54 cases: 4/4 bit-exact PASS, 0 FAIL, err_cnt=0
RESULT: PASS  (96x54 bit-exact vs A integer Golden, 4/4 cases)
$finish called at time : 901005 ns : File "C:/Users/Administrator/WorkBuddy/srtp/c_side/tb/tb_b_real_bit_exact.v" Line 323
run: Time (s): cpu = 00:00:00 ; elapsed = 00:01:12 . Memory (MB): peak = 239.227 ; gain = 0.000
exit
INFO: xsimkernel Simulation Memory Usage: 17716 KB (Peak: 17716 KB), Simulation CPU Usage: 70812 ms
INFO: [Common 17-206] Exiting xsim at Wed Sep 23 19:47:28 2026...
  total cycles = 180157
  96x54 cases: 4/4 bit-exact PASS, 0 FAIL, err_cnt=0
RESULT: PASS  (96x54 bit-exact vs A integer Golden, 4/4 cases)
$finish called at time : 901005 ns : File "C:/Users/Administrator/WorkBuddy/srtp/c_side/tb/tb_b_real_bit_exact.v" Line 323
run: Time (s): cpu = 00:00:00 ; elapsed = 00:01:12 . Memory (MB): peak = 239.227 ; gain = 0.000
exit
INFO: xsimkernel Simulation Memory Usage: 17716 KB (Peak: 17716 KB), Simulation CPU Usage: 70812 ms
INFO: [Common 17-206] Exiting xsim at Wed Sep 23 19:47:28 2026...
