Copyright 1986-2022 Xilinx, Inc. All Rights Reserved. Copyright 2022-2025 Advanced Micro Devices, Inc. All Rights Reserved.
----------------------------------------------------------------------------------------------------------------------------------------------------------
| Tool Version : Vivado v.2025.2 (win64) Build 6299465 Fri Nov 14 19:35:11 GMT 2025
| Date         : Sat Sep 26 21:54:41 2026
| Host         : OMENMAX running 64-bit major release  (build 9200)
| Command      : report_utilization -hierarchical -file V:/_synth_bc/postroute200_v1_pressure000_try1/reports/after_physopt_pressure/utilization_hier.rpt
| Design       : c_synth_top
| Device       : xc7a200tfbg484-2
| Speed File   : -2
| Design State : Physopt postRoute
----------------------------------------------------------------------------------------------------------------------------------------------------------

Utilization Design Information

Table of Contents
-----------------
1. Utilization by Hierarchy

1. Utilization by Hierarchy
---------------------------

+----------------------------------------------------+---------------------------------------------+------------+------------+---------+------+-------+--------+--------+------------+
|                      Instance                      |                    Module                   | Total LUTs | Logic LUTs | LUTRAMs | SRLs |  FFs  | RAMB36 | RAMB18 | DSP Blocks |
+----------------------------------------------------+---------------------------------------------+------------+------------+---------+------+-------+--------+--------+------------+
| c_synth_top                                        |                                       (top) |      28016 |      22061 |    5930 |   25 | 49275 |    226 |      8 |        394 |
|   (c_synth_top)                                    |                                       (top) |          0 |          0 |       0 |    0 |     0 |      0 |      0 |          0 |
|   u_top                                            |                                       c_top |      28016 |      22061 |    5930 |   25 | 49275 |    226 |      8 |        394 |
|     (u_top)                                        |                                       c_top |         10 |         10 |       0 |    0 |    55 |      0 |      0 |          0 |
|     u_core                                         |                                      c_core |      28006 |      22051 |    5930 |   25 | 49220 |    226 |      8 |        394 |
|       u_rom                                        |                                   input_rom |        157 |        157 |       0 |    0 |    21 |    128 |      0 |          0 |
|       u_b                                          |                                   b_core_if |      27197 |      21242 |    5930 |   25 | 48608 |     38 |      8 |        394 |
|         u_b_core                                   |                                 b_core_real |      27197 |      21242 |    5930 |   25 | 48608 |     38 |      8 |        394 |
|           core                                     |                      fsrcnn_network_mem_top |      27197 |      21242 |    5930 |   25 | 48608 |     38 |      8 |        394 |
|             core                                   |                         fsrcnn_network_core |      27197 |      21242 |    5930 |   25 | 48608 |     38 |      8 |        394 |
|               f12                                  |                elastic_fifo__parameterized0 |        185 |         13 |     172 |    0 |    16 |      0 |      0 |          0 |
|               f23                                  |                elastic_fifo__parameterized1 |        183 |         97 |      86 |    0 |    16 |      0 |      0 |          0 |
|               f34                                  |              elastic_fifo__parameterized1_1 |         99 |         13 |      86 |    0 |    16 |      0 |      0 |          0 |
|               f45                                  |              elastic_fifo__parameterized0_2 |        425 |        253 |     172 |    0 |    44 |      0 |      0 |          0 |
|               l1                                   |                         fsrcnn_stream_layer |       3897 |       3758 |     134 |    5 |  6842 |      0 |      4 |         62 |
|                 gk.frontend                        |                      window_stream_frontend |        237 |        103 |     134 |    0 |   293 |      0 |      4 |          0 |
|                   win                              |                         window_kminus1_bram |         57 |         57 |       0 |    0 |   264 |      0 |      4 |          0 |
|                   fifo                             |                                elastic_fifo |        142 |          8 |     134 |    0 |     7 |      0 |      0 |          0 |
|                 mac                                |                             mac_issue_stage |       2400 |       2400 |       0 |    0 |  3993 |      0 |      0 |         50 |
|                   acc                              |                           phase_accumulator |        501 |        501 |       0 |    0 |  1666 |      0 |      0 |          0 |
|                   issue                            |                           eight_phase_issue |         87 |         87 |       0 |    0 |   204 |      0 |      0 |          0 |
|                   mac                              |                          phase_mac_pipeline |       1812 |       1812 |       0 |    0 |  2123 |      0 |      0 |         50 |
|                 post                               |                 vector_postprocess_shared_8 |       1260 |       1255 |       0 |    5 |  2556 |      0 |      0 |         12 |
|                   (post)                           |                 vector_postprocess_shared_8 |        204 |        199 |       0 |    5 |  1708 |      0 |      0 |          0 |
|                   units[0].post                    |                          prelu_requantize_9 |        563 |        563 |       0 |    0 |   420 |      0 |      0 |          6 |
|                   units[1].post                    |                         prelu_requantize_10 |        497 |        497 |       0 |    0 |   428 |      0 |      0 |          6 |
|               l2                                   |         fsrcnn_stream_layer__parameterized0 |       1463 |       1458 |       0 |    5 |  2974 |      0 |      0 |         22 |
|                 mac                                |             mac_issue_stage__parameterized0 |        865 |        865 |       0 |    0 |  1696 |      0 |      0 |         16 |
|                   (mac)                            |             mac_issue_stage__parameterized0 |        299 |        299 |       0 |    0 |     0 |      0 |      0 |          0 |
|                   acc                              |         phase_accumulator__parameterized0_7 |        250 |        250 |       0 |    0 |   834 |      0 |      0 |          0 |
|                   issue                            |           eight_phase_issue__parameterized0 |        111 |        111 |       0 |    0 |   260 |      0 |      0 |          0 |
|                   mac                              |          phase_mac_pipeline__parameterized0 |        214 |        214 |       0 |    0 |   602 |      0 |      0 |         16 |
|                 post                               | vector_postprocess_shared__parameterized0_5 |        598 |        593 |       0 |    5 |  1278 |      0 |      0 |          6 |
|                   (post)                           | vector_postprocess_shared__parameterized0_5 |        108 |        103 |       0 |    5 |   859 |      0 |      0 |          0 |
|                   units[0].post                    |                          prelu_requantize_6 |        493 |        493 |       0 |    0 |   419 |      0 |      0 |          6 |
|               l3                                   |         fsrcnn_stream_layer__parameterized1 |       4401 |       3604 |     792 |    5 |  8633 |      8 |      0 |         78 |
|                 gk.frontend                        |      window_stream_frontend__parameterized0 |       1047 |        255 |     792 |    0 |  1409 |      8 |      0 |          0 |
|                   win                              |         window_kminus1_bram__parameterized0 |        152 |        152 |       0 |    0 |  1344 |      8 |      0 |          0 |
|                   fifo                             |                elastic_fifo__parameterized2 |        858 |         66 |     792 |    0 |    43 |      0 |      0 |          0 |
|                 mac                                |             mac_issue_stage__parameterized1 |       2761 |       2761 |       0 |    0 |  5967 |      0 |      0 |         72 |
|                   acc                              |           phase_accumulator__parameterized0 |        251 |        251 |       0 |    0 |   834 |      0 |      0 |          0 |
|                   issue                            |           eight_phase_issue__parameterized1 |        389 |        389 |       0 |    0 |  1167 |      0 |      0 |          0 |
|                   mac                              |          phase_mac_pipeline__parameterized1 |       2122 |       2122 |       0 |    0 |  3966 |      0 |      0 |         72 |
|                 post                               |   vector_postprocess_shared__parameterized0 |        593 |        588 |       0 |    5 |  1257 |      0 |      0 |          6 |
|                   (post)                           |   vector_postprocess_shared__parameterized0 |        110 |        105 |       0 |    5 |   857 |      0 |      0 |          0 |
|                   units[0].post                    |                          prelu_requantize_4 |        487 |        487 |       0 |    0 |   400 |      0 |      0 |          6 |
|               l4                                   |         fsrcnn_stream_layer__parameterized2 |       2463 |       2458 |       0 |    5 |  4716 |      0 |      0 |         28 |
|                 mac                                |             mac_issue_stage__parameterized2 |       1182 |       1182 |       0 |    0 |  2205 |      0 |      0 |         16 |
|                   (mac)                            |             mac_issue_stage__parameterized2 |        585 |        585 |       0 |    0 |     0 |      0 |      0 |          0 |
|                   acc                              |           phase_accumulator__parameterized2 |        499 |        499 |       0 |    0 |  1666 |      0 |      0 |          0 |
|                   issue                            |           eight_phase_issue__parameterized2 |         78 |         78 |       0 |    0 |   132 |      0 |      0 |          0 |
|                   mac                              |          phase_mac_pipeline__parameterized2 |         36 |         36 |       0 |    0 |   407 |      0 |      0 |         16 |
|                 post                               |                   vector_postprocess_shared |       1281 |       1276 |       0 |    5 |  2511 |      0 |      0 |         12 |
|                   (post)                           |                   vector_postprocess_shared |        228 |        223 |       0 |    5 |  1687 |      0 |      0 |          0 |
|                   units[0].post                    |                            prelu_requantize |        557 |        557 |       0 |    0 |   415 |      0 |      0 |          6 |
|                   units[1].post                    |                          prelu_requantize_3 |        499 |        499 |       0 |    0 |   409 |      0 |      0 |          6 |
|               l5                                   |         fsrcnn_stream_layer__parameterized3 |      13974 |       9481 |    4488 |    5 | 25305 |     28 |      4 |        204 |
|                 gk.frontend                        |      window_stream_frontend__parameterized1 |       5852 |       1452 |    4400 |    0 |  7024 |     28 |      4 |          0 |
|                   win                              |         window_kminus1_bram__parameterized1 |       1061 |       1061 |       0 |    0 |  6741 |     28 |      4 |          0 |
|                   fifo                             |                elastic_fifo__parameterized3 |       4713 |        313 |    4400 |    0 |   221 |      0 |      0 |          0 |
|                   pad                              |             same_pad_raster__parameterized1 |         78 |         78 |       0 |    0 |    21 |      0 |      0 |          0 |
|                 mac                                |             mac_issue_stage__parameterized3 |       7861 |       7773 |      88 |    0 | 17654 |      0 |      0 |        200 |
|                   acc                              |           phase_accumulator__parameterized3 |        125 |        125 |       0 |    0 |   418 |      0 |      0 |          0 |
|                   g_l5_partial_buffer.partial_fifo |                           mac_partial_fifo2 |        238 |        150 |      88 |    0 |     5 |      0 |      0 |          0 |
|                   issue                            |           eight_phase_issue__parameterized3 |       1971 |       1971 |       0 |    0 |  6527 |      0 |      0 |          0 |
|                   mac                              |          phase_mac_pipeline__parameterized3 |       5527 |       5527 |       0 |    0 | 10704 |      0 |      0 |        200 |
|                 post                               |   vector_postprocess_shared__parameterized1 |        261 |        256 |       0 |    5 |   627 |      0 |      0 |          4 |
|                   (post)                           |   vector_postprocess_shared__parameterized1 |        154 |        149 |       0 |    5 |   395 |      0 |      0 |          0 |
|                   units[0].post                    |            prelu_requantize__parameterized0 |        107 |        107 |       0 |    0 |   232 |      0 |      0 |          4 |
|               shuffle                              |                   pixel_shuffle2x_row_banks |        108 |        108 |       0 |    0 |    46 |      2 |      0 |          0 |
|       u_in                                         |                                input_stream |         55 |         55 |       0 |    0 |   216 |      0 |      0 |          0 |
|       u_out                                        |                               output_stream |         61 |         61 |       0 |    0 |    51 |      0 |      0 |          0 |
|       u_pp                                         |                             pingpong_buffer |        494 |        494 |       0 |    0 |   212 |     60 |      0 |          0 |
|         (u_pp)                                     |                             pingpong_buffer |        148 |        148 |       0 |    0 |   186 |      0 |      0 |          0 |
|         u_bank0                                    |                               stripe_buffer |        183 |        183 |       0 |    0 |    13 |     30 |      0 |          0 |
|         u_bank1                                    |                             stripe_buffer_0 |        164 |        164 |       0 |    0 |    13 |     30 |      0 |          0 |
+----------------------------------------------------+---------------------------------------------+------------+------------+---------+------+-------+--------+--------+------------+
* Note: The sum of lower-level cells may be larger than their parent cells total, due to cross-hierarchy LUT combining


