Copyright 1986-2022 Xilinx, Inc. All Rights Reserved. Copyright 2022-2025 Advanced Micro Devices, Inc. All Rights Reserved.
---------------------------------------------------------------------------------------------------------------------------------------------
| Tool Version : Vivado v.2025.2 (win64) Build 6299465 Fri Nov 14 19:35:11 GMT 2025
| Date         : Fri Oct  9 21:05:03 2026
| Host         : WIN-FJ9PMA04HBP running 64-bit major release  (build 9200)
| Command      : report_timing -to [get_pins u_io/u_tx/u_forward/R] -delay_type max -max_paths 4 -file tx_clock_recovery.rpt
| Design       : ethernet_rgmii_managed_video
| Device       : 7a200t-fbg484
| Speed File   : -2  PRODUCTION 1.23 2018-06-13
| Design State : Routed
---------------------------------------------------------------------------------------------------------------------------------------------

Timing Report

Slack (MET) :             1.772ns  (required time - arrival time)
  Source:                 u_io/u_tx/release_sync_reg[1]/C
                            (rising edge-triggered cell FDPE clocked by serialize_raw  {rise@0.000ns fall@2.000ns period=4.000ns})
  Destination:            u_io/u_tx/u_forward/R
                            (recovery check against rising-edge clock serialize_raw  {rise@0.000ns fall@2.000ns period=4.000ns})
  Path Group:             **async_default**
  Path Type:              Recovery (Max at Slow Process Corner)
  Requirement:            4.000ns  (serialize_raw rise@4.000ns - serialize_raw rise@0.000ns)
  Data Path Delay:        1.600ns  (logic 0.348ns (21.752%)  route 1.252ns (78.248%))
  Logic Levels:           0  
  Clock Path Skew:        -0.060ns (DCD - SCD + CPR)
    Destination Clock Delay (DCD):    -1.077ns = ( 2.923 - 4.000 ) 
    Source Clock Delay      (SCD):    -0.621ns
    Clock Pessimism Removal (CPR):    0.396ns
  Clock Uncertainty:      0.185ns  ((TSJ^2 + DJ^2)^1/2) / 2 + PE + UU
    Total System Jitter     (TSJ):    0.071ns
    Discrete Jitter          (DJ):    0.156ns
    Phase Error              (PE):    0.000ns
    User Uncertainty         (UU):    0.100ns

    Location             Delay type                Incr(ns)  Path(ns)    Netlist Resource(s)
  -------------------------------------------------------------------    -------------------
                         (clock serialize_raw rise edge)
                                                      0.000     0.000 r  
    W19                                               0.000     0.000 r  sys_clk50 (IN)
                         net (fo=0)                   0.000     0.000    u_clocks/sys_clk50
    W19                  IBUF (Prop_ibuf_I_O)         1.440     1.440 r  u_clocks/u_sys_input/O
                         net (fo=2, routed)           1.065     2.505    u_clocks/sys_in
    MMCME2_ADV_X0Y2      MMCME2_ADV (Prop_mmcme2_adv_CLKIN1_CLKOUT3)
                                                     -6.325    -3.819 r  u_clocks/u_sys_mmcm/CLKOUT3
                         net (fo=1, routed)           1.559    -2.260    u_clocks/serialize_raw
    BUFGCTRL_X0Y0        BUFG (Prop_bufg_I_O)         0.081    -2.179 r  u_clocks/u_serialize_clock/O
                         net (fo=14, routed)          1.559    -0.621    u_io/u_tx/CLK
    SLICE_X0Y117         FDPE                                         r  u_io/u_tx/release_sync_reg[1]/C
  -------------------------------------------------------------------    -------------------
    SLICE_X0Y117         FDPE (Prop_fdpe_C_Q)         0.348    -0.273 r  u_io/u_tx/release_sync_reg[1]/Q
                         net (fo=12, routed)          1.252     0.979    u_io/u_tx/release_sync[1]
    OLOGIC_X0Y130        ODDR                                         r  u_io/u_tx/u_forward/R
  -------------------------------------------------------------------    -------------------

                         (clock serialize_raw rise edge)
                                                      4.000     4.000 r  
    W19                                               0.000     4.000 r  sys_clk50 (IN)
                         net (fo=0)                   0.000     4.000    u_clocks/sys_clk50
    W19                  IBUF (Prop_ibuf_I_O)         1.374     5.374 r  u_clocks/u_sys_input/O
                         net (fo=2, routed)           1.004     6.378    u_clocks/sys_in
    MMCME2_ADV_X0Y2      MMCME2_ADV (Prop_mmcme2_adv_CLKIN1_CLKOUT3)
                                                     -6.451    -0.074 r  u_clocks/u_sys_mmcm/CLKOUT3
                         net (fo=1, routed)           1.488     1.414    u_clocks/serialize_raw
    BUFGCTRL_X0Y0        BUFG (Prop_bufg_I_O)         0.077     1.491 r  u_clocks/u_serialize_clock/O
                         net (fo=14, routed)          1.433     2.923    u_io/u_tx/CLK
    OLOGIC_X0Y130        ODDR                                         r  u_io/u_tx/u_forward/C
                         clock pessimism              0.396     3.319    
                         clock uncertainty           -0.185     3.134    
    OLOGIC_X0Y130        ODDR (Recov_oddr_C_R)       -0.382     2.752    u_io/u_tx/u_forward
  -------------------------------------------------------------------
                         required time                          2.752    
                         arrival time                          -0.979    
  -------------------------------------------------------------------
                         slack                                  1.772    




