Copyright 1986-2022 Xilinx, Inc. All Rights Reserved. Copyright 2022-2025 Advanced Micro Devices, Inc. All Rights Reserved.
---------------------------------------------------------------------------------------------------------------------------------------------------------------------
| Tool Version : Vivado v.2025.2 (win64) Build 6299465 Fri Nov 14 19:35:11 GMT 2025
| Date         : Sat Sep 26 19:18:06 2026
| Host         : OMENMAX running 64-bit major release  (build 9200)
| Command      : report_utilization -hierarchical -file V://_synth_bc/acc36_realrom_200_member_b_setup0300926_ascii_ramdecomp/reports/utilization_postroute_hier.rpt
| Design       : c_synth_top
| Device       : xc7a200tfbg484-2
| Speed File   : -2
| Design State : Routed
---------------------------------------------------------------------------------------------------------------------------------------------------------------------

Utilization Design Information

Table of Contents
-----------------
1. Utilization by Hierarchy

1. Utilization by Hierarchy
---------------------------

+---------------------------------+---------------------------------------------+------------+------------+---------+------+-------+--------+--------+------------+
|             Instance            |                    Module                   | Total LUTs | Logic LUTs | LUTRAMs | SRLs |  FFs  | RAMB36 | RAMB18 | DSP Blocks |
+---------------------------------+---------------------------------------------+------------+------------+---------+------+-------+--------+--------+------------+
| c_synth_top                     |                                       (top) |      29196 |      23329 |    5842 |   25 | 48911 |    226 |      8 |        394 |
|   (c_synth_top)                 |                                       (top) |          0 |          0 |       0 |    0 |     0 |      0 |      0 |          0 |
|   u_top                         |                                       c_top |      29196 |      23329 |    5842 |   25 | 48911 |    226 |      8 |        394 |
|     (u_top)                     |                                       c_top |         10 |         10 |       0 |    0 |    55 |      0 |      0 |          0 |
|     u_core                      |                                      c_core |      29186 |      23319 |    5842 |   25 | 48856 |    226 |      8 |        394 |
|       u_rom                     |                                   input_rom |        157 |        157 |       0 |    0 |    21 |    128 |      0 |          0 |
|       u_b                       |                                   b_core_if |      28372 |      22505 |    5842 |   25 | 48289 |     38 |      8 |        394 |
|         u_b_core                |                                 b_core_real |      28372 |      22505 |    5842 |   25 | 48289 |     38 |      8 |        394 |
|           core                  |                      fsrcnn_network_mem_top |      28372 |      22505 |    5842 |   25 | 48289 |     38 |      8 |        394 |
|             core                |                         fsrcnn_network_core |      28372 |      22505 |    5842 |   25 | 48289 |     38 |      8 |        394 |
|               f12               |                elastic_fifo__parameterized0 |        189 |         17 |     172 |    0 |    16 |      0 |      0 |          0 |
|               f23               |                elastic_fifo__parameterized1 |        172 |         86 |      86 |    0 |    16 |      0 |      0 |          0 |
|               f34               |              elastic_fifo__parameterized1_1 |        100 |         14 |      86 |    0 |    16 |      0 |      0 |          0 |
|               f45               |              elastic_fifo__parameterized0_2 |        417 |        245 |     172 |    0 |    16 |      0 |      0 |          0 |
|               l1                |                         fsrcnn_stream_layer |       4456 |       4317 |     134 |    5 |  6697 |      0 |      4 |         62 |
|                 gk.frontend     |                      window_stream_frontend |        252 |        118 |     134 |    0 |   293 |      0 |      4 |          0 |
|                   win           |                         window_kminus1_bram |         60 |         60 |       0 |    0 |   264 |      0 |      4 |          0 |
|                   fifo          |                                elastic_fifo |        144 |         10 |     134 |    0 |     7 |      0 |      0 |          0 |
|                 mac             |                             mac_issue_stage |       2882 |       2882 |       0 |    0 |  3993 |      0 |      0 |         50 |
|                   (mac)         |                             mac_issue_stage |        735 |        735 |       0 |    0 |     0 |      0 |      0 |          0 |
|                   acc           |                           phase_accumulator |        963 |        963 |       0 |    0 |  1666 |      0 |      0 |          0 |
|                   issue         |                           eight_phase_issue |          1 |          1 |       0 |    0 |   204 |      0 |      0 |          0 |
|                   mac           |                          phase_mac_pipeline |       1239 |       1239 |       0 |    0 |  2123 |      0 |      0 |         50 |
|                 post            |                 vector_postprocess_shared_8 |       1323 |       1318 |       0 |    5 |  2411 |      0 |      0 |         12 |
|                   (post)        |                 vector_postprocess_shared_8 |        204 |        199 |       0 |    5 |  1707 |      0 |      0 |          0 |
|                   units[0].post |                          prelu_requantize_9 |        611 |        611 |       0 |    0 |   362 |      0 |      0 |          6 |
|                   units[1].post |                         prelu_requantize_10 |        510 |        510 |       0 |    0 |   342 |      0 |      0 |          6 |
|               l2                |         fsrcnn_stream_layer__parameterized0 |       1695 |       1690 |       0 |    5 |  2894 |      0 |      0 |         22 |
|                 mac             |             mac_issue_stage__parameterized0 |       1097 |       1097 |       0 |    0 |  1696 |      0 |      0 |         16 |
|                   (mac)         |             mac_issue_stage__parameterized0 |        518 |        518 |       0 |    0 |     0 |      0 |      0 |          0 |
|                   acc           |         phase_accumulator__parameterized0_7 |        295 |        295 |       0 |    0 |   834 |      0 |      0 |          0 |
|                   issue         |           eight_phase_issue__parameterized0 |        110 |        110 |       0 |    0 |   260 |      0 |      0 |          0 |
|                   mac           |          phase_mac_pipeline__parameterized0 |        214 |        214 |       0 |    0 |   602 |      0 |      0 |         16 |
|                 post            | vector_postprocess_shared__parameterized0_5 |        598 |        593 |       0 |    5 |  1198 |      0 |      0 |          6 |
|                   (post)        | vector_postprocess_shared__parameterized0_5 |        110 |        105 |       0 |    5 |   859 |      0 |      0 |          0 |
|                   units[0].post |                          prelu_requantize_6 |        492 |        492 |       0 |    0 |   339 |      0 |      0 |          6 |
|               l3                |         fsrcnn_stream_layer__parameterized1 |       4567 |       3770 |     792 |    5 |  8559 |      8 |      0 |         78 |
|                 gk.frontend     |      window_stream_frontend__parameterized0 |       1042 |        250 |     792 |    0 |  1408 |      8 |      0 |          0 |
|                   win           |         window_kminus1_bram__parameterized0 |        152 |        152 |       0 |    0 |  1343 |      8 |      0 |          0 |
|                   fifo          |                elastic_fifo__parameterized2 |        850 |         58 |     792 |    0 |    43 |      0 |      0 |          0 |
|                 mac             |             mac_issue_stage__parameterized1 |       2933 |       2933 |       0 |    0 |  5959 |      0 |      0 |         72 |
|                   (mac)         |             mac_issue_stage__parameterized1 |        384 |        384 |       0 |    0 |     0 |      0 |      0 |          0 |
|                   acc           |           phase_accumulator__parameterized0 |        401 |        401 |       0 |    0 |   834 |      0 |      0 |          0 |
|                   issue         |           eight_phase_issue__parameterized1 |        392 |        392 |       0 |    0 |  1165 |      0 |      0 |          0 |
|                   mac           |          phase_mac_pipeline__parameterized1 |       1813 |       1813 |       0 |    0 |  3960 |      0 |      0 |         72 |
|                 post            |   vector_postprocess_shared__parameterized0 |        592 |        587 |       0 |    5 |  1192 |      0 |      0 |          6 |
|                   (post)        |   vector_postprocess_shared__parameterized0 |        107 |        102 |       0 |    5 |   857 |      0 |      0 |          0 |
|                   units[0].post |                          prelu_requantize_4 |        487 |        487 |       0 |    0 |   335 |      0 |      0 |          6 |
|               l4                |         fsrcnn_stream_layer__parameterized2 |       2782 |       2777 |       0 |    5 |  4587 |      0 |      0 |         28 |
|                 mac             |             mac_issue_stage__parameterized2 |       1515 |       1515 |       0 |    0 |  2205 |      0 |      0 |         16 |
|                   (mac)         |             mac_issue_stage__parameterized2 |        806 |        806 |       0 |    0 |     0 |      0 |      0 |          0 |
|                   acc           |           phase_accumulator__parameterized2 |        752 |        752 |       0 |    0 |  1666 |      0 |      0 |          0 |
|                   issue         |           eight_phase_issue__parameterized2 |          4 |          4 |       0 |    0 |   132 |      0 |      0 |          0 |
|                   mac           |          phase_mac_pipeline__parameterized2 |         33 |         33 |       0 |    0 |   407 |      0 |      0 |         16 |
|                 post            |                   vector_postprocess_shared |       1267 |       1262 |       0 |    5 |  2382 |      0 |      0 |         12 |
|                   (post)        |                   vector_postprocess_shared |        195 |        190 |       0 |    5 |  1687 |      0 |      0 |          0 |
|                   units[0].post |                            prelu_requantize |        562 |        562 |       0 |    0 |   352 |      0 |      0 |          6 |
|                   units[1].post |                          prelu_requantize_3 |        513 |        513 |       0 |    0 |   343 |      0 |      0 |          6 |
|               l5                |         fsrcnn_stream_layer__parameterized3 |      13892 |       9487 |    4400 |    5 | 25442 |     28 |      4 |        204 |
|                 gk.frontend     |      window_stream_frontend__parameterized1 |       5829 |       1429 |    4400 |    0 |  7048 |     28 |      4 |          0 |
|                   win           |         window_kminus1_bram__parameterized1 |       1062 |       1062 |       0 |    0 |  6761 |     28 |      4 |          0 |
|                   fifo          |                elastic_fifo__parameterized3 |       4724 |        324 |    4400 |    0 |   221 |      0 |      0 |          0 |
|                 mac             |             mac_issue_stage__parameterized3 |       7801 |       7801 |       0 |    0 | 17832 |      0 |      0 |        200 |
|                   acc           |           phase_accumulator__parameterized3 |        200 |        200 |       0 |    0 |   418 |      0 |      0 |          0 |
|                   issue         |           eight_phase_issue__parameterized3 |       1926 |       1926 |       0 |    0 |  6710 |      0 |      0 |          0 |
|                   mac           |          phase_mac_pipeline__parameterized3 |       5676 |       5676 |       0 |    0 | 10704 |      0 |      0 |        200 |
|                 post            |   vector_postprocess_shared__parameterized1 |        262 |        257 |       0 |    5 |   562 |      0 |      0 |          4 |
|                   (post)        |   vector_postprocess_shared__parameterized1 |        154 |        149 |       0 |    5 |   395 |      0 |      0 |          0 |
|                   units[0].post |            prelu_requantize__parameterized0 |        108 |        108 |       0 |    0 |   167 |      0 |      0 |          4 |
|               shuffle           |                   pixel_shuffle2x_row_banks |        108 |        108 |       0 |    0 |    46 |      2 |      0 |          0 |
|       u_in                      |                                input_stream |         74 |         74 |       0 |    0 |   206 |      0 |      0 |          0 |
|       u_out                     |                               output_stream |         60 |         60 |       0 |    0 |    51 |      0 |      0 |          0 |
|       u_pp                      |                             pingpong_buffer |        481 |        481 |       0 |    0 |   180 |     60 |      0 |          0 |
|         (u_pp)                  |                             pingpong_buffer |        134 |        134 |       0 |    0 |   170 |      0 |      0 |          0 |
|         u_bank0                 |                               stripe_buffer |        164 |        164 |       0 |    0 |     5 |     30 |      0 |          0 |
|         u_bank1                 |                             stripe_buffer_0 |        184 |        184 |       0 |    0 |     5 |     30 |      0 |          0 |
+---------------------------------+---------------------------------------------+------------+------------+---------+------+-------+--------+--------+------------+
* Note: The sum of lower-level cells may be larger than their parent cells total, due to cross-hierarchy LUT combining


