Copyright 1986-2022 Xilinx, Inc. All Rights Reserved.
------------------------------------------------------------------------------------------------------------------------------------
| Tool Version : Vivado v.2022.2 (win64) Build 3671981 Fri Oct 14 05:00:03 MDT 2022
| Date         : Wed Sep 23 13:59:31 2026
| Host         : WIN-FJ9PMA04HBP running 64-bit major release  (build 9200)
| Command      : report_timing -max_paths 1 -file C:/Users/Administrator/WorkBuddy/srtp/c_side/report/impl/worst_path_postroute.rpt
| Design       : c_synth_top
| Device       : 7a200t-fbg484
| Speed File   : -2  PRODUCTION 1.23 2018-06-13
------------------------------------------------------------------------------------------------------------------------------------

Timing Report

Slack (VIOLATED) :        -2.749ns  (required time - arrival time)
  Source:                 u_top/u_core/u_b/u_b_core/out_x_reg[4]/C
                            (rising edge-triggered cell FDCE clocked by u_top_n_0  {rise@0.000ns fall@2.500ns period=5.000ns})
  Destination:            u_top/u_core/u_pp/u_bank1/mem_reg_1_3/DIADI[0]
                            (rising edge-triggered cell RAMB36E1 clocked by u_top_n_0  {rise@0.000ns fall@2.500ns period=5.000ns})
  Path Group:             u_top_n_0
  Path Type:              Setup (Max at Slow Process Corner)
  Requirement:            5.000ns  (u_top_n_0 rise@5.000ns - u_top_n_0 rise@0.000ns)
  Data Path Delay:        7.104ns  (logic 1.479ns (20.819%)  route 5.625ns (79.181%))
  Logic Levels:           5  (LUT6=2 MUXF7=2 MUXF8=1)
  Clock Path Skew:        -0.216ns (DCD - SCD + CPR)
    Destination Clock Delay (DCD):    5.335ns = ( 10.335 - 5.000 ) 
    Source Clock Delay      (SCD):    5.763ns
    Clock Pessimism Removal (CPR):    0.213ns
  Clock Uncertainty:      0.069ns  ((TSJ^2 + DJ^2)^1/2) / 2 + PE
    Total System Jitter     (TSJ):    0.071ns
    Discrete Jitter          (DJ):    0.118ns
    Phase Error              (PE):    0.000ns

    Location             Delay type                Incr(ns)  Path(ns)    Netlist Resource(s)
  -------------------------------------------------------------------    -------------------
                         (clock u_top_n_0 rise edge)
                                                      0.000     0.000 r  
    W19                                               0.000     0.000 r  sys_clk (IN)
                         net (fo=0)                   0.000     0.000    sys_clk
    W19                  IBUF (Prop_ibuf_I_O)         1.440     1.440 r  sys_clk_IBUF_inst/O
                         net (fo=1, routed)           1.065     2.505    u_top/sys_clk
    MMCME2_ADV_X0Y2      MMCME2_ADV (Prop_mmcme2_adv_CLKIN1_CLKOUT0)
                                                      0.077     2.582 r  u_top/g_mmcm.u_mmcm/CLKOUT0
                         net (fo=1, routed)           1.559     4.141    u_top_n_0
    BUFGCTRL_X0Y0        BUFG (Prop_bufg_I_O)         0.081     4.222 r  FSM_onehot_st_reg[2]_i_2/O
                         net (fo=8508, routed)        1.541     5.763    u_top/u_core/u_b/u_b_core/clk_200
    SLICE_X58Y70         FDCE                                         r  u_top/u_core/u_b/u_b_core/out_x_reg[4]/C
  -------------------------------------------------------------------    -------------------
    SLICE_X58Y70         FDCE (Prop_fdce_C_Q)         0.379     6.142 r  u_top/u_core/u_b/u_b_core/out_x_reg[4]/Q
                         net (fo=485, routed)         2.036     8.178    u_top/u_core/u_b/u_b_core/sel0[3]
    SLICE_X37Y101        MUXF8 (Prop_muxf8_S_O)       0.224     8.402 r  u_top/u_core/u_b/u_b_core/mem_reg_0_3_i_57/O
                         net (fo=1, routed)           0.643     9.045    u_top/u_core/u_b/u_b_core/mem_reg_0_3_i_57_n_0
    SLICE_X38Y101        LUT6 (Prop_lut6_I1_O)        0.264     9.309 r  u_top/u_core/u_b/u_b_core/mem_reg_0_3_i_19/O
                         net (fo=1, routed)           0.000     9.309    u_top/u_core/u_b/u_b_core/mem_reg_0_3_i_19_n_0
    SLICE_X38Y101        MUXF7 (Prop_muxf7_I1_O)      0.182     9.491 r  u_top/u_core/u_b/u_b_core/mem_reg_0_3_i_8/O
                         net (fo=1, routed)           1.163    10.654    u_top/u_core/u_b/u_b_core/mem_reg_0_3_i_8_n_0
    SLICE_X53Y98         LUT6 (Prop_lut6_I5_O)        0.252    10.906 r  u_top/u_core/u_b/u_b_core/mem_reg_0_3_i_3/O
                         net (fo=1, routed)           0.000    10.906    u_top/u_core/u_b/u_b_core/mem_reg_0_3_i_3_n_0
    SLICE_X53Y98         MUXF7 (Prop_muxf7_I0_O)      0.178    11.084 r  u_top/u_core/u_b/u_b_core/mem_reg_0_3_i_1/O
                         net (fo=8, routed)           1.783    12.867    u_top/u_core/u_pp/u_bank1/b_out_data[3]
    RAMB36_X4Y27         RAMB36E1                                     r  u_top/u_core/u_pp/u_bank1/mem_reg_1_3/DIADI[0]
  -------------------------------------------------------------------    -------------------

                         (clock u_top_n_0 rise edge)
                                                      5.000     5.000 r  
    W19                                               0.000     5.000 r  sys_clk (IN)
                         net (fo=0)                   0.000     5.000    sys_clk
    W19                  IBUF (Prop_ibuf_I_O)         1.374     6.374 r  sys_clk_IBUF_inst/O
                         net (fo=1, routed)           1.004     7.378    u_top/sys_clk
    MMCME2_ADV_X0Y2      MMCME2_ADV (Prop_mmcme2_adv_CLKIN1_CLKOUT0)
                                                      0.073     7.451 r  u_top/g_mmcm.u_mmcm/CLKOUT0
                         net (fo=1, routed)           1.488     8.938    u_top_n_0
    BUFGCTRL_X0Y0        BUFG (Prop_bufg_I_O)         0.077     9.015 r  FSM_onehot_st_reg[2]_i_2/O
                         net (fo=8508, routed)        1.319    10.335    u_top/u_core/u_pp/u_bank1/clk_200
    RAMB36_X4Y27         RAMB36E1                                     r  u_top/u_core/u_pp/u_bank1/mem_reg_1_3/CLKARDCLK
                         clock pessimism              0.213    10.548    
                         clock uncertainty           -0.069    10.479    
    RAMB36_X4Y27         RAMB36E1 (Setup_ramb36e1_CLKARDCLK_DIADI[0])
                                                     -0.361    10.118    u_top/u_core/u_pp/u_bank1/mem_reg_1_3
  -------------------------------------------------------------------
                         required time                         10.118    
                         arrival time                         -12.867    
  -------------------------------------------------------------------
                         slack                                 -2.749    




