

================================================================
== Vitis HLS Report for 'conv3x3_layer_top'
================================================================
* Date:           Sun Sep 20 19:57:16 2026

* Version:        2025.2 (Build 6295257 on Nov 12 2025)
* Project:        work
* Solution:       solution1 (Vivado IP Flow Target)
* Product family: zynq
* Target device:  xc7z020-clg400-1


================================================================
== Performance Estimates
================================================================
+ Timing: 
    * Summary: 
    +--------+----------+----------+------------+
    |  Clock |  Target  | Estimated| Uncertainty|
    +--------+----------+----------+------------+
    |ap_clk  |  10.00 ns|  7.098 ns|     2.70 ns|
    +--------+----------+----------+------------+

+ Latency: 
    * Summary: 
    +---------+-----------+----------+-----------+-----+-----------+---------+
    |   Latency (cycles)  |  Latency (absolute)  |     Interval    | Pipeline|
    |   min   |    max    |    min   |    max    | min |    max    |   Type  |
    +---------+-----------+----------+-----------+-----+-----------+---------+
    |      284|  108980018|  2.840 us|  1.090 sec|  285|  108980019|       no|
    +---------+-----------+----------+-----------+-----+-----------+---------+

    + Detail: 
        * Instance: 
        +-----------------------------------------------------------+------------------------------------------------+---------+---------+-----------+-----------+-----+-----+-------------------+
        |                                                           |                                                |  Latency (cycles) |   Latency (absolute)  |  Interval |      Pipeline     |
        |                          Instance                         |                     Module                     |   min   |   max   |    min    |    max    | min | max |        Type       |
        +-----------------------------------------------------------+------------------------------------------------+---------+---------+-----------+-----------+-----+-----+-------------------+
        |grp_conv3x3_layer_top_Pipeline_1_fu_475                    |conv3x3_layer_top_Pipeline_1                    |        4|        4|  40.000 ns|  40.000 ns|    0|    0|  loop pipeline stp|
        |grp_conv3x3_layer_top_Pipeline_init_output_loop_fu_486     |conv3x3_layer_top_Pipeline_init_output_loop     |        3|       18|  30.000 ns|   0.180 us|    0|    0|  loop pipeline stp|
        |grp_conv3x3_layer_top_Pipeline_write_output_loop_fu_525    |conv3x3_layer_top_Pipeline_write_output_loop    |        3|       18|  30.000 ns|   0.180 us|    0|    0|  loop pipeline stp|
        |grp_conv3x3_layer_top_Pipeline_output_channel_loop_fu_548  |conv3x3_layer_top_Pipeline_output_channel_loop  |        8|       23|  80.000 ns|   0.230 us|    0|    0|  loop pipeline stp|
        +-----------------------------------------------------------+------------------------------------------------+---------+---------+-----------+-----------+-----+-----+-------------------+

        * Loop: 
        +-------------------------+---------+-----------+-------------+-----------+-----------+---------+----------+
        |                         |   Latency (cycles)  |  Iteration  |  Initiation Interval  |   Trip  |          |
        |        Loop Name        |   min   |    max    |   Latency   |  achieved |   target  |  Count  | Pipelined|
        +-------------------------+---------+-----------+-------------+-----------+-----------+---------+----------+
        |- Loop 1                 |       95|         95|            6|          -|          -|       16|        no|
        |- row_loop               |      186|  108979920|  62 ~ 302722|          -|          -|  3 ~ 360|        no|
        | + col_loop              |       60|     302720|     20 ~ 473|          -|          -|  3 ~ 640|        no|
        |  ++ input_channel_loop  |       12|        432|      12 ~ 27|          -|          -|   1 ~ 16|        no|
        +-------------------------+---------+-----------+-------------+-----------+-----------+---------+----------+



================================================================
== Utilization Estimates
================================================================
* Summary: 
+-----------------+---------+-----+--------+-------+-----+
|       Name      | BRAM_18K| DSP |   FF   |  LUT  | URAM|
+-----------------+---------+-----+--------+-------+-----+
|DSP              |        -|    -|       -|      -|    -|
|Expression       |        -|    -|       0|    245|    -|
|FIFO             |        -|    -|       -|      -|    -|
|Instance         |        0|    6|    1388|   1261|    -|
|Memory           |       16|    -|      48|     12|    0|
|Multiplexer      |        -|    -|       0|    521|    -|
|Register         |        -|    -|    1317|      -|    -|
+-----------------+---------+-----+--------+-------+-----+
|Total            |       16|    6|    2753|   2039|    0|
+-----------------+---------+-----+--------+-------+-----+
|Available        |      280|  220|  106400|  53200|    0|
+-----------------+---------+-----+--------+-------+-----+
|Utilization (%)  |        5|    2|       2|      3|    0|
+-----------------+---------+-----+--------+-------+-----+

+ Detail: 
    * Instance: 
    +-----------------------------------------------------------+------------------------------------------------+---------+----+-----+-----+-----+
    |                          Instance                         |                     Module                     | BRAM_18K| DSP|  FF | LUT | URAM|
    +-----------------------------------------------------------+------------------------------------------------+---------+----+-----+-----+-----+
    |control_s_axi_U                                            |control_s_axi                                   |        0|   0|  102|  124|    0|
    |grp_conv3x3_layer_top_Pipeline_1_fu_475                    |conv3x3_layer_top_Pipeline_1                    |        0|   0|    4|   48|    0|
    |grp_conv3x3_layer_top_Pipeline_init_output_loop_fu_486     |conv3x3_layer_top_Pipeline_init_output_loop     |        0|   0|  525|  208|    0|
    |grp_conv3x3_layer_top_Pipeline_output_channel_loop_fu_548  |conv3x3_layer_top_Pipeline_output_channel_loop  |        0|   6|  717|  741|    0|
    |grp_conv3x3_layer_top_Pipeline_write_output_loop_fu_525    |conv3x3_layer_top_Pipeline_write_output_loop    |        0|   0|   40|  140|    0|
    +-----------------------------------------------------------+------------------------------------------------+---------+----+-----+-----+-----+
    |Total                                                      |                                                |        0|   6| 1388| 1261|    0|
    +-----------------------------------------------------------+------------------------------------------------+---------+----+-----+-----+-----+

    * DSP: 
    N/A

    * Memory: 
    +----------------------------------------------------------------------------+----------------------------------------------------------------------------------+---------+---+----+-----+-------+-----+------+-------------+
    |                                   Memory                                   |                                      Module                                      | BRAM_18K| FF| LUT| URAM| Words | Bits| Banks| W*Bits*Banks|
    +----------------------------------------------------------------------------+----------------------------------------------------------------------------------+---------+---+----+-----+-------+-----+------+-------------+
    |conv3x3_layer_top_stream_stream_ap_int_const_16_3_3_ap_int_const_ap_ui_1_U  |conv3x3_layer_top_stream_stream_ap_int_const_16_3_3_ap_int_const_ap_ui_1_RAM_cud  |        8|  0|   0|    0|  10240|    8|     1|        81920|
    |conv3x3_layer_top_stream_stream_ap_int_const_16_3_3_ap_int_const_ap_ui_U    |conv3x3_layer_top_stream_stream_ap_int_const_16_3_3_ap_int_const_ap_ui_RAM_2Pbkb  |        8|  0|   0|    0|  10240|    8|     1|        81920|
    |shift_U                                                                     |shift_RAM_AUTO_1R1W                                                               |        0|  8|   2|    0|     16|    8|     1|          128|
    |shift_1_U                                                                   |shift_RAM_AUTO_1R1W                                                               |        0|  8|   2|    0|     16|    8|     1|          128|
    |shift_2_U                                                                   |shift_RAM_AUTO_1R1W                                                               |        0|  8|   2|    0|     16|    8|     1|          128|
    |shift_3_U                                                                   |shift_RAM_AUTO_1R1W                                                               |        0|  8|   2|    0|     16|    8|     1|          128|
    |shift_4_U                                                                   |shift_RAM_AUTO_1R1W                                                               |        0|  8|   2|    0|     16|    8|     1|          128|
    |shift_5_U                                                                   |shift_RAM_AUTO_1R1W                                                               |        0|  8|   2|    0|     16|    8|     1|          128|
    +----------------------------------------------------------------------------+----------------------------------------------------------------------------------+---------+---+----+-----+-------+-----+------+-------------+
    |Total                                                                       |                                                                                  |       16| 48|  12|    0|  20576|   64|     8|       164608|
    +----------------------------------------------------------------------------+----------------------------------------------------------------------------------+---------+---+----+-----+-------+-----+------+-------------+

    * FIFO: 
    N/A

    * Expression: 
    +-------------------------------------------------------------------------+----------+----+---+----+------------+------------+
    |                              Variable Name                              | Operation| DSP| FF| LUT| Bitwidth P0| Bitwidth P1|
    +-------------------------------------------------------------------------+----------+----+---+----+------------+------------+
    |add_ln33_fu_789_p2                                                       |         +|   0|  0|  13|           4|           1|
    |add_ln44_fu_851_p2                                                       |         +|   0|  0|  23|          16|           1|
    |add_ln54_fu_1019_p2                                                      |         +|   0|  0|  13|           5|           1|
    |add_ln60_1_fu_1045_p2                                                    |         +|   0|  0|  14|          14|          14|
    |add_ln60_fu_1051_p2                                                      |         +|   0|  0|  14|          14|          14|
    |row_2_fu_824_p2                                                          |         +|   0|  0|  23|          16|           1|
    |and_ln102_fu_1009_p2                                                     |       and|   0|  0|   2|           1|           1|
    |ap_block_state12_on_subcall_done                                         |       and|   0|  0|   2|           1|           1|
    |ap_block_state8                                                          |       and|   0|  0|   2|           1|           1|
    |grp_conv3x3_layer_top_Pipeline_write_output_loop_fu_525_conv_out_TREADY  |       and|   0|  0|   2|           1|           1|
    |icmp_ln33_fu_795_p2                                                      |      icmp|   0|  0|  13|           4|           2|
    |icmp_ln41_fu_819_p2                                                      |      icmp|   0|  0|  23|          16|          16|
    |icmp_ln44_fu_846_p2                                                      |      icmp|   0|  0|  23|          16|          16|
    |icmp_ln47_fu_806_p2                                                      |      icmp|   0|  0|  13|           5|           1|
    |icmp_ln54_fu_1014_p2                                                     |      icmp|   0|  0|  13|           5|           5|
    |icmp_ln80_1_fu_1003_p2                                                   |      icmp|   0|  0|  20|          15|           1|
    |icmp_ln80_fu_840_p2                                                      |      icmp|   0|  0|  20|          15|           1|
    |shift_1_we0                                                              |        or|   0|  0|   2|           1|           1|
    |shift_2_we0                                                              |        or|   0|  0|   2|           1|           1|
    |shift_3_we0                                                              |        or|   0|  0|   2|           1|           1|
    |shift_4_we0                                                              |        or|   0|  0|   2|           1|           1|
    |shift_5_we0                                                              |        or|   0|  0|   2|           1|           1|
    |shift_we0                                                                |        or|   0|  0|   2|           1|           1|
    +-------------------------------------------------------------------------+----------+----+---+----+------------+------------+
    |Total                                                                    |          |   0|  0| 245|         155|          84|
    +-------------------------------------------------------------------------+----------+----+---+----+------------+------------+

    * Multiplexer: 
    +-----------------------------+----+-----------+-----+-----------+
    |             Name            | LUT| Input Size| Bits| Total Bits|
    +-----------------------------+----+-----------+-----+-----------+
    |accumulators_10_fu_280       |   9|          2|   32|         64|
    |accumulators_11_fu_284       |   9|          2|   32|         64|
    |accumulators_12_fu_288       |   9|          2|   32|         64|
    |accumulators_13_fu_292       |   9|          2|   32|         64|
    |accumulators_14_fu_296       |   9|          2|   32|         64|
    |accumulators_15_fu_300       |   9|          2|   32|         64|
    |accumulators_1_fu_244        |   9|          2|   32|         64|
    |accumulators_2_fu_248        |   9|          2|   32|         64|
    |accumulators_3_fu_252        |   9|          2|   32|         64|
    |accumulators_4_fu_256        |   9|          2|   32|         64|
    |accumulators_5_fu_260        |   9|          2|   32|         64|
    |accumulators_6_fu_264        |   9|          2|   32|         64|
    |accumulators_7_fu_268        |   9|          2|   32|         64|
    |accumulators_8_fu_272        |   9|          2|   32|         64|
    |accumulators_9_fu_276        |   9|          2|   32|         64|
    |accumulators_fu_240          |   9|          2|   32|         64|
    |ap_NS_fsm                    |  65|         14|    1|         14|
    |arrayinit_curidx_fu_148      |   9|          2|    4|          8|
    |col_reg_451                  |   9|          2|   16|         32|
    |conv_out_TDATA_int_regslice  |   9|          2|   32|         64|
    |feature_in_TDATA_blk_n       |   9|          2|    1|          2|
    |in_channel_reg_463           |   9|          2|    5|         10|
    |row_fu_304                   |   9|          2|   16|         32|
    |shift_1_address0             |   9|          2|    4|          8|
    |shift_1_ce0                  |   9|          2|    1|          2|
    |shift_1_d0                   |   9|          2|    8|         16|
    |shift_1_we0                  |   9|          2|    1|          2|
    |shift_2_address0             |   9|          2|    4|          8|
    |shift_2_address0_local       |  14|          3|    4|         12|
    |shift_2_ce0                  |   9|          2|    1|          2|
    |shift_2_d0                   |   9|          2|    8|         16|
    |shift_2_we0                  |   9|          2|    1|          2|
    |shift_3_address0             |   9|          2|    4|          8|
    |shift_3_ce0                  |   9|          2|    1|          2|
    |shift_3_d0                   |   9|          2|    8|         16|
    |shift_3_we0                  |   9|          2|    1|          2|
    |shift_4_address0             |   9|          2|    4|          8|
    |shift_4_address0_local       |  14|          3|    4|         12|
    |shift_4_ce0                  |   9|          2|    1|          2|
    |shift_4_d0                   |   9|          2|    8|         16|
    |shift_4_we0                  |   9|          2|    1|          2|
    |shift_5_address0             |   9|          2|    4|          8|
    |shift_5_ce0                  |   9|          2|    1|          2|
    |shift_5_d0                   |   9|          2|    8|         16|
    |shift_5_we0                  |   9|          2|    1|          2|
    |shift_address0               |   9|          2|    4|          8|
    |shift_address0_local         |  14|          3|    4|         12|
    |shift_ce0                    |   9|          2|    1|          2|
    |shift_d0                     |   9|          2|    8|         16|
    |shift_we0                    |   9|          2|    1|          2|
    +-----------------------------+----+-----------+-----+-----------+
    |Total                        | 521|        115|  683|       1390|
    +-----------------------------+----+-----------+-----+-----------+

    * Register: 
    +-----------------------------------------------------------------------------------+----+----+-----+-----------+
    |                                        Name                                       | FF | LUT| Bits| Const Bits|
    +-----------------------------------------------------------------------------------+----+----+-----+-----------+
    |accumulators_10_fu_280                                                             |  32|   0|   32|          0|
    |accumulators_11_fu_284                                                             |  32|   0|   32|          0|
    |accumulators_12_fu_288                                                             |  32|   0|   32|          0|
    |accumulators_13_fu_292                                                             |  32|   0|   32|          0|
    |accumulators_14_fu_296                                                             |  32|   0|   32|          0|
    |accumulators_15_fu_300                                                             |  32|   0|   32|          0|
    |accumulators_1_fu_244                                                              |  32|   0|   32|          0|
    |accumulators_2_fu_248                                                              |  32|   0|   32|          0|
    |accumulators_3_fu_252                                                              |  32|   0|   32|          0|
    |accumulators_4_fu_256                                                              |  32|   0|   32|          0|
    |accumulators_5_fu_260                                                              |  32|   0|   32|          0|
    |accumulators_6_fu_264                                                              |  32|   0|   32|          0|
    |accumulators_7_fu_268                                                              |  32|   0|   32|          0|
    |accumulators_8_fu_272                                                              |  32|   0|   32|          0|
    |accumulators_9_fu_276                                                              |  32|   0|   32|          0|
    |accumulators_fu_240                                                                |  32|   0|   32|          0|
    |add_ln44_reg_1350                                                                  |  16|   0|   16|          0|
    |add_ln54_reg_1368                                                                  |   5|   0|    5|          0|
    |and_ln102_reg_1360                                                                 |   1|   0|    1|          0|
    |ap_CS_fsm                                                                          |  13|   0|   13|          0|
    |arrayinit_curidx_fu_148                                                            |   4|   0|    4|          0|
    |arrayinit_curidx_load_reg_1314                                                     |   4|   0|    4|          0|
    |col_reg_451                                                                        |  16|   0|   16|          0|
    |cols_read_reg_1083                                                                 |  16|   0|   16|          0|
    |conv3x3_layer_top_stream_stream_ap_int_const_16_3_3_ap_int_const_ap_ui_2_reg_1373  |  14|   0|   14|          0|
    |conv3x3_layer_top_stream_stream_ap_int_const_16_3_3_ap_int_const_ap_ui_4_reg_1395  |   8|   0|    8|          0|
    |conv3x3_layer_top_stream_stream_ap_int_const_16_3_3_ap_int_const_ap_ui_5_reg_1400  |   8|   0|    8|          0|
    |conv_out_TDATA_reg                                                                 |  32|   0|   32|          0|
    |feature_in_read_reg_1384                                                           |   8|   0|    8|          0|
    |grp_conv3x3_layer_top_Pipeline_1_fu_475_ap_start_reg                               |   1|   0|    1|          0|
    |grp_conv3x3_layer_top_Pipeline_init_output_loop_fu_486_ap_start_reg                |   1|   0|    1|          0|
    |grp_conv3x3_layer_top_Pipeline_output_channel_loop_fu_548_ap_start_reg             |   1|   0|    1|          0|
    |grp_conv3x3_layer_top_Pipeline_write_output_loop_fu_525_ap_start_reg               |   1|   0|    1|          0|
    |icmp_ln33_reg_1319                                                                 |   1|   0|    1|          0|
    |icmp_ln47_reg_1330                                                                 |   1|   0|    1|          0|
    |icmp_ln80_reg_1342                                                                 |   1|   0|    1|          0|
    |in_channel_reg_463                                                                 |   5|   0|    5|          0|
    |input_channels_read_reg_1101                                                       |   5|   0|    5|          0|
    |output_channels_read_reg_1093                                                      |   5|   0|    5|          0|
    |reg_684                                                                            |  32|   0|   32|          0|
    |reg_690                                                                            |  32|   0|   32|          0|
    |reg_696                                                                            |  32|   0|   32|          0|
    |reg_702                                                                            |  32|   0|   32|          0|
    |reg_708                                                                            |  32|   0|   32|          0|
    |reg_714                                                                            |  32|   0|   32|          0|
    |reg_720                                                                            |  32|   0|   32|          0|
    |reg_726                                                                            |  32|   0|   32|          0|
    |reg_732                                                                            |  32|   0|   32|          0|
    |reg_738                                                                            |  32|   0|   32|          0|
    |reg_744                                                                            |  32|   0|   32|          0|
    |reg_750                                                                            |  32|   0|   32|          0|
    |reg_756                                                                            |  32|   0|   32|          0|
    |reg_762                                                                            |  32|   0|   32|          0|
    |reg_768                                                                            |  32|   0|   32|          0|
    |reg_774                                                                            |  32|   0|   32|          0|
    |row_2_reg_1337                                                                     |  16|   0|   16|          0|
    |row_fu_304                                                                         |  16|   0|   16|          0|
    |rows_read_reg_1088                                                                 |  16|   0|   16|          0|
    |shift_1_load_reg_1440                                                              |   8|   0|    8|          0|
    |shift_2_addr_reg_1415                                                              |   4|   0|    4|          0|
    |shift_2_load_reg_1445                                                              |   8|   0|    8|          0|
    |shift_3_load_reg_1450                                                              |   8|   0|    8|          0|
    |shift_4_addr_reg_1425                                                              |   4|   0|    4|          0|
    |shift_4_load_reg_1455                                                              |   8|   0|    8|          0|
    |shift_5_load_reg_1460                                                              |   8|   0|    8|          0|
    |shift_addr_reg_1405                                                                |   4|   0|    4|          0|
    |shift_load_reg_1435                                                                |   8|   0|    8|          0|
    |trunc_ln45_reg_1355                                                                |  14|   0|   14|          0|
    |trunc_ln60_reg_1390                                                                |   4|   0|    4|          0|
    +-----------------------------------------------------------------------------------+----+----+-----+-----------+
    |Total                                                                              |1317|   0| 1317|          0|
    +-----------------------------------------------------------------------------------+----+----+-----+-----------+



================================================================
== Interface
================================================================
* Summary: 
+-----------------------+-----+-----+------------+-------------------+--------------+
|       RTL Ports       | Dir | Bits|  Protocol  |   Source Object   |    C Type    |
+-----------------------+-----+-----+------------+-------------------+--------------+
|s_axi_control_AWVALID  |   in|    1|       s_axi|            control|        scalar|
|s_axi_control_AWREADY  |  out|    1|       s_axi|            control|        scalar|
|s_axi_control_AWADDR   |   in|    6|       s_axi|            control|        scalar|
|s_axi_control_WVALID   |   in|    1|       s_axi|            control|        scalar|
|s_axi_control_WREADY   |  out|    1|       s_axi|            control|        scalar|
|s_axi_control_WDATA    |   in|   32|       s_axi|            control|        scalar|
|s_axi_control_WSTRB    |   in|    4|       s_axi|            control|        scalar|
|s_axi_control_ARVALID  |   in|    1|       s_axi|            control|        scalar|
|s_axi_control_ARREADY  |  out|    1|       s_axi|            control|        scalar|
|s_axi_control_ARADDR   |   in|    6|       s_axi|            control|        scalar|
|s_axi_control_RVALID   |  out|    1|       s_axi|            control|        scalar|
|s_axi_control_RREADY   |   in|    1|       s_axi|            control|        scalar|
|s_axi_control_RDATA    |  out|   32|       s_axi|            control|        scalar|
|s_axi_control_RRESP    |  out|    2|       s_axi|            control|        scalar|
|s_axi_control_BVALID   |  out|    1|       s_axi|            control|        scalar|
|s_axi_control_BREADY   |   in|    1|       s_axi|            control|        scalar|
|s_axi_control_BRESP    |  out|    2|       s_axi|            control|        scalar|
|ap_clk                 |   in|    1|  ap_ctrl_hs|  conv3x3_layer_top|  return value|
|ap_rst_n               |   in|    1|  ap_ctrl_hs|  conv3x3_layer_top|  return value|
|interrupt              |  out|    1|  ap_ctrl_hs|  conv3x3_layer_top|  return value|
|feature_in_TDATA       |   in|    8|        axis|         feature_in|       pointer|
|feature_in_TVALID      |   in|    1|        axis|         feature_in|       pointer|
|feature_in_TREADY      |  out|    1|        axis|         feature_in|       pointer|
|conv_out_TDATA         |  out|   32|        axis|           conv_out|       pointer|
|conv_out_TVALID        |  out|    1|        axis|           conv_out|       pointer|
|conv_out_TREADY        |   in|    1|        axis|           conv_out|       pointer|
|weights_0_0_address0   |  out|    8|   ap_memory|        weights_0_0|         array|
|weights_0_0_ce0        |  out|    1|   ap_memory|        weights_0_0|         array|
|weights_0_0_q0         |   in|    8|   ap_memory|        weights_0_0|         array|
|weights_0_1_address0   |  out|    8|   ap_memory|        weights_0_1|         array|
|weights_0_1_ce0        |  out|    1|   ap_memory|        weights_0_1|         array|
|weights_0_1_q0         |   in|    8|   ap_memory|        weights_0_1|         array|
|weights_0_2_address0   |  out|    8|   ap_memory|        weights_0_2|         array|
|weights_0_2_ce0        |  out|    1|   ap_memory|        weights_0_2|         array|
|weights_0_2_q0         |   in|    8|   ap_memory|        weights_0_2|         array|
|weights_1_0_address0   |  out|    8|   ap_memory|        weights_1_0|         array|
|weights_1_0_ce0        |  out|    1|   ap_memory|        weights_1_0|         array|
|weights_1_0_q0         |   in|    8|   ap_memory|        weights_1_0|         array|
|weights_1_1_address0   |  out|    8|   ap_memory|        weights_1_1|         array|
|weights_1_1_ce0        |  out|    1|   ap_memory|        weights_1_1|         array|
|weights_1_1_q0         |   in|    8|   ap_memory|        weights_1_1|         array|
|weights_1_2_address0   |  out|    8|   ap_memory|        weights_1_2|         array|
|weights_1_2_ce0        |  out|    1|   ap_memory|        weights_1_2|         array|
|weights_1_2_q0         |   in|    8|   ap_memory|        weights_1_2|         array|
|weights_2_0_address0   |  out|    8|   ap_memory|        weights_2_0|         array|
|weights_2_0_ce0        |  out|    1|   ap_memory|        weights_2_0|         array|
|weights_2_0_q0         |   in|    8|   ap_memory|        weights_2_0|         array|
|weights_2_1_address0   |  out|    8|   ap_memory|        weights_2_1|         array|
|weights_2_1_ce0        |  out|    1|   ap_memory|        weights_2_1|         array|
|weights_2_1_q0         |   in|    8|   ap_memory|        weights_2_1|         array|
|weights_2_2_address0   |  out|    8|   ap_memory|        weights_2_2|         array|
|weights_2_2_ce0        |  out|    1|   ap_memory|        weights_2_2|         array|
|weights_2_2_q0         |   in|    8|   ap_memory|        weights_2_2|         array|
|bias_address0          |  out|    4|   ap_memory|               bias|         array|
|bias_ce0               |  out|    1|   ap_memory|               bias|         array|
|bias_q0                |   in|   32|   ap_memory|               bias|         array|
+-----------------------+-----+-----+------------+-------------------+--------------+

