Vivado Simulator v2025.2
Copyright 1986-2022 Xilinx, Inc. All Rights Reserved.
Copyright 2022-2025 Advanced Micro Devices, Inc. All Rights Reserved.
Running: F:/Xilinx/2025.2/Vivado/bin/unwrapped/win64.o/xelab.exe --nolog worklib.tb_rom_pipeline -O0 -s tb_rom_pipeline 
Multi-threading is on. Using 22 slave threads.
Starting static elaboration
Pass Through NonSizing Optimizer
Completed static elaboration
Starting simulation data flow analysis
Completed simulation data flow analysis
Time Resolution for simulation is 1ps
Compiling module worklib.input_stream(IMG_W=1,IMG_H=1,ADD...
Compiling module worklib.input_rom_bank(BANK_DEPTH=2,ADDR...
Compiling module worklib.input_rom(ADDR_W=1,MEM_DEPTH=2,I...
Compiling module worklib.rom_pipeline_case(W=1,H=1,AW=1,D...
Compiling module worklib.input_stream(IMG_W=7,IMG_H=5,ADD...
Compiling module worklib.input_rom_bank(BANK_DEPTH=64,ADD...
Compiling module worklib.input_rom(ADDR_W=6,MEM_DEPTH=64,...
Compiling module worklib.rom_pipeline_case_default
Compiling module worklib.input_stream(IMG_W=9,IMG_H=7,ADD...
Compiling module worklib.rom_pipeline_case(W=9,H=7)
Compiling module worklib.input_stream_default
Compiling module worklib.input_rom_bank(BANK_DEPTH=32768,...
Compiling module worklib.input_rom_bank(BANK_ID=1,BANK_DE...
Compiling module worklib.input_rom_bank(BANK_ID=2,BANK_DE...
Compiling module worklib.input_rom_bank(BANK_ID=3,BANK_DE...
Compiling module worklib.input_rom_bank(BANK_ID=4,BANK_DE...
Compiling module worklib.input_rom_bank(BANK_ID=5,BANK_DE...
Compiling module worklib.input_rom_bank(BANK_ID=6,BANK_DE...
Compiling module worklib.input_rom_bank(BANK_ID=7,BANK_DE...
Compiling module worklib.input_rom_bank(BANK_ID=8,BANK_DE...
Compiling module worklib.input_rom_bank(BANK_ID=9,BANK_DE...
Compiling module worklib.input_rom_bank(BANK_ID=10,BANK_D...
Compiling module worklib.input_rom_bank(BANK_ID=11,BANK_D...
Compiling module worklib.input_rom_bank(BANK_ID=12,BANK_D...
Compiling module worklib.input_rom_bank(BANK_ID=13,BANK_D...
Compiling module worklib.input_rom_bank(BANK_ID=14,BANK_D...
Compiling module worklib.input_rom_bank(BANK_ID=15,BANK_D...
Compiling module worklib.input_rom(INIT_EN=1)
Compiling module worklib.rom_pipeline_case(W=960,H=540,AW...
Compiling module worklib.tb_rom_pipeline
Built simulation snapshot tb_rom_pipeline
