Copyright 1986-2022 Xilinx, Inc. All Rights Reserved. Copyright 2022-2025 Advanced Micro Devices, Inc. All Rights Reserved.
--------------------------------------------------------------------------------------------------------------------------------------------------------------------------------------------------------------------------
| Tool Version : Vivado v.2025.2 (win64) Build 6299465 Fri Nov 14 19:35:11 GMT 2025
| Date         : Fri Oct  9 21:05:03 2026
| Host         : WIN-FJ9PMA04HBP running 64-bit major release  (build 9200)
| Command      : report_timing -to [get_pins -of_objects [get_cells -hier -filter {NAME =~ u_io/u_tx/g_iob* && REF_NAME == FDCE}] -filter {REF_PIN_NAME == CLR}] -delay_type max -max_paths 10 -file tx_data_recovery.rpt
| Design       : ethernet_rgmii_managed_video
| Device       : 7a200t-fbg484
| Speed File   : -2  PRODUCTION 1.23 2018-06-13
| Design State : Routed
--------------------------------------------------------------------------------------------------------------------------------------------------------------------------------------------------------------------------

Timing Report

Slack (MET) :             1.828ns  (required time - arrival time)
  Source:                 u_io/u_tx/release_sync_reg[1]/C
                            (rising edge-triggered cell FDPE clocked by serialize_raw  {rise@0.000ns fall@2.000ns period=4.000ns})
  Destination:            u_io/u_tx/g_iob[3].u_ff/CLR
                            (recovery check against rising-edge clock serialize_raw  {rise@0.000ns fall@2.000ns period=4.000ns})
  Path Group:             **async_default**
  Path Type:              Recovery (Max at Slow Process Corner)
  Requirement:            4.000ns  (serialize_raw rise@4.000ns - serialize_raw rise@0.000ns)
  Data Path Delay:        1.542ns  (logic 0.348ns (22.569%)  route 1.194ns (77.431%))
  Logic Levels:           0  
  Clock Path Skew:        -0.062ns (DCD - SCD + CPR)
    Destination Clock Delay (DCD):    -1.079ns = ( 2.921 - 4.000 ) 
    Source Clock Delay      (SCD):    -0.621ns
    Clock Pessimism Removal (CPR):    0.396ns
  Clock Uncertainty:      0.185ns  ((TSJ^2 + DJ^2)^1/2) / 2 + PE + UU
    Total System Jitter     (TSJ):    0.071ns
    Discrete Jitter          (DJ):    0.156ns
    Phase Error              (PE):    0.000ns
    User Uncertainty         (UU):    0.100ns

    Location             Delay type                Incr(ns)  Path(ns)    Netlist Resource(s)
  -------------------------------------------------------------------    -------------------
                         (clock serialize_raw rise edge)
                                                      0.000     0.000 r  
    W19                                               0.000     0.000 r  sys_clk50 (IN)
                         net (fo=0)                   0.000     0.000    u_clocks/sys_clk50
    W19                  IBUF (Prop_ibuf_I_O)         1.440     1.440 r  u_clocks/u_sys_input/O
                         net (fo=2, routed)           1.065     2.505    u_clocks/sys_in
    MMCME2_ADV_X0Y2      MMCME2_ADV (Prop_mmcme2_adv_CLKIN1_CLKOUT3)
                                                     -6.325    -3.819 r  u_clocks/u_sys_mmcm/CLKOUT3
                         net (fo=1, routed)           1.559    -2.260    u_clocks/serialize_raw
    BUFGCTRL_X0Y0        BUFG (Prop_bufg_I_O)         0.081    -2.179 r  u_clocks/u_serialize_clock/O
                         net (fo=14, routed)          1.559    -0.621    u_io/u_tx/CLK
    SLICE_X0Y117         FDPE                                         r  u_io/u_tx/release_sync_reg[1]/C
  -------------------------------------------------------------------    -------------------
    SLICE_X0Y117         FDPE (Prop_fdpe_C_Q)         0.348    -0.273 f  u_io/u_tx/release_sync_reg[1]/Q
                         net (fo=12, routed)          1.194     0.921    u_io/u_tx/release_sync[1]
    OLOGIC_X0Y125        FDCE                                         f  u_io/u_tx/g_iob[3].u_ff/CLR
  -------------------------------------------------------------------    -------------------

                         (clock serialize_raw rise edge)
                                                      4.000     4.000 r  
    W19                                               0.000     4.000 r  sys_clk50 (IN)
                         net (fo=0)                   0.000     4.000    u_clocks/sys_clk50
    W19                  IBUF (Prop_ibuf_I_O)         1.374     5.374 r  u_clocks/u_sys_input/O
                         net (fo=2, routed)           1.004     6.378    u_clocks/sys_in
    MMCME2_ADV_X0Y2      MMCME2_ADV (Prop_mmcme2_adv_CLKIN1_CLKOUT3)
                                                     -6.451    -0.074 r  u_clocks/u_sys_mmcm/CLKOUT3
                         net (fo=1, routed)           1.488     1.414    u_clocks/serialize_raw
    BUFGCTRL_X0Y0        BUFG (Prop_bufg_I_O)         0.077     1.491 r  u_clocks/u_serialize_clock/O
                         net (fo=14, routed)          1.430     2.921    u_io/u_tx/CLK
    OLOGIC_X0Y125        FDCE                                         r  u_io/u_tx/g_iob[3].u_ff/C
                         clock pessimism              0.396     3.317    
                         clock uncertainty           -0.185     3.132    
    OLOGIC_X0Y125        FDCE (Recov_fdce_C_CLR)     -0.382     2.750    u_io/u_tx/g_iob[3].u_ff
  -------------------------------------------------------------------
                         required time                          2.750    
                         arrival time                          -0.921    
  -------------------------------------------------------------------
                         slack                                  1.828    

Slack (MET) :             1.881ns  (required time - arrival time)
  Source:                 u_io/u_tx/release_sync_reg[1]/C
                            (rising edge-triggered cell FDPE clocked by serialize_raw  {rise@0.000ns fall@2.000ns period=4.000ns})
  Destination:            u_io/u_tx/g_iob[2].u_ff/CLR
                            (recovery check against rising-edge clock serialize_raw  {rise@0.000ns fall@2.000ns period=4.000ns})
  Path Group:             **async_default**
  Path Type:              Recovery (Max at Slow Process Corner)
  Requirement:            4.000ns  (serialize_raw rise@4.000ns - serialize_raw rise@0.000ns)
  Data Path Delay:        1.491ns  (logic 0.348ns (23.333%)  route 1.143ns (76.667%))
  Logic Levels:           0  
  Clock Path Skew:        -0.060ns (DCD - SCD + CPR)
    Destination Clock Delay (DCD):    -1.077ns = ( 2.923 - 4.000 ) 
    Source Clock Delay      (SCD):    -0.621ns
    Clock Pessimism Removal (CPR):    0.396ns
  Clock Uncertainty:      0.185ns  ((TSJ^2 + DJ^2)^1/2) / 2 + PE + UU
    Total System Jitter     (TSJ):    0.071ns
    Discrete Jitter          (DJ):    0.156ns
    Phase Error              (PE):    0.000ns
    User Uncertainty         (UU):    0.100ns

    Location             Delay type                Incr(ns)  Path(ns)    Netlist Resource(s)
  -------------------------------------------------------------------    -------------------
                         (clock serialize_raw rise edge)
                                                      0.000     0.000 r  
    W19                                               0.000     0.000 r  sys_clk50 (IN)
                         net (fo=0)                   0.000     0.000    u_clocks/sys_clk50
    W19                  IBUF (Prop_ibuf_I_O)         1.440     1.440 r  u_clocks/u_sys_input/O
                         net (fo=2, routed)           1.065     2.505    u_clocks/sys_in
    MMCME2_ADV_X0Y2      MMCME2_ADV (Prop_mmcme2_adv_CLKIN1_CLKOUT3)
                                                     -6.325    -3.819 r  u_clocks/u_sys_mmcm/CLKOUT3
                         net (fo=1, routed)           1.559    -2.260    u_clocks/serialize_raw
    BUFGCTRL_X0Y0        BUFG (Prop_bufg_I_O)         0.081    -2.179 r  u_clocks/u_serialize_clock/O
                         net (fo=14, routed)          1.559    -0.621    u_io/u_tx/CLK
    SLICE_X0Y117         FDPE                                         r  u_io/u_tx/release_sync_reg[1]/C
  -------------------------------------------------------------------    -------------------
    SLICE_X0Y117         FDPE (Prop_fdpe_C_Q)         0.348    -0.273 f  u_io/u_tx/release_sync_reg[1]/Q
                         net (fo=12, routed)          1.143     0.871    u_io/u_tx/release_sync[1]
    OLOGIC_X0Y129        FDCE                                         f  u_io/u_tx/g_iob[2].u_ff/CLR
  -------------------------------------------------------------------    -------------------

                         (clock serialize_raw rise edge)
                                                      4.000     4.000 r  
    W19                                               0.000     4.000 r  sys_clk50 (IN)
                         net (fo=0)                   0.000     4.000    u_clocks/sys_clk50
    W19                  IBUF (Prop_ibuf_I_O)         1.374     5.374 r  u_clocks/u_sys_input/O
                         net (fo=2, routed)           1.004     6.378    u_clocks/sys_in
    MMCME2_ADV_X0Y2      MMCME2_ADV (Prop_mmcme2_adv_CLKIN1_CLKOUT3)
                                                     -6.451    -0.074 r  u_clocks/u_sys_mmcm/CLKOUT3
                         net (fo=1, routed)           1.488     1.414    u_clocks/serialize_raw
    BUFGCTRL_X0Y0        BUFG (Prop_bufg_I_O)         0.077     1.491 r  u_clocks/u_serialize_clock/O
                         net (fo=14, routed)          1.433     2.923    u_io/u_tx/CLK
    OLOGIC_X0Y129        FDCE                                         r  u_io/u_tx/g_iob[2].u_ff/C
                         clock pessimism              0.396     3.319    
                         clock uncertainty           -0.185     3.134    
    OLOGIC_X0Y129        FDCE (Recov_fdce_C_CLR)     -0.382     2.752    u_io/u_tx/g_iob[2].u_ff
  -------------------------------------------------------------------
                         required time                          2.752    
                         arrival time                          -0.871    
  -------------------------------------------------------------------
                         slack                                  1.881    

Slack (MET) :             2.072ns  (required time - arrival time)
  Source:                 u_io/u_tx/release_sync_reg[1]/C
                            (rising edge-triggered cell FDPE clocked by serialize_raw  {rise@0.000ns fall@2.000ns period=4.000ns})
  Destination:            u_io/u_tx/g_iob[1].u_ff/CLR
                            (recovery check against rising-edge clock serialize_raw  {rise@0.000ns fall@2.000ns period=4.000ns})
  Path Group:             **async_default**
  Path Type:              Recovery (Max at Slow Process Corner)
  Requirement:            4.000ns  (serialize_raw rise@4.000ns - serialize_raw rise@0.000ns)
  Data Path Delay:        1.298ns  (logic 0.348ns (26.813%)  route 0.950ns (73.187%))
  Logic Levels:           0  
  Clock Path Skew:        -0.062ns (DCD - SCD + CPR)
    Destination Clock Delay (DCD):    -1.079ns = ( 2.921 - 4.000 ) 
    Source Clock Delay      (SCD):    -0.621ns
    Clock Pessimism Removal (CPR):    0.396ns
  Clock Uncertainty:      0.185ns  ((TSJ^2 + DJ^2)^1/2) / 2 + PE + UU
    Total System Jitter     (TSJ):    0.071ns
    Discrete Jitter          (DJ):    0.156ns
    Phase Error              (PE):    0.000ns
    User Uncertainty         (UU):    0.100ns

    Location             Delay type                Incr(ns)  Path(ns)    Netlist Resource(s)
  -------------------------------------------------------------------    -------------------
                         (clock serialize_raw rise edge)
                                                      0.000     0.000 r  
    W19                                               0.000     0.000 r  sys_clk50 (IN)
                         net (fo=0)                   0.000     0.000    u_clocks/sys_clk50
    W19                  IBUF (Prop_ibuf_I_O)         1.440     1.440 r  u_clocks/u_sys_input/O
                         net (fo=2, routed)           1.065     2.505    u_clocks/sys_in
    MMCME2_ADV_X0Y2      MMCME2_ADV (Prop_mmcme2_adv_CLKIN1_CLKOUT3)
                                                     -6.325    -3.819 r  u_clocks/u_sys_mmcm/CLKOUT3
                         net (fo=1, routed)           1.559    -2.260    u_clocks/serialize_raw
    BUFGCTRL_X0Y0        BUFG (Prop_bufg_I_O)         0.081    -2.179 r  u_clocks/u_serialize_clock/O
                         net (fo=14, routed)          1.559    -0.621    u_io/u_tx/CLK
    SLICE_X0Y117         FDPE                                         r  u_io/u_tx/release_sync_reg[1]/C
  -------------------------------------------------------------------    -------------------
    SLICE_X0Y117         FDPE (Prop_fdpe_C_Q)         0.348    -0.273 f  u_io/u_tx/release_sync_reg[1]/Q
                         net (fo=12, routed)          0.950     0.677    u_io/u_tx/release_sync[1]
    OLOGIC_X0Y123        FDCE                                         f  u_io/u_tx/g_iob[1].u_ff/CLR
  -------------------------------------------------------------------    -------------------

                         (clock serialize_raw rise edge)
                                                      4.000     4.000 r  
    W19                                               0.000     4.000 r  sys_clk50 (IN)
                         net (fo=0)                   0.000     4.000    u_clocks/sys_clk50
    W19                  IBUF (Prop_ibuf_I_O)         1.374     5.374 r  u_clocks/u_sys_input/O
                         net (fo=2, routed)           1.004     6.378    u_clocks/sys_in
    MMCME2_ADV_X0Y2      MMCME2_ADV (Prop_mmcme2_adv_CLKIN1_CLKOUT3)
                                                     -6.451    -0.074 r  u_clocks/u_sys_mmcm/CLKOUT3
                         net (fo=1, routed)           1.488     1.414    u_clocks/serialize_raw
    BUFGCTRL_X0Y0        BUFG (Prop_bufg_I_O)         0.077     1.491 r  u_clocks/u_serialize_clock/O
                         net (fo=14, routed)          1.430     2.921    u_io/u_tx/CLK
    OLOGIC_X0Y123        FDCE                                         r  u_io/u_tx/g_iob[1].u_ff/C
                         clock pessimism              0.396     3.317    
                         clock uncertainty           -0.185     3.132    
    OLOGIC_X0Y123        FDCE (Recov_fdce_C_CLR)     -0.382     2.750    u_io/u_tx/g_iob[1].u_ff
  -------------------------------------------------------------------
                         required time                          2.750    
                         arrival time                          -0.677    
  -------------------------------------------------------------------
                         slack                                  2.072    

Slack (MET) :             2.323ns  (required time - arrival time)
  Source:                 u_io/u_tx/release_sync_reg[1]/C
                            (rising edge-triggered cell FDPE clocked by serialize_raw  {rise@0.000ns fall@2.000ns period=4.000ns})
  Destination:            u_io/u_tx/g_iob[4].u_ff/CLR
                            (recovery check against rising-edge clock serialize_raw  {rise@0.000ns fall@2.000ns period=4.000ns})
  Path Group:             **async_default**
  Path Type:              Recovery (Max at Slow Process Corner)
  Requirement:            4.000ns  (serialize_raw rise@4.000ns - serialize_raw rise@0.000ns)
  Data Path Delay:        1.049ns  (logic 0.348ns (33.182%)  route 0.701ns (66.818%))
  Logic Levels:           0  
  Clock Path Skew:        -0.060ns (DCD - SCD + CPR)
    Destination Clock Delay (DCD):    -1.077ns = ( 2.923 - 4.000 ) 
    Source Clock Delay      (SCD):    -0.621ns
    Clock Pessimism Removal (CPR):    0.396ns
  Clock Uncertainty:      0.185ns  ((TSJ^2 + DJ^2)^1/2) / 2 + PE + UU
    Total System Jitter     (TSJ):    0.071ns
    Discrete Jitter          (DJ):    0.156ns
    Phase Error              (PE):    0.000ns
    User Uncertainty         (UU):    0.100ns

    Location             Delay type                Incr(ns)  Path(ns)    Netlist Resource(s)
  -------------------------------------------------------------------    -------------------
                         (clock serialize_raw rise edge)
                                                      0.000     0.000 r  
    W19                                               0.000     0.000 r  sys_clk50 (IN)
                         net (fo=0)                   0.000     0.000    u_clocks/sys_clk50
    W19                  IBUF (Prop_ibuf_I_O)         1.440     1.440 r  u_clocks/u_sys_input/O
                         net (fo=2, routed)           1.065     2.505    u_clocks/sys_in
    MMCME2_ADV_X0Y2      MMCME2_ADV (Prop_mmcme2_adv_CLKIN1_CLKOUT3)
                                                     -6.325    -3.819 r  u_clocks/u_sys_mmcm/CLKOUT3
                         net (fo=1, routed)           1.559    -2.260    u_clocks/serialize_raw
    BUFGCTRL_X0Y0        BUFG (Prop_bufg_I_O)         0.081    -2.179 r  u_clocks/u_serialize_clock/O
                         net (fo=14, routed)          1.559    -0.621    u_io/u_tx/CLK
    SLICE_X0Y117         FDPE                                         r  u_io/u_tx/release_sync_reg[1]/C
  -------------------------------------------------------------------    -------------------
    SLICE_X0Y117         FDPE (Prop_fdpe_C_Q)         0.348    -0.273 f  u_io/u_tx/release_sync_reg[1]/Q
                         net (fo=12, routed)          0.701     0.428    u_io/u_tx/release_sync[1]
    OLOGIC_X0Y120        FDCE                                         f  u_io/u_tx/g_iob[4].u_ff/CLR
  -------------------------------------------------------------------    -------------------

                         (clock serialize_raw rise edge)
                                                      4.000     4.000 r  
    W19                                               0.000     4.000 r  sys_clk50 (IN)
                         net (fo=0)                   0.000     4.000    u_clocks/sys_clk50
    W19                  IBUF (Prop_ibuf_I_O)         1.374     5.374 r  u_clocks/u_sys_input/O
                         net (fo=2, routed)           1.004     6.378    u_clocks/sys_in
    MMCME2_ADV_X0Y2      MMCME2_ADV (Prop_mmcme2_adv_CLKIN1_CLKOUT3)
                                                     -6.451    -0.074 r  u_clocks/u_sys_mmcm/CLKOUT3
                         net (fo=1, routed)           1.488     1.414    u_clocks/serialize_raw
    BUFGCTRL_X0Y0        BUFG (Prop_bufg_I_O)         0.077     1.491 r  u_clocks/u_serialize_clock/O
                         net (fo=14, routed)          1.433     2.923    u_io/u_tx/CLK
    OLOGIC_X0Y120        FDCE                                         r  u_io/u_tx/g_iob[4].u_ff/C
                         clock pessimism              0.396     3.319    
                         clock uncertainty           -0.185     3.134    
    OLOGIC_X0Y120        FDCE (Recov_fdce_C_CLR)     -0.382     2.752    u_io/u_tx/g_iob[4].u_ff
  -------------------------------------------------------------------
                         required time                          2.752    
                         arrival time                          -0.428    
  -------------------------------------------------------------------
                         slack                                  2.323    

Slack (MET) :             2.441ns  (required time - arrival time)
  Source:                 u_io/u_tx/release_sync_reg[1]/C
                            (rising edge-triggered cell FDPE clocked by serialize_raw  {rise@0.000ns fall@2.000ns period=4.000ns})
  Destination:            u_io/u_tx/g_iob[0].u_ff/CLR
                            (recovery check against rising-edge clock serialize_raw  {rise@0.000ns fall@2.000ns period=4.000ns})
  Path Group:             **async_default**
  Path Type:              Recovery (Max at Slow Process Corner)
  Requirement:            4.000ns  (serialize_raw rise@4.000ns - serialize_raw rise@0.000ns)
  Data Path Delay:        0.931ns  (logic 0.348ns (37.362%)  route 0.583ns (62.638%))
  Logic Levels:           0  
  Clock Path Skew:        -0.060ns (DCD - SCD + CPR)
    Destination Clock Delay (DCD):    -1.077ns = ( 2.923 - 4.000 ) 
    Source Clock Delay      (SCD):    -0.621ns
    Clock Pessimism Removal (CPR):    0.396ns
  Clock Uncertainty:      0.185ns  ((TSJ^2 + DJ^2)^1/2) / 2 + PE + UU
    Total System Jitter     (TSJ):    0.071ns
    Discrete Jitter          (DJ):    0.156ns
    Phase Error              (PE):    0.000ns
    User Uncertainty         (UU):    0.100ns

    Location             Delay type                Incr(ns)  Path(ns)    Netlist Resource(s)
  -------------------------------------------------------------------    -------------------
                         (clock serialize_raw rise edge)
                                                      0.000     0.000 r  
    W19                                               0.000     0.000 r  sys_clk50 (IN)
                         net (fo=0)                   0.000     0.000    u_clocks/sys_clk50
    W19                  IBUF (Prop_ibuf_I_O)         1.440     1.440 r  u_clocks/u_sys_input/O
                         net (fo=2, routed)           1.065     2.505    u_clocks/sys_in
    MMCME2_ADV_X0Y2      MMCME2_ADV (Prop_mmcme2_adv_CLKIN1_CLKOUT3)
                                                     -6.325    -3.819 r  u_clocks/u_sys_mmcm/CLKOUT3
                         net (fo=1, routed)           1.559    -2.260    u_clocks/serialize_raw
    BUFGCTRL_X0Y0        BUFG (Prop_bufg_I_O)         0.081    -2.179 r  u_clocks/u_serialize_clock/O
                         net (fo=14, routed)          1.559    -0.621    u_io/u_tx/CLK
    SLICE_X0Y117         FDPE                                         r  u_io/u_tx/release_sync_reg[1]/C
  -------------------------------------------------------------------    -------------------
    SLICE_X0Y117         FDPE (Prop_fdpe_C_Q)         0.348    -0.273 f  u_io/u_tx/release_sync_reg[1]/Q
                         net (fo=12, routed)          0.583     0.311    u_io/u_tx/release_sync[1]
    OLOGIC_X0Y119        FDCE                                         f  u_io/u_tx/g_iob[0].u_ff/CLR
  -------------------------------------------------------------------    -------------------

                         (clock serialize_raw rise edge)
                                                      4.000     4.000 r  
    W19                                               0.000     4.000 r  sys_clk50 (IN)
                         net (fo=0)                   0.000     4.000    u_clocks/sys_clk50
    W19                  IBUF (Prop_ibuf_I_O)         1.374     5.374 r  u_clocks/u_sys_input/O
                         net (fo=2, routed)           1.004     6.378    u_clocks/sys_in
    MMCME2_ADV_X0Y2      MMCME2_ADV (Prop_mmcme2_adv_CLKIN1_CLKOUT3)
                                                     -6.451    -0.074 r  u_clocks/u_sys_mmcm/CLKOUT3
                         net (fo=1, routed)           1.488     1.414    u_clocks/serialize_raw
    BUFGCTRL_X0Y0        BUFG (Prop_bufg_I_O)         0.077     1.491 r  u_clocks/u_serialize_clock/O
                         net (fo=14, routed)          1.433     2.923    u_io/u_tx/CLK
    OLOGIC_X0Y119        FDCE                                         r  u_io/u_tx/g_iob[0].u_ff/C
                         clock pessimism              0.396     3.319    
                         clock uncertainty           -0.185     3.134    
    OLOGIC_X0Y119        FDCE (Recov_fdce_C_CLR)     -0.382     2.752    u_io/u_tx/g_iob[0].u_ff
  -------------------------------------------------------------------
                         required time                          2.752    
                         arrival time                          -0.311    
  -------------------------------------------------------------------
                         slack                                  2.441    




