
****** xsim v2022.2 (64-bit)
  **** SW Build 3671981 on Fri Oct 14 05:00:03 MDT 2022
  **** IP Build 3669848 on Fri Oct 14 08:30:02 MDT 2022
    ** Copyright 1986-2022 Xilinx, Inc. All Rights Reserved.

source xsim.dir/tb_b_real_smoke/xsim_script.tcl
# xsim {tb_b_real_smoke} -autoloadwcfg -runall
Time resolution is 1 ps
run -all
  frame0: fed=30 got=120 stripe_last=3 frame_last=1 done=1 busy_cyc=620
  frame1: fed=30 got=120 stripe_last=3 frame_last=1 done=1 busy_cyc=672 held=100
  frame0 vs frame1 differing bytes: 117 / 120
  total cycles = 1292
RESULT: PASS  (B real five-layer smoke: protocol/flags/hold, 2 frames)
$finish called at time : 6590 ns : File "C:/Users/Administrator/WorkBuddy/srtp/c_side/tb/tb_b_real_smoke.v" Line 303
exit
INFO: [Common 17-206] Exiting xsim at Wed Sep 23 20:03:28 2026...
# xsim {tb_b_real_smoke} -autoloadwcfg -runall
Time resolution is 1 ps
run -all
  frame0: fed=30 got=120 stripe_last=3 frame_last=1 done=1 busy_cyc=620
  frame1: fed=30 got=120 stripe_last=3 frame_last=1 done=1 busy_cyc=672 held=100
  frame0 vs frame1 differing bytes: 117 / 120
  total cycles = 1292
RESULT: PASS  (B real five-layer smoke: protocol/flags/hold, 2 frames)
$finish called at time : 6590 ns : File "C:/Users/Administrator/WorkBuddy/srtp/c_side/tb/tb_b_real_smoke.v" Line 303
exit
INFO: [Common 17-206] Exiting xsim at Wed Sep 23 20:03:28 2026...
