Copyright 1986-2022 Xilinx, Inc. All Rights Reserved. Copyright 2022-2025 Advanced Micro Devices, Inc. All Rights Reserved.
--------------------------------------------------------------------------------------------------------------------------------------------------------------------
| Tool Version : Vivado v.2025.2 (win64) Build 6299465 Fri Nov 14 19:35:11 GMT 2025
| Date         : Sat Sep 26 19:31:35 2026
| Host         : OMENMAX running 64-bit major release  (build 9200)
| Command      : report_utilization -hierarchical -file V://_synth_bc/acc36_realrom_200_member_b_pipeline0300926_ascii_ramdecomp/reports/utilization_synth_hier.rpt
| Design       : c_synth_top
| Device       : xc7a200tfbg484-2
| Speed File   : -2
| Design State : Synthesized
--------------------------------------------------------------------------------------------------------------------------------------------------------------------

Utilization Design Information

Table of Contents
-----------------
1. Utilization by Hierarchy

1. Utilization by Hierarchy
---------------------------

+----------------------------------------------------+---------------------------------------------+------------+------------+---------+------+-------+--------+--------+------------+
|                      Instance                      |                    Module                   | Total LUTs | Logic LUTs | LUTRAMs | SRLs |  FFs  | RAMB36 | RAMB18 | DSP Blocks |
+----------------------------------------------------+---------------------------------------------+------------+------------+---------+------+-------+--------+--------+------------+
| c_synth_top                                        |                                       (top) |      28229 |      22268 |    5936 |   25 | 48917 |    226 |      8 |        394 |
|   (c_synth_top)                                    |                                       (top) |          0 |          0 |       0 |    0 |     0 |      0 |      0 |          0 |
|   u_top                                            |                                       c_top |      28229 |      22268 |    5936 |   25 | 48917 |    226 |      8 |        394 |
|     (u_top)                                        |                                       c_top |         11 |         11 |       0 |    0 |    55 |      0 |      0 |          0 |
|     u_core                                         |                                      c_core |      28218 |      22257 |    5936 |   25 | 48862 |    226 |      8 |        394 |
|       u_pp                                         |                             pingpong_buffer |        447 |        447 |       0 |    0 |   208 |     60 |      0 |          0 |
|         (u_pp)                                     |                             pingpong_buffer |        149 |        149 |       0 |    0 |   182 |      0 |      0 |          0 |
|         u_bank0                                    |                               stripe_buffer |        164 |        164 |       0 |    0 |    13 |     30 |      0 |          0 |
|         u_bank1                                    |                             stripe_buffer_0 |        134 |        134 |       0 |    0 |    13 |     30 |      0 |          0 |
|       u_b                                          |                                   b_core_if |      27588 |      21627 |    5936 |   25 | 48276 |     38 |      8 |        394 |
|         u_b_core                                   |                                 b_core_real |      27588 |      21627 |    5936 |   25 | 48276 |     38 |      8 |        394 |
|           core                                     |                      fsrcnn_network_mem_top |      27588 |      21627 |    5936 |   25 | 48276 |     38 |      8 |        394 |
|             core                                   |                         fsrcnn_network_core |      27588 |      21627 |    5936 |   25 | 48276 |     38 |      8 |        394 |
|               f12                                  |                elastic_fifo__parameterized0 |        185 |         13 |     172 |    0 |    16 |      0 |      0 |          0 |
|               f23                                  |                elastic_fifo__parameterized1 |        231 |        143 |      88 |    0 |    16 |      0 |      0 |          0 |
|               f34                                  |              elastic_fifo__parameterized1_1 |        101 |         13 |      88 |    0 |    16 |      0 |      0 |          0 |
|               f45                                  |              elastic_fifo__parameterized0_2 |        443 |        271 |     172 |    0 |    16 |      0 |      0 |          0 |
|               l1                                   |                         fsrcnn_stream_layer |       4042 |       3901 |     136 |    5 |  6782 |      0 |      4 |         62 |
|                 gk.frontend                        |                      window_stream_frontend |        240 |        104 |     136 |    0 |   293 |      0 |      4 |          0 |
|                   win                              |                         window_kminus1_bram |         59 |         59 |       0 |    0 |   264 |      0 |      4 |          0 |
|                   fifo                             |                                elastic_fifo |        144 |          8 |     136 |    0 |     7 |      0 |      0 |          0 |
|                 mac                                |                             mac_issue_stage |       2414 |       2414 |       0 |    0 |  3993 |      0 |      0 |         50 |
|                   acc                              |                           phase_accumulator |        498 |        498 |       0 |    0 |  1666 |      0 |      0 |          0 |
|                   issue                            |                           eight_phase_issue |         85 |         85 |       0 |    0 |   204 |      0 |      0 |          0 |
|                   mac                              |                          phase_mac_pipeline |       1831 |       1831 |       0 |    0 |  2123 |      0 |      0 |         50 |
|                 post                               |                 vector_postprocess_shared_8 |       1388 |       1383 |       0 |    5 |  2496 |      0 |      0 |         12 |
|                   (post)                           |                 vector_postprocess_shared_8 |        331 |        326 |       0 |    5 |  1708 |      0 |      0 |          0 |
|                   units[0].post                    |                          prelu_requantize_9 |        559 |        559 |       0 |    0 |   390 |      0 |      0 |          6 |
|                   units[1].post                    |                         prelu_requantize_10 |        498 |        498 |       0 |    0 |   398 |      0 |      0 |          6 |
|               l2                                   |         fsrcnn_stream_layer__parameterized0 |       1536 |       1531 |       0 |    5 |  2944 |      0 |      0 |         22 |
|                 mac                                |             mac_issue_stage__parameterized0 |        869 |        869 |       0 |    0 |  1696 |      0 |      0 |         16 |
|                   (mac)                            |             mac_issue_stage__parameterized0 |        299 |        299 |       0 |    0 |     0 |      0 |      0 |          0 |
|                   acc                              |         phase_accumulator__parameterized0_7 |        250 |        250 |       0 |    0 |   834 |      0 |      0 |          0 |
|                   issue                            |           eight_phase_issue__parameterized0 |        111 |        111 |       0 |    0 |   260 |      0 |      0 |          0 |
|                   mac                              |          phase_mac_pipeline__parameterized0 |        217 |        217 |       0 |    0 |   602 |      0 |      0 |         16 |
|                 post                               | vector_postprocess_shared__parameterized0_5 |        667 |        662 |       0 |    5 |  1248 |      0 |      0 |          6 |
|                   (post)                           | vector_postprocess_shared__parameterized0_5 |        172 |        167 |       0 |    5 |   859 |      0 |      0 |          0 |
|                   units[0].post                    |                          prelu_requantize_6 |        495 |        495 |       0 |    0 |   389 |      0 |      0 |          6 |
|               l3                                   |         fsrcnn_stream_layer__parameterized1 |       4478 |       3681 |     792 |    5 |  8610 |      8 |      0 |         78 |
|                 gk.frontend                        |      window_stream_frontend__parameterized0 |       1047 |        255 |     792 |    0 |  1401 |      8 |      0 |          0 |
|                   win                              |         window_kminus1_bram__parameterized0 |        152 |        152 |       0 |    0 |  1336 |      8 |      0 |          0 |
|                   fifo                             |                elastic_fifo__parameterized2 |        858 |         66 |     792 |    0 |    43 |      0 |      0 |          0 |
|                 mac                                |             mac_issue_stage__parameterized1 |       2769 |       2769 |       0 |    0 |  5967 |      0 |      0 |         72 |
|                   acc                              |           phase_accumulator__parameterized0 |        252 |        252 |       0 |    0 |   834 |      0 |      0 |          0 |
|                   issue                            |           eight_phase_issue__parameterized1 |        392 |        392 |       0 |    0 |  1167 |      0 |      0 |          0 |
|                   mac                              |          phase_mac_pipeline__parameterized1 |       2125 |       2125 |       0 |    0 |  3966 |      0 |      0 |         72 |
|                 post                               |   vector_postprocess_shared__parameterized0 |        662 |        657 |       0 |    5 |  1242 |      0 |      0 |          6 |
|                   (post)                           |   vector_postprocess_shared__parameterized0 |        173 |        168 |       0 |    5 |   857 |      0 |      0 |          0 |
|                   units[0].post                    |                          prelu_requantize_4 |        489 |        489 |       0 |    0 |   385 |      0 |      0 |          6 |
|               l4                                   |         fsrcnn_stream_layer__parameterized2 |       2564 |       2559 |       0 |    5 |  4656 |      0 |      0 |         28 |
|                 mac                                |             mac_issue_stage__parameterized2 |       1187 |       1187 |       0 |    0 |  2205 |      0 |      0 |         16 |
|                   (mac)                            |             mac_issue_stage__parameterized2 |        585 |        585 |       0 |    0 |     0 |      0 |      0 |          0 |
|                   acc                              |           phase_accumulator__parameterized2 |        498 |        498 |       0 |    0 |  1666 |      0 |      0 |          0 |
|                   issue                            |           eight_phase_issue__parameterized2 |         78 |         78 |       0 |    0 |   132 |      0 |      0 |          0 |
|                   mac                              |          phase_mac_pipeline__parameterized2 |         42 |         42 |       0 |    0 |   407 |      0 |      0 |         16 |
|                 post                               |                   vector_postprocess_shared |       1377 |       1372 |       0 |    5 |  2451 |      0 |      0 |         12 |
|                   (post)                           |                   vector_postprocess_shared |        322 |        317 |       0 |    5 |  1687 |      0 |      0 |          0 |
|                   units[0].post                    |                            prelu_requantize |        559 |        559 |       0 |    0 |   385 |      0 |      0 |          6 |
|                   units[1].post                    |                          prelu_requantize_3 |        496 |        496 |       0 |    0 |   379 |      0 |      0 |          6 |
|               l5                                   |         fsrcnn_stream_layer__parameterized3 |      13900 |       9407 |    4488 |    5 | 25174 |     28 |      4 |        204 |
|                 gk.frontend                        |      window_stream_frontend__parameterized1 |       5820 |       1420 |    4400 |    0 |  6971 |     28 |      4 |          0 |
|                   win                              |         window_kminus1_bram__parameterized1 |       1062 |       1062 |       0 |    0 |  6727 |     28 |      4 |          0 |
|                   fifo                             |                elastic_fifo__parameterized3 |       4724 |        324 |    4400 |    0 |   221 |      0 |      0 |          0 |
|                 mac                                |             mac_issue_stage__parameterized3 |       7802 |       7714 |      88 |    0 | 17576 |      0 |      0 |        200 |
|                   acc                              |           phase_accumulator__parameterized3 |        125 |        125 |       0 |    0 |   418 |      0 |      0 |          0 |
|                   g_l5_partial_buffer.partial_fifo |                           mac_partial_fifo2 |        237 |        149 |      88 |    0 |     4 |      0 |      0 |          0 |
|                   issue                            |           eight_phase_issue__parameterized3 |       1915 |       1915 |       0 |    0 |  6450 |      0 |      0 |          0 |
|                   mac                              |          phase_mac_pipeline__parameterized3 |       5525 |       5525 |       0 |    0 | 10704 |      0 |      0 |        200 |
|                 post                               |   vector_postprocess_shared__parameterized1 |        278 |        273 |       0 |    5 |   627 |      0 |      0 |          4 |
|                   (post)                           |   vector_postprocess_shared__parameterized1 |        171 |        166 |       0 |    5 |   395 |      0 |      0 |          0 |
|                   units[0].post                    |            prelu_requantize__parameterized0 |        107 |        107 |       0 |    0 |   232 |      0 |      0 |          4 |
|               shuffle                              |                   pixel_shuffle2x_row_banks |        108 |        108 |       0 |    0 |    46 |      2 |      0 |          0 |
|       u_in                                         |                                input_stream |         51 |         51 |       0 |    0 |   216 |      0 |      0 |          0 |
|       u_out                                        |                               output_stream |         60 |         60 |       0 |    0 |    51 |      0 |      0 |          0 |
+----------------------------------------------------+---------------------------------------------+------------+------------+---------+------+-------+--------+--------+------------+


