Copyright 1986-2022 Xilinx, Inc. All Rights Reserved.
-----------------------------------------------------------------------------------------------------------------------------------------
| Tool Version : Vivado v.2022.2 (win64) Build 3671981 Fri Oct 14 05:00:03 MDT 2022
| Date         : Wed Sep 23 13:42:26 2026
| Host         : WIN-FJ9PMA04HBP running 64-bit major release  (build 9200)
| Command      : report_ram_utilization -file C:/Users/Administrator/WorkBuddy/srtp/c_side/report/b_real_synth/ram_utilization_synth.rpt
| Design       : b_real_bench_top
| Device       : xc7a200tfbg484-2
| Speed File   : -2
-----------------------------------------------------------------------------------------------------------------------------------------

RAM Usage Information

Table of Contents
-----------------
1. Summary
2. Memory Description
3. Memory Utilization - Inferred
4. Memory Performance - Inferred
5. Block Ram / URAM Memory Power - Inferred

1. Summary
----------

+--------------------------+------------+-----------+-------+-----------+
| Memory Type              | Total Used | Available | Util% | Inferred% |
+--------------------------+------------+-----------+-------+-----------+
| BlockRAM                 |          6 |       365 |  1.64 |    100.00 |
|  RAMB36E1                |          1 |           |       |    100.00 |
|  RAMB18E1                |         10 |           |       |    100.00 |
| LUTMs as Distributed RAM |        480 |     46200 |  1.04 |    100.00 |
|  LUTMs as RAM64X1S       |         32 |           |       |    100.00 |
|  LUTMs as RAM256X1S      |        384 |           |       |    100.00 |
|  LUTMs as RAM128X1S      |         64 |           |       |    100.00 |
+--------------------------+------------+-----------+-------+-----------+
*  Each RAMB18 is calculated as 0.5 BlockRAM
**  Tables 2, 3, 4 and 5 cover RAMs inferred by Vivado Synthesis using XPMs or RTL inference
***  XRAMs are not reported for detailed tables


2. Memory Description
---------------------

+---------------------+------------+-------------+------------------------+------------------------+
| Memory Name         | Array Size | Memory Type | Port 1 Dimension / Map | Port 2 Dimension / Map |
+---------------------+------------+-------------+------------------------+------------------------+
| u_rom/data          |      32768 | RAM_SP      |                        | 4096x8                 |
|  u_rom/data_reg     |      32768 |             |                        |  A:A:4096x8            |
| u_w3b/bank0         |      15360 | RAM_SP      | 1024x16                | 1024x16                |
|  u_w3b/bank0_reg    |      16384 |             |  A:A:1024x16           |  B:B:1024x16           |
| u_w3b/bank1         |      15360 | RAM_SP      | 1024x16                | 1024x16                |
|  u_w3b/bank1_reg    |      16384 |             |  A:A:1024x16           |  B:B:1024x16           |
| u_w3b/bank2         |      15360 | RAM_SP      | 1024x16                | 1024x16                |
|  u_w3b/bank2_reg    |      16384 |             |  A:A:1024x16           |  B:B:1024x16           |
| u_w5b/bank0         |      15360 | RAM_SP      | 1024x16                | 1024x16                |
|  u_w5b/bank0_reg    |      16384 |             |  A:A:1024x16           |  B:B:1024x16           |
| u_w5b/bank1         |      15360 | RAM_SP      | 1024x16                | 1024x16                |
|  u_w5b/bank1_reg    |      16384 |             |  A:A:1024x16           |  B:B:1024x16           |
| u_w5b/bank2         |      15360 | RAM_SP      | 1024x16                | 1024x16                |
|  u_w5b/bank2_reg    |      16384 |             |  A:A:1024x16           |  B:B:1024x16           |
| u_w5b/bank3         |      15360 | RAM_SP      | 1024x16                | 1024x16                |
|  u_w5b/bank3_reg    |      16384 |             |  A:A:1024x16           |  B:B:1024x16           |
| u_w5b/bank4         |      15360 | RAM_SP      | 1024x16                | 1024x16                |
|  u_w5b/bank4_reg    |      16384 |             |  A:A:1024x16           |  B:B:1024x16           |
| u_w3s/linebuf2      |       7680 | RAM_SP      | 1024x8                 |                        |
|  u_w3s/linebuf2_reg |       8192 |             |  A:A:1024x8            |                        |
| u_w5s/linebuf4      |       7680 | RAM_SP      | 1024x8                 |                        |
|  u_w5s/linebuf4_reg |       8192 |             |  A:A:1024x8            |                        |
+---------------------+------------+-------------+------------------------+------------------------+


3. Memory Utilization - Inferred
--------------------------------

+---------------------+-----------+----------------+-----------+-----------+---------+---------------+---------------+---------+---------------+---------------+---------+---------------+---------------+---------+---------------+---------------+
| Memory Name         | Primitive | Available Bits | Used Bits | Bit Util% | A Depth | A Depth Avail | A Depth Util% | A Width | A Width Avail | A Width Util% | B Depth | B Depth Avail | B Depth Util% | B Width | B Width Avail | B Width Util% |
+---------------------+-----------+----------------+-----------+-----------+---------+---------------+---------------+---------+---------------+---------------+---------+---------------+---------------+---------+---------------+---------------+
| u_rom/data          |           |                |           |           |         |               |               |         |               |               |         |               |               |         |               |               |
|  u_rom/data_reg     | RAMB36E1  |          36864 |     32768 |     88.89 |    4096 |          4096 |        100.00 |       8 |             9 |         88.89 |         |               |               |         |               |               |
| u_w3b/bank0         |           |                |           |           |         |               |               |         |               |               |         |               |               |         |               |               |
|  u_w3b/bank0_reg    | RAMB18E1  |          18432 |     16384 |     88.89 |    1024 |          1024 |        100.00 |      16 |            18 |         88.89 |    1024 |          1024 |        100.00 |      16 |            18 |         88.89 |
| u_w3b/bank1         |           |                |           |           |         |               |               |         |               |               |         |               |               |         |               |               |
|  u_w3b/bank1_reg    | RAMB18E1  |          18432 |     16384 |     88.89 |    1024 |          1024 |        100.00 |      16 |            18 |         88.89 |    1024 |          1024 |        100.00 |      16 |            18 |         88.89 |
| u_w3b/bank2         |           |                |           |           |         |               |               |         |               |               |         |               |               |         |               |               |
|  u_w3b/bank2_reg    | RAMB18E1  |          18432 |     16384 |     88.89 |    1024 |          1024 |        100.00 |      16 |            18 |         88.89 |    1024 |          1024 |        100.00 |      16 |            18 |         88.89 |
| u_w5b/bank0         |           |                |           |           |         |               |               |         |               |               |         |               |               |         |               |               |
|  u_w5b/bank0_reg    | RAMB18E1  |          18432 |     16384 |     88.89 |    1024 |          1024 |        100.00 |      16 |            18 |         88.89 |    1024 |          1024 |        100.00 |      16 |            18 |         88.89 |
| u_w5b/bank1         |           |                |           |           |         |               |               |         |               |               |         |               |               |         |               |               |
|  u_w5b/bank1_reg    | RAMB18E1  |          18432 |     16384 |     88.89 |    1024 |          1024 |        100.00 |      16 |            18 |         88.89 |    1024 |          1024 |        100.00 |      16 |            18 |         88.89 |
| u_w5b/bank2         |           |                |           |           |         |               |               |         |               |               |         |               |               |         |               |               |
|  u_w5b/bank2_reg    | RAMB18E1  |          18432 |     16384 |     88.89 |    1024 |          1024 |        100.00 |      16 |            18 |         88.89 |    1024 |          1024 |        100.00 |      16 |            18 |         88.89 |
| u_w5b/bank3         |           |                |           |           |         |               |               |         |               |               |         |               |               |         |               |               |
|  u_w5b/bank3_reg    | RAMB18E1  |          18432 |     16384 |     88.89 |    1024 |          1024 |        100.00 |      16 |            18 |         88.89 |    1024 |          1024 |        100.00 |      16 |            18 |         88.89 |
| u_w5b/bank4         |           |                |           |           |         |               |               |         |               |               |         |               |               |         |               |               |
|  u_w5b/bank4_reg    | RAMB18E1  |          18432 |     16384 |     88.89 |    1024 |          1024 |        100.00 |      16 |            18 |         88.89 |    1024 |          1024 |        100.00 |      16 |            18 |         88.89 |
| u_w3s/linebuf2      |           |                |           |           |         |               |               |         |               |               |         |               |               |         |               |               |
|  u_w3s/linebuf2_reg | RAMB18E1  |          18432 |      8192 |     44.44 |    1024 |          1024 |        100.00 |       8 |            18 |         44.44 |         |               |               |         |               |               |
| u_w5s/linebuf4      |           |                |           |           |         |               |               |         |               |               |         |               |               |         |               |               |
|  u_w5s/linebuf4_reg | RAMB18E1  |          18432 |      8192 |     44.44 |    1024 |          1024 |        100.00 |       8 |            18 |         44.44 |         |               |               |         |               |               |
+---------------------+-----------+----------------+-----------+-----------+---------+---------------+---------------+---------+---------------+---------------+---------+---------------+---------------+---------+---------------+---------------+


4. Memory Performance - Inferred
--------------------------------

+---------------------+-----------+------------------------+------------------------+--------------+-------------------------+-------------+-------------------------+-----------+--------+--------+---------+-----------+--------+--------+---------+
| Memory Name         | Primitive | Port 1 Dimension / Map | Port 2 Dimension / Map | Port A Type  | Port A Requirement (ns) | Port B Type | Port B Requirement (ns) | A Cascade | IREG_A | OREG_A | DOA_REG | B Cascade | IREG_B | OREG_B | DOB_REG |
+---------------------+-----------+------------------------+------------------------+--------------+-------------------------+-------------+-------------------------+-----------+--------+--------+---------+-----------+--------+--------+---------+
| u_rom/data          |           |                        | 4096x8                 |              |                         |             |                         |           |        |        |         |           |        |        |         |
|  u_rom/data_reg     | RAMB36E1  |                        |  A:A:4096x8            |         Read |                     5.0 |             |                         |           |        |        |       0 |           |        |        |         |
| u_w3b/bank0         |           | 1024x16                | 1024x16                |              |                         |             |                         |           |        |        |         |           |        |        |         |
|  u_w3b/bank0_reg    | RAMB18E1  |  A:A:1024x16           |  B:B:1024x16           |        Write |                     5.0 |        Read |                     5.0 |           |        |        |       0 |           |        |        |       0 |
| u_w3b/bank1         |           | 1024x16                | 1024x16                |              |                         |             |                         |           |        |        |         |           |        |        |         |
|  u_w3b/bank1_reg    | RAMB18E1  |  A:A:1024x16           |  B:B:1024x16           |        Write |                     5.0 |        Read |                     5.0 |           |        |        |       0 |           |        |        |       0 |
| u_w3b/bank2         |           | 1024x16                | 1024x16                |              |                         |             |                         |           |        |        |         |           |        |        |         |
|  u_w3b/bank2_reg    | RAMB18E1  |  A:A:1024x16           |  B:B:1024x16           |        Write |                     5.0 |        Read |                     5.0 |           |        |        |       0 |           |        |        |       0 |
| u_w5b/bank0         |           | 1024x16                | 1024x16                |              |                         |             |                         |           |        |        |         |           |        |        |         |
|  u_w5b/bank0_reg    | RAMB18E1  |  A:A:1024x16           |  B:B:1024x16           |        Write |                     5.0 |        Read |                     5.0 |           |        |        |       0 |           |        |        |       0 |
| u_w5b/bank1         |           | 1024x16                | 1024x16                |              |                         |             |                         |           |        |        |         |           |        |        |         |
|  u_w5b/bank1_reg    | RAMB18E1  |  A:A:1024x16           |  B:B:1024x16           |        Write |                     5.0 |        Read |                     5.0 |           |        |        |       0 |           |        |        |       0 |
| u_w5b/bank2         |           | 1024x16                | 1024x16                |              |                         |             |                         |           |        |        |         |           |        |        |         |
|  u_w5b/bank2_reg    | RAMB18E1  |  A:A:1024x16           |  B:B:1024x16           |        Write |                     5.0 |        Read |                     5.0 |           |        |        |       0 |           |        |        |       0 |
| u_w5b/bank3         |           | 1024x16                | 1024x16                |              |                         |             |                         |           |        |        |         |           |        |        |         |
|  u_w5b/bank3_reg    | RAMB18E1  |  A:A:1024x16           |  B:B:1024x16           |        Write |                     5.0 |        Read |                     5.0 |           |        |        |       0 |           |        |        |       0 |
| u_w5b/bank4         |           | 1024x16                | 1024x16                |              |                         |             |                         |           |        |        |         |           |        |        |         |
|  u_w5b/bank4_reg    | RAMB18E1  |  A:A:1024x16           |  B:B:1024x16           |        Write |                     5.0 |        Read |                     5.0 |           |        |        |       0 |           |        |        |       0 |
| u_w3s/linebuf2      |           | 1024x8                 |                        |              |                         |             |                         |           |        |        |         |           |        |        |         |
|  u_w3s/linebuf2_reg | RAMB18E1  |  A:A:1024x8            |                        | Read / Write |                     5.0 |             |                         |           |        |        |       0 |           |        |        |         |
| u_w5s/linebuf4      |           | 1024x8                 |                        |              |                         |             |                         |           |        |        |         |           |        |        |         |
|  u_w5s/linebuf4_reg | RAMB18E1  |  A:A:1024x8            |                        | Read / Write |                     5.0 |             |                         |           |        |        |       0 |           |        |        |         |
+---------------------+-----------+------------------------+------------------------+--------------+-------------------------+-------------+-------------------------+-----------+--------+--------+---------+-----------+--------+--------+---------+


5. Block Ram / URAM Memory Power - Inferred
-------------------------------------------

+---------------------+-----------+------------------------+------------------------+--------------------+---------------+-------------------+-----------+--------------------+---------------+-------------------+-----------+
| Memory Name         | Primitive | Port 1 Dimension / Map | Port 2 Dimension / Map | Port A Power Gated | Port A Enable | Port A WRITE_MODE | A Cascade | Port B Power Gated | Port B Enable | Port B WRITE_MODE | B Cascade |
+---------------------+-----------+------------------------+------------------------+--------------------+---------------+-------------------+-----------+--------------------+---------------+-------------------+-----------+
| u_rom/data          |           | 4096x8                 |                        |                    |               |                   |           |                    |               |                   |           |
|  u_rom/data_reg     | RAMB36E1  |                        |  A:A:4096x8            |                    |        SIGNAL |       WRITE_FIRST |           |                    |               |                   |           |
| u_w3b/bank0         |           | 1024x16                | 1024x16                |                    |               |                   |           |                    |               |                   |           |
|  u_w3b/bank0_reg    | RAMB18E1  |  A:A:1024x16           |  B:B:1024x16           |                    |        SIGNAL |        READ_FIRST |           |                    |        SIGNAL |       WRITE_FIRST |           |
| u_w3b/bank1         |           | 1024x16                | 1024x16                |                    |               |                   |           |                    |               |                   |           |
|  u_w3b/bank1_reg    | RAMB18E1  |  A:A:1024x16           |  B:B:1024x16           |                    |        SIGNAL |        READ_FIRST |           |                    |        SIGNAL |       WRITE_FIRST |           |
| u_w3b/bank2         |           | 1024x16                | 1024x16                |                    |               |                   |           |                    |               |                   |           |
|  u_w3b/bank2_reg    | RAMB18E1  |  A:A:1024x16           |  B:B:1024x16           |                    |        SIGNAL |        READ_FIRST |           |                    |        SIGNAL |       WRITE_FIRST |           |
| u_w5b/bank0         |           | 1024x16                | 1024x16                |                    |               |                   |           |                    |               |                   |           |
|  u_w5b/bank0_reg    | RAMB18E1  |  A:A:1024x16           |  B:B:1024x16           |                    |        SIGNAL |        READ_FIRST |           |                    |        SIGNAL |       WRITE_FIRST |           |
| u_w5b/bank1         |           | 1024x16                | 1024x16                |                    |               |                   |           |                    |               |                   |           |
|  u_w5b/bank1_reg    | RAMB18E1  |  A:A:1024x16           |  B:B:1024x16           |                    |        SIGNAL |        READ_FIRST |           |                    |        SIGNAL |       WRITE_FIRST |           |
| u_w5b/bank2         |           | 1024x16                | 1024x16                |                    |               |                   |           |                    |               |                   |           |
|  u_w5b/bank2_reg    | RAMB18E1  |  A:A:1024x16           |  B:B:1024x16           |                    |        SIGNAL |        READ_FIRST |           |                    |        SIGNAL |       WRITE_FIRST |           |
| u_w5b/bank3         |           | 1024x16                | 1024x16                |                    |               |                   |           |                    |               |                   |           |
|  u_w5b/bank3_reg    | RAMB18E1  |  A:A:1024x16           |  B:B:1024x16           |                    |        SIGNAL |        READ_FIRST |           |                    |        SIGNAL |       WRITE_FIRST |           |
| u_w5b/bank4         |           | 1024x16                | 1024x16                |                    |               |                   |           |                    |               |                   |           |
|  u_w5b/bank4_reg    | RAMB18E1  |  A:A:1024x16           |  B:B:1024x16           |                    |        SIGNAL |        READ_FIRST |           |                    |        SIGNAL |       WRITE_FIRST |           |
| u_w3s/linebuf2      |           | 1024x8                 |                        |                    |               |                   |           |                    |               |                   |           |
|  u_w3s/linebuf2_reg | RAMB18E1  |  A:A:1024x8            |                        |                    |        SIGNAL |        READ_FIRST |           |                    |               |                   |           |
| u_w5s/linebuf4      |           | 1024x8                 |                        |                    |               |                   |           |                    |               |                   |           |
|  u_w5s/linebuf4_reg | RAMB18E1  |  A:A:1024x8            |                        |                    |        SIGNAL |        READ_FIRST |           |                    |               |                   |           |
+---------------------+-----------+------------------------+------------------------+--------------------+---------------+-------------------+-----------+--------------------+---------------+-------------------+-----------+


