Copyright 1986-2022 Xilinx, Inc. All Rights Reserved. Copyright 2022-2025 Advanced Micro Devices, Inc. All Rights Reserved.
--------------------------------------------------------------------------------------------------------------------------------------------------------------------------
| Tool Version : Vivado v.2025.2 (win64) Build 6299465 Fri Nov 14 19:35:11 GMT 2025
| Date         : Sat Sep 26 21:39:49 2026
| Host         : OMENMAX running 64-bit major release  (build 9200)
| Command      : report_utilization -hierarchical -file V://_synth_bc/acc36_realrom_200_member_b_pipeline2_0300926_ascii_ramdecomp/reports/utilization_postroute_hier.rpt
| Design       : c_synth_top
| Device       : xc7a200tfbg484-2
| Speed File   : -2
| Design State : Routed
--------------------------------------------------------------------------------------------------------------------------------------------------------------------------

Utilization Design Information

Table of Contents
-----------------
1. Utilization by Hierarchy

1. Utilization by Hierarchy
---------------------------

+----------------------------------------------------+---------------------------------------------+------------+------------+---------+------+-------+--------+--------+------------+
|                      Instance                      |                    Module                   | Total LUTs | Logic LUTs | LUTRAMs | SRLs |  FFs  | RAMB36 | RAMB18 | DSP Blocks |
+----------------------------------------------------+---------------------------------------------+------------+------------+---------+------+-------+--------+--------+------------+
| c_synth_top                                        |                                       (top) |      29477 |      23348 |    6104 |   25 | 49343 |    226 |      8 |        394 |
|   (c_synth_top)                                    |                                       (top) |          0 |          0 |       0 |    0 |     0 |      0 |      0 |          0 |
|   u_top                                            |                                       c_top |      29477 |      23348 |    6104 |   25 | 49343 |    226 |      8 |        394 |
|     (u_top)                                        |                                       c_top |         10 |         10 |       0 |    0 |    55 |      0 |      0 |          0 |
|     u_core                                         |                                      c_core |      29467 |      23338 |    6104 |   25 | 49288 |    226 |      8 |        394 |
|       u_rom                                        |                                   input_rom |        159 |        159 |       0 |    0 |    21 |    128 |      0 |          0 |
|       u_b                                          |                                   b_core_if |      28754 |      22625 |    6104 |   25 | 48565 |     38 |      8 |        394 |
|         u_b_core                                   |                                 b_core_real |      28754 |      22625 |    6104 |   25 | 48565 |     38 |      8 |        394 |
|           core                                     |                      fsrcnn_network_mem_top |      28754 |      22625 |    6104 |   25 | 48565 |     38 |      8 |        394 |
|             core                                   |                         fsrcnn_network_core |      28754 |      22625 |    6104 |   25 | 48565 |     38 |      8 |        394 |
|               f12                                  |                elastic_fifo__parameterized0 |        185 |         13 |     172 |    0 |    16 |      0 |      0 |          0 |
|               f23                                  |                elastic_fifo__parameterized1 |        189 |        103 |      86 |    0 |    16 |      0 |      0 |          0 |
|               f34                                  |              elastic_fifo__parameterized1_1 |        101 |         15 |      86 |    0 |    16 |      0 |      0 |          0 |
|               f45                                  |              elastic_fifo__parameterized0_2 |        524 |        352 |     172 |    0 |    47 |      0 |      0 |          0 |
|               l1                                   |                         fsrcnn_stream_layer |       4375 |       4236 |     134 |    5 |  6791 |      0 |      4 |         62 |
|                 gk.frontend                        |                      window_stream_frontend |        244 |        110 |     134 |    0 |   293 |      0 |      4 |          0 |
|                   win                              |                         window_kminus1_bram |         57 |         57 |       0 |    0 |   264 |      0 |      4 |          0 |
|                   fifo                             |                                elastic_fifo |        148 |         14 |     134 |    0 |     7 |      0 |      0 |          0 |
|                 mac                                |                             mac_issue_stage |       2405 |       2405 |       0 |    0 |  3993 |      0 |      0 |         50 |
|                   acc                              |                           phase_accumulator |        500 |        500 |       0 |    0 |  1666 |      0 |      0 |          0 |
|                   issue                            |                           eight_phase_issue |         94 |         94 |       0 |    0 |   204 |      0 |      0 |          0 |
|                   mac                              |                          phase_mac_pipeline |       1811 |       1811 |       0 |    0 |  2123 |      0 |      0 |         50 |
|                 post                               |                 vector_postprocess_shared_8 |       1727 |       1722 |       0 |    5 |  2505 |      0 |      0 |         12 |
|                   (post)                           |                 vector_postprocess_shared_8 |       1129 |       1124 |       0 |    5 |  1700 |      0 |      0 |          0 |
|                   units[0].post                    |                          prelu_requantize_9 |        348 |        348 |       0 |    0 |   396 |      0 |      0 |          6 |
|                   units[1].post                    |                         prelu_requantize_10 |        251 |        251 |       0 |    0 |   409 |      0 |      0 |          6 |
|               l2                                   |         fsrcnn_stream_layer__parameterized0 |       1587 |       1582 |       0 |    5 |  2967 |      0 |      0 |         22 |
|                 mac                                |             mac_issue_stage__parameterized0 |        866 |        866 |       0 |    0 |  1696 |      0 |      0 |         16 |
|                   (mac)                            |             mac_issue_stage__parameterized0 |        299 |        299 |       0 |    0 |     0 |      0 |      0 |          0 |
|                   acc                              |         phase_accumulator__parameterized0_7 |        250 |        250 |       0 |    0 |   834 |      0 |      0 |          0 |
|                   issue                            |           eight_phase_issue__parameterized0 |        111 |        111 |       0 |    0 |   260 |      0 |      0 |          0 |
|                   mac                              |          phase_mac_pipeline__parameterized0 |        214 |        214 |       0 |    0 |   602 |      0 |      0 |         16 |
|                 post                               | vector_postprocess_shared__parameterized0_5 |        721 |        716 |       0 |    5 |  1271 |      0 |      0 |          6 |
|                   (post)                           | vector_postprocess_shared__parameterized0_5 |        497 |        492 |       0 |    5 |   868 |      0 |      0 |          0 |
|                   units[0].post                    |                          prelu_requantize_6 |        224 |        224 |       0 |    0 |   403 |      0 |      0 |          6 |
|               l3                                   |         fsrcnn_stream_layer__parameterized1 |       4718 |       3747 |     966 |    5 |  8633 |      8 |      0 |         78 |
|                 gk.frontend                        |      window_stream_frontend__parameterized0 |       1071 |        279 |     792 |    0 |  1409 |      8 |      0 |          0 |
|                   win                              |         window_kminus1_bram__parameterized0 |        169 |        169 |       0 |    0 |  1344 |      8 |      0 |          0 |
|                   fifo                             |                elastic_fifo__parameterized2 |        858 |         66 |     792 |    0 |    43 |      0 |      0 |          0 |
|                 mac                                |             mac_issue_stage__parameterized1 |       2930 |       2756 |     174 |    0 |  5967 |      0 |      0 |         72 |
|                   acc                              |           phase_accumulator__parameterized0 |        252 |        252 |       0 |    0 |   834 |      0 |      0 |          0 |
|                   g_l5_partial_buffer.partial_fifo |                           mac_partial_fifo2 |        466 |        292 |     174 |    0 |     8 |      0 |      0 |          0 |
|                   issue                            |           eight_phase_issue__parameterized1 |        390 |        390 |       0 |    0 |  1165 |      0 |      0 |          0 |
|                   mac                              |          phase_mac_pipeline__parameterized1 |       1826 |       1826 |       0 |    0 |  3960 |      0 |      0 |         72 |
|                 post                               |   vector_postprocess_shared__parameterized0 |        717 |        712 |       0 |    5 |  1257 |      0 |      0 |          6 |
|                   (post)                           |   vector_postprocess_shared__parameterized0 |        492 |        487 |       0 |    5 |   858 |      0 |      0 |          0 |
|                   units[0].post                    |                          prelu_requantize_4 |        225 |        225 |       0 |    0 |   399 |      0 |      0 |          6 |
|               l4                                   |         fsrcnn_stream_layer__parameterized2 |       2922 |       2917 |       0 |    5 |  4674 |      0 |      0 |         28 |
|                 mac                                |             mac_issue_stage__parameterized2 |       1185 |       1185 |       0 |    0 |  2205 |      0 |      0 |         16 |
|                   (mac)                            |             mac_issue_stage__parameterized2 |        586 |        586 |       0 |    0 |     0 |      0 |      0 |          0 |
|                   acc                              |           phase_accumulator__parameterized2 |        499 |        499 |       0 |    0 |  1666 |      0 |      0 |          0 |
|                   issue                            |           eight_phase_issue__parameterized2 |         79 |         79 |       0 |    0 |   132 |      0 |      0 |          0 |
|                   mac                              |          phase_mac_pipeline__parameterized2 |         37 |         37 |       0 |    0 |   407 |      0 |      0 |         16 |
|                 post                               |                   vector_postprocess_shared |       1737 |       1732 |       0 |    5 |  2469 |      0 |      0 |         12 |
|                   (post)                           |                   vector_postprocess_shared |       1136 |       1131 |       0 |    5 |  1692 |      0 |      0 |          0 |
|                   units[0].post                    |                            prelu_requantize |        354 |        354 |       0 |    0 |   393 |      0 |      0 |          6 |
|                   units[1].post                    |                          prelu_requantize_3 |        249 |        249 |       0 |    0 |   384 |      0 |      0 |          6 |
|               l5                                   |         fsrcnn_stream_layer__parameterized3 |      14053 |       9560 |    4488 |    5 | 25359 |     28 |      4 |        204 |
|                 gk.frontend                        |      window_stream_frontend__parameterized1 |       5884 |       1484 |    4400 |    0 |  7015 |     28 |      4 |          0 |
|                   win                              |         window_kminus1_bram__parameterized1 |       1086 |       1086 |       0 |    0 |  6727 |     28 |      4 |          0 |
|                   fifo                             |                elastic_fifo__parameterized3 |       4721 |        321 |    4400 |    0 |   222 |      0 |      0 |          0 |
|                   pad                              |             same_pad_raster__parameterized1 |         77 |         77 |       0 |    0 |    21 |      0 |      0 |          0 |
|                 mac                                |             mac_issue_stage__parameterized3 |       7888 |       7800 |      88 |    0 | 17717 |      0 |      0 |        200 |
|                   acc                              |           phase_accumulator__parameterized3 |        158 |        158 |       0 |    0 |   418 |      0 |      0 |          0 |
|                   g_l5_partial_buffer.partial_fifo |           mac_partial_fifo2__parameterized0 |        237 |        149 |      88 |    0 |     7 |      0 |      0 |          0 |
|                   issue                            |           eight_phase_issue__parameterized3 |       1965 |       1965 |       0 |    0 |  6580 |      0 |      0 |          0 |
|                   mac                              |          phase_mac_pipeline__parameterized3 |       5528 |       5528 |       0 |    0 | 10712 |      0 |      0 |        200 |
|                 post                               |   vector_postprocess_shared__parameterized1 |        281 |        276 |       0 |    5 |   627 |      0 |      0 |          4 |
|                   (post)                           |   vector_postprocess_shared__parameterized1 |        172 |        167 |       0 |    5 |   395 |      0 |      0 |          0 |
|                   units[0].post                    |            prelu_requantize__parameterized0 |        109 |        109 |       0 |    0 |   232 |      0 |      0 |          4 |
|               shuffle                              |                   pixel_shuffle2x_row_banks |        105 |        105 |       0 |    0 |    46 |      2 |      0 |          0 |
|       u_in                                         |                                input_stream |         52 |         52 |       0 |    0 |   226 |      0 |      0 |          0 |
|       u_out                                        |                               output_stream |         62 |         62 |       0 |    0 |    51 |      0 |      0 |          0 |
|       u_pp                                         |                             pingpong_buffer |        393 |        393 |       0 |    0 |   326 |     60 |      0 |          0 |
|         (u_pp)                                     |                             pingpong_buffer |         77 |         77 |       0 |    0 |    74 |      0 |      0 |          0 |
|         u_bank0                                    |                               stripe_buffer |        159 |        159 |       0 |    0 |    58 |     30 |      0 |          0 |
|           (u_bank0)                                |                               stripe_buffer |        139 |        139 |       0 |    0 |    58 |      0 |      0 |          0 |
|         u_bank1                                    |                             stripe_buffer_0 |        157 |        157 |       0 |    0 |   194 |     30 |      0 |          0 |
|           (u_bank1)                                |                             stripe_buffer_0 |        138 |        138 |       0 |    0 |   194 |      0 |      0 |          0 |
+----------------------------------------------------+---------------------------------------------+------------+------------+---------+------+-------+--------+--------+------------+
* Note: The sum of lower-level cells may be larger than their parent cells total, due to cross-hierarchy LUT combining


