Copyright 1986-2022 Xilinx, Inc. All Rights Reserved. Copyright 2022-2025 Advanced Micro Devices, Inc. All Rights Reserved.
----------------------------------------------------------------------------------------------------------------------------------------------------------------------
| Tool Version : Vivado v.2025.2 (win64) Build 6299465 Fri Nov 14 19:35:11 GMT 2025
| Date         : Sat Sep 26 19:55:22 2026
| Host         : OMENMAX running 64-bit major release  (build 9200)
| Command      : report_utilization -hierarchical -file V://_synth_bc/acc36_realrom_200_member_b_pipeline2_0300926_ascii_ramdecomp/reports/utilization_synth_hier.rpt
| Design       : c_synth_top
| Device       : xc7a200tfbg484-2
| Speed File   : -2
| Design State : Synthesized
----------------------------------------------------------------------------------------------------------------------------------------------------------------------

Utilization Design Information

Table of Contents
-----------------
1. Utilization by Hierarchy

1. Utilization by Hierarchy
---------------------------

+----------------------------------------------------+---------------------------------------------+------------+------------+---------+------+-------+--------+--------+------------+
|                      Instance                      |                    Module                   | Total LUTs | Logic LUTs | LUTRAMs | SRLs |  FFs  | RAMB36 | RAMB18 | DSP Blocks |
+----------------------------------------------------+---------------------------------------------+------------+------------+---------+------+-------+--------+--------+------------+
| c_synth_top                                        |                                       (top) |      29619 |      23484 |    6110 |   25 | 48759 |    226 |      8 |        394 |
|   (c_synth_top)                                    |                                       (top) |          0 |          0 |       0 |    0 |     0 |      0 |      0 |          0 |
|   u_top                                            |                                       c_top |      29619 |      23484 |    6110 |   25 | 48759 |    226 |      8 |        394 |
|     (u_top)                                        |                                       c_top |         11 |         11 |       0 |    0 |    55 |      0 |      0 |          0 |
|     u_core                                         |                                      c_core |      29608 |      23473 |    6110 |   25 | 48704 |    226 |      8 |        394 |
|       u_pp                                         |                             pingpong_buffer |        350 |        350 |       0 |    0 |    78 |     60 |      0 |          0 |
|         (u_pp)                                     |                             pingpong_buffer |         73 |         73 |       0 |    0 |    58 |      0 |      0 |          0 |
|         u_bank0                                    |                               stripe_buffer |        139 |        139 |       0 |    0 |    10 |     30 |      0 |          0 |
|           (u_bank0)                                |                               stripe_buffer |        139 |        139 |       0 |    0 |    10 |      0 |      0 |          0 |
|         u_bank1                                    |                             stripe_buffer_0 |        138 |        138 |       0 |    0 |    10 |     30 |      0 |          0 |
|           (u_bank1)                                |                             stripe_buffer_0 |        138 |        138 |       0 |    0 |    10 |      0 |      0 |          0 |
|       u_b                                          |                                   b_core_if |      29075 |      22940 |    6110 |   25 | 48246 |     38 |      8 |        394 |
|         u_b_core                                   |                                 b_core_real |      29075 |      22940 |    6110 |   25 | 48246 |     38 |      8 |        394 |
|           core                                     |                      fsrcnn_network_mem_top |      29075 |      22940 |    6110 |   25 | 48246 |     38 |      8 |        394 |
|             core                                   |                         fsrcnn_network_core |      29075 |      22940 |    6110 |   25 | 48246 |     38 |      8 |        394 |
|               f12                                  |                elastic_fifo__parameterized0 |        185 |         13 |     172 |    0 |    16 |      0 |      0 |          0 |
|               f23                                  |                elastic_fifo__parameterized1 |        231 |        143 |      88 |    0 |    16 |      0 |      0 |          0 |
|               f34                                  |              elastic_fifo__parameterized1_1 |        103 |         15 |      88 |    0 |    16 |      0 |      0 |          0 |
|               f45                                  |              elastic_fifo__parameterized0_2 |        443 |        271 |     172 |    0 |    16 |      0 |      0 |          0 |
|               l1                                   |                         fsrcnn_stream_layer |       4545 |       4404 |     136 |    5 |  6762 |      0 |      4 |         62 |
|                 gk.frontend                        |                      window_stream_frontend |        240 |        104 |     136 |    0 |   293 |      0 |      4 |          0 |
|                   win                              |                         window_kminus1_bram |         59 |         59 |       0 |    0 |   264 |      0 |      4 |          0 |
|                   fifo                             |                                elastic_fifo |        144 |          8 |     136 |    0 |     7 |      0 |      0 |          0 |
|                 mac                                |                             mac_issue_stage |       2414 |       2414 |       0 |    0 |  3993 |      0 |      0 |         50 |
|                   acc                              |                           phase_accumulator |        498 |        498 |       0 |    0 |  1666 |      0 |      0 |          0 |
|                   issue                            |                           eight_phase_issue |         85 |         85 |       0 |    0 |   204 |      0 |      0 |          0 |
|                   mac                              |                          phase_mac_pipeline |       1831 |       1831 |       0 |    0 |  2123 |      0 |      0 |         50 |
|                 post                               |                 vector_postprocess_shared_8 |       1891 |       1886 |       0 |    5 |  2476 |      0 |      0 |         12 |
|                   (post)                           |                 vector_postprocess_shared_8 |       1252 |       1247 |       0 |    5 |  1700 |      0 |      0 |          0 |
|                   units[0].post                    |                          prelu_requantize_9 |        369 |        369 |       0 |    0 |   380 |      0 |      0 |          6 |
|                   units[1].post                    |                         prelu_requantize_10 |        270 |        270 |       0 |    0 |   396 |      0 |      0 |          6 |
|               l2                                   |         fsrcnn_stream_layer__parameterized0 |       1671 |       1666 |       0 |    5 |  2952 |      0 |      0 |         22 |
|                 mac                                |             mac_issue_stage__parameterized0 |        869 |        869 |       0 |    0 |  1696 |      0 |      0 |         16 |
|                   (mac)                            |             mac_issue_stage__parameterized0 |        299 |        299 |       0 |    0 |     0 |      0 |      0 |          0 |
|                   acc                              |         phase_accumulator__parameterized0_7 |        250 |        250 |       0 |    0 |   834 |      0 |      0 |          0 |
|                   issue                            |           eight_phase_issue__parameterized0 |        111 |        111 |       0 |    0 |   260 |      0 |      0 |          0 |
|                   mac                              |          phase_mac_pipeline__parameterized0 |        217 |        217 |       0 |    0 |   602 |      0 |      0 |         16 |
|                 post                               | vector_postprocess_shared__parameterized0_5 |        802 |        797 |       0 |    5 |  1256 |      0 |      0 |          6 |
|                   (post)                           | vector_postprocess_shared__parameterized0_5 |        577 |        572 |       0 |    5 |   867 |      0 |      0 |          0 |
|                   units[0].post                    |                          prelu_requantize_6 |        225 |        225 |       0 |    0 |   389 |      0 |      0 |          6 |
|               l3                                   |         fsrcnn_stream_layer__parameterized1 |       4779 |       3808 |     966 |    5 |  8606 |      8 |      0 |         78 |
|                 gk.frontend                        |      window_stream_frontend__parameterized0 |       1041 |        249 |     792 |    0 |  1401 |      8 |      0 |          0 |
|                   win                              |         window_kminus1_bram__parameterized0 |        151 |        151 |       0 |    0 |  1336 |      8 |      0 |          0 |
|                   fifo                             |                elastic_fifo__parameterized2 |        858 |         66 |     792 |    0 |    43 |      0 |      0 |          0 |
|                 mac                                |             mac_issue_stage__parameterized1 |       2939 |       2765 |     174 |    0 |  5963 |      0 |      0 |         72 |
|                   acc                              |           phase_accumulator__parameterized0 |        252 |        252 |       0 |    0 |   834 |      0 |      0 |          0 |
|                   g_l5_partial_buffer.partial_fifo |                           mac_partial_fifo2 |        466 |        292 |     174 |    0 |     4 |      0 |      0 |          0 |
|                   issue                            |           eight_phase_issue__parameterized1 |        391 |        391 |       0 |    0 |  1165 |      0 |      0 |          0 |
|                   mac                              |          phase_mac_pipeline__parameterized1 |       1830 |       1830 |       0 |    0 |  3960 |      0 |      0 |         72 |
|                 post                               |   vector_postprocess_shared__parameterized0 |        799 |        794 |       0 |    5 |  1242 |      0 |      0 |          6 |
|                   (post)                           |   vector_postprocess_shared__parameterized0 |        574 |        569 |       0 |    5 |   857 |      0 |      0 |          0 |
|                   units[0].post                    |                          prelu_requantize_4 |        225 |        225 |       0 |    0 |   385 |      0 |      0 |          6 |
|               l4                                   |         fsrcnn_stream_layer__parameterized2 |       3085 |       3080 |       0 |    5 |  4659 |      0 |      0 |         28 |
|                 mac                                |             mac_issue_stage__parameterized2 |       1188 |       1188 |       0 |    0 |  2205 |      0 |      0 |         16 |
|                   (mac)                            |             mac_issue_stage__parameterized2 |        585 |        585 |       0 |    0 |     0 |      0 |      0 |          0 |
|                   acc                              |           phase_accumulator__parameterized2 |        498 |        498 |       0 |    0 |  1666 |      0 |      0 |          0 |
|                   issue                            |           eight_phase_issue__parameterized2 |         79 |         79 |       0 |    0 |   132 |      0 |      0 |          0 |
|                   mac                              |          phase_mac_pipeline__parameterized2 |         42 |         42 |       0 |    0 |   407 |      0 |      0 |         16 |
|                 post                               |                   vector_postprocess_shared |       1897 |       1892 |       0 |    5 |  2454 |      0 |      0 |         12 |
|                   (post)                           |                   vector_postprocess_shared |       1258 |       1253 |       0 |    5 |  1692 |      0 |      0 |          0 |
|                   units[0].post                    |                            prelu_requantize |        370 |        370 |       0 |    0 |   378 |      0 |      0 |          6 |
|                   units[1].post                    |                          prelu_requantize_3 |        269 |        269 |       0 |    0 |   384 |      0 |      0 |          6 |
|               l5                                   |         fsrcnn_stream_layer__parameterized3 |      13933 |       9440 |    4488 |    5 | 25157 |     28 |      4 |        204 |
|                 gk.frontend                        |      window_stream_frontend__parameterized1 |       5819 |       1419 |    4400 |    0 |  6971 |     28 |      4 |          0 |
|                   win                              |         window_kminus1_bram__parameterized1 |       1062 |       1062 |       0 |    0 |  6727 |     28 |      4 |          0 |
|                   fifo                             |                elastic_fifo__parameterized3 |       4723 |        323 |    4400 |    0 |   221 |      0 |      0 |          0 |
|                 mac                                |             mac_issue_stage__parameterized3 |       7820 |       7732 |      88 |    0 | 17559 |      0 |      0 |        200 |
|                   acc                              |           phase_accumulator__parameterized3 |        158 |        158 |       0 |    0 |   418 |      0 |      0 |          0 |
|                   g_l5_partial_buffer.partial_fifo |           mac_partial_fifo2__parameterized0 |        237 |        149 |      88 |    0 |     4 |      0 |      0 |          0 |
|                   issue                            |           eight_phase_issue__parameterized3 |       1900 |       1900 |       0 |    0 |  6433 |      0 |      0 |          0 |
|                   mac                              |          phase_mac_pipeline__parameterized3 |       5525 |       5525 |       0 |    0 | 10704 |      0 |      0 |        200 |
|                 post                               |   vector_postprocess_shared__parameterized1 |        294 |        289 |       0 |    5 |   627 |      0 |      0 |          4 |
|                   (post)                           |   vector_postprocess_shared__parameterized1 |        185 |        180 |       0 |    5 |   395 |      0 |      0 |          0 |
|                   units[0].post                    |            prelu_requantize__parameterized0 |        109 |        109 |       0 |    0 |   232 |      0 |      0 |          4 |
|               shuffle                              |                   pixel_shuffle2x_row_banks |        100 |        100 |       0 |    0 |    46 |      2 |      0 |          0 |
|       u_in                                         |                                input_stream |         51 |         51 |       0 |    0 |   226 |      0 |      0 |          0 |
|       u_out                                        |                               output_stream |         61 |         61 |       0 |    0 |    51 |      0 |      0 |          0 |
+----------------------------------------------------+---------------------------------------------+------------+------------+---------+------+-------+--------+--------+------------+


