

================================================================
== Vitis HLS Report for 'stage3_pipeline_top'
================================================================
* Date:           Mon Sep 21 09:00:11 2026

* Version:        2025.2 (Build 6295257 on Nov 12 2025)
* Project:        work
* Solution:       solution1 (Vivado IP Flow Target)
* Product family: zynq
* Target device:  xc7z020-clg400-1


================================================================
== Performance Estimates
================================================================
+ Timing: 
    * Summary: 
    +--------+----------+----------+------------+
    |  Clock |  Target  | Estimated| Uncertainty|
    +--------+----------+----------+------------+
    |ap_clk  |  10.00 ns|  7.098 ns|     2.70 ns|
    +--------+----------+----------+------------+

+ Latency: 
    * Summary: 
    +---------+----------+-----------+-----------+-----+----------+---------+
    |  Latency (cycles)  |   Latency (absolute)  |    Interval    | Pipeline|
    |   min   |    max   |    min    |    max    | min |    max   |   Type  |
    +---------+----------+-----------+-----------+-----+----------+---------+
    |        1|  21658421|  10.000 ns|  0.217 sec|    2|  21658422|       no|
    +---------+----------+-----------+-----------+-----+----------+---------+

    + Detail: 
        * Instance: 
        +--------------------------------------------------+---------------------------------------+---------+----------+----------+-----------+-----+----------+----------+
        |                                                  |                                       |  Latency (cycles)  |  Latency (absolute)  |    Interval    | Pipeline |
        |                     Instance                     |                 Module                |   min   |    max   |    min   |    max    | min |    max   |   Type   |
        +--------------------------------------------------+---------------------------------------+---------+----------+----------+-----------+-----+----------+----------+
        |grp_p_anonymous_namespace_stage3_dataflow_fu_172  |p_anonymous_namespace_stage3_dataflow  |   120357|  21658417|  1.204 ms|  0.217 sec|  356|  21658418|  dataflow|
        +--------------------------------------------------+---------------------------------------+---------+----------+----------+-----------+-----+----------+----------+

        * Loop: 
        N/A



================================================================
== Utilization Estimates
================================================================
* Summary: 
+-----------------+---------+-----+--------+-------+-----+
|       Name      | BRAM_18K| DSP |   FF   |  LUT  | URAM|
+-----------------+---------+-----+--------+-------+-----+
|DSP              |        -|    -|       -|      -|    -|
|Expression       |        -|    -|       0|    113|    -|
|FIFO             |        -|    -|       -|      -|    -|
|Instance         |       20|   11|    3771|   4810|    0|
|Memory           |        -|    -|       -|      -|    -|
|Multiplexer      |        -|    -|       0|     49|    -|
|Register         |        -|    -|     128|      -|    -|
+-----------------+---------+-----+--------+-------+-----+
|Total            |       20|   11|    3899|   4972|    0|
+-----------------+---------+-----+--------+-------+-----+
|Available        |      280|  220|  106400|  53200|    0|
+-----------------+---------+-----+--------+-------+-----+
|Utilization (%)  |        7|    5|       3|      9|    0|
+-----------------+---------+-----+--------+-------+-----+

+ Detail: 
    * Instance: 
    +--------------------------------------------------+---------------------------------------+---------+----+------+------+-----+
    |                     Instance                     |                 Module                | BRAM_18K| DSP|  FF  |  LUT | URAM|
    +--------------------------------------------------+---------------------------------------+---------+----+------+------+-----+
    |control_s_axi_U                                   |control_s_axi                          |        0|   0|   138|   136|    0|
    |mul_16ns_16ns_32_1_1_U153                         |mul_16ns_16ns_32_1_1                   |        0|   1|     0|     6|    0|
    |grp_p_anonymous_namespace_stage3_dataflow_fu_172  |p_anonymous_namespace_stage3_dataflow  |       20|  10|  3633|  4668|    0|
    +--------------------------------------------------+---------------------------------------+---------+----+------+------+-----+
    |Total                                             |                                       |       20|  11|  3771|  4810|    0|
    +--------------------------------------------------+---------------------------------------+---------+----+------+------+-----+

    * DSP: 
    N/A

    * Memory: 
    N/A

    * FIFO: 
    N/A

    * Expression: 
    +-------------------------------------------------------------------+----------+----+---+----+------------+------------+
    |                           Variable Name                           | Operation| DSP| FF| LUT| Bitwidth P0| Bitwidth P1|
    +-------------------------------------------------------------------+----------+----+---+----+------------+------------+
    |output_cols_fu_262_p2                                              |         +|   0|  0|  23|          16|           3|
    |output_rows_fu_256_p2                                              |         +|   0|  0|  23|          16|           3|
    |grp_p_anonymous_namespace_stage3_dataflow_fu_172_pixel_out_TREADY  |       and|   0|  0|   2|           1|           1|
    |icmp_ln91_1_fu_232_p2                                              |      icmp|   0|  0|  23|          16|           2|
    |icmp_ln91_2_fu_238_p2                                              |      icmp|   0|  0|  13|           5|           1|
    |icmp_ln91_fu_226_p2                                                |      icmp|   0|  0|  23|          16|           2|
    |ap_sync_grp_p_anonymous_namespace_stage3_dataflow_fu_172_ap_ready  |        or|   0|  0|   2|           1|           1|
    |or_ln91_1_fu_250_p2                                                |        or|   0|  0|   2|           1|           1|
    |or_ln91_fu_244_p2                                                  |        or|   0|  0|   2|           1|           1|
    +-------------------------------------------------------------------+----------+----+---+----+------------+------------+
    |Total                                                              |          |   0|  0| 113|          73|          15|
    +-------------------------------------------------------------------+----------+----+---+----+------------+------------+

    * Multiplexer: 
    +--------------------------------+----+-----------+-----+-----------+
    |              Name              | LUT| Input Size| Bits| Total Bits|
    +--------------------------------+----+-----------+-----+-----------+
    |ap_NS_fsm                       |  31|          6|    1|          6|
    |feature_in_TREADY_int_regslice  |   9|          2|    1|          2|
    |pixel_out_TDATA_int_regslice    |   9|          2|    8|         16|
    +--------------------------------+----+-----------+-----+-----------+
    |Total                           |  49|         10|   10|         24|
    +--------------------------------+----+-----------+-----+-----------+

    * Register: 
    +-----------------------------------------------------------------------+----+----+-----+-----------+
    |                                  Name                                 | FF | LUT| Bits| Const Bits|
    +-----------------------------------------------------------------------+----+----+-----+-----------+
    |ap_CS_fsm                                                              |   5|   0|    5|          0|
    |ap_sync_reg_grp_p_anonymous_namespace_stage3_dataflow_fu_172_ap_done   |   1|   0|    1|          0|
    |ap_sync_reg_grp_p_anonymous_namespace_stage3_dataflow_fu_172_ap_ready  |   1|   0|    1|          0|
    |cols_read_reg_310                                                      |  16|   0|   16|          0|
    |enable_saturation_read_reg_300                                         |   1|   0|    1|          0|
    |grp_p_anonymous_namespace_stage3_dataflow_fu_172_ap_start_reg          |   1|   0|    1|          0|
    |input_channels_read_reg_320                                            |   5|   0|    5|          0|
    |map00_read_reg_295                                                     |   2|   0|    2|          0|
    |map01_read_reg_290                                                     |   2|   0|    2|          0|
    |map10_read_reg_285                                                     |   2|   0|    2|          0|
    |map11_read_reg_280                                                     |   2|   0|    2|          0|
    |output_cols_reg_334                                                    |  16|   0|   16|          0|
    |output_rows_reg_328                                                    |  16|   0|   16|          0|
    |pixel_out_TDATA_reg                                                    |   8|   0|    8|          0|
    |rounding_mode_read_reg_305                                             |   2|   0|    2|          0|
    |rows_read_reg_315                                                      |  16|   0|   16|          0|
    |spatial_positions_reg_340                                              |  32|   0|   32|          0|
    +-----------------------------------------------------------------------+----+----+-----+-----------+
    |Total                                                                  | 128|   0|  128|          0|
    +-----------------------------------------------------------------------+----+----+-----+-----------+



================================================================
== Interface
================================================================
* Summary: 
+-----------------------------+-----+-----+------------+---------------------+--------------+
|          RTL Ports          | Dir | Bits|  Protocol  |    Source Object    |    C Type    |
+-----------------------------+-----+-----+------------+---------------------+--------------+
|s_axi_control_AWVALID        |   in|    1|       s_axi|              control|        scalar|
|s_axi_control_AWREADY        |  out|    1|       s_axi|              control|        scalar|
|s_axi_control_AWADDR         |   in|    7|       s_axi|              control|        scalar|
|s_axi_control_WVALID         |   in|    1|       s_axi|              control|        scalar|
|s_axi_control_WREADY         |  out|    1|       s_axi|              control|        scalar|
|s_axi_control_WDATA          |   in|   32|       s_axi|              control|        scalar|
|s_axi_control_WSTRB          |   in|    4|       s_axi|              control|        scalar|
|s_axi_control_ARVALID        |   in|    1|       s_axi|              control|        scalar|
|s_axi_control_ARREADY        |  out|    1|       s_axi|              control|        scalar|
|s_axi_control_ARADDR         |   in|    7|       s_axi|              control|        scalar|
|s_axi_control_RVALID         |  out|    1|       s_axi|              control|        scalar|
|s_axi_control_RREADY         |   in|    1|       s_axi|              control|        scalar|
|s_axi_control_RDATA          |  out|   32|       s_axi|              control|        scalar|
|s_axi_control_RRESP          |  out|    2|       s_axi|              control|        scalar|
|s_axi_control_BVALID         |  out|    1|       s_axi|              control|        scalar|
|s_axi_control_BREADY         |   in|    1|       s_axi|              control|        scalar|
|s_axi_control_BRESP          |  out|    2|       s_axi|              control|        scalar|
|ap_clk                       |   in|    1|  ap_ctrl_hs|  stage3_pipeline_top|  return value|
|ap_rst_n                     |   in|    1|  ap_ctrl_hs|  stage3_pipeline_top|  return value|
|interrupt                    |  out|    1|  ap_ctrl_hs|  stage3_pipeline_top|  return value|
|feature_in_TDATA             |   in|    8|        axis|           feature_in|       pointer|
|feature_in_TVALID            |   in|    1|        axis|           feature_in|       pointer|
|feature_in_TREADY            |  out|    1|        axis|           feature_in|       pointer|
|pixel_out_TDATA              |  out|    8|        axis|            pixel_out|       pointer|
|pixel_out_TVALID             |  out|    1|        axis|            pixel_out|       pointer|
|pixel_out_TREADY             |   in|    1|        axis|            pixel_out|       pointer|
|weights_0_0_address0         |  out|    8|   ap_memory|          weights_0_0|         array|
|weights_0_0_ce0              |  out|    1|   ap_memory|          weights_0_0|         array|
|weights_0_0_q0               |   in|    8|   ap_memory|          weights_0_0|         array|
|weights_0_1_address0         |  out|    8|   ap_memory|          weights_0_1|         array|
|weights_0_1_ce0              |  out|    1|   ap_memory|          weights_0_1|         array|
|weights_0_1_q0               |   in|    8|   ap_memory|          weights_0_1|         array|
|weights_0_2_address0         |  out|    8|   ap_memory|          weights_0_2|         array|
|weights_0_2_ce0              |  out|    1|   ap_memory|          weights_0_2|         array|
|weights_0_2_q0               |   in|    8|   ap_memory|          weights_0_2|         array|
|weights_1_0_address0         |  out|    8|   ap_memory|          weights_1_0|         array|
|weights_1_0_ce0              |  out|    1|   ap_memory|          weights_1_0|         array|
|weights_1_0_q0               |   in|    8|   ap_memory|          weights_1_0|         array|
|weights_1_1_address0         |  out|    8|   ap_memory|          weights_1_1|         array|
|weights_1_1_ce0              |  out|    1|   ap_memory|          weights_1_1|         array|
|weights_1_1_q0               |   in|    8|   ap_memory|          weights_1_1|         array|
|weights_1_2_address0         |  out|    8|   ap_memory|          weights_1_2|         array|
|weights_1_2_ce0              |  out|    1|   ap_memory|          weights_1_2|         array|
|weights_1_2_q0               |   in|    8|   ap_memory|          weights_1_2|         array|
|weights_2_0_address0         |  out|    8|   ap_memory|          weights_2_0|         array|
|weights_2_0_ce0              |  out|    1|   ap_memory|          weights_2_0|         array|
|weights_2_0_q0               |   in|    8|   ap_memory|          weights_2_0|         array|
|weights_2_1_address0         |  out|    8|   ap_memory|          weights_2_1|         array|
|weights_2_1_ce0              |  out|    1|   ap_memory|          weights_2_1|         array|
|weights_2_1_q0               |   in|    8|   ap_memory|          weights_2_1|         array|
|weights_2_2_address0         |  out|    8|   ap_memory|          weights_2_2|         array|
|weights_2_2_ce0              |  out|    1|   ap_memory|          weights_2_2|         array|
|weights_2_2_q0               |   in|    8|   ap_memory|          weights_2_2|         array|
|bias_address0                |  out|    4|   ap_memory|                 bias|         array|
|bias_ce0                     |  out|    1|   ap_memory|                 bias|         array|
|bias_q0                      |   in|   32|   ap_memory|                 bias|         array|
|requant_multiplier_address0  |  out|    4|   ap_memory|   requant_multiplier|         array|
|requant_multiplier_ce0       |  out|    1|   ap_memory|   requant_multiplier|         array|
|requant_multiplier_q0        |   in|   32|   ap_memory|   requant_multiplier|         array|
|requant_shift_address0       |  out|    4|   ap_memory|        requant_shift|         array|
|requant_shift_ce0            |  out|    1|   ap_memory|        requant_shift|         array|
|requant_shift_q0             |   in|    6|   ap_memory|        requant_shift|         array|
|output_zero_point_address0   |  out|    4|   ap_memory|    output_zero_point|         array|
|output_zero_point_ce0        |  out|    1|   ap_memory|    output_zero_point|         array|
|output_zero_point_q0         |   in|   16|   ap_memory|    output_zero_point|         array|
+-----------------------------+-----+-----+------------+---------------------+--------------+

